/home/fab/ejer2_ws/install/pubsub/lib/python3.10/site-packages/pubsub/sensor_1.py
/home/fab/ejer2_ws/install/pubsub/lib/python3.10/site-packages/pubsub/__init__.py
/home/fab/ejer2_ws/install/pubsub/lib/python3.10/site-packages/pubsub/filtered.py
/home/fab/ejer2_ws/install/pubsub/lib/python3.10/site-packages/pubsub/sensor_2.py
/home/fab/ejer2_ws/install/pubsub/lib/python3.10/site-packages/pubsub/display.py
/home/fab/ejer2_ws/install/pubsub/lib/python3.10/site-packages/pubsub/sensor_3.py
/home/fab/ejer2_ws/install/pubsub/lib/python3.10/site-packages/pubsub/__pycache__/sensor_1.cpython-310.pyc
/home/fab/ejer2_ws/install/pubsub/lib/python3.10/site-packages/pubsub/__pycache__/__init__.cpython-310.pyc
/home/fab/ejer2_ws/install/pubsub/lib/python3.10/site-packages/pubsub/__pycache__/filtered.cpython-310.pyc
/home/fab/ejer2_ws/install/pubsub/lib/python3.10/site-packages/pubsub/__pycache__/sensor_2.cpython-310.pyc
/home/fab/ejer2_ws/install/pubsub/lib/python3.10/site-packages/pubsub/__pycache__/display.cpython-310.pyc
/home/fab/ejer2_ws/install/pubsub/lib/python3.10/site-packages/pubsub/__pycache__/sensor_3.cpython-310.pyc
/home/fab/ejer2_ws/install/pubsub/share/ament_index/resource_index/packages/pubsub
/home/fab/ejer2_ws/install/pubsub/share/pubsub/package.xml
/home/fab/ejer2_ws/install/pubsub/share/pubsub
/home/fab/ejer2_ws/install/pubsub/lib/python3.10/site-packages/pubsub-0.0.0-py3.10.egg-info/requires.txt
/home/fab/ejer2_ws/install/pubsub/lib/python3.10/site-packages/pubsub-0.0.0-py3.10.egg-info/SOURCES.txt
/home/fab/ejer2_ws/install/pubsub/lib/python3.10/site-packages/pubsub-0.0.0-py3.10.egg-info/PKG-INFO
/home/fab/ejer2_ws/install/pubsub/lib/python3.10/site-packages/pubsub-0.0.0-py3.10.egg-info/entry_points.txt
/home/fab/ejer2_ws/install/pubsub/lib/python3.10/site-packages/pubsub-0.0.0-py3.10.egg-info/zip-safe
/home/fab/ejer2_ws/install/pubsub/lib/python3.10/site-packages/pubsub-0.0.0-py3.10.egg-info/top_level.txt
/home/fab/ejer2_ws/install/pubsub/lib/python3.10/site-packages/pubsub-0.0.0-py3.10.egg-info/dependency_links.txt
/home/fab/ejer2_ws/install/pubsub/lib/pubsub/display
/home/fab/ejer2_ws/install/pubsub/lib/pubsub/filter
/home/fab/ejer2_ws/install/pubsub/lib/pubsub/sensor_1
/home/fab/ejer2_ws/install/pubsub/lib/pubsub/sensor_2
/home/fab/ejer2_ws/install/pubsub/lib/pubsub/sensor_3
