[0.035s] Invoking command in '/home/fab/ejer2_ws/build/interfaces': CMAKE_PREFIX_PATH=/home/fab/ejer2_ws/install/pubsub:/opt/ros/humble /usr/bin/cmake --build /home/fab/ejer2_ws/build/interfaces -- -j4 -l4
[0.133s] [  3%] Built target interfaces__cpp
[0.148s] [ 12%] Built target interfaces__rosidl_generator_c
[0.173s] [ 12%] Built target ament_cmake_python_copy_interfaces
[0.193s] [ 22%] Built target interfaces__rosidl_typesupport_cpp
[0.207s] [ 32%] Built target interfaces__rosidl_typesupport_fastrtps_cpp
[0.218s] [ 41%] Built target interfaces__rosidl_typesupport_introspection_cpp
[0.243s] [ 51%] Built target interfaces__rosidl_typesupport_fastrtps_c
[0.256s] [ 61%] Built target interfaces__rosidl_typesupport_introspection_c
[0.264s] [ 70%] Built target interfaces__rosidl_typesupport_c
[0.291s] [ 70%] Built target interfaces
[0.323s] [ 74%] Built target interfaces__py
[0.359s] [ 80%] Built target interfaces__rosidl_generator_py
[0.410s] [ 87%] Built target interfaces__rosidl_typesupport_fastrtps_c__pyext
[0.422s] [ 93%] Built target interfaces__rosidl_typesupport_c__pyext
[0.431s] [100%] Built target interfaces__rosidl_typesupport_introspection_c__pyext
[0.729s] running egg_info
[0.732s] writing interfaces.egg-info/PKG-INFO
[0.732s] writing dependency_links to interfaces.egg-info/dependency_links.txt
[0.735s] writing top-level names to interfaces.egg-info/top_level.txt
[0.739s] reading manifest file 'interfaces.egg-info/SOURCES.txt'
[0.740s] writing manifest file 'interfaces.egg-info/SOURCES.txt'
[0.788s] [100%] Built target ament_cmake_python_build_interfaces_egg
[0.806s] Invoked command in '/home/fab/ejer2_ws/build/interfaces' returned '0': CMAKE_PREFIX_PATH=/home/fab/ejer2_ws/install/pubsub:/opt/ros/humble /usr/bin/cmake --build /home/fab/ejer2_ws/build/interfaces -- -j4 -l4
[0.823s] Invoking command in '/home/fab/ejer2_ws/build/interfaces': CMAKE_PREFIX_PATH=/home/fab/ejer2_ws/install/pubsub:/opt/ros/humble /usr/bin/cmake --install /home/fab/ejer2_ws/build/interfaces
[0.836s] -- Install configuration: ""
[0.836s] -- Up-to-date: /home/fab/ejer2_ws/install/interfaces/share/ament_index/resource_index/rosidl_interfaces/interfaces
[0.837s] -- Up-to-date: /home/fab/ejer2_ws/install/interfaces/include/interfaces/interfaces
[0.837s] -- Up-to-date: /home/fab/ejer2_ws/install/interfaces/include/interfaces/interfaces/msg
[0.837s] -- Up-to-date: /home/fab/ejer2_ws/install/interfaces/include/interfaces/interfaces/msg/rosidl_generator_c__visibility_control.h
[0.838s] -- Up-to-date: /home/fab/ejer2_ws/install/interfaces/include/interfaces/interfaces/msg/detail
[0.838s] -- Up-to-date: /home/fab/ejer2_ws/install/interfaces/include/interfaces/interfaces/msg/detail/filtered_sensor__functions.h
[0.838s] -- Up-to-date: /home/fab/ejer2_ws/install/interfaces/include/interfaces/interfaces/msg/detail/filtered_sensor__struct.h
[0.838s] -- Up-to-date: /home/fab/ejer2_ws/install/interfaces/include/interfaces/interfaces/msg/detail/filtered_sensor__functions.c
[0.838s] -- Up-to-date: /home/fab/ejer2_ws/install/interfaces/include/interfaces/interfaces/msg/detail/filtered_sensor__type_support.h
[0.839s] -- Up-to-date: /home/fab/ejer2_ws/install/interfaces/include/interfaces/interfaces/msg/filtered_sensor.h
[0.839s] -- Up-to-date: /home/fab/ejer2_ws/install/interfaces/share/interfaces/environment/library_path.sh
[0.839s] -- Up-to-date: /home/fab/ejer2_ws/install/interfaces/share/interfaces/environment/library_path.dsv
[0.839s] -- Up-to-date: /home/fab/ejer2_ws/install/interfaces/lib/libinterfaces__rosidl_generator_c.so
[0.839s] -- Up-to-date: /home/fab/ejer2_ws/install/interfaces/include/interfaces/interfaces
[0.839s] -- Up-to-date: /home/fab/ejer2_ws/install/interfaces/include/interfaces/interfaces/msg
[0.840s] -- Up-to-date: /home/fab/ejer2_ws/install/interfaces/include/interfaces/interfaces/msg/detail
[0.840s] -- Up-to-date: /home/fab/ejer2_ws/install/interfaces/include/interfaces/interfaces/msg/detail/filtered_sensor__rosidl_typesupport_fastrtps_c.h
[0.840s] -- Up-to-date: /home/fab/ejer2_ws/install/interfaces/include/interfaces/interfaces/msg/rosidl_typesupport_fastrtps_c__visibility_control.h
[0.840s] -- Up-to-date: /home/fab/ejer2_ws/install/interfaces/lib/libinterfaces__rosidl_typesupport_fastrtps_c.so
[0.841s] -- Up-to-date: /home/fab/ejer2_ws/install/interfaces/include/interfaces/interfaces
[0.841s] -- Up-to-date: /home/fab/ejer2_ws/install/interfaces/include/interfaces/interfaces/msg
[0.841s] -- Up-to-date: /home/fab/ejer2_ws/install/interfaces/include/interfaces/interfaces/msg/rosidl_generator_cpp__visibility_control.hpp
[0.841s] -- Up-to-date: /home/fab/ejer2_ws/install/interfaces/include/interfaces/interfaces/msg/detail
[0.842s] -- Up-to-date: /home/fab/ejer2_ws/install/interfaces/include/interfaces/interfaces/msg/detail/filtered_sensor__builder.hpp
[0.842s] -- Up-to-date: /home/fab/ejer2_ws/install/interfaces/include/interfaces/interfaces/msg/detail/filtered_sensor__struct.hpp
[0.842s] -- Up-to-date: /home/fab/ejer2_ws/install/interfaces/include/interfaces/interfaces/msg/detail/filtered_sensor__traits.hpp
[0.842s] -- Up-to-date: /home/fab/ejer2_ws/install/interfaces/include/interfaces/interfaces/msg/detail/filtered_sensor__type_support.hpp
[0.843s] -- Up-to-date: /home/fab/ejer2_ws/install/interfaces/include/interfaces/interfaces/msg/filtered_sensor.hpp
[0.843s] -- Up-to-date: /home/fab/ejer2_ws/install/interfaces/include/interfaces/interfaces
[0.843s] -- Up-to-date: /home/fab/ejer2_ws/install/interfaces/include/interfaces/interfaces/msg
[0.843s] -- Up-to-date: /home/fab/ejer2_ws/install/interfaces/include/interfaces/interfaces/msg/detail
[0.844s] -- Up-to-date: /home/fab/ejer2_ws/install/interfaces/include/interfaces/interfaces/msg/detail/filtered_sensor__rosidl_typesupport_fastrtps_cpp.hpp
[0.844s] -- Up-to-date: /home/fab/ejer2_ws/install/interfaces/include/interfaces/interfaces/msg/detail/dds_fastrtps
[0.844s] -- Up-to-date: /home/fab/ejer2_ws/install/interfaces/include/interfaces/interfaces/msg/rosidl_typesupport_fastrtps_cpp__visibility_control.h
[0.845s] -- Up-to-date: /home/fab/ejer2_ws/install/interfaces/lib/libinterfaces__rosidl_typesupport_fastrtps_cpp.so
[0.845s] -- Up-to-date: /home/fab/ejer2_ws/install/interfaces/include/interfaces/interfaces
[0.845s] -- Up-to-date: /home/fab/ejer2_ws/install/interfaces/include/interfaces/interfaces/msg
[0.845s] -- Up-to-date: /home/fab/ejer2_ws/install/interfaces/include/interfaces/interfaces/msg/detail
[0.846s] -- Up-to-date: /home/fab/ejer2_ws/install/interfaces/include/interfaces/interfaces/msg/detail/filtered_sensor__type_support.c
[0.846s] -- Up-to-date: /home/fab/ejer2_ws/install/interfaces/include/interfaces/interfaces/msg/detail/filtered_sensor__rosidl_typesupport_introspection_c.h
[0.846s] -- Up-to-date: /home/fab/ejer2_ws/install/interfaces/include/interfaces/interfaces/msg/rosidl_typesupport_introspection_c__visibility_control.h
[0.846s] -- Up-to-date: /home/fab/ejer2_ws/install/interfaces/lib/libinterfaces__rosidl_typesupport_introspection_c.so
[0.846s] -- Up-to-date: /home/fab/ejer2_ws/install/interfaces/lib/libinterfaces__rosidl_typesupport_c.so
[0.847s] -- Up-to-date: /home/fab/ejer2_ws/install/interfaces/include/interfaces/interfaces
[0.847s] -- Up-to-date: /home/fab/ejer2_ws/install/interfaces/include/interfaces/interfaces/msg
[0.848s] -- Up-to-date: /home/fab/ejer2_ws/install/interfaces/include/interfaces/interfaces/msg/detail
[0.848s] -- Up-to-date: /home/fab/ejer2_ws/install/interfaces/include/interfaces/interfaces/msg/detail/filtered_sensor__type_support.cpp
[0.849s] -- Up-to-date: /home/fab/ejer2_ws/install/interfaces/include/interfaces/interfaces/msg/detail/filtered_sensor__rosidl_typesupport_introspection_cpp.hpp
[0.849s] -- Up-to-date: /home/fab/ejer2_ws/install/interfaces/lib/libinterfaces__rosidl_typesupport_introspection_cpp.so
[0.850s] -- Up-to-date: /home/fab/ejer2_ws/install/interfaces/lib/libinterfaces__rosidl_typesupport_cpp.so
[0.853s] -- Up-to-date: /home/fab/ejer2_ws/install/interfaces/share/interfaces/environment/pythonpath.sh
[0.853s] -- Up-to-date: /home/fab/ejer2_ws/install/interfaces/share/interfaces/environment/pythonpath.dsv
[0.854s] -- Up-to-date: /home/fab/ejer2_ws/install/interfaces/local/lib/python3.10/dist-packages/interfaces-0.0.0-py3.10.egg-info
[0.854s] -- Installing: /home/fab/ejer2_ws/install/interfaces/local/lib/python3.10/dist-packages/interfaces-0.0.0-py3.10.egg-info/SOURCES.txt
[0.854s] -- Installing: /home/fab/ejer2_ws/install/interfaces/local/lib/python3.10/dist-packages/interfaces-0.0.0-py3.10.egg-info/PKG-INFO
[0.855s] -- Installing: /home/fab/ejer2_ws/install/interfaces/local/lib/python3.10/dist-packages/interfaces-0.0.0-py3.10.egg-info/top_level.txt
[0.855s] -- Installing: /home/fab/ejer2_ws/install/interfaces/local/lib/python3.10/dist-packages/interfaces-0.0.0-py3.10.egg-info/dependency_links.txt
[0.855s] -- Up-to-date: /home/fab/ejer2_ws/install/interfaces/local/lib/python3.10/dist-packages/interfaces
[0.855s] -- Up-to-date: /home/fab/ejer2_ws/install/interfaces/local/lib/python3.10/dist-packages/interfaces/_interfaces_s.ep.rosidl_typesupport_fastrtps_c.c
[0.855s] -- Up-to-date: /home/fab/ejer2_ws/install/interfaces/local/lib/python3.10/dist-packages/interfaces/interfaces_s__rosidl_typesupport_introspection_c.cpython-310-x86_64-linux-gnu.so
[0.856s] -- Up-to-date: /home/fab/ejer2_ws/install/interfaces/local/lib/python3.10/dist-packages/interfaces/_interfaces_s.ep.rosidl_typesupport_introspection_c.c
[0.856s] -- Up-to-date: /home/fab/ejer2_ws/install/interfaces/local/lib/python3.10/dist-packages/interfaces/msg
[0.856s] -- Up-to-date: /home/fab/ejer2_ws/install/interfaces/local/lib/python3.10/dist-packages/interfaces/msg/__init__.py
[0.856s] -- Up-to-date: /home/fab/ejer2_ws/install/interfaces/local/lib/python3.10/dist-packages/interfaces/msg/_filtered_sensor_s.c
[0.857s] -- Up-to-date: /home/fab/ejer2_ws/install/interfaces/local/lib/python3.10/dist-packages/interfaces/msg/_filtered_sensor.py
[0.857s] -- Up-to-date: /home/fab/ejer2_ws/install/interfaces/local/lib/python3.10/dist-packages/interfaces/__init__.py
[0.857s] -- Up-to-date: /home/fab/ejer2_ws/install/interfaces/local/lib/python3.10/dist-packages/interfaces/libinterfaces__rosidl_generator_py.so
[0.857s] -- Up-to-date: /home/fab/ejer2_ws/install/interfaces/local/lib/python3.10/dist-packages/interfaces/_interfaces_s.ep.rosidl_typesupport_c.c
[0.857s] -- Up-to-date: /home/fab/ejer2_ws/install/interfaces/local/lib/python3.10/dist-packages/interfaces/interfaces_s__rosidl_typesupport_c.cpython-310-x86_64-linux-gnu.so
[0.858s] -- Up-to-date: /home/fab/ejer2_ws/install/interfaces/local/lib/python3.10/dist-packages/interfaces/interfaces_s__rosidl_typesupport_fastrtps_c.cpython-310-x86_64-linux-gnu.so
[0.914s] Listing '/home/fab/ejer2_ws/install/interfaces/local/lib/python3.10/dist-packages/interfaces'...
[0.914s] Listing '/home/fab/ejer2_ws/install/interfaces/local/lib/python3.10/dist-packages/interfaces/msg'...
[0.924s] -- Up-to-date: /home/fab/ejer2_ws/install/interfaces/local/lib/python3.10/dist-packages/interfaces/interfaces_s__rosidl_typesupport_fastrtps_c.cpython-310-x86_64-linux-gnu.so
[0.925s] -- Up-to-date: /home/fab/ejer2_ws/install/interfaces/local/lib/python3.10/dist-packages/interfaces/interfaces_s__rosidl_typesupport_introspection_c.cpython-310-x86_64-linux-gnu.so
[0.925s] -- Up-to-date: /home/fab/ejer2_ws/install/interfaces/local/lib/python3.10/dist-packages/interfaces/interfaces_s__rosidl_typesupport_c.cpython-310-x86_64-linux-gnu.so
[0.925s] -- Up-to-date: /home/fab/ejer2_ws/install/interfaces/lib/libinterfaces__rosidl_generator_py.so
[0.926s] -- Up-to-date: /home/fab/ejer2_ws/install/interfaces/share/interfaces/msg/FilteredSensor.idl
[0.926s] -- Up-to-date: /home/fab/ejer2_ws/install/interfaces/share/interfaces/msg/FilteredSensor.msg
[0.926s] -- Up-to-date: /home/fab/ejer2_ws/install/interfaces/share/ament_index/resource_index/package_run_dependencies/interfaces
[0.929s] -- Up-to-date: /home/fab/ejer2_ws/install/interfaces/share/ament_index/resource_index/parent_prefix_path/interfaces
[0.930s] -- Up-to-date: /home/fab/ejer2_ws/install/interfaces/share/interfaces/environment/ament_prefix_path.sh
[0.930s] -- Up-to-date: /home/fab/ejer2_ws/install/interfaces/share/interfaces/environment/ament_prefix_path.dsv
[0.930s] -- Up-to-date: /home/fab/ejer2_ws/install/interfaces/share/interfaces/environment/path.sh
[0.931s] -- Up-to-date: /home/fab/ejer2_ws/install/interfaces/share/interfaces/environment/path.dsv
[0.931s] -- Up-to-date: /home/fab/ejer2_ws/install/interfaces/share/interfaces/local_setup.bash
[0.932s] -- Up-to-date: /home/fab/ejer2_ws/install/interfaces/share/interfaces/local_setup.sh
[0.932s] -- Up-to-date: /home/fab/ejer2_ws/install/interfaces/share/interfaces/local_setup.zsh
[0.932s] -- Up-to-date: /home/fab/ejer2_ws/install/interfaces/share/interfaces/local_setup.dsv
[0.932s] -- Installing: /home/fab/ejer2_ws/install/interfaces/share/interfaces/package.dsv
[0.932s] -- Up-to-date: /home/fab/ejer2_ws/install/interfaces/share/ament_index/resource_index/packages/interfaces
[0.933s] -- Up-to-date: /home/fab/ejer2_ws/install/interfaces/share/interfaces/cmake/export_interfaces__rosidl_generator_cExport.cmake
[0.933s] -- Up-to-date: /home/fab/ejer2_ws/install/interfaces/share/interfaces/cmake/export_interfaces__rosidl_generator_cExport-noconfig.cmake
[0.933s] -- Up-to-date: /home/fab/ejer2_ws/install/interfaces/share/interfaces/cmake/export_interfaces__rosidl_typesupport_fastrtps_cExport.cmake
[0.933s] -- Up-to-date: /home/fab/ejer2_ws/install/interfaces/share/interfaces/cmake/export_interfaces__rosidl_typesupport_fastrtps_cExport-noconfig.cmake
[0.933s] -- Up-to-date: /home/fab/ejer2_ws/install/interfaces/share/interfaces/cmake/export_interfaces__rosidl_generator_cppExport.cmake
[0.934s] -- Up-to-date: /home/fab/ejer2_ws/install/interfaces/share/interfaces/cmake/export_interfaces__rosidl_typesupport_fastrtps_cppExport.cmake
[0.934s] -- Up-to-date: /home/fab/ejer2_ws/install/interfaces/share/interfaces/cmake/export_interfaces__rosidl_typesupport_fastrtps_cppExport-noconfig.cmake
[0.935s] -- Up-to-date: /home/fab/ejer2_ws/install/interfaces/share/interfaces/cmake/interfaces__rosidl_typesupport_introspection_cExport.cmake
[0.938s] -- Up-to-date: /home/fab/ejer2_ws/install/interfaces/share/interfaces/cmake/interfaces__rosidl_typesupport_introspection_cExport-noconfig.cmake
[0.938s] -- Up-to-date: /home/fab/ejer2_ws/install/interfaces/share/interfaces/cmake/interfaces__rosidl_typesupport_cExport.cmake
[0.938s] -- Up-to-date: /home/fab/ejer2_ws/install/interfaces/share/interfaces/cmake/interfaces__rosidl_typesupport_cExport-noconfig.cmake
[0.939s] -- Up-to-date: /home/fab/ejer2_ws/install/interfaces/share/interfaces/cmake/interfaces__rosidl_typesupport_introspection_cppExport.cmake
[0.939s] -- Up-to-date: /home/fab/ejer2_ws/install/interfaces/share/interfaces/cmake/interfaces__rosidl_typesupport_introspection_cppExport-noconfig.cmake
[0.939s] -- Up-to-date: /home/fab/ejer2_ws/install/interfaces/share/interfaces/cmake/interfaces__rosidl_typesupport_cppExport.cmake
[0.939s] -- Up-to-date: /home/fab/ejer2_ws/install/interfaces/share/interfaces/cmake/interfaces__rosidl_typesupport_cppExport-noconfig.cmake
[0.939s] -- Up-to-date: /home/fab/ejer2_ws/install/interfaces/share/interfaces/cmake/export_interfaces__rosidl_generator_pyExport.cmake
[0.939s] -- Up-to-date: /home/fab/ejer2_ws/install/interfaces/share/interfaces/cmake/export_interfaces__rosidl_generator_pyExport-noconfig.cmake
[0.940s] -- Up-to-date: /home/fab/ejer2_ws/install/interfaces/share/interfaces/cmake/rosidl_cmake-extras.cmake
[0.940s] -- Up-to-date: /home/fab/ejer2_ws/install/interfaces/share/interfaces/cmake/ament_cmake_export_include_directories-extras.cmake
[0.940s] -- Up-to-date: /home/fab/ejer2_ws/install/interfaces/share/interfaces/cmake/ament_cmake_export_libraries-extras.cmake
[0.940s] -- Up-to-date: /home/fab/ejer2_ws/install/interfaces/share/interfaces/cmake/ament_cmake_export_targets-extras.cmake
[0.940s] -- Up-to-date: /home/fab/ejer2_ws/install/interfaces/share/interfaces/cmake/rosidl_cmake_export_typesupport_targets-extras.cmake
[0.941s] -- Up-to-date: /home/fab/ejer2_ws/install/interfaces/share/interfaces/cmake/ament_cmake_export_dependencies-extras.cmake
[0.941s] -- Up-to-date: /home/fab/ejer2_ws/install/interfaces/share/interfaces/cmake/rosidl_cmake_export_typesupport_libraries-extras.cmake
[0.941s] -- Up-to-date: /home/fab/ejer2_ws/install/interfaces/share/interfaces/cmake/interfacesConfig.cmake
[0.942s] -- Up-to-date: /home/fab/ejer2_ws/install/interfaces/share/interfaces/cmake/interfacesConfig-version.cmake
[0.942s] -- Up-to-date: /home/fab/ejer2_ws/install/interfaces/share/interfaces/package.xml
[0.942s] Invoked command in '/home/fab/ejer2_ws/build/interfaces' returned '0': CMAKE_PREFIX_PATH=/home/fab/ejer2_ws/install/pubsub:/opt/ros/humble /usr/bin/cmake --install /home/fab/ejer2_ws/build/interfaces
