[0.031s] Invoking command in '/home/fab/ejer2_ws/build/interfaces': CMAKE_PREFIX_PATH=${CMAKE_PREFIX_PATH}:/home/fab/ejer2_ws/install/pubsub:/opt/ros/humble /usr/bin/cmake --build /home/fab/ejer2_ws/build/interfaces -- -j4 -l4
[0.124s] [  9%] Built target interfaces__rosidl_generator_c
[0.137s] [ 12%] Built target interfaces__cpp
[0.156s] [ 12%] Built target ament_cmake_python_copy_interfaces
[0.207s] [ 22%] Built target interfaces__rosidl_typesupport_introspection_c
[0.208s] [ 32%] Built target interfaces__rosidl_typesupport_c
[0.220s] [ 41%] Built target interfaces__rosidl_typesupport_fastrtps_c
[0.248s] [ 51%] Built target interfaces__rosidl_typesupport_fastrtps_cpp
[0.255s] [ 61%] Built target interfaces__rosidl_typesupport_introspection_cpp
[0.282s] [ 70%] Built target interfaces__rosidl_typesupport_cpp
[0.324s] [ 70%] Built target interfaces
[0.370s] [ 74%] Built target interfaces__py
[0.417s] [ 80%] Built target interfaces__rosidl_generator_py
[0.496s] [ 87%] Built target interfaces__rosidl_typesupport_c__pyext
[0.505s] [ 93%] Built target interfaces__rosidl_typesupport_introspection_c__pyext
[0.518s] [100%] Built target interfaces__rosidl_typesupport_fastrtps_c__pyext
[0.887s] running egg_info
[0.889s] writing interfaces.egg-info/PKG-INFO
[0.889s] writing dependency_links to interfaces.egg-info/dependency_links.txt
[0.890s] writing top-level names to interfaces.egg-info/top_level.txt
[0.895s] reading manifest file 'interfaces.egg-info/SOURCES.txt'
[0.896s] writing manifest file 'interfaces.egg-info/SOURCES.txt'
[0.959s] [100%] Built target ament_cmake_python_build_interfaces_egg
[0.980s] Invoked command in '/home/fab/ejer2_ws/build/interfaces' returned '0': CMAKE_PREFIX_PATH=${CMAKE_PREFIX_PATH}:/home/fab/ejer2_ws/install/pubsub:/opt/ros/humble /usr/bin/cmake --build /home/fab/ejer2_ws/build/interfaces -- -j4 -l4
[0.999s] Invoking command in '/home/fab/ejer2_ws/build/interfaces': CMAKE_PREFIX_PATH=${CMAKE_PREFIX_PATH}:/home/fab/ejer2_ws/install/pubsub:/opt/ros/humble /usr/bin/cmake --install /home/fab/ejer2_ws/build/interfaces
[1.013s] -- Install configuration: ""
[1.014s] -- Up-to-date: /home/fab/ejer2_ws/install/interfaces/share/ament_index/resource_index/rosidl_interfaces/interfaces
[1.014s] -- Up-to-date: /home/fab/ejer2_ws/install/interfaces/include/interfaces/interfaces
[1.014s] -- Up-to-date: /home/fab/ejer2_ws/install/interfaces/include/interfaces/interfaces/msg
[1.015s] -- Up-to-date: /home/fab/ejer2_ws/install/interfaces/include/interfaces/interfaces/msg/rosidl_generator_c__visibility_control.h
[1.015s] -- Up-to-date: /home/fab/ejer2_ws/install/interfaces/include/interfaces/interfaces/msg/detail
[1.015s] -- Up-to-date: /home/fab/ejer2_ws/install/interfaces/include/interfaces/interfaces/msg/detail/filtered_sensor__functions.h
[1.015s] -- Up-to-date: /home/fab/ejer2_ws/install/interfaces/include/interfaces/interfaces/msg/detail/filtered_sensor__struct.h
[1.016s] -- Up-to-date: /home/fab/ejer2_ws/install/interfaces/include/interfaces/interfaces/msg/detail/filtered_sensor__functions.c
[1.016s] -- Up-to-date: /home/fab/ejer2_ws/install/interfaces/include/interfaces/interfaces/msg/detail/filtered_sensor__type_support.h
[1.016s] -- Up-to-date: /home/fab/ejer2_ws/install/interfaces/include/interfaces/interfaces/msg/filtered_sensor.h
[1.016s] -- Up-to-date: /home/fab/ejer2_ws/install/interfaces/share/interfaces/environment/library_path.sh
[1.017s] -- Up-to-date: /home/fab/ejer2_ws/install/interfaces/share/interfaces/environment/library_path.dsv
[1.017s] -- Up-to-date: /home/fab/ejer2_ws/install/interfaces/lib/libinterfaces__rosidl_generator_c.so
[1.017s] -- Up-to-date: /home/fab/ejer2_ws/install/interfaces/include/interfaces/interfaces
[1.017s] -- Up-to-date: /home/fab/ejer2_ws/install/interfaces/include/interfaces/interfaces/msg
[1.017s] -- Up-to-date: /home/fab/ejer2_ws/install/interfaces/include/interfaces/interfaces/msg/detail
[1.018s] -- Up-to-date: /home/fab/ejer2_ws/install/interfaces/include/interfaces/interfaces/msg/detail/filtered_sensor__rosidl_typesupport_fastrtps_c.h
[1.018s] -- Up-to-date: /home/fab/ejer2_ws/install/interfaces/include/interfaces/interfaces/msg/rosidl_typesupport_fastrtps_c__visibility_control.h
[1.019s] -- Up-to-date: /home/fab/ejer2_ws/install/interfaces/lib/libinterfaces__rosidl_typesupport_fastrtps_c.so
[1.019s] -- Up-to-date: /home/fab/ejer2_ws/install/interfaces/include/interfaces/interfaces
[1.019s] -- Up-to-date: /home/fab/ejer2_ws/install/interfaces/include/interfaces/interfaces/msg
[1.020s] -- Up-to-date: /home/fab/ejer2_ws/install/interfaces/include/interfaces/interfaces/msg/detail
[1.020s] -- Up-to-date: /home/fab/ejer2_ws/install/interfaces/include/interfaces/interfaces/msg/detail/filtered_sensor__type_support.c
[1.020s] -- Up-to-date: /home/fab/ejer2_ws/install/interfaces/include/interfaces/interfaces/msg/detail/filtered_sensor__rosidl_typesupport_introspection_c.h
[1.020s] -- Up-to-date: /home/fab/ejer2_ws/install/interfaces/include/interfaces/interfaces/msg/rosidl_typesupport_introspection_c__visibility_control.h
[1.021s] -- Up-to-date: /home/fab/ejer2_ws/install/interfaces/lib/libinterfaces__rosidl_typesupport_introspection_c.so
[1.021s] -- Up-to-date: /home/fab/ejer2_ws/install/interfaces/lib/libinterfaces__rosidl_typesupport_c.so
[1.021s] -- Up-to-date: /home/fab/ejer2_ws/install/interfaces/include/interfaces/interfaces
[1.021s] -- Up-to-date: /home/fab/ejer2_ws/install/interfaces/include/interfaces/interfaces/msg
[1.022s] -- Up-to-date: /home/fab/ejer2_ws/install/interfaces/include/interfaces/interfaces/msg/rosidl_generator_cpp__visibility_control.hpp
[1.022s] -- Up-to-date: /home/fab/ejer2_ws/install/interfaces/include/interfaces/interfaces/msg/detail
[1.022s] -- Up-to-date: /home/fab/ejer2_ws/install/interfaces/include/interfaces/interfaces/msg/detail/filtered_sensor__builder.hpp
[1.022s] -- Up-to-date: /home/fab/ejer2_ws/install/interfaces/include/interfaces/interfaces/msg/detail/filtered_sensor__struct.hpp
[1.023s] -- Up-to-date: /home/fab/ejer2_ws/install/interfaces/include/interfaces/interfaces/msg/detail/filtered_sensor__traits.hpp
[1.023s] -- Up-to-date: /home/fab/ejer2_ws/install/interfaces/include/interfaces/interfaces/msg/detail/filtered_sensor__type_support.hpp
[1.023s] -- Up-to-date: /home/fab/ejer2_ws/install/interfaces/include/interfaces/interfaces/msg/filtered_sensor.hpp
[1.023s] -- Up-to-date: /home/fab/ejer2_ws/install/interfaces/include/interfaces/interfaces
[1.024s] -- Up-to-date: /home/fab/ejer2_ws/install/interfaces/include/interfaces/interfaces/msg
[1.024s] -- Up-to-date: /home/fab/ejer2_ws/install/interfaces/include/interfaces/interfaces/msg/detail
[1.024s] -- Up-to-date: /home/fab/ejer2_ws/install/interfaces/include/interfaces/interfaces/msg/detail/filtered_sensor__rosidl_typesupport_fastrtps_cpp.hpp
[1.024s] -- Up-to-date: /home/fab/ejer2_ws/install/interfaces/include/interfaces/interfaces/msg/detail/dds_fastrtps
[1.025s] -- Up-to-date: /home/fab/ejer2_ws/install/interfaces/include/interfaces/interfaces/msg/rosidl_typesupport_fastrtps_cpp__visibility_control.h
[1.026s] -- Up-to-date: /home/fab/ejer2_ws/install/interfaces/lib/libinterfaces__rosidl_typesupport_fastrtps_cpp.so
[1.026s] -- Up-to-date: /home/fab/ejer2_ws/install/interfaces/include/interfaces/interfaces
[1.026s] -- Up-to-date: /home/fab/ejer2_ws/install/interfaces/include/interfaces/interfaces/msg
[1.026s] -- Up-to-date: /home/fab/ejer2_ws/install/interfaces/include/interfaces/interfaces/msg/detail
[1.026s] -- Up-to-date: /home/fab/ejer2_ws/install/interfaces/include/interfaces/interfaces/msg/detail/filtered_sensor__type_support.cpp
[1.027s] -- Up-to-date: /home/fab/ejer2_ws/install/interfaces/include/interfaces/interfaces/msg/detail/filtered_sensor__rosidl_typesupport_introspection_cpp.hpp
[1.027s] -- Up-to-date: /home/fab/ejer2_ws/install/interfaces/lib/libinterfaces__rosidl_typesupport_introspection_cpp.so
[1.027s] -- Up-to-date: /home/fab/ejer2_ws/install/interfaces/lib/libinterfaces__rosidl_typesupport_cpp.so
[1.027s] -- Up-to-date: /home/fab/ejer2_ws/install/interfaces/share/interfaces/environment/pythonpath.sh
[1.027s] -- Up-to-date: /home/fab/ejer2_ws/install/interfaces/share/interfaces/environment/pythonpath.dsv
[1.027s] -- Up-to-date: /home/fab/ejer2_ws/install/interfaces/local/lib/python3.10/dist-packages/interfaces-0.0.0-py3.10.egg-info
[1.028s] -- Installing: /home/fab/ejer2_ws/install/interfaces/local/lib/python3.10/dist-packages/interfaces-0.0.0-py3.10.egg-info/SOURCES.txt
[1.028s] -- Installing: /home/fab/ejer2_ws/install/interfaces/local/lib/python3.10/dist-packages/interfaces-0.0.0-py3.10.egg-info/PKG-INFO
[1.028s] -- Installing: /home/fab/ejer2_ws/install/interfaces/local/lib/python3.10/dist-packages/interfaces-0.0.0-py3.10.egg-info/top_level.txt
[1.028s] -- Installing: /home/fab/ejer2_ws/install/interfaces/local/lib/python3.10/dist-packages/interfaces-0.0.0-py3.10.egg-info/dependency_links.txt
[1.028s] -- Up-to-date: /home/fab/ejer2_ws/install/interfaces/local/lib/python3.10/dist-packages/interfaces
[1.028s] -- Up-to-date: /home/fab/ejer2_ws/install/interfaces/local/lib/python3.10/dist-packages/interfaces/_interfaces_s.ep.rosidl_typesupport_fastrtps_c.c
[1.029s] -- Up-to-date: /home/fab/ejer2_ws/install/interfaces/local/lib/python3.10/dist-packages/interfaces/interfaces_s__rosidl_typesupport_introspection_c.cpython-310-x86_64-linux-gnu.so
[1.029s] -- Up-to-date: /home/fab/ejer2_ws/install/interfaces/local/lib/python3.10/dist-packages/interfaces/_interfaces_s.ep.rosidl_typesupport_introspection_c.c
[1.029s] -- Up-to-date: /home/fab/ejer2_ws/install/interfaces/local/lib/python3.10/dist-packages/interfaces/msg
[1.030s] -- Up-to-date: /home/fab/ejer2_ws/install/interfaces/local/lib/python3.10/dist-packages/interfaces/msg/__init__.py
[1.030s] -- Up-to-date: /home/fab/ejer2_ws/install/interfaces/local/lib/python3.10/dist-packages/interfaces/msg/_filtered_sensor_s.c
[1.030s] -- Up-to-date: /home/fab/ejer2_ws/install/interfaces/local/lib/python3.10/dist-packages/interfaces/msg/_filtered_sensor.py
[1.030s] -- Up-to-date: /home/fab/ejer2_ws/install/interfaces/local/lib/python3.10/dist-packages/interfaces/__init__.py
[1.030s] -- Up-to-date: /home/fab/ejer2_ws/install/interfaces/local/lib/python3.10/dist-packages/interfaces/libinterfaces__rosidl_generator_py.so
[1.030s] -- Up-to-date: /home/fab/ejer2_ws/install/interfaces/local/lib/python3.10/dist-packages/interfaces/_interfaces_s.ep.rosidl_typesupport_c.c
[1.031s] -- Up-to-date: /home/fab/ejer2_ws/install/interfaces/local/lib/python3.10/dist-packages/interfaces/interfaces_s__rosidl_typesupport_c.cpython-310-x86_64-linux-gnu.so
[1.031s] -- Up-to-date: /home/fab/ejer2_ws/install/interfaces/local/lib/python3.10/dist-packages/interfaces/interfaces_s__rosidl_typesupport_fastrtps_c.cpython-310-x86_64-linux-gnu.so
[1.110s] Listing '/home/fab/ejer2_ws/install/interfaces/local/lib/python3.10/dist-packages/interfaces'...
[1.110s] Listing '/home/fab/ejer2_ws/install/interfaces/local/lib/python3.10/dist-packages/interfaces/msg'...
[1.120s] -- Up-to-date: /home/fab/ejer2_ws/install/interfaces/local/lib/python3.10/dist-packages/interfaces/interfaces_s__rosidl_typesupport_fastrtps_c.cpython-310-x86_64-linux-gnu.so
[1.121s] -- Up-to-date: /home/fab/ejer2_ws/install/interfaces/local/lib/python3.10/dist-packages/interfaces/interfaces_s__rosidl_typesupport_introspection_c.cpython-310-x86_64-linux-gnu.so
[1.121s] -- Up-to-date: /home/fab/ejer2_ws/install/interfaces/local/lib/python3.10/dist-packages/interfaces/interfaces_s__rosidl_typesupport_c.cpython-310-x86_64-linux-gnu.so
[1.122s] -- Up-to-date: /home/fab/ejer2_ws/install/interfaces/lib/libinterfaces__rosidl_generator_py.so
[1.122s] -- Up-to-date: /home/fab/ejer2_ws/install/interfaces/share/interfaces/msg/FilteredSensor.idl
[1.123s] -- Up-to-date: /home/fab/ejer2_ws/install/interfaces/share/interfaces/msg/FilteredSensor.msg
[1.123s] -- Up-to-date: /home/fab/ejer2_ws/install/interfaces/share/ament_index/resource_index/package_run_dependencies/interfaces
[1.123s] -- Up-to-date: /home/fab/ejer2_ws/install/interfaces/share/ament_index/resource_index/parent_prefix_path/interfaces
[1.124s] -- Up-to-date: /home/fab/ejer2_ws/install/interfaces/share/interfaces/environment/ament_prefix_path.sh
[1.124s] -- Up-to-date: /home/fab/ejer2_ws/install/interfaces/share/interfaces/environment/ament_prefix_path.dsv
[1.124s] -- Up-to-date: /home/fab/ejer2_ws/install/interfaces/share/interfaces/environment/path.sh
[1.125s] -- Up-to-date: /home/fab/ejer2_ws/install/interfaces/share/interfaces/environment/path.dsv
[1.125s] -- Up-to-date: /home/fab/ejer2_ws/install/interfaces/share/interfaces/local_setup.bash
[1.125s] -- Up-to-date: /home/fab/ejer2_ws/install/interfaces/share/interfaces/local_setup.sh
[1.126s] -- Up-to-date: /home/fab/ejer2_ws/install/interfaces/share/interfaces/local_setup.zsh
[1.126s] -- Up-to-date: /home/fab/ejer2_ws/install/interfaces/share/interfaces/local_setup.dsv
[1.126s] -- Installing: /home/fab/ejer2_ws/install/interfaces/share/interfaces/package.dsv
[1.126s] -- Up-to-date: /home/fab/ejer2_ws/install/interfaces/share/ament_index/resource_index/packages/interfaces
[1.126s] -- Up-to-date: /home/fab/ejer2_ws/install/interfaces/share/interfaces/cmake/export_interfaces__rosidl_generator_cExport.cmake
[1.127s] -- Up-to-date: /home/fab/ejer2_ws/install/interfaces/share/interfaces/cmake/export_interfaces__rosidl_generator_cExport-noconfig.cmake
[1.127s] -- Up-to-date: /home/fab/ejer2_ws/install/interfaces/share/interfaces/cmake/export_interfaces__rosidl_typesupport_fastrtps_cExport.cmake
[1.127s] -- Up-to-date: /home/fab/ejer2_ws/install/interfaces/share/interfaces/cmake/export_interfaces__rosidl_typesupport_fastrtps_cExport-noconfig.cmake
[1.127s] -- Up-to-date: /home/fab/ejer2_ws/install/interfaces/share/interfaces/cmake/interfaces__rosidl_typesupport_introspection_cExport.cmake
[1.127s] -- Up-to-date: /home/fab/ejer2_ws/install/interfaces/share/interfaces/cmake/interfaces__rosidl_typesupport_introspection_cExport-noconfig.cmake
[1.129s] -- Up-to-date: /home/fab/ejer2_ws/install/interfaces/share/interfaces/cmake/interfaces__rosidl_typesupport_cExport.cmake
[1.129s] -- Up-to-date: /home/fab/ejer2_ws/install/interfaces/share/interfaces/cmake/interfaces__rosidl_typesupport_cExport-noconfig.cmake
[1.129s] -- Up-to-date: /home/fab/ejer2_ws/install/interfaces/share/interfaces/cmake/export_interfaces__rosidl_generator_cppExport.cmake
[1.129s] -- Up-to-date: /home/fab/ejer2_ws/install/interfaces/share/interfaces/cmake/export_interfaces__rosidl_typesupport_fastrtps_cppExport.cmake
[1.130s] -- Up-to-date: /home/fab/ejer2_ws/install/interfaces/share/interfaces/cmake/export_interfaces__rosidl_typesupport_fastrtps_cppExport-noconfig.cmake
[1.130s] -- Up-to-date: /home/fab/ejer2_ws/install/interfaces/share/interfaces/cmake/interfaces__rosidl_typesupport_introspection_cppExport.cmake
[1.130s] -- Up-to-date: /home/fab/ejer2_ws/install/interfaces/share/interfaces/cmake/interfaces__rosidl_typesupport_introspection_cppExport-noconfig.cmake
[1.130s] -- Up-to-date: /home/fab/ejer2_ws/install/interfaces/share/interfaces/cmake/interfaces__rosidl_typesupport_cppExport.cmake
[1.130s] -- Up-to-date: /home/fab/ejer2_ws/install/interfaces/share/interfaces/cmake/interfaces__rosidl_typesupport_cppExport-noconfig.cmake
[1.130s] -- Up-to-date: /home/fab/ejer2_ws/install/interfaces/share/interfaces/cmake/export_interfaces__rosidl_generator_pyExport.cmake
[1.131s] -- Up-to-date: /home/fab/ejer2_ws/install/interfaces/share/interfaces/cmake/export_interfaces__rosidl_generator_pyExport-noconfig.cmake
[1.131s] -- Up-to-date: /home/fab/ejer2_ws/install/interfaces/share/interfaces/cmake/rosidl_cmake-extras.cmake
[1.131s] -- Up-to-date: /home/fab/ejer2_ws/install/interfaces/share/interfaces/cmake/ament_cmake_export_dependencies-extras.cmake
[1.131s] -- Up-to-date: /home/fab/ejer2_ws/install/interfaces/share/interfaces/cmake/ament_cmake_export_include_directories-extras.cmake
[1.131s] -- Up-to-date: /home/fab/ejer2_ws/install/interfaces/share/interfaces/cmake/ament_cmake_export_libraries-extras.cmake
[1.131s] -- Up-to-date: /home/fab/ejer2_ws/install/interfaces/share/interfaces/cmake/ament_cmake_export_targets-extras.cmake
[1.132s] -- Up-to-date: /home/fab/ejer2_ws/install/interfaces/share/interfaces/cmake/rosidl_cmake_export_typesupport_targets-extras.cmake
[1.132s] -- Up-to-date: /home/fab/ejer2_ws/install/interfaces/share/interfaces/cmake/rosidl_cmake_export_typesupport_libraries-extras.cmake
[1.132s] -- Up-to-date: /home/fab/ejer2_ws/install/interfaces/share/interfaces/cmake/interfacesConfig.cmake
[1.132s] -- Up-to-date: /home/fab/ejer2_ws/install/interfaces/share/interfaces/cmake/interfacesConfig-version.cmake
[1.133s] -- Up-to-date: /home/fab/ejer2_ws/install/interfaces/share/interfaces/package.xml
[1.136s] Invoked command in '/home/fab/ejer2_ws/build/interfaces' returned '0': CMAKE_PREFIX_PATH=${CMAKE_PREFIX_PATH}:/home/fab/ejer2_ws/install/pubsub:/opt/ros/humble /usr/bin/cmake --install /home/fab/ejer2_ws/build/interfaces
