[0.024s] Invoking command in '/home/cossio/ejer1_ws/build/cpp_examples': CMAKE_PREFIX_PATH=/opt/ros/humble /usr/bin/cmake --build /home/cossio/ejer1_ws/build/cpp_examples -- -j16 -l16
[0.225s] [ 11%] Built target publisher
[0.225s] [ 22%] Built target client
[0.225s] [ 33%] Built target subscriber
[0.225s] [ 66%] Built target pub_custom
[0.225s] [ 66%] Built target sub_array
[0.225s] [ 66%] Built target pub_array
[0.225s] [ 77%] Built target pubsub
[0.225s] [ 88%] Built target server
[0.226s] [100%] Built target sub_custom
[0.228s] Invoked command in '/home/cossio/ejer1_ws/build/cpp_examples' returned '0': CMAKE_PREFIX_PATH=/opt/ros/humble /usr/bin/cmake --build /home/cossio/ejer1_ws/build/cpp_examples -- -j16 -l16
[0.242s] Invoking command in '/home/cossio/ejer1_ws/build/cpp_examples': CMAKE_PREFIX_PATH=/opt/ros/humble /usr/bin/cmake --install /home/cossio/ejer1_ws/build/cpp_examples
[0.413s] -- Install configuration: ""
[0.413s] -- Execute custom install script
[0.413s] -- Up-to-date symlink: /home/cossio/ejer1_ws/install/cpp_examples/lib/cpp_examples/publisher
[0.413s] -- Up-to-date symlink: /home/cossio/ejer1_ws/install/cpp_examples/lib/cpp_examples/subscriber
[0.413s] -- Up-to-date symlink: /home/cossio/ejer1_ws/install/cpp_examples/lib/cpp_examples/pubsub
[0.414s] -- Up-to-date symlink: /home/cossio/ejer1_ws/install/cpp_examples/lib/cpp_examples/pub_array
[0.414s] -- Up-to-date symlink: /home/cossio/ejer1_ws/install/cpp_examples/lib/cpp_examples/sub_array
[0.414s] -- Up-to-date symlink: /home/cossio/ejer1_ws/install/cpp_examples/lib/cpp_examples/pub_custom
[0.414s] -- Up-to-date symlink: /home/cossio/ejer1_ws/install/cpp_examples/lib/cpp_examples/sub_custom
[0.414s] -- Up-to-date symlink: /home/cossio/ejer1_ws/install/cpp_examples/lib/cpp_examples/server
[0.414s] -- Up-to-date symlink: /home/cossio/ejer1_ws/install/cpp_examples/lib/cpp_examples/client
[0.414s] -- Up-to-date symlink: /home/cossio/ejer1_ws/install/cpp_examples/share/cpp_examples/launch/pubsub_arrays_launch.py
[0.414s] -- Up-to-date symlink: /home/cossio/ejer1_ws/install/cpp_examples/share/cpp_examples/launch/pubsub_custom_launch.py
[0.414s] -- Up-to-date symlink: /home/cossio/ejer1_ws/install/cpp_examples/share/cpp_examples/launch/pubsub_launch.py
[0.414s] -- Up-to-date symlink: /home/cossio/ejer1_ws/install/cpp_examples/share/ament_index/resource_index/package_run_dependencies/cpp_examples
[0.414s] -- Up-to-date symlink: /home/cossio/ejer1_ws/install/cpp_examples/share/ament_index/resource_index/parent_prefix_path/cpp_examples
[0.414s] -- Up-to-date symlink: /home/cossio/ejer1_ws/install/cpp_examples/share/cpp_examples/environment/ament_prefix_path.sh
[0.414s] -- Up-to-date symlink: /home/cossio/ejer1_ws/install/cpp_examples/share/cpp_examples/environment/ament_prefix_path.dsv
[0.414s] -- Up-to-date symlink: /home/cossio/ejer1_ws/install/cpp_examples/share/cpp_examples/environment/path.sh
[0.414s] -- Up-to-date symlink: /home/cossio/ejer1_ws/install/cpp_examples/share/cpp_examples/environment/path.dsv
[0.414s] -- Up-to-date symlink: /home/cossio/ejer1_ws/install/cpp_examples/share/cpp_examples/local_setup.bash
[0.414s] -- Up-to-date symlink: /home/cossio/ejer1_ws/install/cpp_examples/share/cpp_examples/local_setup.sh
[0.414s] -- Up-to-date symlink: /home/cossio/ejer1_ws/install/cpp_examples/share/cpp_examples/local_setup.zsh
[0.414s] -- Up-to-date symlink: /home/cossio/ejer1_ws/install/cpp_examples/share/cpp_examples/local_setup.dsv
[0.414s] -- Symlinking: /home/cossio/ejer1_ws/install/cpp_examples/share/cpp_examples/package.dsv
[0.414s] -- Up-to-date symlink: /home/cossio/ejer1_ws/install/cpp_examples/share/ament_index/resource_index/packages/cpp_examples
[0.414s] -- Up-to-date symlink: /home/cossio/ejer1_ws/install/cpp_examples/share/cpp_examples/cmake/cpp_examplesConfig.cmake
[0.414s] -- Up-to-date symlink: /home/cossio/ejer1_ws/install/cpp_examples/share/cpp_examples/cmake/cpp_examplesConfig-version.cmake
[0.414s] -- Up-to-date symlink: /home/cossio/ejer1_ws/install/cpp_examples/share/cpp_examples/package.xml
[0.415s] Invoked command in '/home/cossio/ejer1_ws/build/cpp_examples' returned '0': CMAKE_PREFIX_PATH=/opt/ros/humble /usr/bin/cmake --install /home/cossio/ejer1_ws/build/cpp_examples
