[0.060s] DEBUG:colcon:Command line arguments: ['/usr/bin/colcon', 'build', '--symlink-install']
[0.060s] DEBUG:colcon:Parsed command line arguments: Namespace(log_base=None, log_level=None, verb_name='build', build_base='build', install_base='install', merge_install=False, symlink_install=True, test_result_base=None, continue_on_error=False, executor='parallel', parallel_workers=16, event_handlers=None, ignore_user_meta=False, metas=['./colcon.meta'], base_paths=['.'], packages_ignore=None, packages_ignore_regex=None, paths=None, packages_up_to=None, packages_up_to_regex=None, packages_above=None, packages_above_and_dependencies=None, packages_above_depth=None, packages_select_by_dep=None, packages_skip_by_dep=None, packages_skip_up_to=None, packages_select_build_failed=False, packages_skip_build_finished=False, packages_select_test_failures=False, packages_skip_test_passed=False, packages_select=None, packages_skip=None, packages_select_regex=None, packages_skip_regex=None, packages_start=None, packages_end=None, allow_overriding=[], cmake_args=None, cmake_target=None, cmake_target_skip_unavailable=False, cmake_clean_cache=False, cmake_clean_first=False, cmake_force_configure=False, ament_cmake_args=None, catkin_cmake_args=None, catkin_skip_building_tests=False, verb_parser=<colcon_defaults.argument_parser.defaults.DefaultArgumentsDecorator object at 0x76e8bc7fbd90>, verb_extension=<colcon_core.verb.build.BuildVerb object at 0x76e8bc7fad70>, main=<bound method BuildVerb.main of <colcon_core.verb.build.BuildVerb object at 0x76e8bc7fad70>>)
[0.153s] Level 1:colcon.colcon_core.package_discovery:discover_packages(colcon_meta) check parameters
[0.153s] Level 1:colcon.colcon_core.package_discovery:discover_packages(recursive) check parameters
[0.153s] Level 1:colcon.colcon_core.package_discovery:discover_packages(ignore) check parameters
[0.153s] Level 1:colcon.colcon_core.package_discovery:discover_packages(path) check parameters
[0.153s] Level 1:colcon.colcon_core.package_discovery:discover_packages(colcon_meta) discover
[0.153s] Level 1:colcon.colcon_core.package_discovery:discover_packages(recursive) discover
[0.153s] INFO:colcon.colcon_core.package_discovery:Crawling recursively for packages in '/home/cossio/ejer1_ws'
[0.153s] Level 1:colcon.colcon_core.package_identification:_identify(.) by extensions ['ignore', 'ignore_ament_install']
[0.153s] Level 1:colcon.colcon_core.package_identification:_identify(.) by extension 'ignore'
[0.153s] Level 1:colcon.colcon_core.package_identification:_identify(.) by extension 'ignore_ament_install'
[0.153s] Level 1:colcon.colcon_core.package_identification:_identify(.) by extensions ['colcon_pkg']
[0.153s] Level 1:colcon.colcon_core.package_identification:_identify(.) by extension 'colcon_pkg'
[0.153s] Level 1:colcon.colcon_core.package_identification:_identify(.) by extensions ['colcon_meta']
[0.154s] Level 1:colcon.colcon_core.package_identification:_identify(.) by extension 'colcon_meta'
[0.154s] Level 1:colcon.colcon_core.package_identification:_identify(.) by extensions ['ros']
[0.154s] Level 1:colcon.colcon_core.package_identification:_identify(.) by extension 'ros'
[0.160s] Level 1:colcon.colcon_core.package_identification:_identify(.) by extensions ['cmake', 'python']
[0.160s] Level 1:colcon.colcon_core.package_identification:_identify(.) by extension 'cmake'
[0.160s] Level 1:colcon.colcon_core.package_identification:_identify(.) by extension 'python'
[0.160s] Level 1:colcon.colcon_core.package_identification:_identify(.) by extensions ['python_setup_py']
[0.160s] Level 1:colcon.colcon_core.package_identification:_identify(.) by extension 'python_setup_py'
[0.160s] Level 1:colcon.colcon_core.package_identification:_identify(build) by extensions ['ignore', 'ignore_ament_install']
[0.160s] Level 1:colcon.colcon_core.package_identification:_identify(build) by extension 'ignore'
[0.160s] Level 1:colcon.colcon_core.package_identification:_identify(build) ignored
[0.160s] Level 1:colcon.colcon_core.package_identification:_identify(install) by extensions ['ignore', 'ignore_ament_install']
[0.161s] Level 1:colcon.colcon_core.package_identification:_identify(install) by extension 'ignore'
[0.161s] Level 1:colcon.colcon_core.package_identification:_identify(install) ignored
[0.161s] Level 1:colcon.colcon_core.package_identification:_identify(log) by extensions ['ignore', 'ignore_ament_install']
[0.161s] Level 1:colcon.colcon_core.package_identification:_identify(log) by extension 'ignore'
[0.161s] Level 1:colcon.colcon_core.package_identification:_identify(log) ignored
[0.161s] Level 1:colcon.colcon_core.package_identification:_identify(src) by extensions ['ignore', 'ignore_ament_install']
[0.161s] Level 1:colcon.colcon_core.package_identification:_identify(src) by extension 'ignore'
[0.161s] Level 1:colcon.colcon_core.package_identification:_identify(src) by extension 'ignore_ament_install'
[0.161s] Level 1:colcon.colcon_core.package_identification:_identify(src) by extensions ['colcon_pkg']
[0.161s] Level 1:colcon.colcon_core.package_identification:_identify(src) by extension 'colcon_pkg'
[0.161s] Level 1:colcon.colcon_core.package_identification:_identify(src) by extensions ['colcon_meta']
[0.161s] Level 1:colcon.colcon_core.package_identification:_identify(src) by extension 'colcon_meta'
[0.161s] Level 1:colcon.colcon_core.package_identification:_identify(src) by extensions ['ros']
[0.161s] Level 1:colcon.colcon_core.package_identification:_identify(src) by extension 'ros'
[0.161s] Level 1:colcon.colcon_core.package_identification:_identify(src) by extensions ['cmake', 'python']
[0.161s] Level 1:colcon.colcon_core.package_identification:_identify(src) by extension 'cmake'
[0.161s] Level 1:colcon.colcon_core.package_identification:_identify(src) by extension 'python'
[0.161s] Level 1:colcon.colcon_core.package_identification:_identify(src) by extensions ['python_setup_py']
[0.161s] Level 1:colcon.colcon_core.package_identification:_identify(src) by extension 'python_setup_py'
[0.161s] Level 1:colcon.colcon_core.package_identification:_identify(src/ros2_tutorials-main) by extensions ['ignore', 'ignore_ament_install']
[0.161s] Level 1:colcon.colcon_core.package_identification:_identify(src/ros2_tutorials-main) by extension 'ignore'
[0.161s] Level 1:colcon.colcon_core.package_identification:_identify(src/ros2_tutorials-main) by extension 'ignore_ament_install'
[0.161s] Level 1:colcon.colcon_core.package_identification:_identify(src/ros2_tutorials-main) by extensions ['colcon_pkg']
[0.161s] Level 1:colcon.colcon_core.package_identification:_identify(src/ros2_tutorials-main) by extension 'colcon_pkg'
[0.161s] Level 1:colcon.colcon_core.package_identification:_identify(src/ros2_tutorials-main) by extensions ['colcon_meta']
[0.161s] Level 1:colcon.colcon_core.package_identification:_identify(src/ros2_tutorials-main) by extension 'colcon_meta'
[0.161s] Level 1:colcon.colcon_core.package_identification:_identify(src/ros2_tutorials-main) by extensions ['ros']
[0.161s] Level 1:colcon.colcon_core.package_identification:_identify(src/ros2_tutorials-main) by extension 'ros'
[0.161s] Level 1:colcon.colcon_core.package_identification:_identify(src/ros2_tutorials-main) by extensions ['cmake', 'python']
[0.161s] Level 1:colcon.colcon_core.package_identification:_identify(src/ros2_tutorials-main) by extension 'cmake'
[0.161s] Level 1:colcon.colcon_core.package_identification:_identify(src/ros2_tutorials-main) by extension 'python'
[0.161s] Level 1:colcon.colcon_core.package_identification:_identify(src/ros2_tutorials-main) by extensions ['python_setup_py']
[0.161s] Level 1:colcon.colcon_core.package_identification:_identify(src/ros2_tutorials-main) by extension 'python_setup_py'
[0.161s] Level 1:colcon.colcon_core.package_identification:_identify(src/ros2_tutorials-main/cpp_examples) by extensions ['ignore', 'ignore_ament_install']
[0.161s] Level 1:colcon.colcon_core.package_identification:_identify(src/ros2_tutorials-main/cpp_examples) by extension 'ignore'
[0.161s] Level 1:colcon.colcon_core.package_identification:_identify(src/ros2_tutorials-main/cpp_examples) by extension 'ignore_ament_install'
[0.161s] Level 1:colcon.colcon_core.package_identification:_identify(src/ros2_tutorials-main/cpp_examples) by extensions ['colcon_pkg']
[0.161s] Level 1:colcon.colcon_core.package_identification:_identify(src/ros2_tutorials-main/cpp_examples) by extension 'colcon_pkg'
[0.161s] Level 1:colcon.colcon_core.package_identification:_identify(src/ros2_tutorials-main/cpp_examples) by extensions ['colcon_meta']
[0.161s] Level 1:colcon.colcon_core.package_identification:_identify(src/ros2_tutorials-main/cpp_examples) by extension 'colcon_meta'
[0.161s] Level 1:colcon.colcon_core.package_identification:_identify(src/ros2_tutorials-main/cpp_examples) by extensions ['ros']
[0.161s] Level 1:colcon.colcon_core.package_identification:_identify(src/ros2_tutorials-main/cpp_examples) by extension 'ros'
[0.163s] DEBUG:colcon.colcon_core.package_identification:Package 'src/ros2_tutorials-main/cpp_examples' with type 'ros.ament_cmake' and name 'cpp_examples'
[0.163s] Level 1:colcon.colcon_core.package_identification:_identify(src/ros2_tutorials-main/custom_interface) by extensions ['ignore', 'ignore_ament_install']
[0.163s] Level 1:colcon.colcon_core.package_identification:_identify(src/ros2_tutorials-main/custom_interface) by extension 'ignore'
[0.163s] Level 1:colcon.colcon_core.package_identification:_identify(src/ros2_tutorials-main/custom_interface) by extension 'ignore_ament_install'
[0.163s] Level 1:colcon.colcon_core.package_identification:_identify(src/ros2_tutorials-main/custom_interface) by extensions ['colcon_pkg']
[0.163s] Level 1:colcon.colcon_core.package_identification:_identify(src/ros2_tutorials-main/custom_interface) by extension 'colcon_pkg'
[0.163s] Level 1:colcon.colcon_core.package_identification:_identify(src/ros2_tutorials-main/custom_interface) by extensions ['colcon_meta']
[0.163s] Level 1:colcon.colcon_core.package_identification:_identify(src/ros2_tutorials-main/custom_interface) by extension 'colcon_meta'
[0.163s] Level 1:colcon.colcon_core.package_identification:_identify(src/ros2_tutorials-main/custom_interface) by extensions ['ros']
[0.163s] Level 1:colcon.colcon_core.package_identification:_identify(src/ros2_tutorials-main/custom_interface) by extension 'ros'
[0.163s] DEBUG:colcon.colcon_core.package_identification:Package 'src/ros2_tutorials-main/custom_interface' with type 'ros.ament_cmake' and name 'custom_interface'
[0.164s] Level 1:colcon.colcon_core.package_identification:_identify(src/ros2_tutorials-main/py_examples) by extensions ['ignore', 'ignore_ament_install']
[0.164s] Level 1:colcon.colcon_core.package_identification:_identify(src/ros2_tutorials-main/py_examples) by extension 'ignore'
[0.164s] Level 1:colcon.colcon_core.package_identification:_identify(src/ros2_tutorials-main/py_examples) by extension 'ignore_ament_install'
[0.164s] Level 1:colcon.colcon_core.package_identification:_identify(src/ros2_tutorials-main/py_examples) by extensions ['colcon_pkg']
[0.164s] Level 1:colcon.colcon_core.package_identification:_identify(src/ros2_tutorials-main/py_examples) by extension 'colcon_pkg'
[0.164s] Level 1:colcon.colcon_core.package_identification:_identify(src/ros2_tutorials-main/py_examples) by extensions ['colcon_meta']
[0.164s] Level 1:colcon.colcon_core.package_identification:_identify(src/ros2_tutorials-main/py_examples) by extension 'colcon_meta'
[0.164s] Level 1:colcon.colcon_core.package_identification:_identify(src/ros2_tutorials-main/py_examples) by extensions ['ros']
[0.164s] Level 1:colcon.colcon_core.package_identification:_identify(src/ros2_tutorials-main/py_examples) by extension 'ros'
[0.164s] DEBUG:colcon.colcon_core.package_identification:Package 'src/ros2_tutorials-main/py_examples' with type 'ros.ament_python' and name 'py_examples'
[0.164s] Level 1:colcon.colcon_core.package_identification:_identify(src/ros2_tutorials-main/robot_description) by extensions ['ignore', 'ignore_ament_install']
[0.164s] Level 1:colcon.colcon_core.package_identification:_identify(src/ros2_tutorials-main/robot_description) by extension 'ignore'
[0.164s] Level 1:colcon.colcon_core.package_identification:_identify(src/ros2_tutorials-main/robot_description) by extension 'ignore_ament_install'
[0.164s] Level 1:colcon.colcon_core.package_identification:_identify(src/ros2_tutorials-main/robot_description) by extensions ['colcon_pkg']
[0.164s] Level 1:colcon.colcon_core.package_identification:_identify(src/ros2_tutorials-main/robot_description) by extension 'colcon_pkg'
[0.164s] Level 1:colcon.colcon_core.package_identification:_identify(src/ros2_tutorials-main/robot_description) by extensions ['colcon_meta']
[0.164s] Level 1:colcon.colcon_core.package_identification:_identify(src/ros2_tutorials-main/robot_description) by extension 'colcon_meta'
[0.164s] Level 1:colcon.colcon_core.package_identification:_identify(src/ros2_tutorials-main/robot_description) by extensions ['ros']
[0.164s] Level 1:colcon.colcon_core.package_identification:_identify(src/ros2_tutorials-main/robot_description) by extension 'ros'
[0.164s] DEBUG:colcon.colcon_core.package_identification:Package 'src/ros2_tutorials-main/robot_description' with type 'ros.ament_cmake' and name 'robot_description'
[0.165s] Level 1:colcon.colcon_core.package_identification:_identify(src/ros2_tutorials-main/test_move) by extensions ['ignore', 'ignore_ament_install']
[0.165s] Level 1:colcon.colcon_core.package_identification:_identify(src/ros2_tutorials-main/test_move) by extension 'ignore'
[0.165s] Level 1:colcon.colcon_core.package_identification:_identify(src/ros2_tutorials-main/test_move) by extension 'ignore_ament_install'
[0.165s] Level 1:colcon.colcon_core.package_identification:_identify(src/ros2_tutorials-main/test_move) by extensions ['colcon_pkg']
[0.165s] Level 1:colcon.colcon_core.package_identification:_identify(src/ros2_tutorials-main/test_move) by extension 'colcon_pkg'
[0.165s] Level 1:colcon.colcon_core.package_identification:_identify(src/ros2_tutorials-main/test_move) by extensions ['colcon_meta']
[0.165s] Level 1:colcon.colcon_core.package_identification:_identify(src/ros2_tutorials-main/test_move) by extension 'colcon_meta'
[0.165s] Level 1:colcon.colcon_core.package_identification:_identify(src/ros2_tutorials-main/test_move) by extensions ['ros']
[0.165s] Level 1:colcon.colcon_core.package_identification:_identify(src/ros2_tutorials-main/test_move) by extension 'ros'
[0.165s] DEBUG:colcon.colcon_core.package_identification:Package 'src/ros2_tutorials-main/test_move' with type 'ros.ament_cmake' and name 'test_move'
[0.165s] Level 1:colcon.colcon_core.package_identification:_identify(src/ros2_tutorials-main/visual_pubsub) by extensions ['ignore', 'ignore_ament_install']
[0.165s] Level 1:colcon.colcon_core.package_identification:_identify(src/ros2_tutorials-main/visual_pubsub) by extension 'ignore'
[0.165s] Level 1:colcon.colcon_core.package_identification:_identify(src/ros2_tutorials-main/visual_pubsub) by extension 'ignore_ament_install'
[0.165s] Level 1:colcon.colcon_core.package_identification:_identify(src/ros2_tutorials-main/visual_pubsub) by extensions ['colcon_pkg']
[0.165s] Level 1:colcon.colcon_core.package_identification:_identify(src/ros2_tutorials-main/visual_pubsub) by extension 'colcon_pkg'
[0.165s] Level 1:colcon.colcon_core.package_identification:_identify(src/ros2_tutorials-main/visual_pubsub) by extensions ['colcon_meta']
[0.165s] Level 1:colcon.colcon_core.package_identification:_identify(src/ros2_tutorials-main/visual_pubsub) by extension 'colcon_meta'
[0.165s] Level 1:colcon.colcon_core.package_identification:_identify(src/ros2_tutorials-main/visual_pubsub) by extensions ['ros']
[0.165s] Level 1:colcon.colcon_core.package_identification:_identify(src/ros2_tutorials-main/visual_pubsub) by extension 'ros'
[0.166s] DEBUG:colcon.colcon_core.package_identification:Package 'src/ros2_tutorials-main/visual_pubsub' with type 'ros.ament_python' and name 'visual_pubsub'
[0.166s] Level 1:colcon.colcon_core.package_discovery:discover_packages(recursive) using defaults
[0.166s] Level 1:colcon.colcon_core.package_discovery:discover_packages(ignore) discover
[0.166s] Level 1:colcon.colcon_core.package_discovery:discover_packages(ignore) using defaults
[0.166s] Level 1:colcon.colcon_core.package_discovery:discover_packages(path) discover
[0.166s] Level 1:colcon.colcon_core.package_discovery:discover_packages(path) using defaults
[0.189s] Level 1:colcon.colcon_core.package_discovery:discover_packages(prefix_path) check parameters
[0.189s] Level 1:colcon.colcon_core.package_discovery:discover_packages(prefix_path) discover
[0.190s] DEBUG:colcon.colcon_installed_package_information.package_discovery:Found 1 installed packages in /home/cossio/ejer1_ws/install
[0.191s] DEBUG:colcon.colcon_installed_package_information.package_discovery:Found 424 installed packages in /opt/ros/humble
[0.192s] Level 1:colcon.colcon_core.package_discovery:discover_packages(prefix_path) using defaults
[0.221s] Level 5:colcon.colcon_core.verb:set package 'cpp_examples' build argument 'cmake_args' from command line to 'None'
[0.221s] Level 5:colcon.colcon_core.verb:set package 'cpp_examples' build argument 'cmake_target' from command line to 'None'
[0.221s] Level 5:colcon.colcon_core.verb:set package 'cpp_examples' build argument 'cmake_target_skip_unavailable' from command line to 'False'
[0.221s] Level 5:colcon.colcon_core.verb:set package 'cpp_examples' build argument 'cmake_clean_cache' from command line to 'False'
[0.221s] Level 5:colcon.colcon_core.verb:set package 'cpp_examples' build argument 'cmake_clean_first' from command line to 'False'
[0.221s] Level 5:colcon.colcon_core.verb:set package 'cpp_examples' build argument 'cmake_force_configure' from command line to 'False'
[0.221s] Level 5:colcon.colcon_core.verb:set package 'cpp_examples' build argument 'ament_cmake_args' from command line to 'None'
[0.221s] Level 5:colcon.colcon_core.verb:set package 'cpp_examples' build argument 'catkin_cmake_args' from command line to 'None'
[0.221s] Level 5:colcon.colcon_core.verb:set package 'cpp_examples' build argument 'catkin_skip_building_tests' from command line to 'False'
[0.221s] DEBUG:colcon.colcon_core.verb:Building package 'cpp_examples' with the following arguments: {'ament_cmake_args': None, 'build_base': '/home/cossio/ejer1_ws/build/cpp_examples', 'catkin_cmake_args': None, 'catkin_skip_building_tests': False, 'cmake_args': None, 'cmake_clean_cache': False, 'cmake_clean_first': False, 'cmake_force_configure': False, 'cmake_target': None, 'cmake_target_skip_unavailable': False, 'install_base': '/home/cossio/ejer1_ws/install/cpp_examples', 'merge_install': False, 'path': '/home/cossio/ejer1_ws/src/ros2_tutorials-main/cpp_examples', 'symlink_install': True, 'test_result_base': None}
[0.221s] Level 5:colcon.colcon_core.verb:set package 'custom_interface' build argument 'cmake_args' from command line to 'None'
[0.221s] Level 5:colcon.colcon_core.verb:set package 'custom_interface' build argument 'cmake_target' from command line to 'None'
[0.221s] Level 5:colcon.colcon_core.verb:set package 'custom_interface' build argument 'cmake_target_skip_unavailable' from command line to 'False'
[0.221s] Level 5:colcon.colcon_core.verb:set package 'custom_interface' build argument 'cmake_clean_cache' from command line to 'False'
[0.221s] Level 5:colcon.colcon_core.verb:set package 'custom_interface' build argument 'cmake_clean_first' from command line to 'False'
[0.221s] Level 5:colcon.colcon_core.verb:set package 'custom_interface' build argument 'cmake_force_configure' from command line to 'False'
[0.221s] Level 5:colcon.colcon_core.verb:set package 'custom_interface' build argument 'ament_cmake_args' from command line to 'None'
[0.221s] Level 5:colcon.colcon_core.verb:set package 'custom_interface' build argument 'catkin_cmake_args' from command line to 'None'
[0.221s] Level 5:colcon.colcon_core.verb:set package 'custom_interface' build argument 'catkin_skip_building_tests' from command line to 'False'
[0.221s] DEBUG:colcon.colcon_core.verb:Building package 'custom_interface' with the following arguments: {'ament_cmake_args': None, 'build_base': '/home/cossio/ejer1_ws/build/custom_interface', 'catkin_cmake_args': None, 'catkin_skip_building_tests': False, 'cmake_args': None, 'cmake_clean_cache': False, 'cmake_clean_first': False, 'cmake_force_configure': False, 'cmake_target': None, 'cmake_target_skip_unavailable': False, 'install_base': '/home/cossio/ejer1_ws/install/custom_interface', 'merge_install': False, 'path': '/home/cossio/ejer1_ws/src/ros2_tutorials-main/custom_interface', 'symlink_install': True, 'test_result_base': None}
[0.221s] Level 5:colcon.colcon_core.verb:set package 'py_examples' build argument 'cmake_args' from command line to 'None'
[0.221s] Level 5:colcon.colcon_core.verb:set package 'py_examples' build argument 'cmake_target' from command line to 'None'
[0.221s] Level 5:colcon.colcon_core.verb:set package 'py_examples' build argument 'cmake_target_skip_unavailable' from command line to 'False'
[0.221s] Level 5:colcon.colcon_core.verb:set package 'py_examples' build argument 'cmake_clean_cache' from command line to 'False'
[0.221s] Level 5:colcon.colcon_core.verb:set package 'py_examples' build argument 'cmake_clean_first' from command line to 'False'
[0.221s] Level 5:colcon.colcon_core.verb:set package 'py_examples' build argument 'cmake_force_configure' from command line to 'False'
[0.221s] Level 5:colcon.colcon_core.verb:set package 'py_examples' build argument 'ament_cmake_args' from command line to 'None'
[0.221s] Level 5:colcon.colcon_core.verb:set package 'py_examples' build argument 'catkin_cmake_args' from command line to 'None'
[0.221s] Level 5:colcon.colcon_core.verb:set package 'py_examples' build argument 'catkin_skip_building_tests' from command line to 'False'
[0.221s] DEBUG:colcon.colcon_core.verb:Building package 'py_examples' with the following arguments: {'ament_cmake_args': None, 'build_base': '/home/cossio/ejer1_ws/build/py_examples', 'catkin_cmake_args': None, 'catkin_skip_building_tests': False, 'cmake_args': None, 'cmake_clean_cache': False, 'cmake_clean_first': False, 'cmake_force_configure': False, 'cmake_target': None, 'cmake_target_skip_unavailable': False, 'install_base': '/home/cossio/ejer1_ws/install/py_examples', 'merge_install': False, 'path': '/home/cossio/ejer1_ws/src/ros2_tutorials-main/py_examples', 'symlink_install': True, 'test_result_base': None}
[0.222s] Level 5:colcon.colcon_core.verb:set package 'robot_description' build argument 'cmake_args' from command line to 'None'
[0.222s] Level 5:colcon.colcon_core.verb:set package 'robot_description' build argument 'cmake_target' from command line to 'None'
[0.222s] Level 5:colcon.colcon_core.verb:set package 'robot_description' build argument 'cmake_target_skip_unavailable' from command line to 'False'
[0.222s] Level 5:colcon.colcon_core.verb:set package 'robot_description' build argument 'cmake_clean_cache' from command line to 'False'
[0.222s] Level 5:colcon.colcon_core.verb:set package 'robot_description' build argument 'cmake_clean_first' from command line to 'False'
[0.222s] Level 5:colcon.colcon_core.verb:set package 'robot_description' build argument 'cmake_force_configure' from command line to 'False'
[0.222s] Level 5:colcon.colcon_core.verb:set package 'robot_description' build argument 'ament_cmake_args' from command line to 'None'
[0.222s] Level 5:colcon.colcon_core.verb:set package 'robot_description' build argument 'catkin_cmake_args' from command line to 'None'
[0.222s] Level 5:colcon.colcon_core.verb:set package 'robot_description' build argument 'catkin_skip_building_tests' from command line to 'False'
[0.222s] DEBUG:colcon.colcon_core.verb:Building package 'robot_description' with the following arguments: {'ament_cmake_args': None, 'build_base': '/home/cossio/ejer1_ws/build/robot_description', 'catkin_cmake_args': None, 'catkin_skip_building_tests': False, 'cmake_args': None, 'cmake_clean_cache': False, 'cmake_clean_first': False, 'cmake_force_configure': False, 'cmake_target': None, 'cmake_target_skip_unavailable': False, 'install_base': '/home/cossio/ejer1_ws/install/robot_description', 'merge_install': False, 'path': '/home/cossio/ejer1_ws/src/ros2_tutorials-main/robot_description', 'symlink_install': True, 'test_result_base': None}
[0.222s] Level 5:colcon.colcon_core.verb:set package 'test_move' build argument 'cmake_args' from command line to 'None'
[0.222s] Level 5:colcon.colcon_core.verb:set package 'test_move' build argument 'cmake_target' from command line to 'None'
[0.222s] Level 5:colcon.colcon_core.verb:set package 'test_move' build argument 'cmake_target_skip_unavailable' from command line to 'False'
[0.222s] Level 5:colcon.colcon_core.verb:set package 'test_move' build argument 'cmake_clean_cache' from command line to 'False'
[0.222s] Level 5:colcon.colcon_core.verb:set package 'test_move' build argument 'cmake_clean_first' from command line to 'False'
[0.222s] Level 5:colcon.colcon_core.verb:set package 'test_move' build argument 'cmake_force_configure' from command line to 'False'
[0.222s] Level 5:colcon.colcon_core.verb:set package 'test_move' build argument 'ament_cmake_args' from command line to 'None'
[0.222s] Level 5:colcon.colcon_core.verb:set package 'test_move' build argument 'catkin_cmake_args' from command line to 'None'
[0.222s] Level 5:colcon.colcon_core.verb:set package 'test_move' build argument 'catkin_skip_building_tests' from command line to 'False'
[0.222s] DEBUG:colcon.colcon_core.verb:Building package 'test_move' with the following arguments: {'ament_cmake_args': None, 'build_base': '/home/cossio/ejer1_ws/build/test_move', 'catkin_cmake_args': None, 'catkin_skip_building_tests': False, 'cmake_args': None, 'cmake_clean_cache': False, 'cmake_clean_first': False, 'cmake_force_configure': False, 'cmake_target': None, 'cmake_target_skip_unavailable': False, 'install_base': '/home/cossio/ejer1_ws/install/test_move', 'merge_install': False, 'path': '/home/cossio/ejer1_ws/src/ros2_tutorials-main/test_move', 'symlink_install': True, 'test_result_base': None}
[0.222s] Level 5:colcon.colcon_core.verb:set package 'visual_pubsub' build argument 'cmake_args' from command line to 'None'
[0.222s] Level 5:colcon.colcon_core.verb:set package 'visual_pubsub' build argument 'cmake_target' from command line to 'None'
[0.222s] Level 5:colcon.colcon_core.verb:set package 'visual_pubsub' build argument 'cmake_target_skip_unavailable' from command line to 'False'
[0.222s] Level 5:colcon.colcon_core.verb:set package 'visual_pubsub' build argument 'cmake_clean_cache' from command line to 'False'
[0.222s] Level 5:colcon.colcon_core.verb:set package 'visual_pubsub' build argument 'cmake_clean_first' from command line to 'False'
[0.222s] Level 5:colcon.colcon_core.verb:set package 'visual_pubsub' build argument 'cmake_force_configure' from command line to 'False'
[0.222s] Level 5:colcon.colcon_core.verb:set package 'visual_pubsub' build argument 'ament_cmake_args' from command line to 'None'
[0.222s] Level 5:colcon.colcon_core.verb:set package 'visual_pubsub' build argument 'catkin_cmake_args' from command line to 'None'
[0.222s] Level 5:colcon.colcon_core.verb:set package 'visual_pubsub' build argument 'catkin_skip_building_tests' from command line to 'False'
[0.222s] DEBUG:colcon.colcon_core.verb:Building package 'visual_pubsub' with the following arguments: {'ament_cmake_args': None, 'build_base': '/home/cossio/ejer1_ws/build/visual_pubsub', 'catkin_cmake_args': None, 'catkin_skip_building_tests': False, 'cmake_args': None, 'cmake_clean_cache': False, 'cmake_clean_first': False, 'cmake_force_configure': False, 'cmake_target': None, 'cmake_target_skip_unavailable': False, 'install_base': '/home/cossio/ejer1_ws/install/visual_pubsub', 'merge_install': False, 'path': '/home/cossio/ejer1_ws/src/ros2_tutorials-main/visual_pubsub', 'symlink_install': True, 'test_result_base': None}
[0.222s] INFO:colcon.colcon_core.executor:Executing jobs using 'parallel' executor
[0.223s] DEBUG:colcon.colcon_parallel_executor.executor.parallel:run_until_complete
[0.223s] INFO:colcon.colcon_ros.task.ament_cmake.build:Building ROS package in '/home/cossio/ejer1_ws/src/ros2_tutorials-main/cpp_examples' with build type 'ament_cmake'
[0.223s] INFO:colcon.colcon_cmake.task.cmake.build:Building CMake package in '/home/cossio/ejer1_ws/src/ros2_tutorials-main/cpp_examples'
[0.225s] INFO:colcon.colcon_core.plugin_system:Skipping extension 'colcon_core.shell.bat': Not used on non-Windows systems
[0.225s] INFO:colcon.colcon_core.shell:Skip shell extension 'powershell' for command environment: Not usable outside of PowerShell
[0.225s] DEBUG:colcon.colcon_core.shell:Skip shell extension 'dsv' for command environment
[0.228s] INFO:colcon.colcon_ros.task.ament_cmake.build:Building ROS package in '/home/cossio/ejer1_ws/src/ros2_tutorials-main/custom_interface' with build type 'ament_cmake'
[0.228s] INFO:colcon.colcon_cmake.task.cmake.build:Building CMake package in '/home/cossio/ejer1_ws/src/ros2_tutorials-main/custom_interface'
[0.228s] INFO:colcon.colcon_core.shell:Skip shell extension 'powershell' for command environment: Not usable outside of PowerShell
[0.228s] DEBUG:colcon.colcon_core.shell:Skip shell extension 'dsv' for command environment
[0.231s] INFO:colcon.colcon_ros.task.ament_python.build:Building ROS package in '/home/cossio/ejer1_ws/src/ros2_tutorials-main/py_examples' with build type 'ament_python'
[0.231s] Level 1:colcon.colcon_core.shell:create_environment_hook('py_examples', 'ament_prefix_path')
[0.231s] INFO:colcon.colcon_core.shell:Creating environment hook '/home/cossio/ejer1_ws/install/py_examples/share/py_examples/hook/ament_prefix_path.ps1'
[0.231s] INFO:colcon.colcon_core.shell:Creating environment descriptor '/home/cossio/ejer1_ws/install/py_examples/share/py_examples/hook/ament_prefix_path.dsv'
[0.232s] INFO:colcon.colcon_core.shell:Creating environment hook '/home/cossio/ejer1_ws/install/py_examples/share/py_examples/hook/ament_prefix_path.sh'
[0.232s] INFO:colcon.colcon_core.shell:Skip shell extension 'powershell' for command environment: Not usable outside of PowerShell
[0.232s] DEBUG:colcon.colcon_core.shell:Skip shell extension 'dsv' for command environment
[0.234s] INFO:colcon.colcon_ros.task.ament_cmake.build:Building ROS package in '/home/cossio/ejer1_ws/src/ros2_tutorials-main/robot_description' with build type 'ament_cmake'
[0.234s] INFO:colcon.colcon_cmake.task.cmake.build:Building CMake package in '/home/cossio/ejer1_ws/src/ros2_tutorials-main/robot_description'
[0.235s] INFO:colcon.colcon_core.shell:Skip shell extension 'powershell' for command environment: Not usable outside of PowerShell
[0.235s] DEBUG:colcon.colcon_core.shell:Skip shell extension 'dsv' for command environment
[0.237s] INFO:colcon.colcon_ros.task.ament_cmake.build:Building ROS package in '/home/cossio/ejer1_ws/src/ros2_tutorials-main/test_move' with build type 'ament_cmake'
[0.237s] INFO:colcon.colcon_cmake.task.cmake.build:Building CMake package in '/home/cossio/ejer1_ws/src/ros2_tutorials-main/test_move'
[0.237s] INFO:colcon.colcon_core.shell:Skip shell extension 'powershell' for command environment: Not usable outside of PowerShell
[0.237s] DEBUG:colcon.colcon_core.shell:Skip shell extension 'dsv' for command environment
[0.242s] INFO:colcon.colcon_ros.task.ament_python.build:Building ROS package in '/home/cossio/ejer1_ws/src/ros2_tutorials-main/visual_pubsub' with build type 'ament_python'
[0.242s] Level 1:colcon.colcon_core.shell:create_environment_hook('visual_pubsub', 'ament_prefix_path')
[0.242s] INFO:colcon.colcon_core.shell:Creating environment hook '/home/cossio/ejer1_ws/install/visual_pubsub/share/visual_pubsub/hook/ament_prefix_path.ps1'
[0.243s] INFO:colcon.colcon_core.shell:Creating environment descriptor '/home/cossio/ejer1_ws/install/visual_pubsub/share/visual_pubsub/hook/ament_prefix_path.dsv'
[0.243s] INFO:colcon.colcon_core.shell:Creating environment hook '/home/cossio/ejer1_ws/install/visual_pubsub/share/visual_pubsub/hook/ament_prefix_path.sh'
[0.243s] INFO:colcon.colcon_core.shell:Skip shell extension 'powershell' for command environment: Not usable outside of PowerShell
[0.243s] DEBUG:colcon.colcon_core.shell:Skip shell extension 'dsv' for command environment
[0.249s] DEBUG:colcon.colcon_core.event_handler.log_command:Invoking command in '/home/cossio/ejer1_ws/build/cpp_examples': CMAKE_PREFIX_PATH=${CMAKE_PREFIX_PATH}:/opt/ros/humble /usr/bin/cmake /home/cossio/ejer1_ws/src/ros2_tutorials-main/cpp_examples -DAMENT_CMAKE_SYMLINK_INSTALL=1 -DCMAKE_INSTALL_PREFIX=/home/cossio/ejer1_ws/install/cpp_examples
[0.251s] DEBUG:colcon.colcon_core.event_handler.log_command:Invoking command in '/home/cossio/ejer1_ws/build/custom_interface': CMAKE_PREFIX_PATH=${CMAKE_PREFIX_PATH}:/opt/ros/humble /usr/bin/cmake --build /home/cossio/ejer1_ws/build/custom_interface -- -j16 -l16
[0.444s] INFO:colcon.colcon_core.task.python.build:Building Python package in '/home/cossio/ejer1_ws/src/ros2_tutorials-main/py_examples'
[0.444s] INFO:colcon.colcon_core.shell:Skip shell extension 'powershell' for command environment: Not usable outside of PowerShell
[0.444s] DEBUG:colcon.colcon_core.shell:Skip shell extension 'dsv' for command environment
[0.449s] DEBUG:colcon.colcon_core.event_handler.log_command:Invoking command in '/home/cossio/ejer1_ws/build/robot_description': CMAKE_PREFIX_PATH=${CMAKE_PREFIX_PATH}:/opt/ros/humble /usr/bin/cmake /home/cossio/ejer1_ws/src/ros2_tutorials-main/robot_description -DAMENT_CMAKE_SYMLINK_INSTALL=1 -DCMAKE_INSTALL_PREFIX=/home/cossio/ejer1_ws/install/robot_description
[0.452s] DEBUG:colcon.colcon_core.event_handler.log_command:Invoking command in '/home/cossio/ejer1_ws/build/test_move': CMAKE_PREFIX_PATH=${CMAKE_PREFIX_PATH}:/opt/ros/humble /usr/bin/cmake /home/cossio/ejer1_ws/src/ros2_tutorials-main/test_move -DAMENT_CMAKE_SYMLINK_INSTALL=1 -DCMAKE_INSTALL_PREFIX=/home/cossio/ejer1_ws/install/test_move
[0.649s] INFO:colcon.colcon_core.task.python.build:Building Python package in '/home/cossio/ejer1_ws/src/ros2_tutorials-main/visual_pubsub'
[0.650s] INFO:colcon.colcon_core.shell:Skip shell extension 'powershell' for command environment: Not usable outside of PowerShell
[0.650s] DEBUG:colcon.colcon_core.shell:Skip shell extension 'dsv' for command environment
[0.659s] DEBUG:colcon.colcon_core.event_handler.log_command:Invoked command in '/home/cossio/ejer1_ws/build/custom_interface' returned '0': CMAKE_PREFIX_PATH=${CMAKE_PREFIX_PATH}:/opt/ros/humble /usr/bin/cmake --build /home/cossio/ejer1_ws/build/custom_interface -- -j16 -l16
[0.668s] DEBUG:colcon.colcon_core.event_handler.log_command:Invoking command in '/home/cossio/ejer1_ws/build/custom_interface': CMAKE_PREFIX_PATH=${CMAKE_PREFIX_PATH}:/opt/ros/humble /usr/bin/cmake --install /home/cossio/ejer1_ws/build/custom_interface
[0.729s] Level 1:colcon.colcon_core.environment:create_environment_scripts_only(custom_interface)
[0.729s] DEBUG:colcon.colcon_core.event_handler.log_command:Invoked command in '/home/cossio/ejer1_ws/build/custom_interface' returned '0': CMAKE_PREFIX_PATH=${CMAKE_PREFIX_PATH}:/opt/ros/humble /usr/bin/cmake --install /home/cossio/ejer1_ws/build/custom_interface
[0.731s] Level 1:colcon.colcon_core.environment:checking '/home/cossio/ejer1_ws/install/custom_interface' for CMake module files
[0.731s] Level 1:colcon.colcon_core.environment:checking '/home/cossio/ejer1_ws/install/custom_interface' for CMake config files
[0.731s] Level 1:colcon.colcon_core.shell:create_environment_hook('custom_interface', 'cmake_prefix_path')
[0.731s] INFO:colcon.colcon_core.shell:Creating environment hook '/home/cossio/ejer1_ws/install/custom_interface/share/custom_interface/hook/cmake_prefix_path.ps1'
[0.732s] INFO:colcon.colcon_core.shell:Creating environment descriptor '/home/cossio/ejer1_ws/install/custom_interface/share/custom_interface/hook/cmake_prefix_path.dsv'
[0.732s] INFO:colcon.colcon_core.shell:Creating environment hook '/home/cossio/ejer1_ws/install/custom_interface/share/custom_interface/hook/cmake_prefix_path.sh'
[0.733s] Level 1:colcon.colcon_core.environment:checking '/home/cossio/ejer1_ws/install/custom_interface/lib'
[0.733s] Level 1:colcon.colcon_core.shell:create_environment_hook('custom_interface', 'ld_library_path_lib')
[0.733s] INFO:colcon.colcon_core.shell:Creating environment hook '/home/cossio/ejer1_ws/install/custom_interface/share/custom_interface/hook/ld_library_path_lib.ps1'
[0.733s] INFO:colcon.colcon_core.shell:Creating environment descriptor '/home/cossio/ejer1_ws/install/custom_interface/share/custom_interface/hook/ld_library_path_lib.dsv'
[0.733s] INFO:colcon.colcon_core.shell:Creating environment hook '/home/cossio/ejer1_ws/install/custom_interface/share/custom_interface/hook/ld_library_path_lib.sh'
[0.734s] Level 1:colcon.colcon_core.environment:checking '/home/cossio/ejer1_ws/install/custom_interface/bin'
[0.734s] Level 1:colcon.colcon_core.environment:checking '/home/cossio/ejer1_ws/install/custom_interface/lib/pkgconfig/custom_interface.pc'
[0.734s] Level 1:colcon.colcon_core.environment:checking '/home/cossio/ejer1_ws/install/custom_interface/lib/python3.10/site-packages'
[0.734s] Level 1:colcon.colcon_core.environment:checking '/home/cossio/ejer1_ws/install/custom_interface/bin'
[0.734s] INFO:colcon.colcon_core.shell:Creating package script '/home/cossio/ejer1_ws/install/custom_interface/share/custom_interface/package.ps1'
[0.735s] INFO:colcon.colcon_core.shell:Creating package descriptor '/home/cossio/ejer1_ws/install/custom_interface/share/custom_interface/package.dsv'
[0.735s] INFO:colcon.colcon_core.shell:Creating package script '/home/cossio/ejer1_ws/install/custom_interface/share/custom_interface/package.sh'
[0.736s] INFO:colcon.colcon_core.shell:Creating package script '/home/cossio/ejer1_ws/install/custom_interface/share/custom_interface/package.bash'
[0.736s] INFO:colcon.colcon_core.shell:Creating package script '/home/cossio/ejer1_ws/install/custom_interface/share/custom_interface/package.zsh'
[0.736s] Level 1:colcon.colcon_core.environment:create_file_with_runtime_dependencies(/home/cossio/ejer1_ws/install/custom_interface/share/colcon-core/packages/custom_interface)
[0.737s] Level 1:colcon.colcon_core.environment:create_environment_scripts_only(custom_interface)
[0.737s] Level 1:colcon.colcon_core.environment:checking '/home/cossio/ejer1_ws/install/custom_interface' for CMake module files
[0.737s] Level 1:colcon.colcon_core.environment:checking '/home/cossio/ejer1_ws/install/custom_interface' for CMake config files
[0.738s] Level 1:colcon.colcon_core.shell:create_environment_hook('custom_interface', 'cmake_prefix_path')
[0.738s] INFO:colcon.colcon_core.shell:Creating environment hook '/home/cossio/ejer1_ws/install/custom_interface/share/custom_interface/hook/cmake_prefix_path.ps1'
[0.738s] INFO:colcon.colcon_core.shell:Creating environment descriptor '/home/cossio/ejer1_ws/install/custom_interface/share/custom_interface/hook/cmake_prefix_path.dsv'
[0.738s] INFO:colcon.colcon_core.shell:Creating environment hook '/home/cossio/ejer1_ws/install/custom_interface/share/custom_interface/hook/cmake_prefix_path.sh'
[0.738s] Level 1:colcon.colcon_core.environment:checking '/home/cossio/ejer1_ws/install/custom_interface/lib'
[0.739s] Level 1:colcon.colcon_core.shell:create_environment_hook('custom_interface', 'ld_library_path_lib')
[0.739s] INFO:colcon.colcon_core.shell:Creating environment hook '/home/cossio/ejer1_ws/install/custom_interface/share/custom_interface/hook/ld_library_path_lib.ps1'
[0.739s] INFO:colcon.colcon_core.shell:Creating environment descriptor '/home/cossio/ejer1_ws/install/custom_interface/share/custom_interface/hook/ld_library_path_lib.dsv'
[0.739s] INFO:colcon.colcon_core.shell:Creating environment hook '/home/cossio/ejer1_ws/install/custom_interface/share/custom_interface/hook/ld_library_path_lib.sh'
[0.739s] Level 1:colcon.colcon_core.environment:checking '/home/cossio/ejer1_ws/install/custom_interface/bin'
[0.739s] Level 1:colcon.colcon_core.environment:checking '/home/cossio/ejer1_ws/install/custom_interface/lib/pkgconfig/custom_interface.pc'
[0.739s] Level 1:colcon.colcon_core.environment:checking '/home/cossio/ejer1_ws/install/custom_interface/lib/python3.10/site-packages'
[0.740s] Level 1:colcon.colcon_core.environment:checking '/home/cossio/ejer1_ws/install/custom_interface/bin'
[0.740s] INFO:colcon.colcon_core.shell:Creating package script '/home/cossio/ejer1_ws/install/custom_interface/share/custom_interface/package.ps1'
[0.740s] INFO:colcon.colcon_core.shell:Creating package descriptor '/home/cossio/ejer1_ws/install/custom_interface/share/custom_interface/package.dsv'
[0.740s] INFO:colcon.colcon_core.shell:Creating package script '/home/cossio/ejer1_ws/install/custom_interface/share/custom_interface/package.sh'
[0.741s] INFO:colcon.colcon_core.shell:Creating package script '/home/cossio/ejer1_ws/install/custom_interface/share/custom_interface/package.bash'
[0.741s] INFO:colcon.colcon_core.shell:Creating package script '/home/cossio/ejer1_ws/install/custom_interface/share/custom_interface/package.zsh'
[0.741s] Level 1:colcon.colcon_core.environment:create_file_with_runtime_dependencies(/home/cossio/ejer1_ws/install/custom_interface/share/colcon-core/packages/custom_interface)
[0.975s] DEBUG:colcon.colcon_core.event_handler.log_command:Invoking command in '/home/cossio/ejer1_ws/build/py_examples': PYTHONPATH=/home/cossio/ejer1_ws/build/py_examples/prefix_override:/usr/lib/python3/dist-packages/colcon_core/task/python/colcon_distutils_commands:/home/cossio/ejer1_ws/install/py_examples/lib/python3.10/site-packages:${PYTHONPATH} /usr/bin/python3 -W ignore:setup.py install is deprecated -W ignore:easy_install command is deprecated setup.py develop --editable --build-directory /home/cossio/ejer1_ws/build/py_examples/build --no-deps symlink_data
[0.976s] DEBUG:colcon.colcon_core.event_handler.log_command:Invoking command in '/home/cossio/ejer1_ws/build/visual_pubsub': PYTHONPATH=/home/cossio/ejer1_ws/build/visual_pubsub/prefix_override:/usr/lib/python3/dist-packages/colcon_core/task/python/colcon_distutils_commands:/home/cossio/ejer1_ws/install/visual_pubsub/lib/python3.10/site-packages:${PYTHONPATH} /usr/bin/python3 -W ignore:setup.py install is deprecated -W ignore:easy_install command is deprecated setup.py develop --editable --build-directory /home/cossio/ejer1_ws/build/visual_pubsub/build --no-deps symlink_data
[0.981s] DEBUG:colcon.colcon_core.event_handler.log_command:Invoked command in '/home/cossio/ejer1_ws/build/robot_description' returned '0': CMAKE_PREFIX_PATH=${CMAKE_PREFIX_PATH}:/opt/ros/humble /usr/bin/cmake /home/cossio/ejer1_ws/src/ros2_tutorials-main/robot_description -DAMENT_CMAKE_SYMLINK_INSTALL=1 -DCMAKE_INSTALL_PREFIX=/home/cossio/ejer1_ws/install/robot_description
[0.982s] DEBUG:colcon.colcon_core.event_handler.log_command:Invoking command in '/home/cossio/ejer1_ws/build/robot_description': CMAKE_PREFIX_PATH=${CMAKE_PREFIX_PATH}:/opt/ros/humble /usr/bin/cmake --build /home/cossio/ejer1_ws/build/robot_description -- -j16 -l16
[1.023s] DEBUG:colcon.colcon_core.event_handler.log_command:Invoked command in '/home/cossio/ejer1_ws/build/robot_description' returned '0': CMAKE_PREFIX_PATH=${CMAKE_PREFIX_PATH}:/opt/ros/humble /usr/bin/cmake --build /home/cossio/ejer1_ws/build/robot_description -- -j16 -l16
[1.025s] DEBUG:colcon.colcon_core.event_handler.log_command:Invoking command in '/home/cossio/ejer1_ws/build/robot_description': CMAKE_PREFIX_PATH=${CMAKE_PREFIX_PATH}:/opt/ros/humble /usr/bin/cmake --install /home/cossio/ejer1_ws/build/robot_description
[1.295s] Level 1:colcon.colcon_core.shell:create_environment_hook('visual_pubsub', 'pythonpath_develop')
[1.296s] DEBUG:colcon.colcon_core.event_handler.log_command:Invoked command in '/home/cossio/ejer1_ws/build/visual_pubsub' returned '0': PYTHONPATH=/home/cossio/ejer1_ws/build/visual_pubsub/prefix_override:/usr/lib/python3/dist-packages/colcon_core/task/python/colcon_distutils_commands:/home/cossio/ejer1_ws/install/visual_pubsub/lib/python3.10/site-packages:${PYTHONPATH} /usr/bin/python3 -W ignore:setup.py install is deprecated -W ignore:easy_install command is deprecated setup.py develop --editable --build-directory /home/cossio/ejer1_ws/build/visual_pubsub/build --no-deps symlink_data
[1.296s] INFO:colcon.colcon_core.shell:Creating environment hook '/home/cossio/ejer1_ws/build/visual_pubsub/share/visual_pubsub/hook/pythonpath_develop.ps1'
[1.297s] INFO:colcon.colcon_core.shell:Creating environment descriptor '/home/cossio/ejer1_ws/build/visual_pubsub/share/visual_pubsub/hook/pythonpath_develop.dsv'
[1.297s] INFO:colcon.colcon_core.shell:Creating environment hook '/home/cossio/ejer1_ws/build/visual_pubsub/share/visual_pubsub/hook/pythonpath_develop.sh'
[1.298s] Level 1:colcon.colcon_core.environment:checking '/home/cossio/ejer1_ws/install/visual_pubsub' for CMake module files
[1.298s] Level 1:colcon.colcon_core.environment:checking '/home/cossio/ejer1_ws/install/visual_pubsub' for CMake config files
[1.298s] Level 1:colcon.colcon_core.environment:checking '/home/cossio/ejer1_ws/install/visual_pubsub/lib'
[1.298s] Level 1:colcon.colcon_core.environment:checking '/home/cossio/ejer1_ws/install/visual_pubsub/bin'
[1.298s] Level 1:colcon.colcon_core.environment:checking '/home/cossio/ejer1_ws/install/visual_pubsub/lib/pkgconfig/visual_pubsub.pc'
[1.299s] Level 1:colcon.colcon_core.environment:checking '/home/cossio/ejer1_ws/install/visual_pubsub/lib/python3.10/site-packages'
[1.299s] Level 1:colcon.colcon_core.shell:create_environment_hook('visual_pubsub', 'pythonpath')
[1.299s] INFO:colcon.colcon_core.shell:Creating environment hook '/home/cossio/ejer1_ws/install/visual_pubsub/share/visual_pubsub/hook/pythonpath.ps1'
[1.299s] INFO:colcon.colcon_core.shell:Creating environment descriptor '/home/cossio/ejer1_ws/install/visual_pubsub/share/visual_pubsub/hook/pythonpath.dsv'
[1.299s] INFO:colcon.colcon_core.shell:Creating environment hook '/home/cossio/ejer1_ws/install/visual_pubsub/share/visual_pubsub/hook/pythonpath.sh'
[1.300s] Level 1:colcon.colcon_core.environment:checking '/home/cossio/ejer1_ws/install/visual_pubsub/bin'
[1.300s] Level 1:colcon.colcon_core.environment:create_environment_scripts_only(visual_pubsub)
[1.300s] INFO:colcon.colcon_core.shell:Creating package script '/home/cossio/ejer1_ws/install/visual_pubsub/share/visual_pubsub/package.ps1'
[1.300s] INFO:colcon.colcon_core.shell:Creating package descriptor '/home/cossio/ejer1_ws/install/visual_pubsub/share/visual_pubsub/package.dsv'
[1.301s] INFO:colcon.colcon_core.shell:Creating package script '/home/cossio/ejer1_ws/install/visual_pubsub/share/visual_pubsub/package.sh'
[1.301s] INFO:colcon.colcon_core.shell:Creating package script '/home/cossio/ejer1_ws/install/visual_pubsub/share/visual_pubsub/package.bash'
[1.301s] INFO:colcon.colcon_core.shell:Creating package script '/home/cossio/ejer1_ws/install/visual_pubsub/share/visual_pubsub/package.zsh'
[1.301s] Level 1:colcon.colcon_core.environment:create_file_with_runtime_dependencies(/home/cossio/ejer1_ws/install/visual_pubsub/share/colcon-core/packages/visual_pubsub)
[1.308s] DEBUG:colcon.colcon_core.event_handler.log_command:Invoked command in '/home/cossio/ejer1_ws/build/cpp_examples' returned '0': CMAKE_PREFIX_PATH=${CMAKE_PREFIX_PATH}:/opt/ros/humble /usr/bin/cmake /home/cossio/ejer1_ws/src/ros2_tutorials-main/cpp_examples -DAMENT_CMAKE_SYMLINK_INSTALL=1 -DCMAKE_INSTALL_PREFIX=/home/cossio/ejer1_ws/install/cpp_examples
[1.310s] DEBUG:colcon.colcon_core.event_handler.log_command:Invoking command in '/home/cossio/ejer1_ws/build/cpp_examples': CMAKE_PREFIX_PATH=${CMAKE_PREFIX_PATH}:/opt/ros/humble /usr/bin/cmake --build /home/cossio/ejer1_ws/build/cpp_examples -- -j16 -l16
[1.312s] Level 1:colcon.colcon_core.shell:create_environment_hook('py_examples', 'pythonpath_develop')
[1.312s] INFO:colcon.colcon_core.shell:Creating environment hook '/home/cossio/ejer1_ws/build/py_examples/share/py_examples/hook/pythonpath_develop.ps1'
[1.313s] DEBUG:colcon.colcon_core.event_handler.log_command:Invoked command in '/home/cossio/ejer1_ws/build/py_examples' returned '0': PYTHONPATH=/home/cossio/ejer1_ws/build/py_examples/prefix_override:/usr/lib/python3/dist-packages/colcon_core/task/python/colcon_distutils_commands:/home/cossio/ejer1_ws/install/py_examples/lib/python3.10/site-packages:${PYTHONPATH} /usr/bin/python3 -W ignore:setup.py install is deprecated -W ignore:easy_install command is deprecated setup.py develop --editable --build-directory /home/cossio/ejer1_ws/build/py_examples/build --no-deps symlink_data
[1.313s] INFO:colcon.colcon_core.shell:Creating environment descriptor '/home/cossio/ejer1_ws/build/py_examples/share/py_examples/hook/pythonpath_develop.dsv'
[1.313s] INFO:colcon.colcon_core.shell:Creating environment hook '/home/cossio/ejer1_ws/build/py_examples/share/py_examples/hook/pythonpath_develop.sh'
[1.314s] Level 1:colcon.colcon_core.environment:checking '/home/cossio/ejer1_ws/install/py_examples' for CMake module files
[1.315s] Level 1:colcon.colcon_core.environment:checking '/home/cossio/ejer1_ws/install/py_examples' for CMake config files
[1.315s] Level 1:colcon.colcon_core.environment:checking '/home/cossio/ejer1_ws/install/py_examples/lib'
[1.315s] Level 1:colcon.colcon_core.environment:checking '/home/cossio/ejer1_ws/install/py_examples/bin'
[1.315s] Level 1:colcon.colcon_core.environment:checking '/home/cossio/ejer1_ws/install/py_examples/lib/pkgconfig/py_examples.pc'
[1.315s] Level 1:colcon.colcon_core.environment:checking '/home/cossio/ejer1_ws/install/py_examples/lib/python3.10/site-packages'
[1.315s] Level 1:colcon.colcon_core.shell:create_environment_hook('py_examples', 'pythonpath')
[1.315s] INFO:colcon.colcon_core.shell:Creating environment hook '/home/cossio/ejer1_ws/install/py_examples/share/py_examples/hook/pythonpath.ps1'
[1.316s] INFO:colcon.colcon_core.shell:Creating environment descriptor '/home/cossio/ejer1_ws/install/py_examples/share/py_examples/hook/pythonpath.dsv'
[1.316s] INFO:colcon.colcon_core.shell:Creating environment hook '/home/cossio/ejer1_ws/install/py_examples/share/py_examples/hook/pythonpath.sh'
[1.318s] Level 1:colcon.colcon_core.environment:checking '/home/cossio/ejer1_ws/install/py_examples/bin'
[1.318s] Level 1:colcon.colcon_core.environment:create_environment_scripts_only(py_examples)
[1.318s] INFO:colcon.colcon_core.shell:Creating package script '/home/cossio/ejer1_ws/install/py_examples/share/py_examples/package.ps1'
[1.319s] INFO:colcon.colcon_core.shell:Creating package descriptor '/home/cossio/ejer1_ws/install/py_examples/share/py_examples/package.dsv'
[1.319s] INFO:colcon.colcon_core.shell:Creating package script '/home/cossio/ejer1_ws/install/py_examples/share/py_examples/package.sh'
[1.319s] INFO:colcon.colcon_core.shell:Creating package script '/home/cossio/ejer1_ws/install/py_examples/share/py_examples/package.bash'
[1.319s] INFO:colcon.colcon_core.shell:Creating package script '/home/cossio/ejer1_ws/install/py_examples/share/py_examples/package.zsh'
[1.319s] Level 1:colcon.colcon_core.environment:create_file_with_runtime_dependencies(/home/cossio/ejer1_ws/install/py_examples/share/colcon-core/packages/py_examples)
[1.567s] Level 1:colcon.colcon_core.environment:create_environment_scripts_only(robot_description)
[1.567s] Level 1:colcon.colcon_core.environment:checking '/home/cossio/ejer1_ws/install/robot_description' for CMake module files
[1.568s] DEBUG:colcon.colcon_core.event_handler.log_command:Invoked command in '/home/cossio/ejer1_ws/build/robot_description' returned '0': CMAKE_PREFIX_PATH=${CMAKE_PREFIX_PATH}:/opt/ros/humble /usr/bin/cmake --install /home/cossio/ejer1_ws/build/robot_description
[1.568s] Level 1:colcon.colcon_core.environment:checking '/home/cossio/ejer1_ws/install/robot_description' for CMake config files
[1.568s] Level 1:colcon.colcon_core.shell:create_environment_hook('robot_description', 'cmake_prefix_path')
[1.569s] INFO:colcon.colcon_core.shell:Creating environment hook '/home/cossio/ejer1_ws/install/robot_description/share/robot_description/hook/cmake_prefix_path.ps1'
[1.569s] INFO:colcon.colcon_core.shell:Creating environment descriptor '/home/cossio/ejer1_ws/install/robot_description/share/robot_description/hook/cmake_prefix_path.dsv'
[1.570s] INFO:colcon.colcon_core.shell:Creating environment hook '/home/cossio/ejer1_ws/install/robot_description/share/robot_description/hook/cmake_prefix_path.sh'
[1.570s] Level 1:colcon.colcon_core.environment:checking '/home/cossio/ejer1_ws/install/robot_description/bin'
[1.570s] Level 1:colcon.colcon_core.environment:checking '/home/cossio/ejer1_ws/install/robot_description/lib/pkgconfig/robot_description.pc'
[1.571s] Level 1:colcon.colcon_core.environment:checking '/home/cossio/ejer1_ws/install/robot_description/lib/python3.10/site-packages'
[1.571s] Level 1:colcon.colcon_core.environment:checking '/home/cossio/ejer1_ws/install/robot_description/bin'
[1.571s] INFO:colcon.colcon_core.shell:Creating package script '/home/cossio/ejer1_ws/install/robot_description/share/robot_description/package.ps1'
[1.572s] INFO:colcon.colcon_core.shell:Creating package descriptor '/home/cossio/ejer1_ws/install/robot_description/share/robot_description/package.dsv'
[1.572s] INFO:colcon.colcon_core.shell:Creating package script '/home/cossio/ejer1_ws/install/robot_description/share/robot_description/package.sh'
[1.572s] INFO:colcon.colcon_core.shell:Creating package script '/home/cossio/ejer1_ws/install/robot_description/share/robot_description/package.bash'
[1.573s] INFO:colcon.colcon_core.shell:Creating package script '/home/cossio/ejer1_ws/install/robot_description/share/robot_description/package.zsh'
[1.573s] Level 1:colcon.colcon_core.environment:create_file_with_runtime_dependencies(/home/cossio/ejer1_ws/install/robot_description/share/colcon-core/packages/robot_description)
[1.573s] Level 1:colcon.colcon_core.environment:create_environment_scripts_only(robot_description)
[1.573s] Level 1:colcon.colcon_core.environment:checking '/home/cossio/ejer1_ws/install/robot_description' for CMake module files
[1.574s] Level 1:colcon.colcon_core.environment:checking '/home/cossio/ejer1_ws/install/robot_description' for CMake config files
[1.574s] Level 1:colcon.colcon_core.shell:create_environment_hook('robot_description', 'cmake_prefix_path')
[1.574s] INFO:colcon.colcon_core.shell:Creating environment hook '/home/cossio/ejer1_ws/install/robot_description/share/robot_description/hook/cmake_prefix_path.ps1'
[1.575s] INFO:colcon.colcon_core.shell:Creating environment descriptor '/home/cossio/ejer1_ws/install/robot_description/share/robot_description/hook/cmake_prefix_path.dsv'
[1.575s] INFO:colcon.colcon_core.shell:Creating environment hook '/home/cossio/ejer1_ws/install/robot_description/share/robot_description/hook/cmake_prefix_path.sh'
[1.575s] Level 1:colcon.colcon_core.environment:checking '/home/cossio/ejer1_ws/install/robot_description/bin'
[1.576s] Level 1:colcon.colcon_core.environment:checking '/home/cossio/ejer1_ws/install/robot_description/lib/pkgconfig/robot_description.pc'
[1.576s] Level 1:colcon.colcon_core.environment:checking '/home/cossio/ejer1_ws/install/robot_description/lib/python3.10/site-packages'
[1.576s] Level 1:colcon.colcon_core.environment:checking '/home/cossio/ejer1_ws/install/robot_description/bin'
[1.576s] INFO:colcon.colcon_core.shell:Creating package script '/home/cossio/ejer1_ws/install/robot_description/share/robot_description/package.ps1'
[1.576s] INFO:colcon.colcon_core.shell:Creating package descriptor '/home/cossio/ejer1_ws/install/robot_description/share/robot_description/package.dsv'
[1.577s] INFO:colcon.colcon_core.shell:Creating package script '/home/cossio/ejer1_ws/install/robot_description/share/robot_description/package.sh'
[1.577s] INFO:colcon.colcon_core.shell:Creating package script '/home/cossio/ejer1_ws/install/robot_description/share/robot_description/package.bash'
[1.577s] INFO:colcon.colcon_core.shell:Creating package script '/home/cossio/ejer1_ws/install/robot_description/share/robot_description/package.zsh'
[1.578s] Level 1:colcon.colcon_core.environment:create_file_with_runtime_dependencies(/home/cossio/ejer1_ws/install/robot_description/share/colcon-core/packages/robot_description)
[2.478s] DEBUG:colcon.colcon_core.event_handler.log_command:Invoked command in '/home/cossio/ejer1_ws/build/test_move' returned '0': CMAKE_PREFIX_PATH=${CMAKE_PREFIX_PATH}:/opt/ros/humble /usr/bin/cmake /home/cossio/ejer1_ws/src/ros2_tutorials-main/test_move -DAMENT_CMAKE_SYMLINK_INSTALL=1 -DCMAKE_INSTALL_PREFIX=/home/cossio/ejer1_ws/install/test_move
[2.480s] DEBUG:colcon.colcon_core.event_handler.log_command:Invoking command in '/home/cossio/ejer1_ws/build/test_move': CMAKE_PREFIX_PATH=${CMAKE_PREFIX_PATH}:/opt/ros/humble /usr/bin/cmake --build /home/cossio/ejer1_ws/build/test_move -- -j16 -l16
[9.071s] DEBUG:colcon.colcon_core.event_handler.log_command:Invoked command in '/home/cossio/ejer1_ws/build/cpp_examples' returned '0': CMAKE_PREFIX_PATH=${CMAKE_PREFIX_PATH}:/opt/ros/humble /usr/bin/cmake --build /home/cossio/ejer1_ws/build/cpp_examples -- -j16 -l16
[9.073s] DEBUG:colcon.colcon_core.event_handler.log_command:Invoking command in '/home/cossio/ejer1_ws/build/cpp_examples': CMAKE_PREFIX_PATH=${CMAKE_PREFIX_PATH}:/opt/ros/humble /usr/bin/cmake --install /home/cossio/ejer1_ws/build/cpp_examples
[9.313s] Level 1:colcon.colcon_core.environment:create_environment_scripts_only(cpp_examples)
[9.313s] Level 1:colcon.colcon_core.environment:checking '/home/cossio/ejer1_ws/install/cpp_examples' for CMake module files
[9.314s] DEBUG:colcon.colcon_core.event_handler.log_command:Invoked command in '/home/cossio/ejer1_ws/build/cpp_examples' returned '0': CMAKE_PREFIX_PATH=${CMAKE_PREFIX_PATH}:/opt/ros/humble /usr/bin/cmake --install /home/cossio/ejer1_ws/build/cpp_examples
[9.314s] Level 1:colcon.colcon_core.environment:checking '/home/cossio/ejer1_ws/install/cpp_examples' for CMake config files
[9.314s] Level 1:colcon.colcon_core.shell:create_environment_hook('cpp_examples', 'cmake_prefix_path')
[9.315s] INFO:colcon.colcon_core.shell:Creating environment hook '/home/cossio/ejer1_ws/install/cpp_examples/share/cpp_examples/hook/cmake_prefix_path.ps1'
[9.315s] INFO:colcon.colcon_core.shell:Creating environment descriptor '/home/cossio/ejer1_ws/install/cpp_examples/share/cpp_examples/hook/cmake_prefix_path.dsv'
[9.315s] INFO:colcon.colcon_core.shell:Creating environment hook '/home/cossio/ejer1_ws/install/cpp_examples/share/cpp_examples/hook/cmake_prefix_path.sh'
[9.316s] Level 1:colcon.colcon_core.environment:checking '/home/cossio/ejer1_ws/install/cpp_examples/lib'
[9.316s] Level 1:colcon.colcon_core.environment:checking '/home/cossio/ejer1_ws/install/cpp_examples/bin'
[9.316s] Level 1:colcon.colcon_core.environment:checking '/home/cossio/ejer1_ws/install/cpp_examples/lib/pkgconfig/cpp_examples.pc'
[9.316s] Level 1:colcon.colcon_core.environment:checking '/home/cossio/ejer1_ws/install/cpp_examples/lib/python3.10/site-packages'
[9.316s] Level 1:colcon.colcon_core.environment:checking '/home/cossio/ejer1_ws/install/cpp_examples/bin'
[9.316s] INFO:colcon.colcon_core.shell:Creating package script '/home/cossio/ejer1_ws/install/cpp_examples/share/cpp_examples/package.ps1'
[9.317s] INFO:colcon.colcon_core.shell:Creating package descriptor '/home/cossio/ejer1_ws/install/cpp_examples/share/cpp_examples/package.dsv'
[9.317s] INFO:colcon.colcon_core.shell:Creating package script '/home/cossio/ejer1_ws/install/cpp_examples/share/cpp_examples/package.sh'
[9.317s] INFO:colcon.colcon_core.shell:Creating package script '/home/cossio/ejer1_ws/install/cpp_examples/share/cpp_examples/package.bash'
[9.318s] INFO:colcon.colcon_core.shell:Creating package script '/home/cossio/ejer1_ws/install/cpp_examples/share/cpp_examples/package.zsh'
[9.318s] Level 1:colcon.colcon_core.environment:create_file_with_runtime_dependencies(/home/cossio/ejer1_ws/install/cpp_examples/share/colcon-core/packages/cpp_examples)
[9.318s] Level 1:colcon.colcon_core.environment:create_environment_scripts_only(cpp_examples)
[9.318s] Level 1:colcon.colcon_core.environment:checking '/home/cossio/ejer1_ws/install/cpp_examples' for CMake module files
[9.319s] Level 1:colcon.colcon_core.environment:checking '/home/cossio/ejer1_ws/install/cpp_examples' for CMake config files
[9.319s] Level 1:colcon.colcon_core.shell:create_environment_hook('cpp_examples', 'cmake_prefix_path')
[9.319s] INFO:colcon.colcon_core.shell:Creating environment hook '/home/cossio/ejer1_ws/install/cpp_examples/share/cpp_examples/hook/cmake_prefix_path.ps1'
[9.319s] INFO:colcon.colcon_core.shell:Creating environment descriptor '/home/cossio/ejer1_ws/install/cpp_examples/share/cpp_examples/hook/cmake_prefix_path.dsv'
[9.319s] INFO:colcon.colcon_core.shell:Creating environment hook '/home/cossio/ejer1_ws/install/cpp_examples/share/cpp_examples/hook/cmake_prefix_path.sh'
[9.320s] Level 1:colcon.colcon_core.environment:checking '/home/cossio/ejer1_ws/install/cpp_examples/lib'
[9.320s] Level 1:colcon.colcon_core.environment:checking '/home/cossio/ejer1_ws/install/cpp_examples/bin'
[9.320s] Level 1:colcon.colcon_core.environment:checking '/home/cossio/ejer1_ws/install/cpp_examples/lib/pkgconfig/cpp_examples.pc'
[9.320s] Level 1:colcon.colcon_core.environment:checking '/home/cossio/ejer1_ws/install/cpp_examples/lib/python3.10/site-packages'
[9.320s] Level 1:colcon.colcon_core.environment:checking '/home/cossio/ejer1_ws/install/cpp_examples/bin'
[9.320s] INFO:colcon.colcon_core.shell:Creating package script '/home/cossio/ejer1_ws/install/cpp_examples/share/cpp_examples/package.ps1'
[9.321s] INFO:colcon.colcon_core.shell:Creating package descriptor '/home/cossio/ejer1_ws/install/cpp_examples/share/cpp_examples/package.dsv'
[9.321s] INFO:colcon.colcon_core.shell:Creating package script '/home/cossio/ejer1_ws/install/cpp_examples/share/cpp_examples/package.sh'
[9.321s] INFO:colcon.colcon_core.shell:Creating package script '/home/cossio/ejer1_ws/install/cpp_examples/share/cpp_examples/package.bash'
[9.321s] INFO:colcon.colcon_core.shell:Creating package script '/home/cossio/ejer1_ws/install/cpp_examples/share/cpp_examples/package.zsh'
[9.322s] Level 1:colcon.colcon_core.environment:create_file_with_runtime_dependencies(/home/cossio/ejer1_ws/install/cpp_examples/share/colcon-core/packages/cpp_examples)
[9.634s] DEBUG:colcon.colcon_core.event_handler.log_command:Invoked command in '/home/cossio/ejer1_ws/build/test_move' returned '0': CMAKE_PREFIX_PATH=${CMAKE_PREFIX_PATH}:/opt/ros/humble /usr/bin/cmake --build /home/cossio/ejer1_ws/build/test_move -- -j16 -l16
[9.635s] DEBUG:colcon.colcon_core.event_handler.log_command:Invoking command in '/home/cossio/ejer1_ws/build/test_move': CMAKE_PREFIX_PATH=${CMAKE_PREFIX_PATH}:/opt/ros/humble /usr/bin/cmake --install /home/cossio/ejer1_ws/build/test_move
[9.774s] Level 1:colcon.colcon_core.environment:create_environment_scripts_only(test_move)
[9.775s] Level 1:colcon.colcon_core.environment:checking '/home/cossio/ejer1_ws/install/test_move' for CMake module files
[9.775s] DEBUG:colcon.colcon_core.event_handler.log_command:Invoked command in '/home/cossio/ejer1_ws/build/test_move' returned '0': CMAKE_PREFIX_PATH=${CMAKE_PREFIX_PATH}:/opt/ros/humble /usr/bin/cmake --install /home/cossio/ejer1_ws/build/test_move
[9.776s] Level 1:colcon.colcon_core.environment:checking '/home/cossio/ejer1_ws/install/test_move' for CMake config files
[9.776s] Level 1:colcon.colcon_core.shell:create_environment_hook('test_move', 'cmake_prefix_path')
[9.776s] INFO:colcon.colcon_core.shell:Creating environment hook '/home/cossio/ejer1_ws/install/test_move/share/test_move/hook/cmake_prefix_path.ps1'
[9.776s] INFO:colcon.colcon_core.shell:Creating environment descriptor '/home/cossio/ejer1_ws/install/test_move/share/test_move/hook/cmake_prefix_path.dsv'
[9.776s] INFO:colcon.colcon_core.shell:Creating environment hook '/home/cossio/ejer1_ws/install/test_move/share/test_move/hook/cmake_prefix_path.sh'
[9.777s] Level 1:colcon.colcon_core.environment:checking '/home/cossio/ejer1_ws/install/test_move/lib'
[9.777s] Level 1:colcon.colcon_core.environment:checking '/home/cossio/ejer1_ws/install/test_move/bin'
[9.777s] Level 1:colcon.colcon_core.environment:checking '/home/cossio/ejer1_ws/install/test_move/lib/pkgconfig/test_move.pc'
[9.777s] Level 1:colcon.colcon_core.environment:checking '/home/cossio/ejer1_ws/install/test_move/lib/python3.10/site-packages'
[9.777s] Level 1:colcon.colcon_core.environment:checking '/home/cossio/ejer1_ws/install/test_move/bin'
[9.777s] INFO:colcon.colcon_core.shell:Creating package script '/home/cossio/ejer1_ws/install/test_move/share/test_move/package.ps1'
[9.777s] INFO:colcon.colcon_core.shell:Creating package descriptor '/home/cossio/ejer1_ws/install/test_move/share/test_move/package.dsv'
[9.778s] INFO:colcon.colcon_core.shell:Creating package script '/home/cossio/ejer1_ws/install/test_move/share/test_move/package.sh'
[9.778s] INFO:colcon.colcon_core.shell:Creating package script '/home/cossio/ejer1_ws/install/test_move/share/test_move/package.bash'
[9.778s] INFO:colcon.colcon_core.shell:Creating package script '/home/cossio/ejer1_ws/install/test_move/share/test_move/package.zsh'
[9.778s] Level 1:colcon.colcon_core.environment:create_file_with_runtime_dependencies(/home/cossio/ejer1_ws/install/test_move/share/colcon-core/packages/test_move)
[9.778s] Level 1:colcon.colcon_core.environment:create_environment_scripts_only(test_move)
[9.779s] Level 1:colcon.colcon_core.environment:checking '/home/cossio/ejer1_ws/install/test_move' for CMake module files
[9.779s] Level 1:colcon.colcon_core.environment:checking '/home/cossio/ejer1_ws/install/test_move' for CMake config files
[9.779s] Level 1:colcon.colcon_core.shell:create_environment_hook('test_move', 'cmake_prefix_path')
[9.779s] INFO:colcon.colcon_core.shell:Creating environment hook '/home/cossio/ejer1_ws/install/test_move/share/test_move/hook/cmake_prefix_path.ps1'
[9.779s] INFO:colcon.colcon_core.shell:Creating environment descriptor '/home/cossio/ejer1_ws/install/test_move/share/test_move/hook/cmake_prefix_path.dsv'
[9.780s] INFO:colcon.colcon_core.shell:Creating environment hook '/home/cossio/ejer1_ws/install/test_move/share/test_move/hook/cmake_prefix_path.sh'
[9.780s] Level 1:colcon.colcon_core.environment:checking '/home/cossio/ejer1_ws/install/test_move/lib'
[9.780s] Level 1:colcon.colcon_core.environment:checking '/home/cossio/ejer1_ws/install/test_move/bin'
[9.780s] Level 1:colcon.colcon_core.environment:checking '/home/cossio/ejer1_ws/install/test_move/lib/pkgconfig/test_move.pc'
[9.780s] Level 1:colcon.colcon_core.environment:checking '/home/cossio/ejer1_ws/install/test_move/lib/python3.10/site-packages'
[9.780s] Level 1:colcon.colcon_core.environment:checking '/home/cossio/ejer1_ws/install/test_move/bin'
[9.780s] INFO:colcon.colcon_core.shell:Creating package script '/home/cossio/ejer1_ws/install/test_move/share/test_move/package.ps1'
[9.781s] INFO:colcon.colcon_core.shell:Creating package descriptor '/home/cossio/ejer1_ws/install/test_move/share/test_move/package.dsv'
[9.781s] INFO:colcon.colcon_core.shell:Creating package script '/home/cossio/ejer1_ws/install/test_move/share/test_move/package.sh'
[9.781s] INFO:colcon.colcon_core.shell:Creating package script '/home/cossio/ejer1_ws/install/test_move/share/test_move/package.bash'
[9.781s] INFO:colcon.colcon_core.shell:Creating package script '/home/cossio/ejer1_ws/install/test_move/share/test_move/package.zsh'
[9.781s] Level 1:colcon.colcon_core.environment:create_file_with_runtime_dependencies(/home/cossio/ejer1_ws/install/test_move/share/colcon-core/packages/test_move)
[9.782s] DEBUG:colcon.colcon_parallel_executor.executor.parallel:closing loop
[9.782s] DEBUG:colcon.colcon_parallel_executor.executor.parallel:loop closed
[9.782s] DEBUG:colcon.colcon_parallel_executor.executor.parallel:run_until_complete finished with '0'
[9.782s] DEBUG:colcon.colcon_core.event_reactor:joining thread
[9.787s] INFO:colcon.colcon_core.plugin_system:Skipping extension 'colcon_notification.desktop_notification.terminal_notifier': Not used on non-Darwin systems
[9.787s] INFO:colcon.colcon_core.plugin_system:Skipping extension 'colcon_notification.desktop_notification.win32': Not used on non-Windows systems
[9.787s] INFO:colcon.colcon_notification.desktop_notification:Sending desktop notification using 'notify2'
[9.796s] DEBUG:colcon.colcon_core.event_reactor:joined thread
[9.797s] INFO:colcon.colcon_core.shell:Creating prefix script '/home/cossio/ejer1_ws/install/local_setup.ps1'
[9.798s] INFO:colcon.colcon_core.shell:Creating prefix util module '/home/cossio/ejer1_ws/install/_local_setup_util_ps1.py'
[9.800s] INFO:colcon.colcon_core.shell:Creating prefix chain script '/home/cossio/ejer1_ws/install/setup.ps1'
[9.801s] INFO:colcon.colcon_core.shell:Creating prefix script '/home/cossio/ejer1_ws/install/local_setup.sh'
[9.802s] INFO:colcon.colcon_core.shell:Creating prefix util module '/home/cossio/ejer1_ws/install/_local_setup_util_sh.py'
[9.802s] INFO:colcon.colcon_core.shell:Creating prefix chain script '/home/cossio/ejer1_ws/install/setup.sh'
[9.803s] INFO:colcon.colcon_core.shell:Creating prefix script '/home/cossio/ejer1_ws/install/local_setup.bash'
[9.803s] INFO:colcon.colcon_core.shell:Creating prefix chain script '/home/cossio/ejer1_ws/install/setup.bash'
[9.804s] INFO:colcon.colcon_core.shell:Creating prefix script '/home/cossio/ejer1_ws/install/local_setup.zsh'
[9.805s] INFO:colcon.colcon_core.shell:Creating prefix chain script '/home/cossio/ejer1_ws/install/setup.zsh'
