running develop
Removing /home/cossio/ejer1_ws/install/visual_pubsub/lib/python3.10/site-packages/visual-pubsub.egg-link (link to .)
running egg_info
writing ../../../build/visual_pubsub/visual_pubsub.egg-info/PKG-INFO
writing dependency_links to ../../../build/visual_pubsub/visual_pubsub.egg-info/dependency_links.txt
writing entry points to ../../../build/visual_pubsub/visual_pubsub.egg-info/entry_points.txt
writing requirements to ../../../build/visual_pubsub/visual_pubsub.egg-info/requires.txt
writing top-level names to ../../../build/visual_pubsub/visual_pubsub.egg-info/top_level.txt
reading manifest file '../../../build/visual_pubsub/visual_pubsub.egg-info/SOURCES.txt'
adding license file 'LICENSE'
writing manifest file '../../../build/visual_pubsub/visual_pubsub.egg-info/SOURCES.txt'
running build
running build_py
running install
running install_lib
creating /home/cossio/ejer1_ws/install/visual_pubsub/lib/python3.10/site-packages/visual_pubsub
copying /home/cossio/ejer1_ws/build/visual_pubsub/build/lib/visual_pubsub/__init__.py -> /home/cossio/ejer1_ws/install/visual_pubsub/lib/python3.10/site-packages/visual_pubsub
copying /home/cossio/ejer1_ws/build/visual_pubsub/build/lib/visual_pubsub/pub_joints.py -> /home/cossio/ejer1_ws/install/visual_pubsub/lib/python3.10/site-packages/visual_pubsub
copying /home/cossio/ejer1_ws/build/visual_pubsub/build/lib/visual_pubsub/inverse_kinematics.py -> /home/cossio/ejer1_ws/install/visual_pubsub/lib/python3.10/site-packages/visual_pubsub
copying /home/cossio/ejer1_ws/build/visual_pubsub/build/lib/visual_pubsub/sub_joints.py -> /home/cossio/ejer1_ws/install/visual_pubsub/lib/python3.10/site-packages/visual_pubsub
byte-compiling /home/cossio/ejer1_ws/install/visual_pubsub/lib/python3.10/site-packages/visual_pubsub/__init__.py to __init__.cpython-310.pyc
byte-compiling /home/cossio/ejer1_ws/install/visual_pubsub/lib/python3.10/site-packages/visual_pubsub/pub_joints.py to pub_joints.cpython-310.pyc
byte-compiling /home/cossio/ejer1_ws/install/visual_pubsub/lib/python3.10/site-packages/visual_pubsub/inverse_kinematics.py to inverse_kinematics.cpython-310.pyc
byte-compiling /home/cossio/ejer1_ws/install/visual_pubsub/lib/python3.10/site-packages/visual_pubsub/sub_joints.py to sub_joints.cpython-310.pyc
running install_data
copying resource/visual_pubsub -> /home/cossio/ejer1_ws/install/visual_pubsub/share/ament_index/resource_index/packages
copying package.xml -> /home/cossio/ejer1_ws/install/visual_pubsub/share/visual_pubsub
running install_egg_info
Copying ../../../build/visual_pubsub/visual_pubsub.egg-info to /home/cossio/ejer1_ws/install/visual_pubsub/lib/python3.10/site-packages/visual_pubsub-0.0.0-py3.10.egg-info
running install_scripts
Installing inverse_kinematics script to /home/cossio/ejer1_ws/install/visual_pubsub/lib/visual_pubsub
Installing pub_joints script to /home/cossio/ejer1_ws/install/visual_pubsub/lib/visual_pubsub
Installing sub_joints script to /home/cossio/ejer1_ws/install/visual_pubsub/lib/visual_pubsub
writing list of installed files to '/home/cossio/ejer1_ws/build/visual_pubsub/install.log'
