[0.663s] Invoking command in '/home/cossio/ejer1_ws/build/visual_pubsub': PYTHONPATH=/home/cossio/ejer1_ws/build/visual_pubsub/prefix_override:/usr/lib/python3/dist-packages/colcon_core/task/python/colcon_distutils_commands:/home/cossio/ejer1_ws/install/visual_pubsub/lib/python3.10/site-packages:${PYTHONPATH} /usr/bin/python3 -W ignore:setup.py install is deprecated -W ignore:easy_install command is deprecated setup.py develop --uninstall --editable --build-directory /home/cossio/ejer1_ws/build/visual_pubsub/build
[0.820s] running develop
[0.913s] Removing /home/cossio/ejer1_ws/install/visual_pubsub/lib/python3.10/site-packages/visual-pubsub.egg-link (link to .)
[0.941s] Invoked command in '/home/cossio/ejer1_ws/build/visual_pubsub' returned '0': PYTHONPATH=/home/cossio/ejer1_ws/build/visual_pubsub/prefix_override:/usr/lib/python3/dist-packages/colcon_core/task/python/colcon_distutils_commands:/home/cossio/ejer1_ws/install/visual_pubsub/lib/python3.10/site-packages:${PYTHONPATH} /usr/bin/python3 -W ignore:setup.py install is deprecated -W ignore:easy_install command is deprecated setup.py develop --uninstall --editable --build-directory /home/cossio/ejer1_ws/build/visual_pubsub/build
[0.942s] Invoking command in '/home/cossio/ejer1_ws/src/ros2_tutorials-main/visual_pubsub': PYTHONPATH=/home/cossio/ejer1_ws/build/visual_pubsub/prefix_override:/usr/lib/python3/dist-packages/colcon_core/task/python/colcon_distutils_commands:/home/cossio/ejer1_ws/install/visual_pubsub/lib/python3.10/site-packages:${PYTHONPATH} /usr/bin/python3 -W ignore:setup.py install is deprecated -W ignore:easy_install command is deprecated setup.py egg_info --egg-base ../../../build/visual_pubsub build --build-base /home/cossio/ejer1_ws/build/visual_pubsub/build install --record /home/cossio/ejer1_ws/build/visual_pubsub/install.log --single-version-externally-managed install_data --force
[1.085s] running egg_info
[1.086s] writing ../../../build/visual_pubsub/visual_pubsub.egg-info/PKG-INFO
[1.086s] writing dependency_links to ../../../build/visual_pubsub/visual_pubsub.egg-info/dependency_links.txt
[1.086s] writing entry points to ../../../build/visual_pubsub/visual_pubsub.egg-info/entry_points.txt
[1.086s] writing requirements to ../../../build/visual_pubsub/visual_pubsub.egg-info/requires.txt
[1.086s] writing top-level names to ../../../build/visual_pubsub/visual_pubsub.egg-info/top_level.txt
[1.087s] reading manifest file '../../../build/visual_pubsub/visual_pubsub.egg-info/SOURCES.txt'
[1.087s] adding license file 'LICENSE'
[1.088s] writing manifest file '../../../build/visual_pubsub/visual_pubsub.egg-info/SOURCES.txt'
[1.088s] running build
[1.088s] running build_py
[1.088s] running install
[1.088s] running install_lib
[1.089s] creating /home/cossio/ejer1_ws/install/visual_pubsub/lib/python3.10/site-packages/visual_pubsub
[1.089s] copying /home/cossio/ejer1_ws/build/visual_pubsub/build/lib/visual_pubsub/__init__.py -> /home/cossio/ejer1_ws/install/visual_pubsub/lib/python3.10/site-packages/visual_pubsub
[1.090s] copying /home/cossio/ejer1_ws/build/visual_pubsub/build/lib/visual_pubsub/pub_joints.py -> /home/cossio/ejer1_ws/install/visual_pubsub/lib/python3.10/site-packages/visual_pubsub
[1.090s] copying /home/cossio/ejer1_ws/build/visual_pubsub/build/lib/visual_pubsub/inverse_kinematics.py -> /home/cossio/ejer1_ws/install/visual_pubsub/lib/python3.10/site-packages/visual_pubsub
[1.090s] copying /home/cossio/ejer1_ws/build/visual_pubsub/build/lib/visual_pubsub/sub_joints.py -> /home/cossio/ejer1_ws/install/visual_pubsub/lib/python3.10/site-packages/visual_pubsub
[1.090s] byte-compiling /home/cossio/ejer1_ws/install/visual_pubsub/lib/python3.10/site-packages/visual_pubsub/__init__.py to __init__.cpython-310.pyc
[1.090s] byte-compiling /home/cossio/ejer1_ws/install/visual_pubsub/lib/python3.10/site-packages/visual_pubsub/pub_joints.py to pub_joints.cpython-310.pyc
[1.091s] byte-compiling /home/cossio/ejer1_ws/install/visual_pubsub/lib/python3.10/site-packages/visual_pubsub/inverse_kinematics.py to inverse_kinematics.cpython-310.pyc
[1.091s] byte-compiling /home/cossio/ejer1_ws/install/visual_pubsub/lib/python3.10/site-packages/visual_pubsub/sub_joints.py to sub_joints.cpython-310.pyc
[1.091s] running install_data
[1.091s] copying resource/visual_pubsub -> /home/cossio/ejer1_ws/install/visual_pubsub/share/ament_index/resource_index/packages
[1.092s] copying package.xml -> /home/cossio/ejer1_ws/install/visual_pubsub/share/visual_pubsub
[1.092s] running install_egg_info
[1.093s] Copying ../../../build/visual_pubsub/visual_pubsub.egg-info to /home/cossio/ejer1_ws/install/visual_pubsub/lib/python3.10/site-packages/visual_pubsub-0.0.0-py3.10.egg-info
[1.093s] running install_scripts
[1.107s] Installing inverse_kinematics script to /home/cossio/ejer1_ws/install/visual_pubsub/lib/visual_pubsub
[1.107s] Installing pub_joints script to /home/cossio/ejer1_ws/install/visual_pubsub/lib/visual_pubsub
[1.107s] Installing sub_joints script to /home/cossio/ejer1_ws/install/visual_pubsub/lib/visual_pubsub
[1.107s] writing list of installed files to '/home/cossio/ejer1_ws/build/visual_pubsub/install.log'
[1.137s] Invoked command in '/home/cossio/ejer1_ws/src/ros2_tutorials-main/visual_pubsub' returned '0': PYTHONPATH=/home/cossio/ejer1_ws/build/visual_pubsub/prefix_override:/usr/lib/python3/dist-packages/colcon_core/task/python/colcon_distutils_commands:/home/cossio/ejer1_ws/install/visual_pubsub/lib/python3.10/site-packages:${PYTHONPATH} /usr/bin/python3 -W ignore:setup.py install is deprecated -W ignore:easy_install command is deprecated setup.py egg_info --egg-base ../../../build/visual_pubsub build --build-base /home/cossio/ejer1_ws/build/visual_pubsub/build install --record /home/cossio/ejer1_ws/build/visual_pubsub/install.log --single-version-externally-managed install_data --force
