-- Found ament_cmake: 1.3.12 (/opt/ros/humble/share/ament_cmake/cmake)
-- Found geometry_msgs: 4.9.0 (/opt/ros/humble/share/geometry_msgs/cmake)
-- Found rosidl_generator_c: 3.1.7 (/opt/ros/humble/share/rosidl_generator_c/cmake)
-- Found rosidl_adapter: 3.1.7 (/opt/ros/humble/share/rosidl_adapter/cmake)
-- Found rosidl_generator_cpp: 3.1.7 (/opt/ros/humble/share/rosidl_generator_cpp/cmake)
-- Using all available rosidl_typesupport_c: rosidl_typesupport_fastrtps_c;rosidl_typesupport_introspection_c
-- Using all available rosidl_typesupport_cpp: rosidl_typesupport_fastrtps_cpp;rosidl_typesupport_introspection_cpp
-- Found rosidl_default_generators: 1.2.0 (/opt/ros/humble/share/rosidl_default_generators/cmake)
-- Found ament_cmake_ros: 0.10.0 (/opt/ros/humble/share/ament_cmake_ros/cmake)
-- Using all available rosidl_typesupport_c: rosidl_typesupport_fastrtps_c;rosidl_typesupport_introspection_c
-- Using all available rosidl_typesupport_cpp: rosidl_typesupport_fastrtps_cpp;rosidl_typesupport_introspection_cpp
-- Found python_cmake_module: 0.10.0 (/opt/ros/humble/share/python_cmake_module/cmake)
-- Using PYTHON_EXECUTABLE: /usr/bin/python3
-- Using PYTHON_INCLUDE_DIRS: /usr/include/python3.10
-- Using PYTHON_LIBRARIES: /usr/lib/x86_64-linux-gnu/libpython3.10.so
-- Found ament_lint_auto: 0.12.14 (/opt/ros/humble/share/ament_lint_auto/cmake)
-- Added test 'cppcheck' to perform static code analysis on C / C++ code
-- Configured cppcheck include dirs: $<BUILD_INTERFACE:/home/fab/ejer2_ws/src/interfaces/build/interfaces/rosidl_generator_c>;$<BUILD_INTERFACE:/home/fab/ejer2_ws/src/interfaces/build/interfaces/rosidl_typesupport_fastrtps_c>;$<BUILD_INTERFACE:/home/fab/ejer2_ws/src/interfaces/build/interfaces/rosidl_generator_cpp>;$<BUILD_INTERFACE:/home/fab/ejer2_ws/src/interfaces/build/interfaces/rosidl_typesupport_fastrtps_cpp>;$<BUILD_INTERFACE:/home/fab/ejer2_ws/src/interfaces/build/interfaces/rosidl_typesupport_introspection_c>;$<BUILD_INTERFACE:/home/fab/ejer2_ws/src/interfaces/build/interfaces/rosidl_typesupport_introspection_cpp>;/home/fab/ejer2_ws/src/interfaces/build/interfaces/rosidl_generator_c;/home/fab/ejer2_ws/src/interfaces/build/interfaces/rosidl_generator_py
-- Configured cppcheck exclude dirs and/or files: 
-- Added test 'flake8' to check Python code syntax and style conventions
-- Added test 'lint_cmake' to check CMake code style
-- Added test 'pep257' to check Python code against some of the docstring style conventions in PEP 257
-- Added test 'uncrustify' to check C / C++ code style
-- Configured uncrustify additional arguments: 
-- Added test 'xmllint' to check XML markup files
-- Configuring done
-- Generating done
-- Build files have been written to: /home/fab/ejer2_ws/src/interfaces/build/interfaces
[  3%] [34m[1mGenerating C code for ROS interfaces[0m
[  6%] [34m[1mGenerating C++ code for ROS interfaces[0m
[  6%] Built target ament_cmake_python_copy_interfaces
[  6%] Built target interfaces__cpp
[  9%] [34m[1mGenerating C++ type support dispatch for ROS interfaces[0m
[ 12%] [34m[1mGenerating C++ type support for eProsima Fast-RTPS[0m
running egg_info
writing interfaces.egg-info/PKG-INFO
writing dependency_links to interfaces.egg-info/dependency_links.txt
writing top-level names to interfaces.egg-info/top_level.txt
reading manifest file 'interfaces.egg-info/SOURCES.txt'
writing manifest file 'interfaces.egg-info/SOURCES.txt'
[ 12%] Built target ament_cmake_python_build_interfaces_egg
[ 16%] [34m[1mGenerating C++ introspection for ROS interfaces[0m
[ 19%] [32mBuilding C object CMakeFiles/interfaces__rosidl_generator_c.dir/rosidl_generator_c/interfaces/msg/detail/filtered_sensor__functions.c.o[0m
[ 22%] [32mBuilding CXX object CMakeFiles/interfaces__rosidl_typesupport_cpp.dir/rosidl_typesupport_cpp/interfaces/msg/filtered_sensor__type_support.cpp.o[0m
[ 25%] [32m[1mLinking C shared library libinterfaces__rosidl_generator_c.so[0m
[ 25%] Built target interfaces__rosidl_generator_c
[ 29%] [34m[1mGenerating C type support for eProsima Fast-RTPS[0m
[ 32%] [32mBuilding CXX object CMakeFiles/interfaces__rosidl_typesupport_fastrtps_cpp.dir/rosidl_typesupport_fastrtps_cpp/interfaces/msg/detail/dds_fastrtps/filtered_sensor__type_support.cpp.o[0m
[ 35%] [32mBuilding CXX object CMakeFiles/interfaces__rosidl_typesupport_introspection_cpp.dir/rosidl_typesupport_introspection_cpp/interfaces/msg/detail/filtered_sensor__type_support.cpp.o[0m
[ 38%] [32mBuilding CXX object CMakeFiles/interfaces__rosidl_typesupport_fastrtps_c.dir/rosidl_typesupport_fastrtps_c/interfaces/msg/detail/filtered_sensor__type_support_c.cpp.o[0m
[ 45%] [32m[1mLinking CXX shared library libinterfaces__rosidl_typesupport_introspection_cpp.so[0m
[ 45%] [32m[1mLinking CXX shared library libinterfaces__rosidl_typesupport_cpp.so[0m
[ 45%] Built target interfaces__rosidl_typesupport_introspection_cpp
[ 45%] Built target interfaces__rosidl_typesupport_cpp
[ 48%] [34m[1mGenerating C introspection for ROS interfaces[0m
[ 51%] [34m[1mGenerating C type support dispatch for ROS interfaces[0m
[ 54%] [32m[1mLinking CXX shared library libinterfaces__rosidl_typesupport_fastrtps_c.so[0m
[ 58%] [32m[1mLinking CXX shared library libinterfaces__rosidl_typesupport_fastrtps_cpp.so[0m
[ 58%] Built target interfaces__rosidl_typesupport_fastrtps_c
[ 61%] [32mBuilding C object CMakeFiles/interfaces__rosidl_typesupport_introspection_c.dir/rosidl_typesupport_introspection_c/interfaces/msg/detail/filtered_sensor__type_support.c.o[0m
[ 64%] [32mBuilding CXX object CMakeFiles/interfaces__rosidl_typesupport_c.dir/rosidl_typesupport_c/interfaces/msg/filtered_sensor__type_support.cpp.o[0m
[ 64%] Built target interfaces__rosidl_typesupport_fastrtps_cpp
[ 67%] [32m[1mLinking C shared library libinterfaces__rosidl_typesupport_introspection_c.so[0m
[ 70%] [32m[1mLinking CXX shared library libinterfaces__rosidl_typesupport_c.so[0m
[ 70%] Built target interfaces__rosidl_typesupport_introspection_c
[ 70%] Built target interfaces__rosidl_typesupport_c
[ 70%] Built target interfaces
[ 74%] [34m[1mGenerating Python code for ROS interfaces[0m
[ 74%] Built target interfaces__py
[ 77%] [32mBuilding C object CMakeFiles/interfaces__rosidl_generator_py.dir/rosidl_generator_py/interfaces/msg/_filtered_sensor_s.c.o[0m
[ 80%] [32m[1mLinking C shared library rosidl_generator_py/interfaces/libinterfaces__rosidl_generator_py.so[0m
[ 80%] Built target interfaces__rosidl_generator_py
[ 83%] [32mBuilding C object CMakeFiles/interfaces__rosidl_typesupport_fastrtps_c__pyext.dir/rosidl_generator_py/interfaces/_interfaces_s.ep.rosidl_typesupport_fastrtps_c.c.o[0m
[ 87%] [32mBuilding C object CMakeFiles/interfaces__rosidl_typesupport_c__pyext.dir/rosidl_generator_py/interfaces/_interfaces_s.ep.rosidl_typesupport_c.c.o[0m
[ 90%] [32mBuilding C object CMakeFiles/interfaces__rosidl_typesupport_introspection_c__pyext.dir/rosidl_generator_py/interfaces/_interfaces_s.ep.rosidl_typesupport_introspection_c.c.o[0m
[ 93%] [32m[1mLinking C shared library rosidl_generator_py/interfaces/interfaces_s__rosidl_typesupport_fastrtps_c.cpython-310-x86_64-linux-gnu.so[0m
[ 96%] [32m[1mLinking C shared library rosidl_generator_py/interfaces/interfaces_s__rosidl_typesupport_introspection_c.cpython-310-x86_64-linux-gnu.so[0m
[100%] [32m[1mLinking C shared library rosidl_generator_py/interfaces/interfaces_s__rosidl_typesupport_c.cpython-310-x86_64-linux-gnu.so[0m
[100%] Built target interfaces__rosidl_typesupport_introspection_c__pyext
[100%] Built target interfaces__rosidl_typesupport_fastrtps_c__pyext
[100%] Built target interfaces__rosidl_typesupport_c__pyext
-- Install configuration: ""
-- Installing: /home/fab/ejer2_ws/src/interfaces/install/interfaces/share/ament_index/resource_index/rosidl_interfaces/interfaces
-- Installing: /home/fab/ejer2_ws/src/interfaces/install/interfaces/include/interfaces/interfaces
-- Installing: /home/fab/ejer2_ws/src/interfaces/install/interfaces/include/interfaces/interfaces/msg
-- Installing: /home/fab/ejer2_ws/src/interfaces/install/interfaces/include/interfaces/interfaces/msg/rosidl_generator_c__visibility_control.h
-- Installing: /home/fab/ejer2_ws/src/interfaces/install/interfaces/include/interfaces/interfaces/msg/detail
-- Installing: /home/fab/ejer2_ws/src/interfaces/install/interfaces/include/interfaces/interfaces/msg/detail/filtered_sensor__functions.h
-- Installing: /home/fab/ejer2_ws/src/interfaces/install/interfaces/include/interfaces/interfaces/msg/detail/filtered_sensor__struct.h
-- Installing: /home/fab/ejer2_ws/src/interfaces/install/interfaces/include/interfaces/interfaces/msg/detail/filtered_sensor__functions.c
-- Installing: /home/fab/ejer2_ws/src/interfaces/install/interfaces/include/interfaces/interfaces/msg/detail/filtered_sensor__type_support.h
-- Installing: /home/fab/ejer2_ws/src/interfaces/install/interfaces/include/interfaces/interfaces/msg/filtered_sensor.h
-- Installing: /home/fab/ejer2_ws/src/interfaces/install/interfaces/share/interfaces/environment/library_path.sh
-- Installing: /home/fab/ejer2_ws/src/interfaces/install/interfaces/share/interfaces/environment/library_path.dsv
-- Installing: /home/fab/ejer2_ws/src/interfaces/install/interfaces/lib/libinterfaces__rosidl_generator_c.so
-- Set runtime path of "/home/fab/ejer2_ws/src/interfaces/install/interfaces/lib/libinterfaces__rosidl_generator_c.so" to ""
-- Up-to-date: /home/fab/ejer2_ws/src/interfaces/install/interfaces/include/interfaces/interfaces
-- Up-to-date: /home/fab/ejer2_ws/src/interfaces/install/interfaces/include/interfaces/interfaces/msg
-- Up-to-date: /home/fab/ejer2_ws/src/interfaces/install/interfaces/include/interfaces/interfaces/msg/detail
-- Installing: /home/fab/ejer2_ws/src/interfaces/install/interfaces/include/interfaces/interfaces/msg/detail/filtered_sensor__rosidl_typesupport_fastrtps_c.h
-- Installing: /home/fab/ejer2_ws/src/interfaces/install/interfaces/include/interfaces/interfaces/msg/rosidl_typesupport_fastrtps_c__visibility_control.h
-- Installing: /home/fab/ejer2_ws/src/interfaces/install/interfaces/lib/libinterfaces__rosidl_typesupport_fastrtps_c.so
-- Set runtime path of "/home/fab/ejer2_ws/src/interfaces/install/interfaces/lib/libinterfaces__rosidl_typesupport_fastrtps_c.so" to ""
-- Up-to-date: /home/fab/ejer2_ws/src/interfaces/install/interfaces/include/interfaces/interfaces
-- Up-to-date: /home/fab/ejer2_ws/src/interfaces/install/interfaces/include/interfaces/interfaces/msg
-- Installing: /home/fab/ejer2_ws/src/interfaces/install/interfaces/include/interfaces/interfaces/msg/rosidl_generator_cpp__visibility_control.hpp
-- Up-to-date: /home/fab/ejer2_ws/src/interfaces/install/interfaces/include/interfaces/interfaces/msg/detail
-- Installing: /home/fab/ejer2_ws/src/interfaces/install/interfaces/include/interfaces/interfaces/msg/detail/filtered_sensor__builder.hpp
-- Installing: /home/fab/ejer2_ws/src/interfaces/install/interfaces/include/interfaces/interfaces/msg/detail/filtered_sensor__struct.hpp
-- Installing: /home/fab/ejer2_ws/src/interfaces/install/interfaces/include/interfaces/interfaces/msg/detail/filtered_sensor__traits.hpp
-- Installing: /home/fab/ejer2_ws/src/interfaces/install/interfaces/include/interfaces/interfaces/msg/detail/filtered_sensor__type_support.hpp
-- Installing: /home/fab/ejer2_ws/src/interfaces/install/interfaces/include/interfaces/interfaces/msg/filtered_sensor.hpp
-- Up-to-date: /home/fab/ejer2_ws/src/interfaces/install/interfaces/include/interfaces/interfaces
-- Up-to-date: /home/fab/ejer2_ws/src/interfaces/install/interfaces/include/interfaces/interfaces/msg
-- Up-to-date: /home/fab/ejer2_ws/src/interfaces/install/interfaces/include/interfaces/interfaces/msg/detail
-- Installing: /home/fab/ejer2_ws/src/interfaces/install/interfaces/include/interfaces/interfaces/msg/detail/filtered_sensor__rosidl_typesupport_fastrtps_cpp.hpp
-- Installing: /home/fab/ejer2_ws/src/interfaces/install/interfaces/include/interfaces/interfaces/msg/detail/dds_fastrtps
-- Installing: /home/fab/ejer2_ws/src/interfaces/install/interfaces/include/interfaces/interfaces/msg/rosidl_typesupport_fastrtps_cpp__visibility_control.h
-- Installing: /home/fab/ejer2_ws/src/interfaces/install/interfaces/lib/libinterfaces__rosidl_typesupport_fastrtps_cpp.so
-- Set runtime path of "/home/fab/ejer2_ws/src/interfaces/install/interfaces/lib/libinterfaces__rosidl_typesupport_fastrtps_cpp.so" to ""
-- Up-to-date: /home/fab/ejer2_ws/src/interfaces/install/interfaces/include/interfaces/interfaces
-- Up-to-date: /home/fab/ejer2_ws/src/interfaces/install/interfaces/include/interfaces/interfaces/msg
-- Up-to-date: /home/fab/ejer2_ws/src/interfaces/install/interfaces/include/interfaces/interfaces/msg/detail
-- Installing: /home/fab/ejer2_ws/src/interfaces/install/interfaces/include/interfaces/interfaces/msg/detail/filtered_sensor__type_support.c
-- Installing: /home/fab/ejer2_ws/src/interfaces/install/interfaces/include/interfaces/interfaces/msg/detail/filtered_sensor__rosidl_typesupport_introspection_c.h
-- Installing: /home/fab/ejer2_ws/src/interfaces/install/interfaces/include/interfaces/interfaces/msg/rosidl_typesupport_introspection_c__visibility_control.h
-- Installing: /home/fab/ejer2_ws/src/interfaces/install/interfaces/lib/libinterfaces__rosidl_typesupport_introspection_c.so
-- Set runtime path of "/home/fab/ejer2_ws/src/interfaces/install/interfaces/lib/libinterfaces__rosidl_typesupport_introspection_c.so" to ""
-- Installing: /home/fab/ejer2_ws/src/interfaces/install/interfaces/lib/libinterfaces__rosidl_typesupport_c.so
-- Set runtime path of "/home/fab/ejer2_ws/src/interfaces/install/interfaces/lib/libinterfaces__rosidl_typesupport_c.so" to ""
-- Up-to-date: /home/fab/ejer2_ws/src/interfaces/install/interfaces/include/interfaces/interfaces
-- Up-to-date: /home/fab/ejer2_ws/src/interfaces/install/interfaces/include/interfaces/interfaces/msg
-- Up-to-date: /home/fab/ejer2_ws/src/interfaces/install/interfaces/include/interfaces/interfaces/msg/detail
-- Installing: /home/fab/ejer2_ws/src/interfaces/install/interfaces/include/interfaces/interfaces/msg/detail/filtered_sensor__type_support.cpp
-- Installing: /home/fab/ejer2_ws/src/interfaces/install/interfaces/include/interfaces/interfaces/msg/detail/filtered_sensor__rosidl_typesupport_introspection_cpp.hpp
-- Installing: /home/fab/ejer2_ws/src/interfaces/install/interfaces/lib/libinterfaces__rosidl_typesupport_introspection_cpp.so
-- Set runtime path of "/home/fab/ejer2_ws/src/interfaces/install/interfaces/lib/libinterfaces__rosidl_typesupport_introspection_cpp.so" to ""
-- Installing: /home/fab/ejer2_ws/src/interfaces/install/interfaces/lib/libinterfaces__rosidl_typesupport_cpp.so
-- Set runtime path of "/home/fab/ejer2_ws/src/interfaces/install/interfaces/lib/libinterfaces__rosidl_typesupport_cpp.so" to ""
-- Installing: /home/fab/ejer2_ws/src/interfaces/install/interfaces/share/interfaces/environment/pythonpath.sh
-- Installing: /home/fab/ejer2_ws/src/interfaces/install/interfaces/share/interfaces/environment/pythonpath.dsv
-- Installing: /home/fab/ejer2_ws/src/interfaces/install/interfaces/local/lib/python3.10/dist-packages/interfaces-0.0.0-py3.10.egg-info
-- Installing: /home/fab/ejer2_ws/src/interfaces/install/interfaces/local/lib/python3.10/dist-packages/interfaces-0.0.0-py3.10.egg-info/SOURCES.txt
-- Installing: /home/fab/ejer2_ws/src/interfaces/install/interfaces/local/lib/python3.10/dist-packages/interfaces-0.0.0-py3.10.egg-info/PKG-INFO
-- Installing: /home/fab/ejer2_ws/src/interfaces/install/interfaces/local/lib/python3.10/dist-packages/interfaces-0.0.0-py3.10.egg-info/top_level.txt
-- Installing: /home/fab/ejer2_ws/src/interfaces/install/interfaces/local/lib/python3.10/dist-packages/interfaces-0.0.0-py3.10.egg-info/dependency_links.txt
-- Installing: /home/fab/ejer2_ws/src/interfaces/install/interfaces/local/lib/python3.10/dist-packages/interfaces
-- Installing: /home/fab/ejer2_ws/src/interfaces/install/interfaces/local/lib/python3.10/dist-packages/interfaces/_interfaces_s.ep.rosidl_typesupport_fastrtps_c.c
-- Installing: /home/fab/ejer2_ws/src/interfaces/install/interfaces/local/lib/python3.10/dist-packages/interfaces/interfaces_s__rosidl_typesupport_introspection_c.cpython-310-x86_64-linux-gnu.so
-- Installing: /home/fab/ejer2_ws/src/interfaces/install/interfaces/local/lib/python3.10/dist-packages/interfaces/_interfaces_s.ep.rosidl_typesupport_introspection_c.c
-- Installing: /home/fab/ejer2_ws/src/interfaces/install/interfaces/local/lib/python3.10/dist-packages/interfaces/msg
-- Installing: /home/fab/ejer2_ws/src/interfaces/install/interfaces/local/lib/python3.10/dist-packages/interfaces/msg/__init__.py
-- Installing: /home/fab/ejer2_ws/src/interfaces/install/interfaces/local/lib/python3.10/dist-packages/interfaces/msg/_filtered_sensor_s.c
-- Installing: /home/fab/ejer2_ws/src/interfaces/install/interfaces/local/lib/python3.10/dist-packages/interfaces/msg/_filtered_sensor.py
-- Installing: /home/fab/ejer2_ws/src/interfaces/install/interfaces/local/lib/python3.10/dist-packages/interfaces/__init__.py
-- Installing: /home/fab/ejer2_ws/src/interfaces/install/interfaces/local/lib/python3.10/dist-packages/interfaces/libinterfaces__rosidl_generator_py.so
-- Installing: /home/fab/ejer2_ws/src/interfaces/install/interfaces/local/lib/python3.10/dist-packages/interfaces/_interfaces_s.ep.rosidl_typesupport_c.c
-- Installing: /home/fab/ejer2_ws/src/interfaces/install/interfaces/local/lib/python3.10/dist-packages/interfaces/interfaces_s__rosidl_typesupport_c.cpython-310-x86_64-linux-gnu.so
-- Installing: /home/fab/ejer2_ws/src/interfaces/install/interfaces/local/lib/python3.10/dist-packages/interfaces/interfaces_s__rosidl_typesupport_fastrtps_c.cpython-310-x86_64-linux-gnu.so
Listing '/home/fab/ejer2_ws/src/interfaces/install/interfaces/local/lib/python3.10/dist-packages/interfaces'...
Compiling '/home/fab/ejer2_ws/src/interfaces/install/interfaces/local/lib/python3.10/dist-packages/interfaces/__init__.py'...
Listing '/home/fab/ejer2_ws/src/interfaces/install/interfaces/local/lib/python3.10/dist-packages/interfaces/msg'...
Compiling '/home/fab/ejer2_ws/src/interfaces/install/interfaces/local/lib/python3.10/dist-packages/interfaces/msg/__init__.py'...
Compiling '/home/fab/ejer2_ws/src/interfaces/install/interfaces/local/lib/python3.10/dist-packages/interfaces/msg/_filtered_sensor.py'...
-- Installing: /home/fab/ejer2_ws/src/interfaces/install/interfaces/local/lib/python3.10/dist-packages/interfaces/interfaces_s__rosidl_typesupport_fastrtps_c.cpython-310-x86_64-linux-gnu.so
-- Set runtime path of "/home/fab/ejer2_ws/src/interfaces/install/interfaces/local/lib/python3.10/dist-packages/interfaces/interfaces_s__rosidl_typesupport_fastrtps_c.cpython-310-x86_64-linux-gnu.so" to ""
-- Installing: /home/fab/ejer2_ws/src/interfaces/install/interfaces/local/lib/python3.10/dist-packages/interfaces/interfaces_s__rosidl_typesupport_introspection_c.cpython-310-x86_64-linux-gnu.so
-- Set runtime path of "/home/fab/ejer2_ws/src/interfaces/install/interfaces/local/lib/python3.10/dist-packages/interfaces/interfaces_s__rosidl_typesupport_introspection_c.cpython-310-x86_64-linux-gnu.so" to ""
-- Installing: /home/fab/ejer2_ws/src/interfaces/install/interfaces/local/lib/python3.10/dist-packages/interfaces/interfaces_s__rosidl_typesupport_c.cpython-310-x86_64-linux-gnu.so
-- Set runtime path of "/home/fab/ejer2_ws/src/interfaces/install/interfaces/local/lib/python3.10/dist-packages/interfaces/interfaces_s__rosidl_typesupport_c.cpython-310-x86_64-linux-gnu.so" to ""
-- Installing: /home/fab/ejer2_ws/src/interfaces/install/interfaces/lib/libinterfaces__rosidl_generator_py.so
-- Set runtime path of "/home/fab/ejer2_ws/src/interfaces/install/interfaces/lib/libinterfaces__rosidl_generator_py.so" to ""
-- Installing: /home/fab/ejer2_ws/src/interfaces/install/interfaces/share/interfaces/msg/FilteredSensor.idl
-- Installing: /home/fab/ejer2_ws/src/interfaces/install/interfaces/share/interfaces/msg/FilteredSensor.msg
-- Installing: /home/fab/ejer2_ws/src/interfaces/install/interfaces/share/ament_index/resource_index/package_run_dependencies/interfaces
-- Installing: /home/fab/ejer2_ws/src/interfaces/install/interfaces/share/ament_index/resource_index/parent_prefix_path/interfaces
-- Installing: /home/fab/ejer2_ws/src/interfaces/install/interfaces/share/interfaces/environment/ament_prefix_path.sh
-- Installing: /home/fab/ejer2_ws/src/interfaces/install/interfaces/share/interfaces/environment/ament_prefix_path.dsv
-- Installing: /home/fab/ejer2_ws/src/interfaces/install/interfaces/share/interfaces/environment/path.sh
-- Installing: /home/fab/ejer2_ws/src/interfaces/install/interfaces/share/interfaces/environment/path.dsv
-- Installing: /home/fab/ejer2_ws/src/interfaces/install/interfaces/share/interfaces/local_setup.bash
-- Installing: /home/fab/ejer2_ws/src/interfaces/install/interfaces/share/interfaces/local_setup.sh
-- Installing: /home/fab/ejer2_ws/src/interfaces/install/interfaces/share/interfaces/local_setup.zsh
-- Installing: /home/fab/ejer2_ws/src/interfaces/install/interfaces/share/interfaces/local_setup.dsv
-- Installing: /home/fab/ejer2_ws/src/interfaces/install/interfaces/share/interfaces/package.dsv
-- Installing: /home/fab/ejer2_ws/src/interfaces/install/interfaces/share/ament_index/resource_index/packages/interfaces
-- Installing: /home/fab/ejer2_ws/src/interfaces/install/interfaces/share/interfaces/cmake/export_interfaces__rosidl_generator_cExport.cmake
-- Installing: /home/fab/ejer2_ws/src/interfaces/install/interfaces/share/interfaces/cmake/export_interfaces__rosidl_generator_cExport-noconfig.cmake
-- Installing: /home/fab/ejer2_ws/src/interfaces/install/interfaces/share/interfaces/cmake/export_interfaces__rosidl_typesupport_fastrtps_cExport.cmake
-- Installing: /home/fab/ejer2_ws/src/interfaces/install/interfaces/share/interfaces/cmake/export_interfaces__rosidl_typesupport_fastrtps_cExport-noconfig.cmake
-- Installing: /home/fab/ejer2_ws/src/interfaces/install/interfaces/share/interfaces/cmake/export_interfaces__rosidl_generator_cppExport.cmake
-- Installing: /home/fab/ejer2_ws/src/interfaces/install/interfaces/share/interfaces/cmake/export_interfaces__rosidl_typesupport_fastrtps_cppExport.cmake
-- Installing: /home/fab/ejer2_ws/src/interfaces/install/interfaces/share/interfaces/cmake/export_interfaces__rosidl_typesupport_fastrtps_cppExport-noconfig.cmake
-- Installing: /home/fab/ejer2_ws/src/interfaces/install/interfaces/share/interfaces/cmake/interfaces__rosidl_typesupport_introspection_cExport.cmake
-- Installing: /home/fab/ejer2_ws/src/interfaces/install/interfaces/share/interfaces/cmake/interfaces__rosidl_typesupport_introspection_cExport-noconfig.cmake
-- Installing: /home/fab/ejer2_ws/src/interfaces/install/interfaces/share/interfaces/cmake/interfaces__rosidl_typesupport_cExport.cmake
-- Installing: /home/fab/ejer2_ws/src/interfaces/install/interfaces/share/interfaces/cmake/interfaces__rosidl_typesupport_cExport-noconfig.cmake
-- Installing: /home/fab/ejer2_ws/src/interfaces/install/interfaces/share/interfaces/cmake/interfaces__rosidl_typesupport_introspection_cppExport.cmake
-- Installing: /home/fab/ejer2_ws/src/interfaces/install/interfaces/share/interfaces/cmake/interfaces__rosidl_typesupport_introspection_cppExport-noconfig.cmake
-- Installing: /home/fab/ejer2_ws/src/interfaces/install/interfaces/share/interfaces/cmake/interfaces__rosidl_typesupport_cppExport.cmake
-- Installing: /home/fab/ejer2_ws/src/interfaces/install/interfaces/share/interfaces/cmake/interfaces__rosidl_typesupport_cppExport-noconfig.cmake
-- Installing: /home/fab/ejer2_ws/src/interfaces/install/interfaces/share/interfaces/cmake/export_interfaces__rosidl_generator_pyExport.cmake
-- Installing: /home/fab/ejer2_ws/src/interfaces/install/interfaces/share/interfaces/cmake/export_interfaces__rosidl_generator_pyExport-noconfig.cmake
-- Installing: /home/fab/ejer2_ws/src/interfaces/install/interfaces/share/interfaces/cmake/rosidl_cmake-extras.cmake
-- Installing: /home/fab/ejer2_ws/src/interfaces/install/interfaces/share/interfaces/cmake/ament_cmake_export_include_directories-extras.cmake
-- Installing: /home/fab/ejer2_ws/src/interfaces/install/interfaces/share/interfaces/cmake/ament_cmake_export_libraries-extras.cmake
-- Installing: /home/fab/ejer2_ws/src/interfaces/install/interfaces/share/interfaces/cmake/ament_cmake_export_targets-extras.cmake
-- Installing: /home/fab/ejer2_ws/src/interfaces/install/interfaces/share/interfaces/cmake/rosidl_cmake_export_typesupport_targets-extras.cmake
-- Installing: /home/fab/ejer2_ws/src/interfaces/install/interfaces/share/interfaces/cmake/ament_cmake_export_dependencies-extras.cmake
-- Installing: /home/fab/ejer2_ws/src/interfaces/install/interfaces/share/interfaces/cmake/rosidl_cmake_export_typesupport_libraries-extras.cmake
-- Installing: /home/fab/ejer2_ws/src/interfaces/install/interfaces/share/interfaces/cmake/interfacesConfig.cmake
-- Installing: /home/fab/ejer2_ws/src/interfaces/install/interfaces/share/interfaces/cmake/interfacesConfig-version.cmake
-- Installing: /home/fab/ejer2_ws/src/interfaces/install/interfaces/share/interfaces/package.xml
