[0.014s] Invoking command in '/home/fab/ejer2_ws/src/interfaces/build/interfaces': CMAKE_PREFIX_PATH=/home/fab/ejer2_ws/install/pubsub:/opt/ros/humble /usr/bin/cmake --build /home/fab/ejer2_ws/src/interfaces/build/interfaces -- -j4 -l4
[0.052s] -- Found ament_cmake: 1.3.12 (/opt/ros/humble/share/ament_cmake/cmake)
[0.271s] -- Found geometry_msgs: 4.9.0 (/opt/ros/humble/share/geometry_msgs/cmake)
[0.305s] -- Found rosidl_generator_c: 3.1.7 (/opt/ros/humble/share/rosidl_generator_c/cmake)
[0.309s] -- Found rosidl_adapter: 3.1.7 (/opt/ros/humble/share/rosidl_adapter/cmake)
[0.318s] -- Found rosidl_generator_cpp: 3.1.7 (/opt/ros/humble/share/rosidl_generator_cpp/cmake)
[0.334s] -- Using all available rosidl_typesupport_c: rosidl_typesupport_fastrtps_c;rosidl_typesupport_introspection_c
[0.356s] -- Using all available rosidl_typesupport_cpp: rosidl_typesupport_fastrtps_cpp;rosidl_typesupport_introspection_cpp
[0.412s] -- Found rosidl_default_generators: 1.2.0 (/opt/ros/humble/share/rosidl_default_generators/cmake)
[0.810s] -- Found ament_cmake_ros: 0.10.0 (/opt/ros/humble/share/ament_cmake_ros/cmake)
[1.343s] -- Using all available rosidl_typesupport_c: rosidl_typesupport_fastrtps_c;rosidl_typesupport_introspection_c
[1.537s] -- Using all available rosidl_typesupport_cpp: rosidl_typesupport_fastrtps_cpp;rosidl_typesupport_introspection_cpp
[1.575s] -- Found python_cmake_module: 0.10.0 (/opt/ros/humble/share/python_cmake_module/cmake)
[1.618s] -- Using PYTHON_EXECUTABLE: /usr/bin/python3
[1.618s] -- Using PYTHON_INCLUDE_DIRS: /usr/include/python3.10
[1.619s] -- Using PYTHON_LIBRARIES: /usr/lib/x86_64-linux-gnu/libpython3.10.so
[1.652s] -- Found ament_lint_auto: 0.12.14 (/opt/ros/humble/share/ament_lint_auto/cmake)
[1.707s] -- Added test 'cppcheck' to perform static code analysis on C / C++ code
[1.709s] -- Configured cppcheck include dirs: $<BUILD_INTERFACE:/home/fab/ejer2_ws/src/interfaces/build/interfaces/rosidl_generator_c>;$<BUILD_INTERFACE:/home/fab/ejer2_ws/src/interfaces/build/interfaces/rosidl_typesupport_fastrtps_c>;$<BUILD_INTERFACE:/home/fab/ejer2_ws/src/interfaces/build/interfaces/rosidl_generator_cpp>;$<BUILD_INTERFACE:/home/fab/ejer2_ws/src/interfaces/build/interfaces/rosidl_typesupport_fastrtps_cpp>;$<BUILD_INTERFACE:/home/fab/ejer2_ws/src/interfaces/build/interfaces/rosidl_typesupport_introspection_c>;$<BUILD_INTERFACE:/home/fab/ejer2_ws/src/interfaces/build/interfaces/rosidl_typesupport_introspection_cpp>;/home/fab/ejer2_ws/src/interfaces/build/interfaces/rosidl_generator_c;/home/fab/ejer2_ws/src/interfaces/build/interfaces/rosidl_generator_py
[1.709s] -- Configured cppcheck exclude dirs and/or files: 
[1.714s] -- Added test 'flake8' to check Python code syntax and style conventions
[1.723s] -- Added test 'lint_cmake' to check CMake code style
[1.727s] -- Added test 'pep257' to check Python code against some of the docstring style conventions in PEP 257
[1.761s] -- Added test 'uncrustify' to check C / C++ code style
[1.761s] -- Configured uncrustify additional arguments: 
[1.766s] -- Added test 'xmllint' to check XML markup files
[1.770s] -- Configuring done
[1.821s] -- Generating done
[1.840s] -- Build files have been written to: /home/fab/ejer2_ws/src/interfaces/build/interfaces
[1.881s] [  3%] [34m[1mGenerating C code for ROS interfaces[0m
[1.900s] [  6%] [34m[1mGenerating C++ code for ROS interfaces[0m
[1.908s] [  6%] Built target ament_cmake_python_copy_interfaces
[2.401s] [  6%] Built target interfaces__cpp
[2.422s] [  9%] [34m[1mGenerating C++ type support dispatch for ROS interfaces[0m
[2.422s] [ 12%] [34m[1mGenerating C++ type support for eProsima Fast-RTPS[0m
[2.563s] running egg_info
[2.565s] writing interfaces.egg-info/PKG-INFO
[2.566s] writing dependency_links to interfaces.egg-info/dependency_links.txt
[2.566s] writing top-level names to interfaces.egg-info/top_level.txt
[2.577s] reading manifest file 'interfaces.egg-info/SOURCES.txt'
[2.577s] writing manifest file 'interfaces.egg-info/SOURCES.txt'
[2.654s] [ 12%] Built target ament_cmake_python_build_interfaces_egg
[2.678s] [ 16%] [34m[1mGenerating C++ introspection for ROS interfaces[0m
[2.700s] [ 19%] [32mBuilding C object CMakeFiles/interfaces__rosidl_generator_c.dir/rosidl_generator_c/interfaces/msg/detail/filtered_sensor__functions.c.o[0m
[2.987s] [ 22%] [32mBuilding CXX object CMakeFiles/interfaces__rosidl_typesupport_cpp.dir/rosidl_typesupport_cpp/interfaces/msg/filtered_sensor__type_support.cpp.o[0m
[3.001s] [ 25%] [32m[1mLinking C shared library libinterfaces__rosidl_generator_c.so[0m
[3.107s] [ 25%] Built target interfaces__rosidl_generator_c
[3.120s] [ 29%] [34m[1mGenerating C type support for eProsima Fast-RTPS[0m
[3.221s] [ 32%] [32mBuilding CXX object CMakeFiles/interfaces__rosidl_typesupport_fastrtps_cpp.dir/rosidl_typesupport_fastrtps_cpp/interfaces/msg/detail/dds_fastrtps/filtered_sensor__type_support.cpp.o[0m
[3.313s] [ 35%] [32mBuilding CXX object CMakeFiles/interfaces__rosidl_typesupport_introspection_cpp.dir/rosidl_typesupport_introspection_cpp/interfaces/msg/detail/filtered_sensor__type_support.cpp.o[0m
[3.910s] [ 38%] [32mBuilding CXX object CMakeFiles/interfaces__rosidl_typesupport_fastrtps_c.dir/rosidl_typesupport_fastrtps_c/interfaces/msg/detail/filtered_sensor__type_support_c.cpp.o[0m
[4.994s] [ 45%] [32m[1mLinking CXX shared library libinterfaces__rosidl_typesupport_introspection_cpp.so[0m
[4.994s] [ 45%] [32m[1mLinking CXX shared library libinterfaces__rosidl_typesupport_cpp.so[0m
[5.127s] [ 45%] Built target interfaces__rosidl_typesupport_introspection_cpp
[5.129s] [ 45%] Built target interfaces__rosidl_typesupport_cpp
[5.146s] [ 48%] [34m[1mGenerating C introspection for ROS interfaces[0m
[5.147s] [ 51%] [34m[1mGenerating C type support dispatch for ROS interfaces[0m
[5.783s] [ 54%] [32m[1mLinking CXX shared library libinterfaces__rosidl_typesupport_fastrtps_c.so[0m
[5.862s] [ 58%] [32m[1mLinking CXX shared library libinterfaces__rosidl_typesupport_fastrtps_cpp.so[0m
[6.004s] [ 58%] Built target interfaces__rosidl_typesupport_fastrtps_c
[6.072s] [ 61%] [32mBuilding C object CMakeFiles/interfaces__rosidl_typesupport_introspection_c.dir/rosidl_typesupport_introspection_c/interfaces/msg/detail/filtered_sensor__type_support.c.o[0m
[6.109s] [ 64%] [32mBuilding CXX object CMakeFiles/interfaces__rosidl_typesupport_c.dir/rosidl_typesupport_c/interfaces/msg/filtered_sensor__type_support.cpp.o[0m
[6.110s] [ 64%] Built target interfaces__rosidl_typesupport_fastrtps_cpp
[6.153s] [ 67%] [32m[1mLinking C shared library libinterfaces__rosidl_typesupport_introspection_c.so[0m
[6.158s] [ 70%] [32m[1mLinking CXX shared library libinterfaces__rosidl_typesupport_c.so[0m
[6.200s] [ 70%] Built target interfaces__rosidl_typesupport_introspection_c
[6.219s] [ 70%] Built target interfaces__rosidl_typesupport_c
[6.245s] [ 70%] Built target interfaces
[6.272s] [ 74%] [34m[1mGenerating Python code for ROS interfaces[0m
[6.833s] [ 74%] Built target interfaces__py
[6.860s] [ 77%] [32mBuilding C object CMakeFiles/interfaces__rosidl_generator_py.dir/rosidl_generator_py/interfaces/msg/_filtered_sensor_s.c.o[0m
[7.441s] [ 80%] [32m[1mLinking C shared library rosidl_generator_py/interfaces/libinterfaces__rosidl_generator_py.so[0m
[7.504s] [ 80%] Built target interfaces__rosidl_generator_py
[7.535s] [ 83%] [32mBuilding C object CMakeFiles/interfaces__rosidl_typesupport_fastrtps_c__pyext.dir/rosidl_generator_py/interfaces/_interfaces_s.ep.rosidl_typesupport_fastrtps_c.c.o[0m
[7.537s] [ 87%] [32mBuilding C object CMakeFiles/interfaces__rosidl_typesupport_c__pyext.dir/rosidl_generator_py/interfaces/_interfaces_s.ep.rosidl_typesupport_c.c.o[0m
[7.542s] [ 90%] [32mBuilding C object CMakeFiles/interfaces__rosidl_typesupport_introspection_c__pyext.dir/rosidl_generator_py/interfaces/_interfaces_s.ep.rosidl_typesupport_introspection_c.c.o[0m
[7.736s] [ 93%] [32m[1mLinking C shared library rosidl_generator_py/interfaces/interfaces_s__rosidl_typesupport_fastrtps_c.cpython-310-x86_64-linux-gnu.so[0m
[7.741s] [ 96%] [32m[1mLinking C shared library rosidl_generator_py/interfaces/interfaces_s__rosidl_typesupport_introspection_c.cpython-310-x86_64-linux-gnu.so[0m
[7.741s] [100%] [32m[1mLinking C shared library rosidl_generator_py/interfaces/interfaces_s__rosidl_typesupport_c.cpython-310-x86_64-linux-gnu.so[0m
[7.802s] [100%] Built target interfaces__rosidl_typesupport_introspection_c__pyext
[7.806s] [100%] Built target interfaces__rosidl_typesupport_fastrtps_c__pyext
[7.809s] [100%] Built target interfaces__rosidl_typesupport_c__pyext
[7.824s] Invoked command in '/home/fab/ejer2_ws/src/interfaces/build/interfaces' returned '0': CMAKE_PREFIX_PATH=/home/fab/ejer2_ws/install/pubsub:/opt/ros/humble /usr/bin/cmake --build /home/fab/ejer2_ws/src/interfaces/build/interfaces -- -j4 -l4
[7.837s] Invoking command in '/home/fab/ejer2_ws/src/interfaces/build/interfaces': CMAKE_PREFIX_PATH=/home/fab/ejer2_ws/install/pubsub:/opt/ros/humble /usr/bin/cmake --install /home/fab/ejer2_ws/src/interfaces/build/interfaces
[7.847s] -- Install configuration: ""
[7.847s] -- Installing: /home/fab/ejer2_ws/src/interfaces/install/interfaces/share/ament_index/resource_index/rosidl_interfaces/interfaces
[7.848s] -- Installing: /home/fab/ejer2_ws/src/interfaces/install/interfaces/include/interfaces/interfaces
[7.848s] -- Installing: /home/fab/ejer2_ws/src/interfaces/install/interfaces/include/interfaces/interfaces/msg
[7.848s] -- Installing: /home/fab/ejer2_ws/src/interfaces/install/interfaces/include/interfaces/interfaces/msg/rosidl_generator_c__visibility_control.h
[7.848s] -- Installing: /home/fab/ejer2_ws/src/interfaces/install/interfaces/include/interfaces/interfaces/msg/detail
[7.849s] -- Installing: /home/fab/ejer2_ws/src/interfaces/install/interfaces/include/interfaces/interfaces/msg/detail/filtered_sensor__functions.h
[7.849s] -- Installing: /home/fab/ejer2_ws/src/interfaces/install/interfaces/include/interfaces/interfaces/msg/detail/filtered_sensor__struct.h
[7.849s] -- Installing: /home/fab/ejer2_ws/src/interfaces/install/interfaces/include/interfaces/interfaces/msg/detail/filtered_sensor__functions.c
[7.849s] -- Installing: /home/fab/ejer2_ws/src/interfaces/install/interfaces/include/interfaces/interfaces/msg/detail/filtered_sensor__type_support.h
[7.849s] -- Installing: /home/fab/ejer2_ws/src/interfaces/install/interfaces/include/interfaces/interfaces/msg/filtered_sensor.h
[7.850s] -- Installing: /home/fab/ejer2_ws/src/interfaces/install/interfaces/share/interfaces/environment/library_path.sh
[7.850s] -- Installing: /home/fab/ejer2_ws/src/interfaces/install/interfaces/share/interfaces/environment/library_path.dsv
[7.850s] -- Installing: /home/fab/ejer2_ws/src/interfaces/install/interfaces/lib/libinterfaces__rosidl_generator_c.so
[7.851s] -- Set runtime path of "/home/fab/ejer2_ws/src/interfaces/install/interfaces/lib/libinterfaces__rosidl_generator_c.so" to ""
[7.852s] -- Up-to-date: /home/fab/ejer2_ws/src/interfaces/install/interfaces/include/interfaces/interfaces
[7.852s] -- Up-to-date: /home/fab/ejer2_ws/src/interfaces/install/interfaces/include/interfaces/interfaces/msg
[7.852s] -- Up-to-date: /home/fab/ejer2_ws/src/interfaces/install/interfaces/include/interfaces/interfaces/msg/detail
[7.852s] -- Installing: /home/fab/ejer2_ws/src/interfaces/install/interfaces/include/interfaces/interfaces/msg/detail/filtered_sensor__rosidl_typesupport_fastrtps_c.h
[7.852s] -- Installing: /home/fab/ejer2_ws/src/interfaces/install/interfaces/include/interfaces/interfaces/msg/rosidl_typesupport_fastrtps_c__visibility_control.h
[7.852s] -- Installing: /home/fab/ejer2_ws/src/interfaces/install/interfaces/lib/libinterfaces__rosidl_typesupport_fastrtps_c.so
[7.853s] -- Set runtime path of "/home/fab/ejer2_ws/src/interfaces/install/interfaces/lib/libinterfaces__rosidl_typesupport_fastrtps_c.so" to ""
[7.853s] -- Up-to-date: /home/fab/ejer2_ws/src/interfaces/install/interfaces/include/interfaces/interfaces
[7.853s] -- Up-to-date: /home/fab/ejer2_ws/src/interfaces/install/interfaces/include/interfaces/interfaces/msg
[7.853s] -- Installing: /home/fab/ejer2_ws/src/interfaces/install/interfaces/include/interfaces/interfaces/msg/rosidl_generator_cpp__visibility_control.hpp
[7.854s] -- Up-to-date: /home/fab/ejer2_ws/src/interfaces/install/interfaces/include/interfaces/interfaces/msg/detail
[7.854s] -- Installing: /home/fab/ejer2_ws/src/interfaces/install/interfaces/include/interfaces/interfaces/msg/detail/filtered_sensor__builder.hpp
[7.854s] -- Installing: /home/fab/ejer2_ws/src/interfaces/install/interfaces/include/interfaces/interfaces/msg/detail/filtered_sensor__struct.hpp
[7.854s] -- Installing: /home/fab/ejer2_ws/src/interfaces/install/interfaces/include/interfaces/interfaces/msg/detail/filtered_sensor__traits.hpp
[7.854s] -- Installing: /home/fab/ejer2_ws/src/interfaces/install/interfaces/include/interfaces/interfaces/msg/detail/filtered_sensor__type_support.hpp
[7.854s] -- Installing: /home/fab/ejer2_ws/src/interfaces/install/interfaces/include/interfaces/interfaces/msg/filtered_sensor.hpp
[7.855s] -- Up-to-date: /home/fab/ejer2_ws/src/interfaces/install/interfaces/include/interfaces/interfaces
[7.855s] -- Up-to-date: /home/fab/ejer2_ws/src/interfaces/install/interfaces/include/interfaces/interfaces/msg
[7.855s] -- Up-to-date: /home/fab/ejer2_ws/src/interfaces/install/interfaces/include/interfaces/interfaces/msg/detail
[7.855s] -- Installing: /home/fab/ejer2_ws/src/interfaces/install/interfaces/include/interfaces/interfaces/msg/detail/filtered_sensor__rosidl_typesupport_fastrtps_cpp.hpp
[7.855s] -- Installing: /home/fab/ejer2_ws/src/interfaces/install/interfaces/include/interfaces/interfaces/msg/detail/dds_fastrtps
[7.855s] -- Installing: /home/fab/ejer2_ws/src/interfaces/install/interfaces/include/interfaces/interfaces/msg/rosidl_typesupport_fastrtps_cpp__visibility_control.h
[7.856s] -- Installing: /home/fab/ejer2_ws/src/interfaces/install/interfaces/lib/libinterfaces__rosidl_typesupport_fastrtps_cpp.so
[7.856s] -- Set runtime path of "/home/fab/ejer2_ws/src/interfaces/install/interfaces/lib/libinterfaces__rosidl_typesupport_fastrtps_cpp.so" to ""
[7.856s] -- Up-to-date: /home/fab/ejer2_ws/src/interfaces/install/interfaces/include/interfaces/interfaces
[7.857s] -- Up-to-date: /home/fab/ejer2_ws/src/interfaces/install/interfaces/include/interfaces/interfaces/msg
[7.857s] -- Up-to-date: /home/fab/ejer2_ws/src/interfaces/install/interfaces/include/interfaces/interfaces/msg/detail
[7.857s] -- Installing: /home/fab/ejer2_ws/src/interfaces/install/interfaces/include/interfaces/interfaces/msg/detail/filtered_sensor__type_support.c
[7.857s] -- Installing: /home/fab/ejer2_ws/src/interfaces/install/interfaces/include/interfaces/interfaces/msg/detail/filtered_sensor__rosidl_typesupport_introspection_c.h
[7.857s] -- Installing: /home/fab/ejer2_ws/src/interfaces/install/interfaces/include/interfaces/interfaces/msg/rosidl_typesupport_introspection_c__visibility_control.h
[7.857s] -- Installing: /home/fab/ejer2_ws/src/interfaces/install/interfaces/lib/libinterfaces__rosidl_typesupport_introspection_c.so
[7.858s] -- Set runtime path of "/home/fab/ejer2_ws/src/interfaces/install/interfaces/lib/libinterfaces__rosidl_typesupport_introspection_c.so" to ""
[7.858s] -- Installing: /home/fab/ejer2_ws/src/interfaces/install/interfaces/lib/libinterfaces__rosidl_typesupport_c.so
[7.859s] -- Set runtime path of "/home/fab/ejer2_ws/src/interfaces/install/interfaces/lib/libinterfaces__rosidl_typesupport_c.so" to ""
[7.859s] -- Up-to-date: /home/fab/ejer2_ws/src/interfaces/install/interfaces/include/interfaces/interfaces
[7.859s] -- Up-to-date: /home/fab/ejer2_ws/src/interfaces/install/interfaces/include/interfaces/interfaces/msg
[7.859s] -- Up-to-date: /home/fab/ejer2_ws/src/interfaces/install/interfaces/include/interfaces/interfaces/msg/detail
[7.859s] -- Installing: /home/fab/ejer2_ws/src/interfaces/install/interfaces/include/interfaces/interfaces/msg/detail/filtered_sensor__type_support.cpp
[7.859s] -- Installing: /home/fab/ejer2_ws/src/interfaces/install/interfaces/include/interfaces/interfaces/msg/detail/filtered_sensor__rosidl_typesupport_introspection_cpp.hpp
[7.860s] -- Installing: /home/fab/ejer2_ws/src/interfaces/install/interfaces/lib/libinterfaces__rosidl_typesupport_introspection_cpp.so
[7.860s] -- Set runtime path of "/home/fab/ejer2_ws/src/interfaces/install/interfaces/lib/libinterfaces__rosidl_typesupport_introspection_cpp.so" to ""
[7.860s] -- Installing: /home/fab/ejer2_ws/src/interfaces/install/interfaces/lib/libinterfaces__rosidl_typesupport_cpp.so
[7.861s] -- Set runtime path of "/home/fab/ejer2_ws/src/interfaces/install/interfaces/lib/libinterfaces__rosidl_typesupport_cpp.so" to ""
[7.861s] -- Installing: /home/fab/ejer2_ws/src/interfaces/install/interfaces/share/interfaces/environment/pythonpath.sh
[7.861s] -- Installing: /home/fab/ejer2_ws/src/interfaces/install/interfaces/share/interfaces/environment/pythonpath.dsv
[7.862s] -- Installing: /home/fab/ejer2_ws/src/interfaces/install/interfaces/local/lib/python3.10/dist-packages/interfaces-0.0.0-py3.10.egg-info
[7.862s] -- Installing: /home/fab/ejer2_ws/src/interfaces/install/interfaces/local/lib/python3.10/dist-packages/interfaces-0.0.0-py3.10.egg-info/SOURCES.txt
[7.862s] -- Installing: /home/fab/ejer2_ws/src/interfaces/install/interfaces/local/lib/python3.10/dist-packages/interfaces-0.0.0-py3.10.egg-info/PKG-INFO
[7.862s] -- Installing: /home/fab/ejer2_ws/src/interfaces/install/interfaces/local/lib/python3.10/dist-packages/interfaces-0.0.0-py3.10.egg-info/top_level.txt
[7.863s] -- Installing: /home/fab/ejer2_ws/src/interfaces/install/interfaces/local/lib/python3.10/dist-packages/interfaces-0.0.0-py3.10.egg-info/dependency_links.txt
[7.863s] -- Installing: /home/fab/ejer2_ws/src/interfaces/install/interfaces/local/lib/python3.10/dist-packages/interfaces
[7.863s] -- Installing: /home/fab/ejer2_ws/src/interfaces/install/interfaces/local/lib/python3.10/dist-packages/interfaces/_interfaces_s.ep.rosidl_typesupport_fastrtps_c.c
[7.863s] -- Installing: /home/fab/ejer2_ws/src/interfaces/install/interfaces/local/lib/python3.10/dist-packages/interfaces/interfaces_s__rosidl_typesupport_introspection_c.cpython-310-x86_64-linux-gnu.so
[7.864s] -- Installing: /home/fab/ejer2_ws/src/interfaces/install/interfaces/local/lib/python3.10/dist-packages/interfaces/_interfaces_s.ep.rosidl_typesupport_introspection_c.c
[7.864s] -- Installing: /home/fab/ejer2_ws/src/interfaces/install/interfaces/local/lib/python3.10/dist-packages/interfaces/msg
[7.864s] -- Installing: /home/fab/ejer2_ws/src/interfaces/install/interfaces/local/lib/python3.10/dist-packages/interfaces/msg/__init__.py
[7.864s] -- Installing: /home/fab/ejer2_ws/src/interfaces/install/interfaces/local/lib/python3.10/dist-packages/interfaces/msg/_filtered_sensor_s.c
[7.864s] -- Installing: /home/fab/ejer2_ws/src/interfaces/install/interfaces/local/lib/python3.10/dist-packages/interfaces/msg/_filtered_sensor.py
[7.865s] -- Installing: /home/fab/ejer2_ws/src/interfaces/install/interfaces/local/lib/python3.10/dist-packages/interfaces/__init__.py
[7.865s] -- Installing: /home/fab/ejer2_ws/src/interfaces/install/interfaces/local/lib/python3.10/dist-packages/interfaces/libinterfaces__rosidl_generator_py.so
[7.865s] -- Installing: /home/fab/ejer2_ws/src/interfaces/install/interfaces/local/lib/python3.10/dist-packages/interfaces/_interfaces_s.ep.rosidl_typesupport_c.c
[7.865s] -- Installing: /home/fab/ejer2_ws/src/interfaces/install/interfaces/local/lib/python3.10/dist-packages/interfaces/interfaces_s__rosidl_typesupport_c.cpython-310-x86_64-linux-gnu.so
[7.865s] -- Installing: /home/fab/ejer2_ws/src/interfaces/install/interfaces/local/lib/python3.10/dist-packages/interfaces/interfaces_s__rosidl_typesupport_fastrtps_c.cpython-310-x86_64-linux-gnu.so
[7.960s] Listing '/home/fab/ejer2_ws/src/interfaces/install/interfaces/local/lib/python3.10/dist-packages/interfaces'...
[7.960s] Compiling '/home/fab/ejer2_ws/src/interfaces/install/interfaces/local/lib/python3.10/dist-packages/interfaces/__init__.py'...
[7.960s] Listing '/home/fab/ejer2_ws/src/interfaces/install/interfaces/local/lib/python3.10/dist-packages/interfaces/msg'...
[7.960s] Compiling '/home/fab/ejer2_ws/src/interfaces/install/interfaces/local/lib/python3.10/dist-packages/interfaces/msg/__init__.py'...
[7.961s] Compiling '/home/fab/ejer2_ws/src/interfaces/install/interfaces/local/lib/python3.10/dist-packages/interfaces/msg/_filtered_sensor.py'...
[7.969s] -- Installing: /home/fab/ejer2_ws/src/interfaces/install/interfaces/local/lib/python3.10/dist-packages/interfaces/interfaces_s__rosidl_typesupport_fastrtps_c.cpython-310-x86_64-linux-gnu.so
[7.969s] -- Set runtime path of "/home/fab/ejer2_ws/src/interfaces/install/interfaces/local/lib/python3.10/dist-packages/interfaces/interfaces_s__rosidl_typesupport_fastrtps_c.cpython-310-x86_64-linux-gnu.so" to ""
[7.970s] -- Installing: /home/fab/ejer2_ws/src/interfaces/install/interfaces/local/lib/python3.10/dist-packages/interfaces/interfaces_s__rosidl_typesupport_introspection_c.cpython-310-x86_64-linux-gnu.so
[7.971s] -- Set runtime path of "/home/fab/ejer2_ws/src/interfaces/install/interfaces/local/lib/python3.10/dist-packages/interfaces/interfaces_s__rosidl_typesupport_introspection_c.cpython-310-x86_64-linux-gnu.so" to ""
[7.971s] -- Installing: /home/fab/ejer2_ws/src/interfaces/install/interfaces/local/lib/python3.10/dist-packages/interfaces/interfaces_s__rosidl_typesupport_c.cpython-310-x86_64-linux-gnu.so
[7.972s] -- Set runtime path of "/home/fab/ejer2_ws/src/interfaces/install/interfaces/local/lib/python3.10/dist-packages/interfaces/interfaces_s__rosidl_typesupport_c.cpython-310-x86_64-linux-gnu.so" to ""
[7.972s] -- Installing: /home/fab/ejer2_ws/src/interfaces/install/interfaces/lib/libinterfaces__rosidl_generator_py.so
[7.975s] -- Set runtime path of "/home/fab/ejer2_ws/src/interfaces/install/interfaces/lib/libinterfaces__rosidl_generator_py.so" to ""
[7.976s] -- Installing: /home/fab/ejer2_ws/src/interfaces/install/interfaces/share/interfaces/msg/FilteredSensor.idl
[7.976s] -- Installing: /home/fab/ejer2_ws/src/interfaces/install/interfaces/share/interfaces/msg/FilteredSensor.msg
[7.976s] -- Installing: /home/fab/ejer2_ws/src/interfaces/install/interfaces/share/ament_index/resource_index/package_run_dependencies/interfaces
[7.976s] -- Installing: /home/fab/ejer2_ws/src/interfaces/install/interfaces/share/ament_index/resource_index/parent_prefix_path/interfaces
[7.976s] -- Installing: /home/fab/ejer2_ws/src/interfaces/install/interfaces/share/interfaces/environment/ament_prefix_path.sh
[7.977s] -- Installing: /home/fab/ejer2_ws/src/interfaces/install/interfaces/share/interfaces/environment/ament_prefix_path.dsv
[7.977s] -- Installing: /home/fab/ejer2_ws/src/interfaces/install/interfaces/share/interfaces/environment/path.sh
[7.977s] -- Installing: /home/fab/ejer2_ws/src/interfaces/install/interfaces/share/interfaces/environment/path.dsv
[7.977s] -- Installing: /home/fab/ejer2_ws/src/interfaces/install/interfaces/share/interfaces/local_setup.bash
[7.979s] -- Installing: /home/fab/ejer2_ws/src/interfaces/install/interfaces/share/interfaces/local_setup.sh
[7.979s] -- Installing: /home/fab/ejer2_ws/src/interfaces/install/interfaces/share/interfaces/local_setup.zsh
[7.979s] -- Installing: /home/fab/ejer2_ws/src/interfaces/install/interfaces/share/interfaces/local_setup.dsv
[7.979s] -- Installing: /home/fab/ejer2_ws/src/interfaces/install/interfaces/share/interfaces/package.dsv
[7.979s] -- Installing: /home/fab/ejer2_ws/src/interfaces/install/interfaces/share/ament_index/resource_index/packages/interfaces
[7.979s] -- Installing: /home/fab/ejer2_ws/src/interfaces/install/interfaces/share/interfaces/cmake/export_interfaces__rosidl_generator_cExport.cmake
[7.980s] -- Installing: /home/fab/ejer2_ws/src/interfaces/install/interfaces/share/interfaces/cmake/export_interfaces__rosidl_generator_cExport-noconfig.cmake
[7.980s] -- Installing: /home/fab/ejer2_ws/src/interfaces/install/interfaces/share/interfaces/cmake/export_interfaces__rosidl_typesupport_fastrtps_cExport.cmake
[7.980s] -- Installing: /home/fab/ejer2_ws/src/interfaces/install/interfaces/share/interfaces/cmake/export_interfaces__rosidl_typesupport_fastrtps_cExport-noconfig.cmake
[7.980s] -- Installing: /home/fab/ejer2_ws/src/interfaces/install/interfaces/share/interfaces/cmake/export_interfaces__rosidl_generator_cppExport.cmake
[7.980s] -- Installing: /home/fab/ejer2_ws/src/interfaces/install/interfaces/share/interfaces/cmake/export_interfaces__rosidl_typesupport_fastrtps_cppExport.cmake
[7.980s] -- Installing: /home/fab/ejer2_ws/src/interfaces/install/interfaces/share/interfaces/cmake/export_interfaces__rosidl_typesupport_fastrtps_cppExport-noconfig.cmake
[7.981s] -- Installing: /home/fab/ejer2_ws/src/interfaces/install/interfaces/share/interfaces/cmake/interfaces__rosidl_typesupport_introspection_cExport.cmake
[7.981s] -- Installing: /home/fab/ejer2_ws/src/interfaces/install/interfaces/share/interfaces/cmake/interfaces__rosidl_typesupport_introspection_cExport-noconfig.cmake
[7.981s] -- Installing: /home/fab/ejer2_ws/src/interfaces/install/interfaces/share/interfaces/cmake/interfaces__rosidl_typesupport_cExport.cmake
[7.981s] -- Installing: /home/fab/ejer2_ws/src/interfaces/install/interfaces/share/interfaces/cmake/interfaces__rosidl_typesupport_cExport-noconfig.cmake
[7.983s] -- Installing: /home/fab/ejer2_ws/src/interfaces/install/interfaces/share/interfaces/cmake/interfaces__rosidl_typesupport_introspection_cppExport.cmake
[7.984s] -- Installing: /home/fab/ejer2_ws/src/interfaces/install/interfaces/share/interfaces/cmake/interfaces__rosidl_typesupport_introspection_cppExport-noconfig.cmake
[7.985s] -- Installing: /home/fab/ejer2_ws/src/interfaces/install/interfaces/share/interfaces/cmake/interfaces__rosidl_typesupport_cppExport.cmake
[7.985s] -- Installing: /home/fab/ejer2_ws/src/interfaces/install/interfaces/share/interfaces/cmake/interfaces__rosidl_typesupport_cppExport-noconfig.cmake
[7.985s] -- Installing: /home/fab/ejer2_ws/src/interfaces/install/interfaces/share/interfaces/cmake/export_interfaces__rosidl_generator_pyExport.cmake
[7.985s] -- Installing: /home/fab/ejer2_ws/src/interfaces/install/interfaces/share/interfaces/cmake/export_interfaces__rosidl_generator_pyExport-noconfig.cmake
[7.986s] -- Installing: /home/fab/ejer2_ws/src/interfaces/install/interfaces/share/interfaces/cmake/rosidl_cmake-extras.cmake
[7.986s] -- Installing: /home/fab/ejer2_ws/src/interfaces/install/interfaces/share/interfaces/cmake/ament_cmake_export_include_directories-extras.cmake
[7.986s] -- Installing: /home/fab/ejer2_ws/src/interfaces/install/interfaces/share/interfaces/cmake/ament_cmake_export_libraries-extras.cmake
[7.987s] -- Installing: /home/fab/ejer2_ws/src/interfaces/install/interfaces/share/interfaces/cmake/ament_cmake_export_targets-extras.cmake
[7.987s] -- Installing: /home/fab/ejer2_ws/src/interfaces/install/interfaces/share/interfaces/cmake/rosidl_cmake_export_typesupport_targets-extras.cmake
[7.987s] -- Installing: /home/fab/ejer2_ws/src/interfaces/install/interfaces/share/interfaces/cmake/ament_cmake_export_dependencies-extras.cmake
[7.987s] -- Installing: /home/fab/ejer2_ws/src/interfaces/install/interfaces/share/interfaces/cmake/rosidl_cmake_export_typesupport_libraries-extras.cmake
[7.987s] -- Installing: /home/fab/ejer2_ws/src/interfaces/install/interfaces/share/interfaces/cmake/interfacesConfig.cmake
[7.987s] -- Installing: /home/fab/ejer2_ws/src/interfaces/install/interfaces/share/interfaces/cmake/interfacesConfig-version.cmake
[7.987s] -- Installing: /home/fab/ejer2_ws/src/interfaces/install/interfaces/share/interfaces/package.xml
[7.992s] Invoked command in '/home/fab/ejer2_ws/src/interfaces/build/interfaces' returned '0': CMAKE_PREFIX_PATH=/home/fab/ejer2_ws/install/pubsub:/opt/ros/humble /usr/bin/cmake --install /home/fab/ejer2_ws/src/interfaces/build/interfaces
