[0.069s] DEBUG:colcon:Command line arguments: ['/usr/bin/colcon', 'build']
[0.069s] DEBUG:colcon:Parsed command line arguments: Namespace(log_base=None, log_level=None, verb_name='build', build_base='build', install_base='install', merge_install=False, symlink_install=False, test_result_base=None, continue_on_error=False, executor='parallel', parallel_workers=16, event_handlers=None, ignore_user_meta=False, metas=['./colcon.meta'], base_paths=['.'], packages_ignore=None, packages_ignore_regex=None, paths=None, packages_up_to=None, packages_up_to_regex=None, packages_above=None, packages_above_and_dependencies=None, packages_above_depth=None, packages_select_by_dep=None, packages_skip_by_dep=None, packages_skip_up_to=None, packages_select_build_failed=False, packages_skip_build_finished=False, packages_select_test_failures=False, packages_skip_test_passed=False, packages_select=None, packages_skip=None, packages_select_regex=None, packages_skip_regex=None, packages_start=None, packages_end=None, allow_overriding=[], cmake_args=None, cmake_target=None, cmake_target_skip_unavailable=False, cmake_clean_cache=False, cmake_clean_first=False, cmake_force_configure=False, ament_cmake_args=None, catkin_cmake_args=None, catkin_skip_building_tests=False, verb_parser=<colcon_defaults.argument_parser.defaults.DefaultArgumentsDecorator object at 0x7bd4a4e4d510>, verb_extension=<colcon_core.verb.build.BuildVerb object at 0x7bd4a4e4c6d0>, main=<bound method BuildVerb.main of <colcon_core.verb.build.BuildVerb object at 0x7bd4a4e4c6d0>>)
[0.173s] Level 1:colcon.colcon_core.package_discovery:discover_packages(colcon_meta) check parameters
[0.173s] Level 1:colcon.colcon_core.package_discovery:discover_packages(recursive) check parameters
[0.173s] Level 1:colcon.colcon_core.package_discovery:discover_packages(ignore) check parameters
[0.173s] Level 1:colcon.colcon_core.package_discovery:discover_packages(path) check parameters
[0.173s] Level 1:colcon.colcon_core.package_discovery:discover_packages(colcon_meta) discover
[0.173s] Level 1:colcon.colcon_core.package_discovery:discover_packages(recursive) discover
[0.173s] INFO:colcon.colcon_core.package_discovery:Crawling recursively for packages in '/home/cossio/ejer1_ws'
[0.173s] Level 1:colcon.colcon_core.package_identification:_identify(.) by extensions ['ignore', 'ignore_ament_install']
[0.174s] Level 1:colcon.colcon_core.package_identification:_identify(.) by extension 'ignore'
[0.174s] Level 1:colcon.colcon_core.package_identification:_identify(.) by extension 'ignore_ament_install'
[0.174s] Level 1:colcon.colcon_core.package_identification:_identify(.) by extensions ['colcon_pkg']
[0.174s] Level 1:colcon.colcon_core.package_identification:_identify(.) by extension 'colcon_pkg'
[0.174s] Level 1:colcon.colcon_core.package_identification:_identify(.) by extensions ['colcon_meta']
[0.174s] Level 1:colcon.colcon_core.package_identification:_identify(.) by extension 'colcon_meta'
[0.174s] Level 1:colcon.colcon_core.package_identification:_identify(.) by extensions ['ros']
[0.174s] Level 1:colcon.colcon_core.package_identification:_identify(.) by extension 'ros'
[0.181s] Level 1:colcon.colcon_core.package_identification:_identify(.) by extensions ['cmake', 'python']
[0.181s] Level 1:colcon.colcon_core.package_identification:_identify(.) by extension 'cmake'
[0.181s] Level 1:colcon.colcon_core.package_identification:_identify(.) by extension 'python'
[0.181s] Level 1:colcon.colcon_core.package_identification:_identify(.) by extensions ['python_setup_py']
[0.181s] Level 1:colcon.colcon_core.package_identification:_identify(.) by extension 'python_setup_py'
[0.181s] Level 1:colcon.colcon_core.package_identification:_identify(build) by extensions ['ignore', 'ignore_ament_install']
[0.181s] Level 1:colcon.colcon_core.package_identification:_identify(build) by extension 'ignore'
[0.181s] Level 1:colcon.colcon_core.package_identification:_identify(build) ignored
[0.181s] Level 1:colcon.colcon_core.package_identification:_identify(install) by extensions ['ignore', 'ignore_ament_install']
[0.181s] Level 1:colcon.colcon_core.package_identification:_identify(install) by extension 'ignore'
[0.181s] Level 1:colcon.colcon_core.package_identification:_identify(install) ignored
[0.181s] Level 1:colcon.colcon_core.package_identification:_identify(log) by extensions ['ignore', 'ignore_ament_install']
[0.181s] Level 1:colcon.colcon_core.package_identification:_identify(log) by extension 'ignore'
[0.181s] Level 1:colcon.colcon_core.package_identification:_identify(log) ignored
[0.181s] Level 1:colcon.colcon_core.package_identification:_identify(src) by extensions ['ignore', 'ignore_ament_install']
[0.181s] Level 1:colcon.colcon_core.package_identification:_identify(src) by extension 'ignore'
[0.181s] Level 1:colcon.colcon_core.package_identification:_identify(src) by extension 'ignore_ament_install'
[0.181s] Level 1:colcon.colcon_core.package_identification:_identify(src) by extensions ['colcon_pkg']
[0.181s] Level 1:colcon.colcon_core.package_identification:_identify(src) by extension 'colcon_pkg'
[0.181s] Level 1:colcon.colcon_core.package_identification:_identify(src) by extensions ['colcon_meta']
[0.181s] Level 1:colcon.colcon_core.package_identification:_identify(src) by extension 'colcon_meta'
[0.182s] Level 1:colcon.colcon_core.package_identification:_identify(src) by extensions ['ros']
[0.182s] Level 1:colcon.colcon_core.package_identification:_identify(src) by extension 'ros'
[0.182s] Level 1:colcon.colcon_core.package_identification:_identify(src) by extensions ['cmake', 'python']
[0.182s] Level 1:colcon.colcon_core.package_identification:_identify(src) by extension 'cmake'
[0.182s] Level 1:colcon.colcon_core.package_identification:_identify(src) by extension 'python'
[0.182s] Level 1:colcon.colcon_core.package_identification:_identify(src) by extensions ['python_setup_py']
[0.182s] Level 1:colcon.colcon_core.package_identification:_identify(src) by extension 'python_setup_py'
[0.182s] Level 1:colcon.colcon_core.package_identification:_identify(src/ros2_tutorials-main) by extensions ['ignore', 'ignore_ament_install']
[0.182s] Level 1:colcon.colcon_core.package_identification:_identify(src/ros2_tutorials-main) by extension 'ignore'
[0.182s] Level 1:colcon.colcon_core.package_identification:_identify(src/ros2_tutorials-main) by extension 'ignore_ament_install'
[0.182s] Level 1:colcon.colcon_core.package_identification:_identify(src/ros2_tutorials-main) by extensions ['colcon_pkg']
[0.182s] Level 1:colcon.colcon_core.package_identification:_identify(src/ros2_tutorials-main) by extension 'colcon_pkg'
[0.182s] Level 1:colcon.colcon_core.package_identification:_identify(src/ros2_tutorials-main) by extensions ['colcon_meta']
[0.182s] Level 1:colcon.colcon_core.package_identification:_identify(src/ros2_tutorials-main) by extension 'colcon_meta'
[0.182s] Level 1:colcon.colcon_core.package_identification:_identify(src/ros2_tutorials-main) by extensions ['ros']
[0.182s] Level 1:colcon.colcon_core.package_identification:_identify(src/ros2_tutorials-main) by extension 'ros'
[0.182s] Level 1:colcon.colcon_core.package_identification:_identify(src/ros2_tutorials-main) by extensions ['cmake', 'python']
[0.182s] Level 1:colcon.colcon_core.package_identification:_identify(src/ros2_tutorials-main) by extension 'cmake'
[0.182s] Level 1:colcon.colcon_core.package_identification:_identify(src/ros2_tutorials-main) by extension 'python'
[0.182s] Level 1:colcon.colcon_core.package_identification:_identify(src/ros2_tutorials-main) by extensions ['python_setup_py']
[0.182s] Level 1:colcon.colcon_core.package_identification:_identify(src/ros2_tutorials-main) by extension 'python_setup_py'
[0.182s] Level 1:colcon.colcon_core.package_identification:_identify(src/ros2_tutorials-main/cpp_examples) by extensions ['ignore', 'ignore_ament_install']
[0.182s] Level 1:colcon.colcon_core.package_identification:_identify(src/ros2_tutorials-main/cpp_examples) by extension 'ignore'
[0.182s] Level 1:colcon.colcon_core.package_identification:_identify(src/ros2_tutorials-main/cpp_examples) by extension 'ignore_ament_install'
[0.182s] Level 1:colcon.colcon_core.package_identification:_identify(src/ros2_tutorials-main/cpp_examples) by extensions ['colcon_pkg']
[0.182s] Level 1:colcon.colcon_core.package_identification:_identify(src/ros2_tutorials-main/cpp_examples) by extension 'colcon_pkg'
[0.182s] Level 1:colcon.colcon_core.package_identification:_identify(src/ros2_tutorials-main/cpp_examples) by extensions ['colcon_meta']
[0.182s] Level 1:colcon.colcon_core.package_identification:_identify(src/ros2_tutorials-main/cpp_examples) by extension 'colcon_meta'
[0.182s] Level 1:colcon.colcon_core.package_identification:_identify(src/ros2_tutorials-main/cpp_examples) by extensions ['ros']
[0.182s] Level 1:colcon.colcon_core.package_identification:_identify(src/ros2_tutorials-main/cpp_examples) by extension 'ros'
[0.184s] DEBUG:colcon.colcon_core.package_identification:Package 'src/ros2_tutorials-main/cpp_examples' with type 'ros.ament_cmake' and name 'cpp_examples'
[0.184s] Level 1:colcon.colcon_core.package_identification:_identify(src/ros2_tutorials-main/custom_interface) by extensions ['ignore', 'ignore_ament_install']
[0.184s] Level 1:colcon.colcon_core.package_identification:_identify(src/ros2_tutorials-main/custom_interface) by extension 'ignore'
[0.184s] Level 1:colcon.colcon_core.package_identification:_identify(src/ros2_tutorials-main/custom_interface) by extension 'ignore_ament_install'
[0.184s] Level 1:colcon.colcon_core.package_identification:_identify(src/ros2_tutorials-main/custom_interface) by extensions ['colcon_pkg']
[0.184s] Level 1:colcon.colcon_core.package_identification:_identify(src/ros2_tutorials-main/custom_interface) by extension 'colcon_pkg'
[0.184s] Level 1:colcon.colcon_core.package_identification:_identify(src/ros2_tutorials-main/custom_interface) by extensions ['colcon_meta']
[0.184s] Level 1:colcon.colcon_core.package_identification:_identify(src/ros2_tutorials-main/custom_interface) by extension 'colcon_meta'
[0.184s] Level 1:colcon.colcon_core.package_identification:_identify(src/ros2_tutorials-main/custom_interface) by extensions ['ros']
[0.184s] Level 1:colcon.colcon_core.package_identification:_identify(src/ros2_tutorials-main/custom_interface) by extension 'ros'
[0.184s] DEBUG:colcon.colcon_core.package_identification:Package 'src/ros2_tutorials-main/custom_interface' with type 'ros.ament_cmake' and name 'custom_interface'
[0.184s] Level 1:colcon.colcon_core.package_identification:_identify(src/ros2_tutorials-main/py_examples) by extensions ['ignore', 'ignore_ament_install']
[0.184s] Level 1:colcon.colcon_core.package_identification:_identify(src/ros2_tutorials-main/py_examples) by extension 'ignore'
[0.184s] Level 1:colcon.colcon_core.package_identification:_identify(src/ros2_tutorials-main/py_examples) by extension 'ignore_ament_install'
[0.184s] Level 1:colcon.colcon_core.package_identification:_identify(src/ros2_tutorials-main/py_examples) by extensions ['colcon_pkg']
[0.184s] Level 1:colcon.colcon_core.package_identification:_identify(src/ros2_tutorials-main/py_examples) by extension 'colcon_pkg'
[0.184s] Level 1:colcon.colcon_core.package_identification:_identify(src/ros2_tutorials-main/py_examples) by extensions ['colcon_meta']
[0.184s] Level 1:colcon.colcon_core.package_identification:_identify(src/ros2_tutorials-main/py_examples) by extension 'colcon_meta'
[0.184s] Level 1:colcon.colcon_core.package_identification:_identify(src/ros2_tutorials-main/py_examples) by extensions ['ros']
[0.184s] Level 1:colcon.colcon_core.package_identification:_identify(src/ros2_tutorials-main/py_examples) by extension 'ros'
[0.185s] DEBUG:colcon.colcon_core.package_identification:Package 'src/ros2_tutorials-main/py_examples' with type 'ros.ament_python' and name 'py_examples'
[0.185s] Level 1:colcon.colcon_core.package_identification:_identify(src/ros2_tutorials-main/robot_description) by extensions ['ignore', 'ignore_ament_install']
[0.185s] Level 1:colcon.colcon_core.package_identification:_identify(src/ros2_tutorials-main/robot_description) by extension 'ignore'
[0.185s] Level 1:colcon.colcon_core.package_identification:_identify(src/ros2_tutorials-main/robot_description) by extension 'ignore_ament_install'
[0.185s] Level 1:colcon.colcon_core.package_identification:_identify(src/ros2_tutorials-main/robot_description) by extensions ['colcon_pkg']
[0.185s] Level 1:colcon.colcon_core.package_identification:_identify(src/ros2_tutorials-main/robot_description) by extension 'colcon_pkg'
[0.185s] Level 1:colcon.colcon_core.package_identification:_identify(src/ros2_tutorials-main/robot_description) by extensions ['colcon_meta']
[0.185s] Level 1:colcon.colcon_core.package_identification:_identify(src/ros2_tutorials-main/robot_description) by extension 'colcon_meta'
[0.185s] Level 1:colcon.colcon_core.package_identification:_identify(src/ros2_tutorials-main/robot_description) by extensions ['ros']
[0.185s] Level 1:colcon.colcon_core.package_identification:_identify(src/ros2_tutorials-main/robot_description) by extension 'ros'
[0.185s] DEBUG:colcon.colcon_core.package_identification:Package 'src/ros2_tutorials-main/robot_description' with type 'ros.ament_cmake' and name 'robot_description'
[0.185s] Level 1:colcon.colcon_core.package_identification:_identify(src/ros2_tutorials-main/test_move) by extensions ['ignore', 'ignore_ament_install']
[0.185s] Level 1:colcon.colcon_core.package_identification:_identify(src/ros2_tutorials-main/test_move) by extension 'ignore'
[0.185s] Level 1:colcon.colcon_core.package_identification:_identify(src/ros2_tutorials-main/test_move) by extension 'ignore_ament_install'
[0.185s] Level 1:colcon.colcon_core.package_identification:_identify(src/ros2_tutorials-main/test_move) by extensions ['colcon_pkg']
[0.185s] Level 1:colcon.colcon_core.package_identification:_identify(src/ros2_tutorials-main/test_move) by extension 'colcon_pkg'
[0.185s] Level 1:colcon.colcon_core.package_identification:_identify(src/ros2_tutorials-main/test_move) by extensions ['colcon_meta']
[0.185s] Level 1:colcon.colcon_core.package_identification:_identify(src/ros2_tutorials-main/test_move) by extension 'colcon_meta'
[0.185s] Level 1:colcon.colcon_core.package_identification:_identify(src/ros2_tutorials-main/test_move) by extensions ['ros']
[0.185s] Level 1:colcon.colcon_core.package_identification:_identify(src/ros2_tutorials-main/test_move) by extension 'ros'
[0.186s] DEBUG:colcon.colcon_core.package_identification:Package 'src/ros2_tutorials-main/test_move' with type 'ros.ament_cmake' and name 'test_move'
[0.186s] Level 1:colcon.colcon_core.package_identification:_identify(src/ros2_tutorials-main/visual_pubsub) by extensions ['ignore', 'ignore_ament_install']
[0.186s] Level 1:colcon.colcon_core.package_identification:_identify(src/ros2_tutorials-main/visual_pubsub) by extension 'ignore'
[0.186s] Level 1:colcon.colcon_core.package_identification:_identify(src/ros2_tutorials-main/visual_pubsub) by extension 'ignore_ament_install'
[0.186s] Level 1:colcon.colcon_core.package_identification:_identify(src/ros2_tutorials-main/visual_pubsub) by extensions ['colcon_pkg']
[0.186s] Level 1:colcon.colcon_core.package_identification:_identify(src/ros2_tutorials-main/visual_pubsub) by extension 'colcon_pkg'
[0.186s] Level 1:colcon.colcon_core.package_identification:_identify(src/ros2_tutorials-main/visual_pubsub) by extensions ['colcon_meta']
[0.186s] Level 1:colcon.colcon_core.package_identification:_identify(src/ros2_tutorials-main/visual_pubsub) by extension 'colcon_meta'
[0.186s] Level 1:colcon.colcon_core.package_identification:_identify(src/ros2_tutorials-main/visual_pubsub) by extensions ['ros']
[0.186s] Level 1:colcon.colcon_core.package_identification:_identify(src/ros2_tutorials-main/visual_pubsub) by extension 'ros'
[0.186s] DEBUG:colcon.colcon_core.package_identification:Package 'src/ros2_tutorials-main/visual_pubsub' with type 'ros.ament_python' and name 'visual_pubsub'
[0.186s] Level 1:colcon.colcon_core.package_discovery:discover_packages(recursive) using defaults
[0.186s] Level 1:colcon.colcon_core.package_discovery:discover_packages(ignore) discover
[0.186s] Level 1:colcon.colcon_core.package_discovery:discover_packages(ignore) using defaults
[0.186s] Level 1:colcon.colcon_core.package_discovery:discover_packages(path) discover
[0.186s] Level 1:colcon.colcon_core.package_discovery:discover_packages(path) using defaults
[0.216s] Level 1:colcon.colcon_core.package_discovery:discover_packages(prefix_path) check parameters
[0.216s] Level 1:colcon.colcon_core.package_discovery:discover_packages(prefix_path) discover
[0.217s] DEBUG:colcon.colcon_installed_package_information.package_discovery:Found 6 installed packages in /home/cossio/ejer1_ws/install
[0.218s] DEBUG:colcon.colcon_installed_package_information.package_discovery:Found 9 installed packages in /home/cossio/install
[0.219s] DEBUG:colcon.colcon_installed_package_information.package_discovery:Found 424 installed packages in /opt/ros/humble
[0.220s] Level 1:colcon.colcon_core.package_discovery:discover_packages(prefix_path) using defaults
[0.255s] Level 5:colcon.colcon_core.verb:set package 'cpp_examples' build argument 'cmake_args' from command line to 'None'
[0.255s] Level 5:colcon.colcon_core.verb:set package 'cpp_examples' build argument 'cmake_target' from command line to 'None'
[0.255s] Level 5:colcon.colcon_core.verb:set package 'cpp_examples' build argument 'cmake_target_skip_unavailable' from command line to 'False'
[0.255s] Level 5:colcon.colcon_core.verb:set package 'cpp_examples' build argument 'cmake_clean_cache' from command line to 'False'
[0.255s] Level 5:colcon.colcon_core.verb:set package 'cpp_examples' build argument 'cmake_clean_first' from command line to 'False'
[0.255s] Level 5:colcon.colcon_core.verb:set package 'cpp_examples' build argument 'cmake_force_configure' from command line to 'False'
[0.255s] Level 5:colcon.colcon_core.verb:set package 'cpp_examples' build argument 'ament_cmake_args' from command line to 'None'
[0.256s] Level 5:colcon.colcon_core.verb:set package 'cpp_examples' build argument 'catkin_cmake_args' from command line to 'None'
[0.256s] Level 5:colcon.colcon_core.verb:set package 'cpp_examples' build argument 'catkin_skip_building_tests' from command line to 'False'
[0.256s] DEBUG:colcon.colcon_core.verb:Building package 'cpp_examples' with the following arguments: {'ament_cmake_args': None, 'build_base': '/home/cossio/ejer1_ws/build/cpp_examples', 'catkin_cmake_args': None, 'catkin_skip_building_tests': False, 'cmake_args': None, 'cmake_clean_cache': False, 'cmake_clean_first': False, 'cmake_force_configure': False, 'cmake_target': None, 'cmake_target_skip_unavailable': False, 'install_base': '/home/cossio/ejer1_ws/install/cpp_examples', 'merge_install': False, 'path': '/home/cossio/ejer1_ws/src/ros2_tutorials-main/cpp_examples', 'symlink_install': False, 'test_result_base': None}
[0.256s] Level 5:colcon.colcon_core.verb:set package 'custom_interface' build argument 'cmake_args' from command line to 'None'
[0.256s] Level 5:colcon.colcon_core.verb:set package 'custom_interface' build argument 'cmake_target' from command line to 'None'
[0.256s] Level 5:colcon.colcon_core.verb:set package 'custom_interface' build argument 'cmake_target_skip_unavailable' from command line to 'False'
[0.256s] Level 5:colcon.colcon_core.verb:set package 'custom_interface' build argument 'cmake_clean_cache' from command line to 'False'
[0.256s] Level 5:colcon.colcon_core.verb:set package 'custom_interface' build argument 'cmake_clean_first' from command line to 'False'
[0.256s] Level 5:colcon.colcon_core.verb:set package 'custom_interface' build argument 'cmake_force_configure' from command line to 'False'
[0.256s] Level 5:colcon.colcon_core.verb:set package 'custom_interface' build argument 'ament_cmake_args' from command line to 'None'
[0.256s] Level 5:colcon.colcon_core.verb:set package 'custom_interface' build argument 'catkin_cmake_args' from command line to 'None'
[0.256s] Level 5:colcon.colcon_core.verb:set package 'custom_interface' build argument 'catkin_skip_building_tests' from command line to 'False'
[0.256s] DEBUG:colcon.colcon_core.verb:Building package 'custom_interface' with the following arguments: {'ament_cmake_args': None, 'build_base': '/home/cossio/ejer1_ws/build/custom_interface', 'catkin_cmake_args': None, 'catkin_skip_building_tests': False, 'cmake_args': None, 'cmake_clean_cache': False, 'cmake_clean_first': False, 'cmake_force_configure': False, 'cmake_target': None, 'cmake_target_skip_unavailable': False, 'install_base': '/home/cossio/ejer1_ws/install/custom_interface', 'merge_install': False, 'path': '/home/cossio/ejer1_ws/src/ros2_tutorials-main/custom_interface', 'symlink_install': False, 'test_result_base': None}
[0.256s] Level 5:colcon.colcon_core.verb:set package 'py_examples' build argument 'cmake_args' from command line to 'None'
[0.256s] Level 5:colcon.colcon_core.verb:set package 'py_examples' build argument 'cmake_target' from command line to 'None'
[0.256s] Level 5:colcon.colcon_core.verb:set package 'py_examples' build argument 'cmake_target_skip_unavailable' from command line to 'False'
[0.256s] Level 5:colcon.colcon_core.verb:set package 'py_examples' build argument 'cmake_clean_cache' from command line to 'False'
[0.256s] Level 5:colcon.colcon_core.verb:set package 'py_examples' build argument 'cmake_clean_first' from command line to 'False'
[0.256s] Level 5:colcon.colcon_core.verb:set package 'py_examples' build argument 'cmake_force_configure' from command line to 'False'
[0.256s] Level 5:colcon.colcon_core.verb:set package 'py_examples' build argument 'ament_cmake_args' from command line to 'None'
[0.256s] Level 5:colcon.colcon_core.verb:set package 'py_examples' build argument 'catkin_cmake_args' from command line to 'None'
[0.256s] Level 5:colcon.colcon_core.verb:set package 'py_examples' build argument 'catkin_skip_building_tests' from command line to 'False'
[0.256s] DEBUG:colcon.colcon_core.verb:Building package 'py_examples' with the following arguments: {'ament_cmake_args': None, 'build_base': '/home/cossio/ejer1_ws/build/py_examples', 'catkin_cmake_args': None, 'catkin_skip_building_tests': False, 'cmake_args': None, 'cmake_clean_cache': False, 'cmake_clean_first': False, 'cmake_force_configure': False, 'cmake_target': None, 'cmake_target_skip_unavailable': False, 'install_base': '/home/cossio/ejer1_ws/install/py_examples', 'merge_install': False, 'path': '/home/cossio/ejer1_ws/src/ros2_tutorials-main/py_examples', 'symlink_install': False, 'test_result_base': None}
[0.257s] Level 5:colcon.colcon_core.verb:set package 'robot_description' build argument 'cmake_args' from command line to 'None'
[0.257s] Level 5:colcon.colcon_core.verb:set package 'robot_description' build argument 'cmake_target' from command line to 'None'
[0.257s] Level 5:colcon.colcon_core.verb:set package 'robot_description' build argument 'cmake_target_skip_unavailable' from command line to 'False'
[0.257s] Level 5:colcon.colcon_core.verb:set package 'robot_description' build argument 'cmake_clean_cache' from command line to 'False'
[0.257s] Level 5:colcon.colcon_core.verb:set package 'robot_description' build argument 'cmake_clean_first' from command line to 'False'
[0.257s] Level 5:colcon.colcon_core.verb:set package 'robot_description' build argument 'cmake_force_configure' from command line to 'False'
[0.257s] Level 5:colcon.colcon_core.verb:set package 'robot_description' build argument 'ament_cmake_args' from command line to 'None'
[0.257s] Level 5:colcon.colcon_core.verb:set package 'robot_description' build argument 'catkin_cmake_args' from command line to 'None'
[0.257s] Level 5:colcon.colcon_core.verb:set package 'robot_description' build argument 'catkin_skip_building_tests' from command line to 'False'
[0.257s] DEBUG:colcon.colcon_core.verb:Building package 'robot_description' with the following arguments: {'ament_cmake_args': None, 'build_base': '/home/cossio/ejer1_ws/build/robot_description', 'catkin_cmake_args': None, 'catkin_skip_building_tests': False, 'cmake_args': None, 'cmake_clean_cache': False, 'cmake_clean_first': False, 'cmake_force_configure': False, 'cmake_target': None, 'cmake_target_skip_unavailable': False, 'install_base': '/home/cossio/ejer1_ws/install/robot_description', 'merge_install': False, 'path': '/home/cossio/ejer1_ws/src/ros2_tutorials-main/robot_description', 'symlink_install': False, 'test_result_base': None}
[0.257s] Level 5:colcon.colcon_core.verb:set package 'test_move' build argument 'cmake_args' from command line to 'None'
[0.257s] Level 5:colcon.colcon_core.verb:set package 'test_move' build argument 'cmake_target' from command line to 'None'
[0.257s] Level 5:colcon.colcon_core.verb:set package 'test_move' build argument 'cmake_target_skip_unavailable' from command line to 'False'
[0.257s] Level 5:colcon.colcon_core.verb:set package 'test_move' build argument 'cmake_clean_cache' from command line to 'False'
[0.257s] Level 5:colcon.colcon_core.verb:set package 'test_move' build argument 'cmake_clean_first' from command line to 'False'
[0.257s] Level 5:colcon.colcon_core.verb:set package 'test_move' build argument 'cmake_force_configure' from command line to 'False'
[0.257s] Level 5:colcon.colcon_core.verb:set package 'test_move' build argument 'ament_cmake_args' from command line to 'None'
[0.257s] Level 5:colcon.colcon_core.verb:set package 'test_move' build argument 'catkin_cmake_args' from command line to 'None'
[0.257s] Level 5:colcon.colcon_core.verb:set package 'test_move' build argument 'catkin_skip_building_tests' from command line to 'False'
[0.257s] DEBUG:colcon.colcon_core.verb:Building package 'test_move' with the following arguments: {'ament_cmake_args': None, 'build_base': '/home/cossio/ejer1_ws/build/test_move', 'catkin_cmake_args': None, 'catkin_skip_building_tests': False, 'cmake_args': None, 'cmake_clean_cache': False, 'cmake_clean_first': False, 'cmake_force_configure': False, 'cmake_target': None, 'cmake_target_skip_unavailable': False, 'install_base': '/home/cossio/ejer1_ws/install/test_move', 'merge_install': False, 'path': '/home/cossio/ejer1_ws/src/ros2_tutorials-main/test_move', 'symlink_install': False, 'test_result_base': None}
[0.257s] Level 5:colcon.colcon_core.verb:set package 'visual_pubsub' build argument 'cmake_args' from command line to 'None'
[0.258s] Level 5:colcon.colcon_core.verb:set package 'visual_pubsub' build argument 'cmake_target' from command line to 'None'
[0.258s] Level 5:colcon.colcon_core.verb:set package 'visual_pubsub' build argument 'cmake_target_skip_unavailable' from command line to 'False'
[0.258s] Level 5:colcon.colcon_core.verb:set package 'visual_pubsub' build argument 'cmake_clean_cache' from command line to 'False'
[0.258s] Level 5:colcon.colcon_core.verb:set package 'visual_pubsub' build argument 'cmake_clean_first' from command line to 'False'
[0.258s] Level 5:colcon.colcon_core.verb:set package 'visual_pubsub' build argument 'cmake_force_configure' from command line to 'False'
[0.258s] Level 5:colcon.colcon_core.verb:set package 'visual_pubsub' build argument 'ament_cmake_args' from command line to 'None'
[0.258s] Level 5:colcon.colcon_core.verb:set package 'visual_pubsub' build argument 'catkin_cmake_args' from command line to 'None'
[0.258s] Level 5:colcon.colcon_core.verb:set package 'visual_pubsub' build argument 'catkin_skip_building_tests' from command line to 'False'
[0.258s] DEBUG:colcon.colcon_core.verb:Building package 'visual_pubsub' with the following arguments: {'ament_cmake_args': None, 'build_base': '/home/cossio/ejer1_ws/build/visual_pubsub', 'catkin_cmake_args': None, 'catkin_skip_building_tests': False, 'cmake_args': None, 'cmake_clean_cache': False, 'cmake_clean_first': False, 'cmake_force_configure': False, 'cmake_target': None, 'cmake_target_skip_unavailable': False, 'install_base': '/home/cossio/ejer1_ws/install/visual_pubsub', 'merge_install': False, 'path': '/home/cossio/ejer1_ws/src/ros2_tutorials-main/visual_pubsub', 'symlink_install': False, 'test_result_base': None}
[0.258s] INFO:colcon.colcon_core.executor:Executing jobs using 'parallel' executor
[0.259s] DEBUG:colcon.colcon_parallel_executor.executor.parallel:run_until_complete
[0.259s] INFO:colcon.colcon_ros.task.ament_cmake.build:Building ROS package in '/home/cossio/ejer1_ws/src/ros2_tutorials-main/cpp_examples' with build type 'ament_cmake'
[0.259s] INFO:colcon.colcon_cmake.task.cmake.build:Building CMake package in '/home/cossio/ejer1_ws/src/ros2_tutorials-main/cpp_examples'
[0.261s] INFO:colcon.colcon_core.plugin_system:Skipping extension 'colcon_core.shell.bat': Not used on non-Windows systems
[0.261s] INFO:colcon.colcon_core.shell:Skip shell extension 'powershell' for command environment: Not usable outside of PowerShell
[0.261s] DEBUG:colcon.colcon_core.shell:Skip shell extension 'dsv' for command environment
[0.266s] INFO:colcon.colcon_ros.task.ament_cmake.build:Building ROS package in '/home/cossio/ejer1_ws/src/ros2_tutorials-main/custom_interface' with build type 'ament_cmake'
[0.266s] INFO:colcon.colcon_cmake.task.cmake.build:Building CMake package in '/home/cossio/ejer1_ws/src/ros2_tutorials-main/custom_interface'
[0.267s] INFO:colcon.colcon_core.shell:Skip shell extension 'powershell' for command environment: Not usable outside of PowerShell
[0.267s] DEBUG:colcon.colcon_core.shell:Skip shell extension 'dsv' for command environment
[0.271s] INFO:colcon.colcon_ros.task.ament_python.build:Building ROS package in '/home/cossio/ejer1_ws/src/ros2_tutorials-main/py_examples' with build type 'ament_python'
[0.271s] Level 1:colcon.colcon_core.shell:create_environment_hook('py_examples', 'ament_prefix_path')
[0.271s] INFO:colcon.colcon_core.shell:Creating environment hook '/home/cossio/ejer1_ws/install/py_examples/share/py_examples/hook/ament_prefix_path.ps1'
[0.272s] INFO:colcon.colcon_core.shell:Creating environment descriptor '/home/cossio/ejer1_ws/install/py_examples/share/py_examples/hook/ament_prefix_path.dsv'
[0.272s] INFO:colcon.colcon_core.shell:Creating environment hook '/home/cossio/ejer1_ws/install/py_examples/share/py_examples/hook/ament_prefix_path.sh'
[0.272s] INFO:colcon.colcon_core.shell:Skip shell extension 'powershell' for command environment: Not usable outside of PowerShell
[0.272s] DEBUG:colcon.colcon_core.shell:Skip shell extension 'dsv' for command environment
[0.276s] INFO:colcon.colcon_ros.task.ament_cmake.build:Building ROS package in '/home/cossio/ejer1_ws/src/ros2_tutorials-main/robot_description' with build type 'ament_cmake'
[0.276s] INFO:colcon.colcon_cmake.task.cmake.build:Building CMake package in '/home/cossio/ejer1_ws/src/ros2_tutorials-main/robot_description'
[0.276s] INFO:colcon.colcon_core.shell:Skip shell extension 'powershell' for command environment: Not usable outside of PowerShell
[0.276s] DEBUG:colcon.colcon_core.shell:Skip shell extension 'dsv' for command environment
[0.279s] INFO:colcon.colcon_ros.task.ament_cmake.build:Building ROS package in '/home/cossio/ejer1_ws/src/ros2_tutorials-main/test_move' with build type 'ament_cmake'
[0.280s] INFO:colcon.colcon_cmake.task.cmake.build:Building CMake package in '/home/cossio/ejer1_ws/src/ros2_tutorials-main/test_move'
[0.280s] INFO:colcon.colcon_core.shell:Skip shell extension 'powershell' for command environment: Not usable outside of PowerShell
[0.280s] DEBUG:colcon.colcon_core.shell:Skip shell extension 'dsv' for command environment
[0.283s] INFO:colcon.colcon_ros.task.ament_python.build:Building ROS package in '/home/cossio/ejer1_ws/src/ros2_tutorials-main/visual_pubsub' with build type 'ament_python'
[0.283s] Level 1:colcon.colcon_core.shell:create_environment_hook('visual_pubsub', 'ament_prefix_path')
[0.283s] INFO:colcon.colcon_core.shell:Creating environment hook '/home/cossio/ejer1_ws/install/visual_pubsub/share/visual_pubsub/hook/ament_prefix_path.ps1'
[0.289s] INFO:colcon.colcon_core.shell:Creating environment descriptor '/home/cossio/ejer1_ws/install/visual_pubsub/share/visual_pubsub/hook/ament_prefix_path.dsv'
[0.290s] INFO:colcon.colcon_core.shell:Creating environment hook '/home/cossio/ejer1_ws/install/visual_pubsub/share/visual_pubsub/hook/ament_prefix_path.sh'
[0.291s] INFO:colcon.colcon_core.shell:Skip shell extension 'powershell' for command environment: Not usable outside of PowerShell
[0.291s] DEBUG:colcon.colcon_core.shell:Skip shell extension 'dsv' for command environment
[0.299s] DEBUG:colcon.colcon_core.event_handler.log_command:Invoking command in '/home/cossio/ejer1_ws/build/cpp_examples': CMAKE_PREFIX_PATH=${CMAKE_PREFIX_PATH}:/home/cossio/ejer1_ws/install/visual_pubsub:/home/cossio/ejer1_ws/install/py_examples:/home/cossio/install/turtlebot3_teleop:/opt/ros/humble /usr/bin/cmake --build /home/cossio/ejer1_ws/build/cpp_examples -- -j16 -l16
[0.301s] DEBUG:colcon.colcon_core.event_handler.log_command:Invoking command in '/home/cossio/ejer1_ws/build/custom_interface': CMAKE_PREFIX_PATH=${CMAKE_PREFIX_PATH}:/home/cossio/ejer1_ws/install/visual_pubsub:/home/cossio/ejer1_ws/install/py_examples:/home/cossio/install/turtlebot3_teleop:/opt/ros/humble /usr/bin/cmake --build /home/cossio/ejer1_ws/build/custom_interface -- -j16 -l16
[0.514s] INFO:colcon.colcon_core.task.python.build:Building Python package in '/home/cossio/ejer1_ws/src/ros2_tutorials-main/py_examples'
[0.515s] INFO:colcon.colcon_core.shell:Skip shell extension 'powershell' for command environment: Not usable outside of PowerShell
[0.515s] DEBUG:colcon.colcon_core.shell:Skip shell extension 'dsv' for command environment
[0.521s] DEBUG:colcon.colcon_core.event_handler.log_command:Invoking command in '/home/cossio/ejer1_ws/build/robot_description': CMAKE_PREFIX_PATH=${CMAKE_PREFIX_PATH}:/home/cossio/ejer1_ws/install/visual_pubsub:/home/cossio/ejer1_ws/install/py_examples:/home/cossio/install/turtlebot3_teleop:/opt/ros/humble /usr/bin/cmake --build /home/cossio/ejer1_ws/build/robot_description -- -j16 -l16
[0.523s] DEBUG:colcon.colcon_core.event_handler.log_command:Invoking command in '/home/cossio/ejer1_ws/build/test_move': CMAKE_PREFIX_PATH=${CMAKE_PREFIX_PATH}:/home/cossio/ejer1_ws/install/visual_pubsub:/home/cossio/ejer1_ws/install/py_examples:/home/cossio/install/turtlebot3_teleop:/opt/ros/humble /usr/bin/cmake --build /home/cossio/ejer1_ws/build/test_move -- -j16 -l16
[0.711s] INFO:colcon.colcon_core.task.python.build:Building Python package in '/home/cossio/ejer1_ws/src/ros2_tutorials-main/visual_pubsub'
[0.711s] INFO:colcon.colcon_core.shell:Skip shell extension 'powershell' for command environment: Not usable outside of PowerShell
[0.711s] DEBUG:colcon.colcon_core.shell:Skip shell extension 'dsv' for command environment
[0.716s] DEBUG:colcon.colcon_core.event_handler.log_command:Invoked command in '/home/cossio/ejer1_ws/build/cpp_examples' returned '0': CMAKE_PREFIX_PATH=${CMAKE_PREFIX_PATH}:/home/cossio/ejer1_ws/install/visual_pubsub:/home/cossio/ejer1_ws/install/py_examples:/home/cossio/install/turtlebot3_teleop:/opt/ros/humble /usr/bin/cmake --build /home/cossio/ejer1_ws/build/cpp_examples -- -j16 -l16
[0.727s] DEBUG:colcon.colcon_core.event_handler.log_command:Invoking command in '/home/cossio/ejer1_ws/build/cpp_examples': CMAKE_PREFIX_PATH=${CMAKE_PREFIX_PATH}:/home/cossio/ejer1_ws/install/visual_pubsub:/home/cossio/ejer1_ws/install/py_examples:/home/cossio/install/turtlebot3_teleop:/opt/ros/humble /usr/bin/cmake --install /home/cossio/ejer1_ws/build/cpp_examples
[0.730s] DEBUG:colcon.colcon_core.event_handler.log_command:Invoked command in '/home/cossio/ejer1_ws/build/custom_interface' returned '0': CMAKE_PREFIX_PATH=${CMAKE_PREFIX_PATH}:/home/cossio/ejer1_ws/install/visual_pubsub:/home/cossio/ejer1_ws/install/py_examples:/home/cossio/install/turtlebot3_teleop:/opt/ros/humble /usr/bin/cmake --build /home/cossio/ejer1_ws/build/custom_interface -- -j16 -l16
[0.732s] DEBUG:colcon.colcon_core.event_handler.log_command:Invoking command in '/home/cossio/ejer1_ws/build/custom_interface': CMAKE_PREFIX_PATH=${CMAKE_PREFIX_PATH}:/home/cossio/ejer1_ws/install/visual_pubsub:/home/cossio/ejer1_ws/install/py_examples:/home/cossio/install/turtlebot3_teleop:/opt/ros/humble /usr/bin/cmake --install /home/cossio/ejer1_ws/build/custom_interface
[0.732s] DEBUG:colcon.colcon_core.event_handler.log_command:Invoked command in '/home/cossio/ejer1_ws/build/robot_description' returned '0': CMAKE_PREFIX_PATH=${CMAKE_PREFIX_PATH}:/home/cossio/ejer1_ws/install/visual_pubsub:/home/cossio/ejer1_ws/install/py_examples:/home/cossio/install/turtlebot3_teleop:/opt/ros/humble /usr/bin/cmake --build /home/cossio/ejer1_ws/build/robot_description -- -j16 -l16
[0.733s] DEBUG:colcon.colcon_core.event_handler.log_command:Invoking command in '/home/cossio/ejer1_ws/build/robot_description': CMAKE_PREFIX_PATH=${CMAKE_PREFIX_PATH}:/home/cossio/ejer1_ws/install/visual_pubsub:/home/cossio/ejer1_ws/install/py_examples:/home/cossio/install/turtlebot3_teleop:/opt/ros/humble /usr/bin/cmake --install /home/cossio/ejer1_ws/build/robot_description
[0.734s] DEBUG:colcon.colcon_core.event_handler.log_command:Invoked command in '/home/cossio/ejer1_ws/build/test_move' returned '0': CMAKE_PREFIX_PATH=${CMAKE_PREFIX_PATH}:/home/cossio/ejer1_ws/install/visual_pubsub:/home/cossio/ejer1_ws/install/py_examples:/home/cossio/install/turtlebot3_teleop:/opt/ros/humble /usr/bin/cmake --build /home/cossio/ejer1_ws/build/test_move -- -j16 -l16
[0.736s] DEBUG:colcon.colcon_core.event_handler.log_command:Invoking command in '/home/cossio/ejer1_ws/build/test_move': CMAKE_PREFIX_PATH=${CMAKE_PREFIX_PATH}:/home/cossio/ejer1_ws/install/visual_pubsub:/home/cossio/ejer1_ws/install/py_examples:/home/cossio/install/turtlebot3_teleop:/opt/ros/humble /usr/bin/cmake --install /home/cossio/ejer1_ws/build/test_move
[0.747s] Level 1:colcon.colcon_core.environment:create_environment_scripts_only(cpp_examples)
[0.750s] Level 1:colcon.colcon_core.environment:checking '/home/cossio/ejer1_ws/install/cpp_examples' for CMake module files
[0.750s] DEBUG:colcon.colcon_core.event_handler.log_command:Invoked command in '/home/cossio/ejer1_ws/build/cpp_examples' returned '0': CMAKE_PREFIX_PATH=${CMAKE_PREFIX_PATH}:/home/cossio/ejer1_ws/install/visual_pubsub:/home/cossio/ejer1_ws/install/py_examples:/home/cossio/install/turtlebot3_teleop:/opt/ros/humble /usr/bin/cmake --install /home/cossio/ejer1_ws/build/cpp_examples
[0.751s] Level 1:colcon.colcon_core.environment:checking '/home/cossio/ejer1_ws/install/cpp_examples' for CMake config files
[0.752s] Level 1:colcon.colcon_core.shell:create_environment_hook('cpp_examples', 'cmake_prefix_path')
[0.752s] INFO:colcon.colcon_core.shell:Creating environment hook '/home/cossio/ejer1_ws/install/cpp_examples/share/cpp_examples/hook/cmake_prefix_path.ps1'
[0.753s] INFO:colcon.colcon_core.shell:Creating environment descriptor '/home/cossio/ejer1_ws/install/cpp_examples/share/cpp_examples/hook/cmake_prefix_path.dsv'
[0.753s] INFO:colcon.colcon_core.shell:Creating environment hook '/home/cossio/ejer1_ws/install/cpp_examples/share/cpp_examples/hook/cmake_prefix_path.sh'
[0.755s] Level 1:colcon.colcon_core.environment:checking '/home/cossio/ejer1_ws/install/cpp_examples/lib'
[0.756s] Level 1:colcon.colcon_core.environment:checking '/home/cossio/ejer1_ws/install/cpp_examples/bin'
[0.756s] Level 1:colcon.colcon_core.environment:checking '/home/cossio/ejer1_ws/install/cpp_examples/lib/pkgconfig/cpp_examples.pc'
[0.756s] Level 1:colcon.colcon_core.environment:checking '/home/cossio/ejer1_ws/install/cpp_examples/lib/python3.10/site-packages'
[0.756s] Level 1:colcon.colcon_core.environment:checking '/home/cossio/ejer1_ws/install/cpp_examples/bin'
[0.756s] INFO:colcon.colcon_core.shell:Creating package script '/home/cossio/ejer1_ws/install/cpp_examples/share/cpp_examples/package.ps1'
[0.757s] INFO:colcon.colcon_core.shell:Creating package descriptor '/home/cossio/ejer1_ws/install/cpp_examples/share/cpp_examples/package.dsv'
[0.758s] INFO:colcon.colcon_core.shell:Creating package script '/home/cossio/ejer1_ws/install/cpp_examples/share/cpp_examples/package.sh'
[0.759s] INFO:colcon.colcon_core.shell:Creating package script '/home/cossio/ejer1_ws/install/cpp_examples/share/cpp_examples/package.bash'
[0.760s] INFO:colcon.colcon_core.shell:Creating package script '/home/cossio/ejer1_ws/install/cpp_examples/share/cpp_examples/package.zsh'
[0.760s] Level 1:colcon.colcon_core.environment:create_file_with_runtime_dependencies(/home/cossio/ejer1_ws/install/cpp_examples/share/colcon-core/packages/cpp_examples)
[0.761s] Level 1:colcon.colcon_core.environment:create_environment_scripts_only(cpp_examples)
[0.761s] Level 1:colcon.colcon_core.environment:checking '/home/cossio/ejer1_ws/install/cpp_examples' for CMake module files
[0.761s] Level 1:colcon.colcon_core.environment:checking '/home/cossio/ejer1_ws/install/cpp_examples' for CMake config files
[0.762s] Level 1:colcon.colcon_core.shell:create_environment_hook('cpp_examples', 'cmake_prefix_path')
[0.762s] INFO:colcon.colcon_core.shell:Creating environment hook '/home/cossio/ejer1_ws/install/cpp_examples/share/cpp_examples/hook/cmake_prefix_path.ps1'
[0.762s] INFO:colcon.colcon_core.shell:Creating environment descriptor '/home/cossio/ejer1_ws/install/cpp_examples/share/cpp_examples/hook/cmake_prefix_path.dsv'
[0.762s] INFO:colcon.colcon_core.shell:Creating environment hook '/home/cossio/ejer1_ws/install/cpp_examples/share/cpp_examples/hook/cmake_prefix_path.sh'
[0.763s] Level 1:colcon.colcon_core.environment:checking '/home/cossio/ejer1_ws/install/cpp_examples/lib'
[0.763s] Level 1:colcon.colcon_core.environment:checking '/home/cossio/ejer1_ws/install/cpp_examples/bin'
[0.763s] Level 1:colcon.colcon_core.environment:checking '/home/cossio/ejer1_ws/install/cpp_examples/lib/pkgconfig/cpp_examples.pc'
[0.763s] Level 1:colcon.colcon_core.environment:checking '/home/cossio/ejer1_ws/install/cpp_examples/lib/python3.10/site-packages'
[0.763s] Level 1:colcon.colcon_core.environment:checking '/home/cossio/ejer1_ws/install/cpp_examples/bin'
[0.764s] INFO:colcon.colcon_core.shell:Creating package script '/home/cossio/ejer1_ws/install/cpp_examples/share/cpp_examples/package.ps1'
[0.765s] INFO:colcon.colcon_core.shell:Creating package descriptor '/home/cossio/ejer1_ws/install/cpp_examples/share/cpp_examples/package.dsv'
[0.765s] INFO:colcon.colcon_core.shell:Creating package script '/home/cossio/ejer1_ws/install/cpp_examples/share/cpp_examples/package.sh'
[0.766s] INFO:colcon.colcon_core.shell:Creating package script '/home/cossio/ejer1_ws/install/cpp_examples/share/cpp_examples/package.bash'
[0.766s] INFO:colcon.colcon_core.shell:Creating package script '/home/cossio/ejer1_ws/install/cpp_examples/share/cpp_examples/package.zsh'
[0.766s] Level 1:colcon.colcon_core.environment:create_file_with_runtime_dependencies(/home/cossio/ejer1_ws/install/cpp_examples/share/colcon-core/packages/cpp_examples)
[0.768s] Level 1:colcon.colcon_core.environment:create_environment_scripts_only(test_move)
[0.768s] Level 1:colcon.colcon_core.environment:checking '/home/cossio/ejer1_ws/install/test_move' for CMake module files
[0.769s] DEBUG:colcon.colcon_core.event_handler.log_command:Invoked command in '/home/cossio/ejer1_ws/build/test_move' returned '0': CMAKE_PREFIX_PATH=${CMAKE_PREFIX_PATH}:/home/cossio/ejer1_ws/install/visual_pubsub:/home/cossio/ejer1_ws/install/py_examples:/home/cossio/install/turtlebot3_teleop:/opt/ros/humble /usr/bin/cmake --install /home/cossio/ejer1_ws/build/test_move
[0.770s] Level 1:colcon.colcon_core.environment:checking '/home/cossio/ejer1_ws/install/test_move' for CMake config files
[0.770s] Level 1:colcon.colcon_core.shell:create_environment_hook('test_move', 'cmake_prefix_path')
[0.770s] INFO:colcon.colcon_core.shell:Creating environment hook '/home/cossio/ejer1_ws/install/test_move/share/test_move/hook/cmake_prefix_path.ps1'
[0.770s] INFO:colcon.colcon_core.shell:Creating environment descriptor '/home/cossio/ejer1_ws/install/test_move/share/test_move/hook/cmake_prefix_path.dsv'
[0.770s] INFO:colcon.colcon_core.shell:Creating environment hook '/home/cossio/ejer1_ws/install/test_move/share/test_move/hook/cmake_prefix_path.sh'
[0.771s] Level 1:colcon.colcon_core.environment:checking '/home/cossio/ejer1_ws/install/test_move/lib'
[0.771s] Level 1:colcon.colcon_core.environment:checking '/home/cossio/ejer1_ws/install/test_move/bin'
[0.771s] Level 1:colcon.colcon_core.environment:checking '/home/cossio/ejer1_ws/install/test_move/lib/pkgconfig/test_move.pc'
[0.771s] Level 1:colcon.colcon_core.environment:checking '/home/cossio/ejer1_ws/install/test_move/lib/python3.10/site-packages'
[0.771s] Level 1:colcon.colcon_core.environment:checking '/home/cossio/ejer1_ws/install/test_move/bin'
[0.771s] INFO:colcon.colcon_core.shell:Creating package script '/home/cossio/ejer1_ws/install/test_move/share/test_move/package.ps1'
[0.772s] INFO:colcon.colcon_core.shell:Creating package descriptor '/home/cossio/ejer1_ws/install/test_move/share/test_move/package.dsv'
[0.772s] INFO:colcon.colcon_core.shell:Creating package script '/home/cossio/ejer1_ws/install/test_move/share/test_move/package.sh'
[0.772s] INFO:colcon.colcon_core.shell:Creating package script '/home/cossio/ejer1_ws/install/test_move/share/test_move/package.bash'
[0.773s] INFO:colcon.colcon_core.shell:Creating package script '/home/cossio/ejer1_ws/install/test_move/share/test_move/package.zsh'
[0.773s] Level 1:colcon.colcon_core.environment:create_file_with_runtime_dependencies(/home/cossio/ejer1_ws/install/test_move/share/colcon-core/packages/test_move)
[0.773s] Level 1:colcon.colcon_core.environment:create_environment_scripts_only(test_move)
[0.773s] Level 1:colcon.colcon_core.environment:checking '/home/cossio/ejer1_ws/install/test_move' for CMake module files
[0.774s] Level 1:colcon.colcon_core.environment:checking '/home/cossio/ejer1_ws/install/test_move' for CMake config files
[0.774s] Level 1:colcon.colcon_core.shell:create_environment_hook('test_move', 'cmake_prefix_path')
[0.774s] INFO:colcon.colcon_core.shell:Creating environment hook '/home/cossio/ejer1_ws/install/test_move/share/test_move/hook/cmake_prefix_path.ps1'
[0.774s] INFO:colcon.colcon_core.shell:Creating environment descriptor '/home/cossio/ejer1_ws/install/test_move/share/test_move/hook/cmake_prefix_path.dsv'
[0.774s] INFO:colcon.colcon_core.shell:Creating environment hook '/home/cossio/ejer1_ws/install/test_move/share/test_move/hook/cmake_prefix_path.sh'
[0.775s] Level 1:colcon.colcon_core.environment:checking '/home/cossio/ejer1_ws/install/test_move/lib'
[0.775s] Level 1:colcon.colcon_core.environment:checking '/home/cossio/ejer1_ws/install/test_move/bin'
[0.775s] Level 1:colcon.colcon_core.environment:checking '/home/cossio/ejer1_ws/install/test_move/lib/pkgconfig/test_move.pc'
[0.775s] Level 1:colcon.colcon_core.environment:checking '/home/cossio/ejer1_ws/install/test_move/lib/python3.10/site-packages'
[0.775s] Level 1:colcon.colcon_core.environment:checking '/home/cossio/ejer1_ws/install/test_move/bin'
[0.776s] INFO:colcon.colcon_core.shell:Creating package script '/home/cossio/ejer1_ws/install/test_move/share/test_move/package.ps1'
[0.776s] INFO:colcon.colcon_core.shell:Creating package descriptor '/home/cossio/ejer1_ws/install/test_move/share/test_move/package.dsv'
[0.776s] INFO:colcon.colcon_core.shell:Creating package script '/home/cossio/ejer1_ws/install/test_move/share/test_move/package.sh'
[0.776s] INFO:colcon.colcon_core.shell:Creating package script '/home/cossio/ejer1_ws/install/test_move/share/test_move/package.bash'
[0.777s] INFO:colcon.colcon_core.shell:Creating package script '/home/cossio/ejer1_ws/install/test_move/share/test_move/package.zsh'
[0.777s] Level 1:colcon.colcon_core.environment:create_file_with_runtime_dependencies(/home/cossio/ejer1_ws/install/test_move/share/colcon-core/packages/test_move)
[0.777s] Level 1:colcon.colcon_core.environment:create_environment_scripts_only(robot_description)
[0.777s] Level 1:colcon.colcon_core.environment:checking '/home/cossio/ejer1_ws/install/robot_description' for CMake module files
[0.778s] Level 1:colcon.colcon_core.environment:checking '/home/cossio/ejer1_ws/install/robot_description' for CMake config files
[0.778s] DEBUG:colcon.colcon_core.event_handler.log_command:Invoked command in '/home/cossio/ejer1_ws/build/robot_description' returned '0': CMAKE_PREFIX_PATH=${CMAKE_PREFIX_PATH}:/home/cossio/ejer1_ws/install/visual_pubsub:/home/cossio/ejer1_ws/install/py_examples:/home/cossio/install/turtlebot3_teleop:/opt/ros/humble /usr/bin/cmake --install /home/cossio/ejer1_ws/build/robot_description
[0.779s] Level 1:colcon.colcon_core.shell:create_environment_hook('robot_description', 'cmake_prefix_path')
[0.779s] INFO:colcon.colcon_core.shell:Creating environment hook '/home/cossio/ejer1_ws/install/robot_description/share/robot_description/hook/cmake_prefix_path.ps1'
[0.779s] INFO:colcon.colcon_core.shell:Creating environment descriptor '/home/cossio/ejer1_ws/install/robot_description/share/robot_description/hook/cmake_prefix_path.dsv'
[0.779s] INFO:colcon.colcon_core.shell:Creating environment hook '/home/cossio/ejer1_ws/install/robot_description/share/robot_description/hook/cmake_prefix_path.sh'
[0.780s] Level 1:colcon.colcon_core.environment:checking '/home/cossio/ejer1_ws/install/robot_description/bin'
[0.780s] Level 1:colcon.colcon_core.environment:checking '/home/cossio/ejer1_ws/install/robot_description/lib/pkgconfig/robot_description.pc'
[0.780s] Level 1:colcon.colcon_core.environment:checking '/home/cossio/ejer1_ws/install/robot_description/lib/python3.10/site-packages'
[0.780s] Level 1:colcon.colcon_core.environment:checking '/home/cossio/ejer1_ws/install/robot_description/bin'
[0.780s] INFO:colcon.colcon_core.shell:Creating package script '/home/cossio/ejer1_ws/install/robot_description/share/robot_description/package.ps1'
[0.780s] INFO:colcon.colcon_core.shell:Creating package descriptor '/home/cossio/ejer1_ws/install/robot_description/share/robot_description/package.dsv'
[0.781s] INFO:colcon.colcon_core.shell:Creating package script '/home/cossio/ejer1_ws/install/robot_description/share/robot_description/package.sh'
[0.781s] INFO:colcon.colcon_core.shell:Creating package script '/home/cossio/ejer1_ws/install/robot_description/share/robot_description/package.bash'
[0.781s] INFO:colcon.colcon_core.shell:Creating package script '/home/cossio/ejer1_ws/install/robot_description/share/robot_description/package.zsh'
[0.781s] Level 1:colcon.colcon_core.environment:create_file_with_runtime_dependencies(/home/cossio/ejer1_ws/install/robot_description/share/colcon-core/packages/robot_description)
[0.782s] Level 1:colcon.colcon_core.environment:create_environment_scripts_only(robot_description)
[0.782s] Level 1:colcon.colcon_core.environment:checking '/home/cossio/ejer1_ws/install/robot_description' for CMake module files
[0.782s] Level 1:colcon.colcon_core.environment:checking '/home/cossio/ejer1_ws/install/robot_description' for CMake config files
[0.782s] Level 1:colcon.colcon_core.shell:create_environment_hook('robot_description', 'cmake_prefix_path')
[0.782s] INFO:colcon.colcon_core.shell:Creating environment hook '/home/cossio/ejer1_ws/install/robot_description/share/robot_description/hook/cmake_prefix_path.ps1'
[0.783s] INFO:colcon.colcon_core.shell:Creating environment descriptor '/home/cossio/ejer1_ws/install/robot_description/share/robot_description/hook/cmake_prefix_path.dsv'
[0.783s] INFO:colcon.colcon_core.shell:Creating environment hook '/home/cossio/ejer1_ws/install/robot_description/share/robot_description/hook/cmake_prefix_path.sh'
[0.783s] Level 1:colcon.colcon_core.environment:checking '/home/cossio/ejer1_ws/install/robot_description/bin'
[0.783s] Level 1:colcon.colcon_core.environment:checking '/home/cossio/ejer1_ws/install/robot_description/lib/pkgconfig/robot_description.pc'
[0.784s] Level 1:colcon.colcon_core.environment:checking '/home/cossio/ejer1_ws/install/robot_description/lib/python3.10/site-packages'
[0.784s] Level 1:colcon.colcon_core.environment:checking '/home/cossio/ejer1_ws/install/robot_description/bin'
[0.784s] INFO:colcon.colcon_core.shell:Creating package script '/home/cossio/ejer1_ws/install/robot_description/share/robot_description/package.ps1'
[0.784s] INFO:colcon.colcon_core.shell:Creating package descriptor '/home/cossio/ejer1_ws/install/robot_description/share/robot_description/package.dsv'
[0.784s] INFO:colcon.colcon_core.shell:Creating package script '/home/cossio/ejer1_ws/install/robot_description/share/robot_description/package.sh'
[0.785s] INFO:colcon.colcon_core.shell:Creating package script '/home/cossio/ejer1_ws/install/robot_description/share/robot_description/package.bash'
[0.785s] INFO:colcon.colcon_core.shell:Creating package script '/home/cossio/ejer1_ws/install/robot_description/share/robot_description/package.zsh'
[0.785s] Level 1:colcon.colcon_core.environment:create_file_with_runtime_dependencies(/home/cossio/ejer1_ws/install/robot_description/share/colcon-core/packages/robot_description)
[0.804s] Level 1:colcon.colcon_core.environment:create_environment_scripts_only(custom_interface)
[0.805s] Level 1:colcon.colcon_core.environment:checking '/home/cossio/ejer1_ws/install/custom_interface' for CMake module files
[0.805s] DEBUG:colcon.colcon_core.event_handler.log_command:Invoked command in '/home/cossio/ejer1_ws/build/custom_interface' returned '0': CMAKE_PREFIX_PATH=${CMAKE_PREFIX_PATH}:/home/cossio/ejer1_ws/install/visual_pubsub:/home/cossio/ejer1_ws/install/py_examples:/home/cossio/install/turtlebot3_teleop:/opt/ros/humble /usr/bin/cmake --install /home/cossio/ejer1_ws/build/custom_interface
[0.806s] Level 1:colcon.colcon_core.environment:checking '/home/cossio/ejer1_ws/install/custom_interface' for CMake config files
[0.806s] Level 1:colcon.colcon_core.shell:create_environment_hook('custom_interface', 'cmake_prefix_path')
[0.806s] INFO:colcon.colcon_core.shell:Creating environment hook '/home/cossio/ejer1_ws/install/custom_interface/share/custom_interface/hook/cmake_prefix_path.ps1'
[0.807s] INFO:colcon.colcon_core.shell:Creating environment descriptor '/home/cossio/ejer1_ws/install/custom_interface/share/custom_interface/hook/cmake_prefix_path.dsv'
[0.807s] INFO:colcon.colcon_core.shell:Creating environment hook '/home/cossio/ejer1_ws/install/custom_interface/share/custom_interface/hook/cmake_prefix_path.sh'
[0.807s] Level 1:colcon.colcon_core.environment:checking '/home/cossio/ejer1_ws/install/custom_interface/lib'
[0.807s] Level 1:colcon.colcon_core.shell:create_environment_hook('custom_interface', 'ld_library_path_lib')
[0.808s] INFO:colcon.colcon_core.shell:Creating environment hook '/home/cossio/ejer1_ws/install/custom_interface/share/custom_interface/hook/ld_library_path_lib.ps1'
[0.808s] INFO:colcon.colcon_core.shell:Creating environment descriptor '/home/cossio/ejer1_ws/install/custom_interface/share/custom_interface/hook/ld_library_path_lib.dsv'
[0.808s] INFO:colcon.colcon_core.shell:Creating environment hook '/home/cossio/ejer1_ws/install/custom_interface/share/custom_interface/hook/ld_library_path_lib.sh'
[0.809s] Level 1:colcon.colcon_core.environment:checking '/home/cossio/ejer1_ws/install/custom_interface/bin'
[0.809s] Level 1:colcon.colcon_core.environment:checking '/home/cossio/ejer1_ws/install/custom_interface/lib/pkgconfig/custom_interface.pc'
[0.809s] Level 1:colcon.colcon_core.environment:checking '/home/cossio/ejer1_ws/install/custom_interface/lib/python3.10/site-packages'
[0.809s] Level 1:colcon.colcon_core.environment:checking '/home/cossio/ejer1_ws/install/custom_interface/bin'
[0.809s] INFO:colcon.colcon_core.shell:Creating package script '/home/cossio/ejer1_ws/install/custom_interface/share/custom_interface/package.ps1'
[0.810s] INFO:colcon.colcon_core.shell:Creating package descriptor '/home/cossio/ejer1_ws/install/custom_interface/share/custom_interface/package.dsv'
[0.810s] INFO:colcon.colcon_core.shell:Creating package script '/home/cossio/ejer1_ws/install/custom_interface/share/custom_interface/package.sh'
[0.810s] INFO:colcon.colcon_core.shell:Creating package script '/home/cossio/ejer1_ws/install/custom_interface/share/custom_interface/package.bash'
[0.810s] INFO:colcon.colcon_core.shell:Creating package script '/home/cossio/ejer1_ws/install/custom_interface/share/custom_interface/package.zsh'
[0.810s] Level 1:colcon.colcon_core.environment:create_file_with_runtime_dependencies(/home/cossio/ejer1_ws/install/custom_interface/share/colcon-core/packages/custom_interface)
[0.811s] Level 1:colcon.colcon_core.environment:create_environment_scripts_only(custom_interface)
[0.811s] Level 1:colcon.colcon_core.environment:checking '/home/cossio/ejer1_ws/install/custom_interface' for CMake module files
[0.811s] Level 1:colcon.colcon_core.environment:checking '/home/cossio/ejer1_ws/install/custom_interface' for CMake config files
[0.812s] Level 1:colcon.colcon_core.shell:create_environment_hook('custom_interface', 'cmake_prefix_path')
[0.812s] INFO:colcon.colcon_core.shell:Creating environment hook '/home/cossio/ejer1_ws/install/custom_interface/share/custom_interface/hook/cmake_prefix_path.ps1'
[0.812s] INFO:colcon.colcon_core.shell:Creating environment descriptor '/home/cossio/ejer1_ws/install/custom_interface/share/custom_interface/hook/cmake_prefix_path.dsv'
[0.812s] INFO:colcon.colcon_core.shell:Creating environment hook '/home/cossio/ejer1_ws/install/custom_interface/share/custom_interface/hook/cmake_prefix_path.sh'
[0.812s] Level 1:colcon.colcon_core.environment:checking '/home/cossio/ejer1_ws/install/custom_interface/lib'
[0.812s] Level 1:colcon.colcon_core.shell:create_environment_hook('custom_interface', 'ld_library_path_lib')
[0.813s] INFO:colcon.colcon_core.shell:Creating environment hook '/home/cossio/ejer1_ws/install/custom_interface/share/custom_interface/hook/ld_library_path_lib.ps1'
[0.813s] INFO:colcon.colcon_core.shell:Creating environment descriptor '/home/cossio/ejer1_ws/install/custom_interface/share/custom_interface/hook/ld_library_path_lib.dsv'
[0.813s] INFO:colcon.colcon_core.shell:Creating environment hook '/home/cossio/ejer1_ws/install/custom_interface/share/custom_interface/hook/ld_library_path_lib.sh'
[0.813s] Level 1:colcon.colcon_core.environment:checking '/home/cossio/ejer1_ws/install/custom_interface/bin'
[0.813s] Level 1:colcon.colcon_core.environment:checking '/home/cossio/ejer1_ws/install/custom_interface/lib/pkgconfig/custom_interface.pc'
[0.813s] Level 1:colcon.colcon_core.environment:checking '/home/cossio/ejer1_ws/install/custom_interface/lib/python3.10/site-packages'
[0.813s] Level 1:colcon.colcon_core.environment:checking '/home/cossio/ejer1_ws/install/custom_interface/bin'
[0.814s] INFO:colcon.colcon_core.shell:Creating package script '/home/cossio/ejer1_ws/install/custom_interface/share/custom_interface/package.ps1'
[0.814s] INFO:colcon.colcon_core.shell:Creating package descriptor '/home/cossio/ejer1_ws/install/custom_interface/share/custom_interface/package.dsv'
[0.814s] INFO:colcon.colcon_core.shell:Creating package script '/home/cossio/ejer1_ws/install/custom_interface/share/custom_interface/package.sh'
[0.814s] INFO:colcon.colcon_core.shell:Creating package script '/home/cossio/ejer1_ws/install/custom_interface/share/custom_interface/package.bash'
[0.815s] INFO:colcon.colcon_core.shell:Creating package script '/home/cossio/ejer1_ws/install/custom_interface/share/custom_interface/package.zsh'
[0.815s] Level 1:colcon.colcon_core.environment:create_file_with_runtime_dependencies(/home/cossio/ejer1_ws/install/custom_interface/share/colcon-core/packages/custom_interface)
[1.011s] DEBUG:colcon.colcon_core.event_handler.log_command:Invoking command in '/home/cossio/ejer1_ws/src/ros2_tutorials-main/py_examples': PYTHONPATH=/home/cossio/ejer1_ws/build/py_examples/prefix_override:/usr/lib/python3/dist-packages/colcon_core/task/python/colcon_distutils_commands:/home/cossio/ejer1_ws/install/py_examples/lib/python3.10/site-packages:${PYTHONPATH} /usr/bin/python3 -W ignore:setup.py install is deprecated -W ignore:easy_install command is deprecated setup.py egg_info --egg-base ../../../build/py_examples build --build-base /home/cossio/ejer1_ws/build/py_examples/build install --record /home/cossio/ejer1_ws/build/py_examples/install.log --single-version-externally-managed install_data
[1.012s] DEBUG:colcon.colcon_core.event_handler.log_command:Invoking command in '/home/cossio/ejer1_ws/src/ros2_tutorials-main/visual_pubsub': PYTHONPATH=/home/cossio/ejer1_ws/build/visual_pubsub/prefix_override:/usr/lib/python3/dist-packages/colcon_core/task/python/colcon_distutils_commands:/home/cossio/ejer1_ws/install/visual_pubsub/lib/python3.10/site-packages:${PYTHONPATH} /usr/bin/python3 -W ignore:setup.py install is deprecated -W ignore:easy_install command is deprecated setup.py egg_info --egg-base ../../../build/visual_pubsub build --build-base /home/cossio/ejer1_ws/build/visual_pubsub/build install --record /home/cossio/ejer1_ws/build/visual_pubsub/install.log --single-version-externally-managed install_data
[1.227s] Level 1:colcon.colcon_core.environment:checking '/home/cossio/ejer1_ws/install/visual_pubsub' for CMake module files
[1.227s] DEBUG:colcon.colcon_core.event_handler.log_command:Invoked command in '/home/cossio/ejer1_ws/src/ros2_tutorials-main/visual_pubsub' returned '0': PYTHONPATH=/home/cossio/ejer1_ws/build/visual_pubsub/prefix_override:/usr/lib/python3/dist-packages/colcon_core/task/python/colcon_distutils_commands:/home/cossio/ejer1_ws/install/visual_pubsub/lib/python3.10/site-packages:${PYTHONPATH} /usr/bin/python3 -W ignore:setup.py install is deprecated -W ignore:easy_install command is deprecated setup.py egg_info --egg-base ../../../build/visual_pubsub build --build-base /home/cossio/ejer1_ws/build/visual_pubsub/build install --record /home/cossio/ejer1_ws/build/visual_pubsub/install.log --single-version-externally-managed install_data
[1.228s] Level 1:colcon.colcon_core.environment:checking '/home/cossio/ejer1_ws/install/visual_pubsub' for CMake config files
[1.228s] Level 1:colcon.colcon_core.environment:checking '/home/cossio/ejer1_ws/install/visual_pubsub/lib'
[1.228s] Level 1:colcon.colcon_core.environment:checking '/home/cossio/ejer1_ws/install/visual_pubsub/bin'
[1.228s] Level 1:colcon.colcon_core.environment:checking '/home/cossio/ejer1_ws/install/visual_pubsub/lib/pkgconfig/visual_pubsub.pc'
[1.228s] Level 1:colcon.colcon_core.environment:checking '/home/cossio/ejer1_ws/install/visual_pubsub/lib/python3.10/site-packages'
[1.228s] Level 1:colcon.colcon_core.shell:create_environment_hook('visual_pubsub', 'pythonpath')
[1.228s] INFO:colcon.colcon_core.shell:Creating environment hook '/home/cossio/ejer1_ws/install/visual_pubsub/share/visual_pubsub/hook/pythonpath.ps1'
[1.229s] INFO:colcon.colcon_core.shell:Creating environment descriptor '/home/cossio/ejer1_ws/install/visual_pubsub/share/visual_pubsub/hook/pythonpath.dsv'
[1.229s] INFO:colcon.colcon_core.shell:Creating environment hook '/home/cossio/ejer1_ws/install/visual_pubsub/share/visual_pubsub/hook/pythonpath.sh'
[1.229s] Level 1:colcon.colcon_core.environment:checking '/home/cossio/ejer1_ws/install/visual_pubsub/bin'
[1.229s] Level 1:colcon.colcon_core.environment:create_environment_scripts_only(visual_pubsub)
[1.229s] INFO:colcon.colcon_core.shell:Creating package script '/home/cossio/ejer1_ws/install/visual_pubsub/share/visual_pubsub/package.ps1'
[1.230s] INFO:colcon.colcon_core.shell:Creating package descriptor '/home/cossio/ejer1_ws/install/visual_pubsub/share/visual_pubsub/package.dsv'
[1.230s] INFO:colcon.colcon_core.shell:Creating package script '/home/cossio/ejer1_ws/install/visual_pubsub/share/visual_pubsub/package.sh'
[1.230s] INFO:colcon.colcon_core.shell:Creating package script '/home/cossio/ejer1_ws/install/visual_pubsub/share/visual_pubsub/package.bash'
[1.231s] INFO:colcon.colcon_core.shell:Creating package script '/home/cossio/ejer1_ws/install/visual_pubsub/share/visual_pubsub/package.zsh'
[1.231s] Level 1:colcon.colcon_core.environment:create_file_with_runtime_dependencies(/home/cossio/ejer1_ws/install/visual_pubsub/share/colcon-core/packages/visual_pubsub)
[1.231s] Level 1:colcon.colcon_core.environment:checking '/home/cossio/ejer1_ws/install/py_examples' for CMake module files
[1.232s] DEBUG:colcon.colcon_core.event_handler.log_command:Invoked command in '/home/cossio/ejer1_ws/src/ros2_tutorials-main/py_examples' returned '0': PYTHONPATH=/home/cossio/ejer1_ws/build/py_examples/prefix_override:/usr/lib/python3/dist-packages/colcon_core/task/python/colcon_distutils_commands:/home/cossio/ejer1_ws/install/py_examples/lib/python3.10/site-packages:${PYTHONPATH} /usr/bin/python3 -W ignore:setup.py install is deprecated -W ignore:easy_install command is deprecated setup.py egg_info --egg-base ../../../build/py_examples build --build-base /home/cossio/ejer1_ws/build/py_examples/build install --record /home/cossio/ejer1_ws/build/py_examples/install.log --single-version-externally-managed install_data
[1.232s] Level 1:colcon.colcon_core.environment:checking '/home/cossio/ejer1_ws/install/py_examples' for CMake config files
[1.233s] Level 1:colcon.colcon_core.environment:checking '/home/cossio/ejer1_ws/install/py_examples/lib'
[1.233s] Level 1:colcon.colcon_core.environment:checking '/home/cossio/ejer1_ws/install/py_examples/bin'
[1.233s] Level 1:colcon.colcon_core.environment:checking '/home/cossio/ejer1_ws/install/py_examples/lib/pkgconfig/py_examples.pc'
[1.233s] Level 1:colcon.colcon_core.environment:checking '/home/cossio/ejer1_ws/install/py_examples/lib/python3.10/site-packages'
[1.233s] Level 1:colcon.colcon_core.shell:create_environment_hook('py_examples', 'pythonpath')
[1.233s] INFO:colcon.colcon_core.shell:Creating environment hook '/home/cossio/ejer1_ws/install/py_examples/share/py_examples/hook/pythonpath.ps1'
[1.233s] INFO:colcon.colcon_core.shell:Creating environment descriptor '/home/cossio/ejer1_ws/install/py_examples/share/py_examples/hook/pythonpath.dsv'
[1.234s] INFO:colcon.colcon_core.shell:Creating environment hook '/home/cossio/ejer1_ws/install/py_examples/share/py_examples/hook/pythonpath.sh'
[1.234s] Level 1:colcon.colcon_core.environment:checking '/home/cossio/ejer1_ws/install/py_examples/bin'
[1.234s] Level 1:colcon.colcon_core.environment:create_environment_scripts_only(py_examples)
[1.234s] INFO:colcon.colcon_core.shell:Creating package script '/home/cossio/ejer1_ws/install/py_examples/share/py_examples/package.ps1'
[1.234s] INFO:colcon.colcon_core.shell:Creating package descriptor '/home/cossio/ejer1_ws/install/py_examples/share/py_examples/package.dsv'
[1.235s] INFO:colcon.colcon_core.shell:Creating package script '/home/cossio/ejer1_ws/install/py_examples/share/py_examples/package.sh'
[1.235s] INFO:colcon.colcon_core.shell:Creating package script '/home/cossio/ejer1_ws/install/py_examples/share/py_examples/package.bash'
[1.235s] INFO:colcon.colcon_core.shell:Creating package script '/home/cossio/ejer1_ws/install/py_examples/share/py_examples/package.zsh'
[1.235s] Level 1:colcon.colcon_core.environment:create_file_with_runtime_dependencies(/home/cossio/ejer1_ws/install/py_examples/share/colcon-core/packages/py_examples)
[1.236s] DEBUG:colcon.colcon_parallel_executor.executor.parallel:closing loop
[1.236s] DEBUG:colcon.colcon_parallel_executor.executor.parallel:loop closed
[1.236s] DEBUG:colcon.colcon_parallel_executor.executor.parallel:run_until_complete finished with '0'
[1.236s] DEBUG:colcon.colcon_core.event_reactor:joining thread
[1.241s] INFO:colcon.colcon_core.plugin_system:Skipping extension 'colcon_notification.desktop_notification.terminal_notifier': Not used on non-Darwin systems
[1.241s] INFO:colcon.colcon_core.plugin_system:Skipping extension 'colcon_notification.desktop_notification.win32': Not used on non-Windows systems
[1.241s] INFO:colcon.colcon_notification.desktop_notification:Sending desktop notification using 'notify2'
[1.253s] DEBUG:colcon.colcon_core.event_reactor:joined thread
[1.253s] INFO:colcon.colcon_core.shell:Creating prefix script '/home/cossio/ejer1_ws/install/local_setup.ps1'
[1.254s] INFO:colcon.colcon_core.shell:Creating prefix util module '/home/cossio/ejer1_ws/install/_local_setup_util_ps1.py'
[1.256s] INFO:colcon.colcon_core.shell:Creating prefix chain script '/home/cossio/ejer1_ws/install/setup.ps1'
[1.257s] INFO:colcon.colcon_core.shell:Creating prefix script '/home/cossio/ejer1_ws/install/local_setup.sh'
[1.258s] INFO:colcon.colcon_core.shell:Creating prefix util module '/home/cossio/ejer1_ws/install/_local_setup_util_sh.py'
[1.258s] INFO:colcon.colcon_core.shell:Creating prefix chain script '/home/cossio/ejer1_ws/install/setup.sh'
[1.260s] INFO:colcon.colcon_core.shell:Creating prefix script '/home/cossio/ejer1_ws/install/local_setup.bash'
[1.260s] INFO:colcon.colcon_core.shell:Creating prefix chain script '/home/cossio/ejer1_ws/install/setup.bash'
[1.261s] INFO:colcon.colcon_core.shell:Creating prefix script '/home/cossio/ejer1_ws/install/local_setup.zsh'
[1.262s] INFO:colcon.colcon_core.shell:Creating prefix chain script '/home/cossio/ejer1_ws/install/setup.zsh'
