[0.219s] DEBUG:colcon:Command line arguments: ['/usr/bin/colcon', 'build']
[0.219s] DEBUG:colcon:Parsed command line arguments: Namespace(log_base=None, log_level=None, verb_name='build', build_base='build', install_base='install', merge_install=False, symlink_install=False, test_result_base=None, continue_on_error=False, executor='parallel', parallel_workers=4, event_handlers=None, ignore_user_meta=False, metas=['./colcon.meta'], base_paths=['.'], packages_ignore=None, packages_ignore_regex=None, paths=None, packages_up_to=None, packages_up_to_regex=None, packages_above=None, packages_above_and_dependencies=None, packages_above_depth=None, packages_select_by_dep=None, packages_skip_by_dep=None, packages_skip_up_to=None, packages_select_build_failed=False, packages_skip_build_finished=False, packages_select_test_failures=False, packages_skip_test_passed=False, packages_select=None, packages_skip=None, packages_select_regex=None, packages_skip_regex=None, packages_start=None, packages_end=None, allow_overriding=[], cmake_args=None, cmake_target=None, cmake_target_skip_unavailable=False, cmake_clean_cache=False, cmake_clean_first=False, cmake_force_configure=False, ament_cmake_args=None, catkin_cmake_args=None, catkin_skip_building_tests=False, mixin_files=None, mixin=None, verb_parser=<colcon_mixin.mixin.mixin_argument.MixinArgumentDecorator object at 0x7a459a3493f0>, verb_extension=<colcon_core.verb.build.BuildVerb object at 0x7a459a4beaa0>, main=<bound method BuildVerb.main of <colcon_core.verb.build.BuildVerb object at 0x7a459a4beaa0>>, mixin_verb=('build',))
[0.470s] Level 1:colcon.colcon_core.package_discovery:discover_packages(colcon_meta) check parameters
[0.470s] Level 1:colcon.colcon_core.package_discovery:discover_packages(recursive) check parameters
[0.470s] Level 1:colcon.colcon_core.package_discovery:discover_packages(ignore) check parameters
[0.470s] Level 1:colcon.colcon_core.package_discovery:discover_packages(path) check parameters
[0.470s] Level 1:colcon.colcon_core.package_discovery:discover_packages(colcon_meta) discover
[0.470s] Level 1:colcon.colcon_core.package_discovery:discover_packages(recursive) discover
[0.471s] INFO:colcon.colcon_core.package_discovery:Crawling recursively for packages in '/home/fab/ejer2_ws'
[0.471s] Level 1:colcon.colcon_core.package_identification:_identify(.) by extensions ['ignore', 'ignore_ament_install']
[0.471s] Level 1:colcon.colcon_core.package_identification:_identify(.) by extension 'ignore'
[0.471s] Level 1:colcon.colcon_core.package_identification:_identify(.) by extension 'ignore_ament_install'
[0.471s] Level 1:colcon.colcon_core.package_identification:_identify(.) by extensions ['colcon_pkg']
[0.471s] Level 1:colcon.colcon_core.package_identification:_identify(.) by extension 'colcon_pkg'
[0.471s] Level 1:colcon.colcon_core.package_identification:_identify(.) by extensions ['colcon_meta']
[0.471s] Level 1:colcon.colcon_core.package_identification:_identify(.) by extension 'colcon_meta'
[0.471s] Level 1:colcon.colcon_core.package_identification:_identify(.) by extensions ['ros']
[0.471s] Level 1:colcon.colcon_core.package_identification:_identify(.) by extension 'ros'
[0.488s] Level 1:colcon.colcon_core.package_identification:_identify(.) by extensions ['cmake', 'python']
[0.488s] Level 1:colcon.colcon_core.package_identification:_identify(.) by extension 'cmake'
[0.488s] Level 1:colcon.colcon_core.package_identification:_identify(.) by extension 'python'
[0.488s] Level 1:colcon.colcon_core.package_identification:_identify(.) by extensions ['python_setup_py']
[0.488s] Level 1:colcon.colcon_core.package_identification:_identify(.) by extension 'python_setup_py'
[0.488s] Level 1:colcon.colcon_core.package_identification:_identify(build) by extensions ['ignore', 'ignore_ament_install']
[0.488s] Level 1:colcon.colcon_core.package_identification:_identify(build) by extension 'ignore'
[0.488s] Level 1:colcon.colcon_core.package_identification:_identify(build) ignored
[0.489s] Level 1:colcon.colcon_core.package_identification:_identify(install) by extensions ['ignore', 'ignore_ament_install']
[0.489s] Level 1:colcon.colcon_core.package_identification:_identify(install) by extension 'ignore'
[0.489s] Level 1:colcon.colcon_core.package_identification:_identify(install) ignored
[0.489s] Level 1:colcon.colcon_core.package_identification:_identify(log) by extensions ['ignore', 'ignore_ament_install']
[0.489s] Level 1:colcon.colcon_core.package_identification:_identify(log) by extension 'ignore'
[0.489s] Level 1:colcon.colcon_core.package_identification:_identify(log) ignored
[0.489s] Level 1:colcon.colcon_core.package_identification:_identify(src) by extensions ['ignore', 'ignore_ament_install']
[0.489s] Level 1:colcon.colcon_core.package_identification:_identify(src) by extension 'ignore'
[0.490s] Level 1:colcon.colcon_core.package_identification:_identify(src) by extension 'ignore_ament_install'
[0.490s] Level 1:colcon.colcon_core.package_identification:_identify(src) by extensions ['colcon_pkg']
[0.490s] Level 1:colcon.colcon_core.package_identification:_identify(src) by extension 'colcon_pkg'
[0.490s] Level 1:colcon.colcon_core.package_identification:_identify(src) by extensions ['colcon_meta']
[0.490s] Level 1:colcon.colcon_core.package_identification:_identify(src) by extension 'colcon_meta'
[0.490s] Level 1:colcon.colcon_core.package_identification:_identify(src) by extensions ['ros']
[0.490s] Level 1:colcon.colcon_core.package_identification:_identify(src) by extension 'ros'
[0.490s] Level 1:colcon.colcon_core.package_identification:_identify(src) by extensions ['cmake', 'python']
[0.490s] Level 1:colcon.colcon_core.package_identification:_identify(src) by extension 'cmake'
[0.490s] Level 1:colcon.colcon_core.package_identification:_identify(src) by extension 'python'
[0.490s] Level 1:colcon.colcon_core.package_identification:_identify(src) by extensions ['python_setup_py']
[0.490s] Level 1:colcon.colcon_core.package_identification:_identify(src) by extension 'python_setup_py'
[0.490s] Level 1:colcon.colcon_core.package_identification:_identify(src/interfaces) by extensions ['ignore', 'ignore_ament_install']
[0.491s] Level 1:colcon.colcon_core.package_identification:_identify(src/interfaces) by extension 'ignore'
[0.491s] Level 1:colcon.colcon_core.package_identification:_identify(src/interfaces) by extension 'ignore_ament_install'
[0.491s] Level 1:colcon.colcon_core.package_identification:_identify(src/interfaces) by extensions ['colcon_pkg']
[0.491s] Level 1:colcon.colcon_core.package_identification:_identify(src/interfaces) by extension 'colcon_pkg'
[0.491s] Level 1:colcon.colcon_core.package_identification:_identify(src/interfaces) by extensions ['colcon_meta']
[0.491s] Level 1:colcon.colcon_core.package_identification:_identify(src/interfaces) by extension 'colcon_meta'
[0.491s] Level 1:colcon.colcon_core.package_identification:_identify(src/interfaces) by extensions ['ros']
[0.491s] Level 1:colcon.colcon_core.package_identification:_identify(src/interfaces) by extension 'ros'
[0.495s] DEBUG:colcon.colcon_core.package_identification:Package 'src/interfaces' with type 'ros.ament_cmake' and name 'interfaces'
[0.495s] Level 1:colcon.colcon_core.package_identification:_identify(src/pubsub) by extensions ['ignore', 'ignore_ament_install']
[0.495s] Level 1:colcon.colcon_core.package_identification:_identify(src/pubsub) by extension 'ignore'
[0.495s] Level 1:colcon.colcon_core.package_identification:_identify(src/pubsub) by extension 'ignore_ament_install'
[0.495s] Level 1:colcon.colcon_core.package_identification:_identify(src/pubsub) by extensions ['colcon_pkg']
[0.495s] Level 1:colcon.colcon_core.package_identification:_identify(src/pubsub) by extension 'colcon_pkg'
[0.495s] Level 1:colcon.colcon_core.package_identification:_identify(src/pubsub) by extensions ['colcon_meta']
[0.495s] Level 1:colcon.colcon_core.package_identification:_identify(src/pubsub) by extension 'colcon_meta'
[0.495s] Level 1:colcon.colcon_core.package_identification:_identify(src/pubsub) by extensions ['ros']
[0.496s] Level 1:colcon.colcon_core.package_identification:_identify(src/pubsub) by extension 'ros'
[0.497s] DEBUG:colcon.colcon_core.package_identification:Package 'src/pubsub' with type 'ros.ament_python' and name 'pubsub'
[0.497s] Level 1:colcon.colcon_core.package_discovery:discover_packages(recursive) using defaults
[0.497s] Level 1:colcon.colcon_core.package_discovery:discover_packages(ignore) discover
[0.497s] Level 1:colcon.colcon_core.package_discovery:discover_packages(ignore) using defaults
[0.497s] Level 1:colcon.colcon_core.package_discovery:discover_packages(path) discover
[0.497s] Level 1:colcon.colcon_core.package_discovery:discover_packages(path) using defaults
[0.547s] Level 1:colcon.colcon_core.package_discovery:discover_packages(prefix_path) check parameters
[0.547s] Level 1:colcon.colcon_core.package_discovery:discover_packages(prefix_path) discover
[0.550s] DEBUG:colcon.colcon_installed_package_information.package_discovery:Found 2 installed packages in /home/fab/ejer2_ws/install
[0.552s] DEBUG:colcon.colcon_installed_package_information.package_discovery:Found 271 installed packages in /opt/ros/humble
[0.555s] Level 1:colcon.colcon_core.package_discovery:discover_packages(prefix_path) using defaults
[0.614s] Level 5:colcon.colcon_core.verb:set package 'interfaces' build argument 'cmake_args' from command line to 'None'
[0.614s] Level 5:colcon.colcon_core.verb:set package 'interfaces' build argument 'cmake_target' from command line to 'None'
[0.614s] Level 5:colcon.colcon_core.verb:set package 'interfaces' build argument 'cmake_target_skip_unavailable' from command line to 'False'
[0.614s] Level 5:colcon.colcon_core.verb:set package 'interfaces' build argument 'cmake_clean_cache' from command line to 'False'
[0.614s] Level 5:colcon.colcon_core.verb:set package 'interfaces' build argument 'cmake_clean_first' from command line to 'False'
[0.614s] Level 5:colcon.colcon_core.verb:set package 'interfaces' build argument 'cmake_force_configure' from command line to 'False'
[0.614s] Level 5:colcon.colcon_core.verb:set package 'interfaces' build argument 'ament_cmake_args' from command line to 'None'
[0.614s] Level 5:colcon.colcon_core.verb:set package 'interfaces' build argument 'catkin_cmake_args' from command line to 'None'
[0.614s] Level 5:colcon.colcon_core.verb:set package 'interfaces' build argument 'catkin_skip_building_tests' from command line to 'False'
[0.614s] DEBUG:colcon.colcon_core.verb:Building package 'interfaces' with the following arguments: {'ament_cmake_args': None, 'build_base': '/home/fab/ejer2_ws/build/interfaces', 'catkin_cmake_args': None, 'catkin_skip_building_tests': False, 'cmake_args': None, 'cmake_clean_cache': False, 'cmake_clean_first': False, 'cmake_force_configure': False, 'cmake_target': None, 'cmake_target_skip_unavailable': False, 'install_base': '/home/fab/ejer2_ws/install/interfaces', 'merge_install': False, 'path': '/home/fab/ejer2_ws/src/interfaces', 'symlink_install': False, 'test_result_base': None}
[0.615s] Level 5:colcon.colcon_core.verb:set package 'pubsub' build argument 'cmake_args' from command line to 'None'
[0.615s] Level 5:colcon.colcon_core.verb:set package 'pubsub' build argument 'cmake_target' from command line to 'None'
[0.615s] Level 5:colcon.colcon_core.verb:set package 'pubsub' build argument 'cmake_target_skip_unavailable' from command line to 'False'
[0.615s] Level 5:colcon.colcon_core.verb:set package 'pubsub' build argument 'cmake_clean_cache' from command line to 'False'
[0.615s] Level 5:colcon.colcon_core.verb:set package 'pubsub' build argument 'cmake_clean_first' from command line to 'False'
[0.615s] Level 5:colcon.colcon_core.verb:set package 'pubsub' build argument 'cmake_force_configure' from command line to 'False'
[0.615s] Level 5:colcon.colcon_core.verb:set package 'pubsub' build argument 'ament_cmake_args' from command line to 'None'
[0.615s] Level 5:colcon.colcon_core.verb:set package 'pubsub' build argument 'catkin_cmake_args' from command line to 'None'
[0.615s] Level 5:colcon.colcon_core.verb:set package 'pubsub' build argument 'catkin_skip_building_tests' from command line to 'False'
[0.615s] DEBUG:colcon.colcon_core.verb:Building package 'pubsub' with the following arguments: {'ament_cmake_args': None, 'build_base': '/home/fab/ejer2_ws/build/pubsub', 'catkin_cmake_args': None, 'catkin_skip_building_tests': False, 'cmake_args': None, 'cmake_clean_cache': False, 'cmake_clean_first': False, 'cmake_force_configure': False, 'cmake_target': None, 'cmake_target_skip_unavailable': False, 'install_base': '/home/fab/ejer2_ws/install/pubsub', 'merge_install': False, 'path': '/home/fab/ejer2_ws/src/pubsub', 'symlink_install': False, 'test_result_base': None}
[0.616s] INFO:colcon.colcon_core.executor:Executing jobs using 'parallel' executor
[0.617s] DEBUG:colcon.colcon_parallel_executor.executor.parallel:run_until_complete
[0.618s] INFO:colcon.colcon_ros.task.ament_cmake.build:Building ROS package in '/home/fab/ejer2_ws/src/interfaces' with build type 'ament_cmake'
[0.618s] INFO:colcon.colcon_cmake.task.cmake.build:Building CMake package in '/home/fab/ejer2_ws/src/interfaces'
[0.621s] INFO:colcon.colcon_core.plugin_system:Skipping extension 'colcon_core.shell.bat': Not used on non-Windows systems
[0.621s] INFO:colcon.colcon_core.shell:Skip shell extension 'powershell' for command environment: Not usable outside of PowerShell
[0.622s] DEBUG:colcon.colcon_core.shell:Skip shell extension 'dsv' for command environment
[0.628s] INFO:colcon.colcon_ros.task.ament_python.build:Building ROS package in '/home/fab/ejer2_ws/src/pubsub' with build type 'ament_python'
[0.629s] Level 1:colcon.colcon_core.shell:create_environment_hook('pubsub', 'ament_prefix_path')
[0.630s] INFO:colcon.colcon_core.shell:Creating environment hook '/home/fab/ejer2_ws/install/pubsub/share/pubsub/hook/ament_prefix_path.ps1'
[0.632s] INFO:colcon.colcon_core.shell:Creating environment descriptor '/home/fab/ejer2_ws/install/pubsub/share/pubsub/hook/ament_prefix_path.dsv'
[0.633s] INFO:colcon.colcon_core.shell:Creating environment hook '/home/fab/ejer2_ws/install/pubsub/share/pubsub/hook/ament_prefix_path.sh'
[0.634s] INFO:colcon.colcon_core.shell:Skip shell extension 'powershell' for command environment: Not usable outside of PowerShell
[0.635s] DEBUG:colcon.colcon_core.shell:Skip shell extension 'dsv' for command environment
[0.649s] DEBUG:colcon.colcon_core.event_handler.log_command:Invoking command in '/home/fab/ejer2_ws/build/interfaces': CMAKE_PREFIX_PATH=/home/fab/ejer2_ws/install/pubsub:/opt/ros/humble /usr/bin/cmake --build /home/fab/ejer2_ws/build/interfaces -- -j4 -l4
[1.118s] INFO:colcon.colcon_core.task.python.build:Building Python package in '/home/fab/ejer2_ws/src/pubsub'
[1.120s] INFO:colcon.colcon_core.shell:Skip shell extension 'powershell' for command environment: Not usable outside of PowerShell
[1.120s] DEBUG:colcon.colcon_core.shell:Skip shell extension 'dsv' for command environment
[1.707s] DEBUG:colcon.colcon_core.event_handler.log_command:Invoking command in '/home/fab/ejer2_ws/src/pubsub': PYTHONPATH=/home/fab/ejer2_ws/build/pubsub/prefix_override:/usr/lib/python3/dist-packages/colcon_core/task/python/colcon_distutils_commands:/home/fab/ejer2_ws/install/pubsub/lib/python3.10/site-packages:${PYTHONPATH} /usr/bin/python3 -W ignore:setup.py install is deprecated -W ignore:easy_install command is deprecated setup.py egg_info --egg-base ../../build/pubsub build --build-base /home/fab/ejer2_ws/build/pubsub/build install --record /home/fab/ejer2_ws/build/pubsub/install.log --single-version-externally-managed install_data
[2.240s] DEBUG:colcon.colcon_core.event_handler.log_command:Invoked command in '/home/fab/ejer2_ws/src/pubsub' returned '0': PYTHONPATH=/home/fab/ejer2_ws/build/pubsub/prefix_override:/usr/lib/python3/dist-packages/colcon_core/task/python/colcon_distutils_commands:/home/fab/ejer2_ws/install/pubsub/lib/python3.10/site-packages:${PYTHONPATH} /usr/bin/python3 -W ignore:setup.py install is deprecated -W ignore:easy_install command is deprecated setup.py egg_info --egg-base ../../build/pubsub build --build-base /home/fab/ejer2_ws/build/pubsub/build install --record /home/fab/ejer2_ws/build/pubsub/install.log --single-version-externally-managed install_data
[2.244s] Level 1:colcon.colcon_core.environment:checking '/home/fab/ejer2_ws/install/pubsub' for CMake module files
[2.244s] Level 1:colcon.colcon_core.environment:checking '/home/fab/ejer2_ws/install/pubsub' for CMake config files
[2.246s] Level 1:colcon.colcon_core.environment:checking '/home/fab/ejer2_ws/install/pubsub/lib'
[2.246s] Level 1:colcon.colcon_core.environment:checking '/home/fab/ejer2_ws/install/pubsub/bin'
[2.246s] Level 1:colcon.colcon_core.environment:checking '/home/fab/ejer2_ws/install/pubsub/lib/pkgconfig/pubsub.pc'
[2.247s] Level 1:colcon.colcon_core.environment:checking '/home/fab/ejer2_ws/install/pubsub/lib/python3.10/site-packages'
[2.247s] Level 1:colcon.colcon_core.shell:create_environment_hook('pubsub', 'pythonpath')
[2.247s] INFO:colcon.colcon_core.shell:Creating environment hook '/home/fab/ejer2_ws/install/pubsub/share/pubsub/hook/pythonpath.ps1'
[2.248s] INFO:colcon.colcon_core.shell:Creating environment descriptor '/home/fab/ejer2_ws/install/pubsub/share/pubsub/hook/pythonpath.dsv'
[2.249s] INFO:colcon.colcon_core.shell:Creating environment hook '/home/fab/ejer2_ws/install/pubsub/share/pubsub/hook/pythonpath.sh'
[2.250s] Level 1:colcon.colcon_core.environment:checking '/home/fab/ejer2_ws/install/pubsub/bin'
[2.250s] Level 1:colcon.colcon_core.environment:create_environment_scripts_only(pubsub)
[2.251s] INFO:colcon.colcon_core.shell:Creating package script '/home/fab/ejer2_ws/install/pubsub/share/pubsub/package.ps1'
[2.253s] INFO:colcon.colcon_core.shell:Creating package descriptor '/home/fab/ejer2_ws/install/pubsub/share/pubsub/package.dsv'
[2.254s] INFO:colcon.colcon_core.shell:Creating package script '/home/fab/ejer2_ws/install/pubsub/share/pubsub/package.sh'
[2.255s] INFO:colcon.colcon_core.shell:Creating package script '/home/fab/ejer2_ws/install/pubsub/share/pubsub/package.bash'
[2.257s] INFO:colcon.colcon_core.shell:Creating package script '/home/fab/ejer2_ws/install/pubsub/share/pubsub/package.zsh'
[2.260s] Level 1:colcon.colcon_core.environment:create_file_with_runtime_dependencies(/home/fab/ejer2_ws/install/pubsub/share/colcon-core/packages/pubsub)
[8.052s] DEBUG:colcon.colcon_core.event_handler.log_command:Invoked command in '/home/fab/ejer2_ws/build/interfaces' returned '0': CMAKE_PREFIX_PATH=/home/fab/ejer2_ws/install/pubsub:/opt/ros/humble /usr/bin/cmake --build /home/fab/ejer2_ws/build/interfaces -- -j4 -l4
[8.067s] DEBUG:colcon.colcon_core.event_handler.log_command:Invoking command in '/home/fab/ejer2_ws/build/interfaces': CMAKE_PREFIX_PATH=/home/fab/ejer2_ws/install/pubsub:/opt/ros/humble /usr/bin/cmake --install /home/fab/ejer2_ws/build/interfaces
[8.176s] Level 1:colcon.colcon_core.environment:create_environment_scripts_only(interfaces)
[8.177s] Level 1:colcon.colcon_core.environment:checking '/home/fab/ejer2_ws/install/interfaces' for CMake module files
[8.178s] DEBUG:colcon.colcon_core.event_handler.log_command:Invoked command in '/home/fab/ejer2_ws/build/interfaces' returned '0': CMAKE_PREFIX_PATH=/home/fab/ejer2_ws/install/pubsub:/opt/ros/humble /usr/bin/cmake --install /home/fab/ejer2_ws/build/interfaces
[8.180s] Level 1:colcon.colcon_core.environment:checking '/home/fab/ejer2_ws/install/interfaces' for CMake config files
[8.181s] Level 1:colcon.colcon_core.shell:create_environment_hook('interfaces', 'cmake_prefix_path')
[8.182s] INFO:colcon.colcon_core.shell:Creating environment hook '/home/fab/ejer2_ws/install/interfaces/share/interfaces/hook/cmake_prefix_path.ps1'
[8.183s] INFO:colcon.colcon_core.shell:Creating environment descriptor '/home/fab/ejer2_ws/install/interfaces/share/interfaces/hook/cmake_prefix_path.dsv'
[8.184s] INFO:colcon.colcon_core.shell:Creating environment hook '/home/fab/ejer2_ws/install/interfaces/share/interfaces/hook/cmake_prefix_path.sh'
[8.185s] Level 1:colcon.colcon_core.environment:checking '/home/fab/ejer2_ws/install/interfaces/lib'
[8.185s] Level 1:colcon.colcon_core.shell:create_environment_hook('interfaces', 'ld_library_path_lib')
[8.186s] INFO:colcon.colcon_core.shell:Creating environment hook '/home/fab/ejer2_ws/install/interfaces/share/interfaces/hook/ld_library_path_lib.ps1'
[8.187s] INFO:colcon.colcon_core.shell:Creating environment descriptor '/home/fab/ejer2_ws/install/interfaces/share/interfaces/hook/ld_library_path_lib.dsv'
[8.187s] INFO:colcon.colcon_core.shell:Creating environment hook '/home/fab/ejer2_ws/install/interfaces/share/interfaces/hook/ld_library_path_lib.sh'
[8.188s] Level 1:colcon.colcon_core.environment:checking '/home/fab/ejer2_ws/install/interfaces/bin'
[8.188s] Level 1:colcon.colcon_core.environment:checking '/home/fab/ejer2_ws/install/interfaces/lib/pkgconfig/interfaces.pc'
[8.189s] Level 1:colcon.colcon_core.environment:checking '/home/fab/ejer2_ws/install/interfaces/lib/python3.10/site-packages'
[8.190s] Level 1:colcon.colcon_core.environment:checking '/home/fab/ejer2_ws/install/interfaces/bin'
[8.191s] INFO:colcon.colcon_core.shell:Creating package script '/home/fab/ejer2_ws/install/interfaces/share/interfaces/package.ps1'
[8.192s] INFO:colcon.colcon_core.shell:Creating package descriptor '/home/fab/ejer2_ws/install/interfaces/share/interfaces/package.dsv'
[8.193s] INFO:colcon.colcon_core.shell:Creating package script '/home/fab/ejer2_ws/install/interfaces/share/interfaces/package.sh'
[8.194s] INFO:colcon.colcon_core.shell:Creating package script '/home/fab/ejer2_ws/install/interfaces/share/interfaces/package.bash'
[8.196s] INFO:colcon.colcon_core.shell:Creating package script '/home/fab/ejer2_ws/install/interfaces/share/interfaces/package.zsh'
[8.197s] Level 1:colcon.colcon_core.environment:create_file_with_runtime_dependencies(/home/fab/ejer2_ws/install/interfaces/share/colcon-core/packages/interfaces)
[8.198s] Level 1:colcon.colcon_core.environment:create_environment_scripts_only(interfaces)
[8.199s] Level 1:colcon.colcon_core.environment:checking '/home/fab/ejer2_ws/install/interfaces' for CMake module files
[8.201s] Level 1:colcon.colcon_core.environment:checking '/home/fab/ejer2_ws/install/interfaces' for CMake config files
[8.201s] Level 1:colcon.colcon_core.shell:create_environment_hook('interfaces', 'cmake_prefix_path')
[8.202s] INFO:colcon.colcon_core.shell:Creating environment hook '/home/fab/ejer2_ws/install/interfaces/share/interfaces/hook/cmake_prefix_path.ps1'
[8.203s] INFO:colcon.colcon_core.shell:Creating environment descriptor '/home/fab/ejer2_ws/install/interfaces/share/interfaces/hook/cmake_prefix_path.dsv'
[8.203s] INFO:colcon.colcon_core.shell:Creating environment hook '/home/fab/ejer2_ws/install/interfaces/share/interfaces/hook/cmake_prefix_path.sh'
[8.204s] Level 1:colcon.colcon_core.environment:checking '/home/fab/ejer2_ws/install/interfaces/lib'
[8.205s] Level 1:colcon.colcon_core.shell:create_environment_hook('interfaces', 'ld_library_path_lib')
[8.205s] INFO:colcon.colcon_core.shell:Creating environment hook '/home/fab/ejer2_ws/install/interfaces/share/interfaces/hook/ld_library_path_lib.ps1'
[8.206s] INFO:colcon.colcon_core.shell:Creating environment descriptor '/home/fab/ejer2_ws/install/interfaces/share/interfaces/hook/ld_library_path_lib.dsv'
[8.206s] INFO:colcon.colcon_core.shell:Creating environment hook '/home/fab/ejer2_ws/install/interfaces/share/interfaces/hook/ld_library_path_lib.sh'
[8.207s] Level 1:colcon.colcon_core.environment:checking '/home/fab/ejer2_ws/install/interfaces/bin'
[8.207s] Level 1:colcon.colcon_core.environment:checking '/home/fab/ejer2_ws/install/interfaces/lib/pkgconfig/interfaces.pc'
[8.208s] Level 1:colcon.colcon_core.environment:checking '/home/fab/ejer2_ws/install/interfaces/lib/python3.10/site-packages'
[8.209s] Level 1:colcon.colcon_core.environment:checking '/home/fab/ejer2_ws/install/interfaces/bin'
[8.210s] INFO:colcon.colcon_core.shell:Creating package script '/home/fab/ejer2_ws/install/interfaces/share/interfaces/package.ps1'
[8.213s] INFO:colcon.colcon_core.shell:Creating package descriptor '/home/fab/ejer2_ws/install/interfaces/share/interfaces/package.dsv'
[8.214s] INFO:colcon.colcon_core.shell:Creating package script '/home/fab/ejer2_ws/install/interfaces/share/interfaces/package.sh'
[8.215s] INFO:colcon.colcon_core.shell:Creating package script '/home/fab/ejer2_ws/install/interfaces/share/interfaces/package.bash'
[8.216s] INFO:colcon.colcon_core.shell:Creating package script '/home/fab/ejer2_ws/install/interfaces/share/interfaces/package.zsh'
[8.217s] Level 1:colcon.colcon_core.environment:create_file_with_runtime_dependencies(/home/fab/ejer2_ws/install/interfaces/share/colcon-core/packages/interfaces)
[8.218s] DEBUG:colcon.colcon_parallel_executor.executor.parallel:closing loop
[8.218s] DEBUG:colcon.colcon_parallel_executor.executor.parallel:loop closed
[8.219s] DEBUG:colcon.colcon_parallel_executor.executor.parallel:run_until_complete finished with '0'
[8.219s] DEBUG:colcon.colcon_core.event_reactor:joining thread
[8.227s] INFO:colcon.colcon_core.plugin_system:Skipping extension 'colcon_notification.desktop_notification.terminal_notifier': Not used on non-Darwin systems
[8.227s] INFO:colcon.colcon_core.plugin_system:Skipping extension 'colcon_notification.desktop_notification.win32': Not used on non-Windows systems
[8.227s] INFO:colcon.colcon_notification.desktop_notification:Sending desktop notification using 'notify2'
[8.252s] DEBUG:colcon.colcon_core.event_reactor:joined thread
[8.253s] INFO:colcon.colcon_core.shell:Creating prefix script '/home/fab/ejer2_ws/install/local_setup.ps1'
[8.256s] INFO:colcon.colcon_core.shell:Creating prefix util module '/home/fab/ejer2_ws/install/_local_setup_util_ps1.py'
[8.259s] INFO:colcon.colcon_core.shell:Creating prefix chain script '/home/fab/ejer2_ws/install/setup.ps1'
[8.263s] INFO:colcon.colcon_core.shell:Creating prefix script '/home/fab/ejer2_ws/install/local_setup.sh'
[8.266s] INFO:colcon.colcon_core.shell:Creating prefix util module '/home/fab/ejer2_ws/install/_local_setup_util_sh.py'
[8.269s] INFO:colcon.colcon_core.shell:Creating prefix chain script '/home/fab/ejer2_ws/install/setup.sh'
[8.273s] INFO:colcon.colcon_core.shell:Creating prefix script '/home/fab/ejer2_ws/install/local_setup.bash'
[8.275s] INFO:colcon.colcon_core.shell:Creating prefix chain script '/home/fab/ejer2_ws/install/setup.bash'
[8.278s] INFO:colcon.colcon_core.shell:Creating prefix script '/home/fab/ejer2_ws/install/local_setup.zsh'
[8.279s] INFO:colcon.colcon_core.shell:Creating prefix chain script '/home/fab/ejer2_ws/install/setup.zsh'
