[0.028s] Invoking command in '/home/fab/ejer2_ws/build/interfaces': CMAKE_PREFIX_PATH=${CMAKE_PREFIX_PATH}:/home/fab/ejer2_ws/install/pubsub:/opt/ros/humble /usr/bin/cmake --build /home/fab/ejer2_ws/build/interfaces -- -j4 -l4
[0.069s] -- Found ament_cmake: 1.3.12 (/opt/ros/humble/share/ament_cmake/cmake)
[0.301s] -- Found rosidl_default_generators: 1.2.0 (/opt/ros/humble/share/rosidl_default_generators/cmake)
[0.304s] -- Using all available rosidl_typesupport_c: rosidl_typesupport_fastrtps_c;rosidl_typesupport_introspection_c
[0.309s] -- Found rosidl_adapter: 3.1.7 (/opt/ros/humble/share/rosidl_adapter/cmake)
[0.359s] -- Using all available rosidl_typesupport_cpp: rosidl_typesupport_fastrtps_cpp;rosidl_typesupport_introspection_cpp
[0.401s] -- Found builtin_interfaces: 1.2.2 (/opt/ros/humble/share/builtin_interfaces/cmake)
[0.836s] -- Found ament_cmake_ros: 0.10.0 (/opt/ros/humble/share/ament_cmake_ros/cmake)
[1.131s] -- Using all available rosidl_typesupport_c: rosidl_typesupport_fastrtps_c;rosidl_typesupport_introspection_c
[1.526s] -- Using all available rosidl_typesupport_cpp: rosidl_typesupport_fastrtps_cpp;rosidl_typesupport_introspection_cpp
[1.566s] -- Found python_cmake_module: 0.10.0 (/opt/ros/humble/share/python_cmake_module/cmake)
[1.601s] -- Using PYTHON_EXECUTABLE: /usr/bin/python3
[1.601s] -- Using PYTHON_INCLUDE_DIRS: /usr/include/python3.10
[1.601s] -- Using PYTHON_LIBRARIES: /usr/lib/x86_64-linux-gnu/libpython3.10.so
[1.635s] -- Configuring done
[1.693s] -- Generating done
[1.709s] -- Build files have been written to: /home/fab/ejer2_ws/build/interfaces
[1.762s] [35m[1mConsolidate compiler generated dependencies of target interfaces__rosidl_generator_c[0m
[1.785s] [  3%] [32mBuilding C object CMakeFiles/interfaces__rosidl_generator_c.dir/rosidl_generator_c/interfaces/msg/detail/filtered_sensor__functions.c.o[0m
[1.788s] [  6%] Built target interfaces__cpp
[1.802s] [  6%] Built target ament_cmake_python_copy_interfaces
[1.808s] [35m[1mConsolidate compiler generated dependencies of target interfaces__rosidl_typesupport_cpp[0m
[1.811s] [35m[1mConsolidate compiler generated dependencies of target interfaces__rosidl_typesupport_fastrtps_cpp[0m
[1.820s] [  9%] [34m[1mGenerating C++ introspection for ROS interfaces[0m
[1.839s] [ 12%] [32mBuilding CXX object CMakeFiles/interfaces__rosidl_typesupport_fastrtps_cpp.dir/rosidl_typesupport_fastrtps_cpp/interfaces/msg/detail/dds_fastrtps/filtered_sensor__type_support.cpp.o[0m
[1.849s] [ 16%] [32mBuilding CXX object CMakeFiles/interfaces__rosidl_typesupport_cpp.dir/rosidl_typesupport_cpp/interfaces/msg/filtered_sensor__type_support.cpp.o[0m
[2.041s] [ 19%] [32m[1mLinking C shared library libinterfaces__rosidl_generator_c.so[0m
[2.126s] [ 22%] Built target interfaces__rosidl_generator_c
[2.681s] [ 25%] [32m[1mLinking CXX shared library libinterfaces__rosidl_typesupport_cpp.so[0m
[2.745s] [35m[1mConsolidate compiler generated dependencies of target interfaces__rosidl_typesupport_introspection_cpp[0m
[2.787s] [ 29%] [32mBuilding CXX object CMakeFiles/interfaces__rosidl_typesupport_introspection_cpp.dir/rosidl_typesupport_introspection_cpp/interfaces/msg/detail/filtered_sensor__type_support.cpp.o[0m
[2.808s] [ 32%] Built target interfaces__rosidl_typesupport_cpp
[2.831s] [ 35%] [34m[1mGenerating C type support for eProsima Fast-RTPS[0m
[3.009s] running egg_info
[3.012s] writing interfaces.egg-info/PKG-INFO
[3.013s] writing dependency_links to interfaces.egg-info/dependency_links.txt
[3.015s] writing top-level names to interfaces.egg-info/top_level.txt
[3.023s] reading manifest file 'interfaces.egg-info/SOURCES.txt'
[3.024s] writing manifest file 'interfaces.egg-info/SOURCES.txt'
[3.038s] [ 38%] [32m[1mLinking CXX shared library libinterfaces__rosidl_typesupport_fastrtps_cpp.so[0m
[3.113s] [ 38%] Built target ament_cmake_python_build_interfaces_egg
[3.138s] [ 41%] [34m[1mGenerating C introspection for ROS interfaces[0m
[3.268s] [ 45%] Built target interfaces__rosidl_typesupport_fastrtps_cpp
[3.294s] [ 48%] [34m[1mGenerating C type support dispatch for ROS interfaces[0m
[3.610s] [35m[1mConsolidate compiler generated dependencies of target interfaces__rosidl_typesupport_fastrtps_c[0m
[3.642s] [ 51%] [32mBuilding CXX object CMakeFiles/interfaces__rosidl_typesupport_fastrtps_c.dir/rosidl_typesupport_fastrtps_c/interfaces/msg/detail/filtered_sensor__type_support_c.cpp.o[0m
[3.946s] [35m[1mConsolidate compiler generated dependencies of target interfaces__rosidl_typesupport_c[0m
[3.962s] [35m[1mConsolidate compiler generated dependencies of target interfaces__rosidl_typesupport_introspection_c[0m
[3.973s] [ 54%] [32m[1mLinking CXX shared library libinterfaces__rosidl_typesupport_introspection_cpp.so[0m
[3.973s] [ 58%] [32mBuilding CXX object CMakeFiles/interfaces__rosidl_typesupport_c.dir/rosidl_typesupport_c/interfaces/msg/filtered_sensor__type_support.cpp.o[0m
[4.000s] [ 61%] [32mBuilding C object CMakeFiles/interfaces__rosidl_typesupport_introspection_c.dir/rosidl_typesupport_introspection_c/interfaces/msg/detail/filtered_sensor__type_support.c.o[0m
[4.043s] [ 64%] [32m[1mLinking CXX shared library libinterfaces__rosidl_typesupport_c.so[0m
[4.090s] [ 67%] [32m[1mLinking C shared library libinterfaces__rosidl_typesupport_introspection_c.so[0m
[4.142s] [ 67%] Built target interfaces__rosidl_typesupport_introspection_cpp
[4.143s] [ 67%] Built target interfaces__rosidl_typesupport_c
[4.157s] [ 67%] Built target interfaces__rosidl_typesupport_introspection_c
[4.411s] [ 70%] [32m[1mLinking CXX shared library libinterfaces__rosidl_typesupport_fastrtps_c.so[0m
[4.536s] [ 70%] Built target interfaces__rosidl_typesupport_fastrtps_c
[4.566s] [ 70%] Built target interfaces
[4.597s] [ 74%] [34m[1mGenerating Python code for ROS interfaces[0m
[5.081s] [ 74%] Built target interfaces__py
[5.097s] [35m[1mConsolidate compiler generated dependencies of target interfaces__rosidl_generator_py[0m
[5.113s] [ 77%] [32mBuilding C object CMakeFiles/interfaces__rosidl_generator_py.dir/rosidl_generator_py/interfaces/msg/_filtered_sensor_s.c.o[0m
[5.261s] [ 80%] [32m[1mLinking C shared library rosidl_generator_py/interfaces/libinterfaces__rosidl_generator_py.so[0m
[5.322s] [ 80%] Built target interfaces__rosidl_generator_py
[5.337s] [35m[1mConsolidate compiler generated dependencies of target interfaces__rosidl_typesupport_fastrtps_c__pyext[0m
[5.343s] [35m[1mConsolidate compiler generated dependencies of target interfaces__rosidl_typesupport_introspection_c__pyext[0m
[5.346s] [35m[1mConsolidate compiler generated dependencies of target interfaces__rosidl_typesupport_c__pyext[0m
[5.365s] [ 83%] [32mBuilding C object CMakeFiles/interfaces__rosidl_typesupport_fastrtps_c__pyext.dir/rosidl_generator_py/interfaces/_interfaces_s.ep.rosidl_typesupport_fastrtps_c.c.o[0m
[5.366s] [ 87%] [32mBuilding C object CMakeFiles/interfaces__rosidl_typesupport_introspection_c__pyext.dir/rosidl_generator_py/interfaces/_interfaces_s.ep.rosidl_typesupport_introspection_c.c.o[0m
[5.368s] [ 90%] [32mBuilding C object CMakeFiles/interfaces__rosidl_typesupport_c__pyext.dir/rosidl_generator_py/interfaces/_interfaces_s.ep.rosidl_typesupport_c.c.o[0m
[5.618s] [ 96%] [32m[1mLinking C shared library rosidl_generator_py/interfaces/interfaces_s__rosidl_typesupport_fastrtps_c.cpython-310-x86_64-linux-gnu.so[0m
[5.619s] [ 96%] [32m[1mLinking C shared library rosidl_generator_py/interfaces/interfaces_s__rosidl_typesupport_introspection_c.cpython-310-x86_64-linux-gnu.so[0m
[5.632s] [100%] [32m[1mLinking C shared library rosidl_generator_py/interfaces/interfaces_s__rosidl_typesupport_c.cpython-310-x86_64-linux-gnu.so[0m
[5.701s] [100%] Built target interfaces__rosidl_typesupport_fastrtps_c__pyext
[5.710s] [100%] Built target interfaces__rosidl_typesupport_introspection_c__pyext
[5.722s] [100%] Built target interfaces__rosidl_typesupport_c__pyext
[5.740s] Invoked command in '/home/fab/ejer2_ws/build/interfaces' returned '0': CMAKE_PREFIX_PATH=${CMAKE_PREFIX_PATH}:/home/fab/ejer2_ws/install/pubsub:/opt/ros/humble /usr/bin/cmake --build /home/fab/ejer2_ws/build/interfaces -- -j4 -l4
[5.754s] Invoking command in '/home/fab/ejer2_ws/build/interfaces': CMAKE_PREFIX_PATH=${CMAKE_PREFIX_PATH}:/home/fab/ejer2_ws/install/pubsub:/opt/ros/humble /usr/bin/cmake --install /home/fab/ejer2_ws/build/interfaces
[5.766s] -- Install configuration: ""
[5.766s] -- Up-to-date: /home/fab/ejer2_ws/install/interfaces/share/ament_index/resource_index/rosidl_interfaces/interfaces
[5.766s] -- Up-to-date: /home/fab/ejer2_ws/install/interfaces/include/interfaces/interfaces
[5.767s] -- Up-to-date: /home/fab/ejer2_ws/install/interfaces/include/interfaces/interfaces/msg
[5.767s] -- Up-to-date: /home/fab/ejer2_ws/install/interfaces/include/interfaces/interfaces/msg/rosidl_generator_c__visibility_control.h
[5.767s] -- Up-to-date: /home/fab/ejer2_ws/install/interfaces/include/interfaces/interfaces/msg/detail
[5.767s] -- Installing: /home/fab/ejer2_ws/install/interfaces/include/interfaces/interfaces/msg/detail/filtered_sensor__functions.h
[5.768s] -- Installing: /home/fab/ejer2_ws/install/interfaces/include/interfaces/interfaces/msg/detail/filtered_sensor__struct.h
[5.768s] -- Installing: /home/fab/ejer2_ws/install/interfaces/include/interfaces/interfaces/msg/detail/filtered_sensor__functions.c
[5.768s] -- Installing: /home/fab/ejer2_ws/install/interfaces/include/interfaces/interfaces/msg/detail/filtered_sensor__type_support.h
[5.768s] -- Installing: /home/fab/ejer2_ws/install/interfaces/include/interfaces/interfaces/msg/filtered_sensor.h
[5.769s] -- Up-to-date: /home/fab/ejer2_ws/install/interfaces/share/interfaces/environment/library_path.sh
[5.770s] -- Installing: /home/fab/ejer2_ws/install/interfaces/share/interfaces/environment/library_path.dsv
[5.770s] -- Installing: /home/fab/ejer2_ws/install/interfaces/lib/libinterfaces__rosidl_generator_c.so
[5.770s] -- Set runtime path of "/home/fab/ejer2_ws/install/interfaces/lib/libinterfaces__rosidl_generator_c.so" to ""
[5.770s] -- Up-to-date: /home/fab/ejer2_ws/install/interfaces/include/interfaces/interfaces
[5.771s] -- Up-to-date: /home/fab/ejer2_ws/install/interfaces/include/interfaces/interfaces/msg
[5.771s] -- Up-to-date: /home/fab/ejer2_ws/install/interfaces/include/interfaces/interfaces/msg/detail
[5.771s] -- Installing: /home/fab/ejer2_ws/install/interfaces/include/interfaces/interfaces/msg/detail/filtered_sensor__rosidl_typesupport_fastrtps_c.h
[5.771s] -- Up-to-date: /home/fab/ejer2_ws/install/interfaces/include/interfaces/interfaces/msg/rosidl_typesupport_fastrtps_c__visibility_control.h
[5.771s] -- Installing: /home/fab/ejer2_ws/install/interfaces/lib/libinterfaces__rosidl_typesupport_fastrtps_c.so
[5.772s] -- Set runtime path of "/home/fab/ejer2_ws/install/interfaces/lib/libinterfaces__rosidl_typesupport_fastrtps_c.so" to ""
[5.772s] -- Up-to-date: /home/fab/ejer2_ws/install/interfaces/include/interfaces/interfaces
[5.772s] -- Up-to-date: /home/fab/ejer2_ws/install/interfaces/include/interfaces/interfaces/msg
[5.772s] -- Up-to-date: /home/fab/ejer2_ws/install/interfaces/include/interfaces/interfaces/msg/detail
[5.773s] -- Installing: /home/fab/ejer2_ws/install/interfaces/include/interfaces/interfaces/msg/detail/filtered_sensor__type_support.c
[5.773s] -- Installing: /home/fab/ejer2_ws/install/interfaces/include/interfaces/interfaces/msg/detail/filtered_sensor__rosidl_typesupport_introspection_c.h
[5.773s] -- Up-to-date: /home/fab/ejer2_ws/install/interfaces/include/interfaces/interfaces/msg/rosidl_typesupport_introspection_c__visibility_control.h
[5.773s] -- Installing: /home/fab/ejer2_ws/install/interfaces/lib/libinterfaces__rosidl_typesupport_introspection_c.so
[5.774s] -- Set runtime path of "/home/fab/ejer2_ws/install/interfaces/lib/libinterfaces__rosidl_typesupport_introspection_c.so" to ""
[5.774s] -- Installing: /home/fab/ejer2_ws/install/interfaces/lib/libinterfaces__rosidl_typesupport_c.so
[5.776s] -- Set runtime path of "/home/fab/ejer2_ws/install/interfaces/lib/libinterfaces__rosidl_typesupport_c.so" to ""
[5.776s] -- Up-to-date: /home/fab/ejer2_ws/install/interfaces/include/interfaces/interfaces
[5.777s] -- Up-to-date: /home/fab/ejer2_ws/install/interfaces/include/interfaces/interfaces/msg
[5.777s] -- Up-to-date: /home/fab/ejer2_ws/install/interfaces/include/interfaces/interfaces/msg/rosidl_generator_cpp__visibility_control.hpp
[5.778s] -- Up-to-date: /home/fab/ejer2_ws/install/interfaces/include/interfaces/interfaces/msg/detail
[5.778s] -- Installing: /home/fab/ejer2_ws/install/interfaces/include/interfaces/interfaces/msg/detail/filtered_sensor__builder.hpp
[5.778s] -- Installing: /home/fab/ejer2_ws/install/interfaces/include/interfaces/interfaces/msg/detail/filtered_sensor__struct.hpp
[5.779s] -- Installing: /home/fab/ejer2_ws/install/interfaces/include/interfaces/interfaces/msg/detail/filtered_sensor__traits.hpp
[5.779s] -- Installing: /home/fab/ejer2_ws/install/interfaces/include/interfaces/interfaces/msg/detail/filtered_sensor__type_support.hpp
[5.779s] -- Installing: /home/fab/ejer2_ws/install/interfaces/include/interfaces/interfaces/msg/filtered_sensor.hpp
[5.780s] -- Up-to-date: /home/fab/ejer2_ws/install/interfaces/include/interfaces/interfaces
[5.780s] -- Up-to-date: /home/fab/ejer2_ws/install/interfaces/include/interfaces/interfaces/msg
[5.780s] -- Up-to-date: /home/fab/ejer2_ws/install/interfaces/include/interfaces/interfaces/msg/detail
[5.781s] -- Installing: /home/fab/ejer2_ws/install/interfaces/include/interfaces/interfaces/msg/detail/filtered_sensor__rosidl_typesupport_fastrtps_cpp.hpp
[5.781s] -- Up-to-date: /home/fab/ejer2_ws/install/interfaces/include/interfaces/interfaces/msg/detail/dds_fastrtps
[5.781s] -- Up-to-date: /home/fab/ejer2_ws/install/interfaces/include/interfaces/interfaces/msg/rosidl_typesupport_fastrtps_cpp__visibility_control.h
[5.782s] -- Installing: /home/fab/ejer2_ws/install/interfaces/lib/libinterfaces__rosidl_typesupport_fastrtps_cpp.so
[5.782s] -- Set runtime path of "/home/fab/ejer2_ws/install/interfaces/lib/libinterfaces__rosidl_typesupport_fastrtps_cpp.so" to ""
[5.782s] -- Up-to-date: /home/fab/ejer2_ws/install/interfaces/include/interfaces/interfaces
[5.782s] -- Up-to-date: /home/fab/ejer2_ws/install/interfaces/include/interfaces/interfaces/msg
[5.783s] -- Up-to-date: /home/fab/ejer2_ws/install/interfaces/include/interfaces/interfaces/msg/detail
[5.783s] -- Installing: /home/fab/ejer2_ws/install/interfaces/include/interfaces/interfaces/msg/detail/filtered_sensor__type_support.cpp
[5.783s] -- Installing: /home/fab/ejer2_ws/install/interfaces/include/interfaces/interfaces/msg/detail/filtered_sensor__rosidl_typesupport_introspection_cpp.hpp
[5.783s] -- Installing: /home/fab/ejer2_ws/install/interfaces/lib/libinterfaces__rosidl_typesupport_introspection_cpp.so
[5.784s] -- Set runtime path of "/home/fab/ejer2_ws/install/interfaces/lib/libinterfaces__rosidl_typesupport_introspection_cpp.so" to ""
[5.784s] -- Installing: /home/fab/ejer2_ws/install/interfaces/lib/libinterfaces__rosidl_typesupport_cpp.so
[5.784s] -- Set runtime path of "/home/fab/ejer2_ws/install/interfaces/lib/libinterfaces__rosidl_typesupport_cpp.so" to ""
[5.784s] -- Up-to-date: /home/fab/ejer2_ws/install/interfaces/share/interfaces/environment/pythonpath.sh
[5.785s] -- Installing: /home/fab/ejer2_ws/install/interfaces/share/interfaces/environment/pythonpath.dsv
[5.785s] -- Up-to-date: /home/fab/ejer2_ws/install/interfaces/local/lib/python3.10/dist-packages/interfaces-0.0.0-py3.10.egg-info
[5.785s] -- Installing: /home/fab/ejer2_ws/install/interfaces/local/lib/python3.10/dist-packages/interfaces-0.0.0-py3.10.egg-info/SOURCES.txt
[5.785s] -- Installing: /home/fab/ejer2_ws/install/interfaces/local/lib/python3.10/dist-packages/interfaces-0.0.0-py3.10.egg-info/PKG-INFO
[5.785s] -- Installing: /home/fab/ejer2_ws/install/interfaces/local/lib/python3.10/dist-packages/interfaces-0.0.0-py3.10.egg-info/top_level.txt
[5.786s] -- Installing: /home/fab/ejer2_ws/install/interfaces/local/lib/python3.10/dist-packages/interfaces-0.0.0-py3.10.egg-info/dependency_links.txt
[5.786s] -- Up-to-date: /home/fab/ejer2_ws/install/interfaces/local/lib/python3.10/dist-packages/interfaces
[5.786s] -- Installing: /home/fab/ejer2_ws/install/interfaces/local/lib/python3.10/dist-packages/interfaces/_interfaces_s.ep.rosidl_typesupport_fastrtps_c.c
[5.786s] -- Installing: /home/fab/ejer2_ws/install/interfaces/local/lib/python3.10/dist-packages/interfaces/interfaces_s__rosidl_typesupport_introspection_c.cpython-310-x86_64-linux-gnu.so
[5.786s] -- Installing: /home/fab/ejer2_ws/install/interfaces/local/lib/python3.10/dist-packages/interfaces/_interfaces_s.ep.rosidl_typesupport_introspection_c.c
[5.787s] -- Up-to-date: /home/fab/ejer2_ws/install/interfaces/local/lib/python3.10/dist-packages/interfaces/msg
[5.787s] -- Installing: /home/fab/ejer2_ws/install/interfaces/local/lib/python3.10/dist-packages/interfaces/msg/__init__.py
[5.787s] -- Installing: /home/fab/ejer2_ws/install/interfaces/local/lib/python3.10/dist-packages/interfaces/msg/_filtered_sensor_s.c
[5.787s] -- Installing: /home/fab/ejer2_ws/install/interfaces/local/lib/python3.10/dist-packages/interfaces/msg/_filtered_sensor.py
[5.787s] -- Installing: /home/fab/ejer2_ws/install/interfaces/local/lib/python3.10/dist-packages/interfaces/__init__.py
[5.787s] -- Installing: /home/fab/ejer2_ws/install/interfaces/local/lib/python3.10/dist-packages/interfaces/libinterfaces__rosidl_generator_py.so
[5.788s] -- Installing: /home/fab/ejer2_ws/install/interfaces/local/lib/python3.10/dist-packages/interfaces/_interfaces_s.ep.rosidl_typesupport_c.c
[5.788s] -- Installing: /home/fab/ejer2_ws/install/interfaces/local/lib/python3.10/dist-packages/interfaces/interfaces_s__rosidl_typesupport_c.cpython-310-x86_64-linux-gnu.so
[5.788s] -- Installing: /home/fab/ejer2_ws/install/interfaces/local/lib/python3.10/dist-packages/interfaces/interfaces_s__rosidl_typesupport_fastrtps_c.cpython-310-x86_64-linux-gnu.so
[5.836s] Listing '/home/fab/ejer2_ws/install/interfaces/local/lib/python3.10/dist-packages/interfaces'...
[5.836s] Compiling '/home/fab/ejer2_ws/install/interfaces/local/lib/python3.10/dist-packages/interfaces/__init__.py'...
[5.836s] Listing '/home/fab/ejer2_ws/install/interfaces/local/lib/python3.10/dist-packages/interfaces/msg'...
[5.836s] Compiling '/home/fab/ejer2_ws/install/interfaces/local/lib/python3.10/dist-packages/interfaces/msg/__init__.py'...
[5.837s] Compiling '/home/fab/ejer2_ws/install/interfaces/local/lib/python3.10/dist-packages/interfaces/msg/_filtered_sensor.py'...
[5.843s] -- Installing: /home/fab/ejer2_ws/install/interfaces/local/lib/python3.10/dist-packages/interfaces/interfaces_s__rosidl_typesupport_fastrtps_c.cpython-310-x86_64-linux-gnu.so
[5.844s] -- Set runtime path of "/home/fab/ejer2_ws/install/interfaces/local/lib/python3.10/dist-packages/interfaces/interfaces_s__rosidl_typesupport_fastrtps_c.cpython-310-x86_64-linux-gnu.so" to ""
[5.844s] -- Installing: /home/fab/ejer2_ws/install/interfaces/local/lib/python3.10/dist-packages/interfaces/interfaces_s__rosidl_typesupport_introspection_c.cpython-310-x86_64-linux-gnu.so
[5.845s] -- Set runtime path of "/home/fab/ejer2_ws/install/interfaces/local/lib/python3.10/dist-packages/interfaces/interfaces_s__rosidl_typesupport_introspection_c.cpython-310-x86_64-linux-gnu.so" to ""
[5.845s] -- Installing: /home/fab/ejer2_ws/install/interfaces/local/lib/python3.10/dist-packages/interfaces/interfaces_s__rosidl_typesupport_c.cpython-310-x86_64-linux-gnu.so
[5.846s] -- Set runtime path of "/home/fab/ejer2_ws/install/interfaces/local/lib/python3.10/dist-packages/interfaces/interfaces_s__rosidl_typesupport_c.cpython-310-x86_64-linux-gnu.so" to ""
[5.846s] -- Installing: /home/fab/ejer2_ws/install/interfaces/lib/libinterfaces__rosidl_generator_py.so
[5.847s] -- Set runtime path of "/home/fab/ejer2_ws/install/interfaces/lib/libinterfaces__rosidl_generator_py.so" to ""
[5.847s] -- Installing: /home/fab/ejer2_ws/install/interfaces/share/interfaces/msg/FilteredSensor.idl
[5.847s] -- Installing: /home/fab/ejer2_ws/install/interfaces/share/interfaces/msg/FilteredSensor.msg
[5.847s] -- Installing: /home/fab/ejer2_ws/install/interfaces/share/ament_index/resource_index/package_run_dependencies/interfaces
[5.848s] -- Installing: /home/fab/ejer2_ws/install/interfaces/share/ament_index/resource_index/parent_prefix_path/interfaces
[5.848s] -- Up-to-date: /home/fab/ejer2_ws/install/interfaces/share/interfaces/environment/ament_prefix_path.sh
[5.848s] -- Installing: /home/fab/ejer2_ws/install/interfaces/share/interfaces/environment/ament_prefix_path.dsv
[5.849s] -- Up-to-date: /home/fab/ejer2_ws/install/interfaces/share/interfaces/environment/path.sh
[5.849s] -- Installing: /home/fab/ejer2_ws/install/interfaces/share/interfaces/environment/path.dsv
[5.849s] -- Up-to-date: /home/fab/ejer2_ws/install/interfaces/share/interfaces/local_setup.bash
[5.850s] -- Up-to-date: /home/fab/ejer2_ws/install/interfaces/share/interfaces/local_setup.sh
[5.850s] -- Up-to-date: /home/fab/ejer2_ws/install/interfaces/share/interfaces/local_setup.zsh
[5.850s] -- Installing: /home/fab/ejer2_ws/install/interfaces/share/interfaces/local_setup.dsv
[5.850s] -- Installing: /home/fab/ejer2_ws/install/interfaces/share/interfaces/package.dsv
[5.850s] -- Up-to-date: /home/fab/ejer2_ws/install/interfaces/share/ament_index/resource_index/packages/interfaces
[5.851s] -- Old export file "/home/fab/ejer2_ws/install/interfaces/share/interfaces/cmake/export_interfaces__rosidl_generator_cExport.cmake" will be replaced.  Removing files [/home/fab/ejer2_ws/install/interfaces/share/interfaces/cmake/export_interfaces__rosidl_generator_cExport-noconfig.cmake].
[5.851s] -- Installing: /home/fab/ejer2_ws/install/interfaces/share/interfaces/cmake/export_interfaces__rosidl_generator_cExport.cmake
[5.851s] -- Installing: /home/fab/ejer2_ws/install/interfaces/share/interfaces/cmake/export_interfaces__rosidl_generator_cExport-noconfig.cmake
[5.851s] -- Old export file "/home/fab/ejer2_ws/install/interfaces/share/interfaces/cmake/export_interfaces__rosidl_typesupport_fastrtps_cExport.cmake" will be replaced.  Removing files [/home/fab/ejer2_ws/install/interfaces/share/interfaces/cmake/export_interfaces__rosidl_typesupport_fastrtps_cExport-noconfig.cmake].
[5.851s] -- Installing: /home/fab/ejer2_ws/install/interfaces/share/interfaces/cmake/export_interfaces__rosidl_typesupport_fastrtps_cExport.cmake
[5.852s] -- Installing: /home/fab/ejer2_ws/install/interfaces/share/interfaces/cmake/export_interfaces__rosidl_typesupport_fastrtps_cExport-noconfig.cmake
[5.852s] -- Old export file "/home/fab/ejer2_ws/install/interfaces/share/interfaces/cmake/interfaces__rosidl_typesupport_introspection_cExport.cmake" will be replaced.  Removing files [/home/fab/ejer2_ws/install/interfaces/share/interfaces/cmake/interfaces__rosidl_typesupport_introspection_cExport-noconfig.cmake].
[5.852s] -- Installing: /home/fab/ejer2_ws/install/interfaces/share/interfaces/cmake/interfaces__rosidl_typesupport_introspection_cExport.cmake
[5.852s] -- Installing: /home/fab/ejer2_ws/install/interfaces/share/interfaces/cmake/interfaces__rosidl_typesupport_introspection_cExport-noconfig.cmake
[5.853s] -- Old export file "/home/fab/ejer2_ws/install/interfaces/share/interfaces/cmake/interfaces__rosidl_typesupport_cExport.cmake" will be replaced.  Removing files [/home/fab/ejer2_ws/install/interfaces/share/interfaces/cmake/interfaces__rosidl_typesupport_cExport-noconfig.cmake].
[5.853s] -- Installing: /home/fab/ejer2_ws/install/interfaces/share/interfaces/cmake/interfaces__rosidl_typesupport_cExport.cmake
[5.853s] -- Installing: /home/fab/ejer2_ws/install/interfaces/share/interfaces/cmake/interfaces__rosidl_typesupport_cExport-noconfig.cmake
[5.853s] -- Installing: /home/fab/ejer2_ws/install/interfaces/share/interfaces/cmake/export_interfaces__rosidl_generator_cppExport.cmake
[5.853s] -- Old export file "/home/fab/ejer2_ws/install/interfaces/share/interfaces/cmake/export_interfaces__rosidl_typesupport_fastrtps_cppExport.cmake" will be replaced.  Removing files [/home/fab/ejer2_ws/install/interfaces/share/interfaces/cmake/export_interfaces__rosidl_typesupport_fastrtps_cppExport-noconfig.cmake].
[5.854s] -- Installing: /home/fab/ejer2_ws/install/interfaces/share/interfaces/cmake/export_interfaces__rosidl_typesupport_fastrtps_cppExport.cmake
[5.854s] -- Installing: /home/fab/ejer2_ws/install/interfaces/share/interfaces/cmake/export_interfaces__rosidl_typesupport_fastrtps_cppExport-noconfig.cmake
[5.854s] -- Old export file "/home/fab/ejer2_ws/install/interfaces/share/interfaces/cmake/interfaces__rosidl_typesupport_introspection_cppExport.cmake" will be replaced.  Removing files [/home/fab/ejer2_ws/install/interfaces/share/interfaces/cmake/interfaces__rosidl_typesupport_introspection_cppExport-noconfig.cmake].
[5.854s] -- Installing: /home/fab/ejer2_ws/install/interfaces/share/interfaces/cmake/interfaces__rosidl_typesupport_introspection_cppExport.cmake
[5.854s] -- Installing: /home/fab/ejer2_ws/install/interfaces/share/interfaces/cmake/interfaces__rosidl_typesupport_introspection_cppExport-noconfig.cmake
[5.855s] -- Old export file "/home/fab/ejer2_ws/install/interfaces/share/interfaces/cmake/interfaces__rosidl_typesupport_cppExport.cmake" will be replaced.  Removing files [/home/fab/ejer2_ws/install/interfaces/share/interfaces/cmake/interfaces__rosidl_typesupport_cppExport-noconfig.cmake].
[5.855s] -- Installing: /home/fab/ejer2_ws/install/interfaces/share/interfaces/cmake/interfaces__rosidl_typesupport_cppExport.cmake
[5.855s] -- Installing: /home/fab/ejer2_ws/install/interfaces/share/interfaces/cmake/interfaces__rosidl_typesupport_cppExport-noconfig.cmake
[5.855s] -- Old export file "/home/fab/ejer2_ws/install/interfaces/share/interfaces/cmake/export_interfaces__rosidl_generator_pyExport.cmake" will be replaced.  Removing files [/home/fab/ejer2_ws/install/interfaces/share/interfaces/cmake/export_interfaces__rosidl_generator_pyExport-noconfig.cmake].
[5.855s] -- Installing: /home/fab/ejer2_ws/install/interfaces/share/interfaces/cmake/export_interfaces__rosidl_generator_pyExport.cmake
[5.856s] -- Installing: /home/fab/ejer2_ws/install/interfaces/share/interfaces/cmake/export_interfaces__rosidl_generator_pyExport-noconfig.cmake
[5.856s] -- Up-to-date: /home/fab/ejer2_ws/install/interfaces/share/interfaces/cmake/rosidl_cmake-extras.cmake
[5.856s] -- Installing: /home/fab/ejer2_ws/install/interfaces/share/interfaces/cmake/ament_cmake_export_dependencies-extras.cmake
[5.856s] -- Up-to-date: /home/fab/ejer2_ws/install/interfaces/share/interfaces/cmake/ament_cmake_export_include_directories-extras.cmake
[5.857s] -- Up-to-date: /home/fab/ejer2_ws/install/interfaces/share/interfaces/cmake/ament_cmake_export_libraries-extras.cmake
[5.857s] -- Installing: /home/fab/ejer2_ws/install/interfaces/share/interfaces/cmake/ament_cmake_export_targets-extras.cmake
[5.857s] -- Installing: /home/fab/ejer2_ws/install/interfaces/share/interfaces/cmake/rosidl_cmake_export_typesupport_targets-extras.cmake
[5.857s] -- Up-to-date: /home/fab/ejer2_ws/install/interfaces/share/interfaces/cmake/rosidl_cmake_export_typesupport_libraries-extras.cmake
[5.858s] -- Installing: /home/fab/ejer2_ws/install/interfaces/share/interfaces/cmake/interfacesConfig.cmake
[5.858s] -- Up-to-date: /home/fab/ejer2_ws/install/interfaces/share/interfaces/cmake/interfacesConfig-version.cmake
[5.858s] -- Installing: /home/fab/ejer2_ws/install/interfaces/share/interfaces/package.xml
[5.861s] Invoked command in '/home/fab/ejer2_ws/build/interfaces' returned '0': CMAKE_PREFIX_PATH=${CMAKE_PREFIX_PATH}:/home/fab/ejer2_ws/install/pubsub:/opt/ros/humble /usr/bin/cmake --install /home/fab/ejer2_ws/build/interfaces
