[0.215s] Invoking command in '/home/cossio/ejer1_ws/build/robot_description': CMAKE_PREFIX_PATH=${CMAKE_PREFIX_PATH}:/opt/ros/humble /usr/bin/cmake /home/cossio/ejer1_ws/src/ros2_tutorials-main/robot_description -DAMENT_CMAKE_SYMLINK_INSTALL=1 -DCMAKE_INSTALL_PREFIX=/home/cossio/ejer1_ws/install/robot_description
[0.263s] -- The C compiler identification is GNU 11.4.0
[0.311s] -- The CXX compiler identification is GNU 11.4.0
[0.318s] -- Detecting C compiler ABI info
[0.382s] -- Detecting C compiler ABI info - done
[0.388s] -- Check for working C compiler: /usr/bin/cc - skipped
[0.388s] -- Detecting C compile features
[0.388s] -- Detecting C compile features - done
[0.390s] -- Detecting CXX compiler ABI info
[0.465s] -- Detecting CXX compiler ABI info - done
[0.469s] -- Check for working CXX compiler: /usr/bin/c++ - skipped
[0.470s] -- Detecting CXX compile features
[0.470s] -- Detecting CXX compile features - done
[0.472s] -- Found ament_cmake: 1.3.12 (/opt/ros/humble/share/ament_cmake/cmake)
[0.585s] -- Found Python3: /usr/bin/python3 (found version "3.10.12") found components: Interpreter 
[0.637s] -- Override CMake install command with custom implementation using symlinks instead of copying resources
[0.664s] -- Found ament_lint_auto: 0.12.14 (/opt/ros/humble/share/ament_lint_auto/cmake)
[0.730s] -- Added test 'flake8' to check Python code syntax and style conventions
[0.731s] -- Added test 'lint_cmake' to check CMake code style
[0.731s] -- Added test 'pep257' to check Python code against some of the docstring style conventions in PEP 257
[0.733s] -- Added test 'xmllint' to check XML markup files
[0.734s] -- Configuring done
[0.736s] -- Generating done
[0.738s] -- Build files have been written to: /home/cossio/ejer1_ws/build/robot_description
[0.746s] Invoked command in '/home/cossio/ejer1_ws/build/robot_description' returned '0': CMAKE_PREFIX_PATH=${CMAKE_PREFIX_PATH}:/opt/ros/humble /usr/bin/cmake /home/cossio/ejer1_ws/src/ros2_tutorials-main/robot_description -DAMENT_CMAKE_SYMLINK_INSTALL=1 -DCMAKE_INSTALL_PREFIX=/home/cossio/ejer1_ws/install/robot_description
[0.747s] Invoking command in '/home/cossio/ejer1_ws/build/robot_description': CMAKE_PREFIX_PATH=${CMAKE_PREFIX_PATH}:/opt/ros/humble /usr/bin/cmake --build /home/cossio/ejer1_ws/build/robot_description -- -j16 -l16
[0.789s] Invoked command in '/home/cossio/ejer1_ws/build/robot_description' returned '0': CMAKE_PREFIX_PATH=${CMAKE_PREFIX_PATH}:/opt/ros/humble /usr/bin/cmake --build /home/cossio/ejer1_ws/build/robot_description -- -j16 -l16
[0.790s] Invoking command in '/home/cossio/ejer1_ws/build/robot_description': CMAKE_PREFIX_PATH=${CMAKE_PREFIX_PATH}:/opt/ros/humble /usr/bin/cmake --install /home/cossio/ejer1_ws/build/robot_description
[0.797s] -- Install configuration: ""
[0.797s] -- Execute custom install script
[0.798s] -- Symlinking: /home/cossio/ejer1_ws/install/robot_description/share/robot_description/launch/view_robot.launch.py
[0.807s] -- Symlinking: /home/cossio/ejer1_ws/install/robot_description/share/robot_description/urdf/clases_test.urdf
[0.817s] -- Symlinking: /home/cossio/ejer1_ws/install/robot_description/share/robot_description/urdf/cobot_arm.urdf
[0.829s] -- Symlinking: /home/cossio/ejer1_ws/install/robot_description/share/robot_description/urdf/diff_wheeled_robot.urdf
[0.839s] -- Symlinking: /home/cossio/ejer1_ws/install/robot_description/share/robot_description/urdf/guillecar.urdf
[0.846s] -- Symlinking: /home/cossio/ejer1_ws/install/robot_description/share/robot_description/urdf/multipleshapes.gv
[0.855s] -- Symlinking: /home/cossio/ejer1_ws/install/robot_description/share/robot_description/urdf/multipleshapes.pdf
[0.864s] -- Symlinking: /home/cossio/ejer1_ws/install/robot_description/share/robot_description/urdf/myfirst_robot.urdf
[0.872s] -- Symlinking: /home/cossio/ejer1_ws/install/robot_description/share/robot_description/urdf/panda.urdf
[0.881s] -- Symlinking: /home/cossio/ejer1_ws/install/robot_description/share/robot_description/urdf/pantilt.urdf
[0.891s] -- Symlinking: /home/cossio/ejer1_ws/install/robot_description/share/robot_description/urdf/wally1.urdf
[0.901s] -- Symlinking: /home/cossio/ejer1_ws/install/robot_description/share/robot_description/rviz/urdf.rviz
[0.913s] -- Symlinking: /home/cossio/ejer1_ws/install/robot_description/share/robot_description/meshes/collision/finger.obj
[0.924s] -- Symlinking: /home/cossio/ejer1_ws/install/robot_description/share/robot_description/meshes/collision/hand.obj
[0.933s] -- Symlinking: /home/cossio/ejer1_ws/install/robot_description/share/robot_description/meshes/collision/link0.obj
[0.941s] -- Symlinking: /home/cossio/ejer1_ws/install/robot_description/share/robot_description/meshes/collision/link1.obj
[0.950s] -- Symlinking: /home/cossio/ejer1_ws/install/robot_description/share/robot_description/meshes/collision/link2.obj
[0.961s] -- Symlinking: /home/cossio/ejer1_ws/install/robot_description/share/robot_description/meshes/collision/link3.obj
[0.970s] -- Symlinking: /home/cossio/ejer1_ws/install/robot_description/share/robot_description/meshes/collision/link4.obj
[0.980s] -- Symlinking: /home/cossio/ejer1_ws/install/robot_description/share/robot_description/meshes/collision/link5.obj
[0.990s] -- Symlinking: /home/cossio/ejer1_ws/install/robot_description/share/robot_description/meshes/collision/link6.obj
[1.001s] -- Symlinking: /home/cossio/ejer1_ws/install/robot_description/share/robot_description/meshes/collision/link7.obj
[1.010s] -- Symlinking: /home/cossio/ejer1_ws/install/robot_description/share/robot_description/meshes/visual/finger.dae
[1.020s] -- Symlinking: /home/cossio/ejer1_ws/install/robot_description/share/robot_description/meshes/visual/hand.dae
[1.032s] -- Symlinking: /home/cossio/ejer1_ws/install/robot_description/share/robot_description/meshes/visual/link0.dae
[1.043s] -- Symlinking: /home/cossio/ejer1_ws/install/robot_description/share/robot_description/meshes/visual/link1.dae
[1.054s] -- Symlinking: /home/cossio/ejer1_ws/install/robot_description/share/robot_description/meshes/visual/link2.dae
[1.064s] -- Symlinking: /home/cossio/ejer1_ws/install/robot_description/share/robot_description/meshes/visual/link3.dae
[1.076s] -- Symlinking: /home/cossio/ejer1_ws/install/robot_description/share/robot_description/meshes/visual/link4.dae
[1.086s] -- Symlinking: /home/cossio/ejer1_ws/install/robot_description/share/robot_description/meshes/visual/link5.dae
[1.095s] -- Symlinking: /home/cossio/ejer1_ws/install/robot_description/share/robot_description/meshes/visual/link6.dae
[1.105s] -- Symlinking: /home/cossio/ejer1_ws/install/robot_description/share/robot_description/meshes/visual/link7.dae
[1.116s] -- Symlinking: /home/cossio/ejer1_ws/install/robot_description/share/ament_index/resource_index/package_run_dependencies/robot_description
[1.129s] -- Symlinking: /home/cossio/ejer1_ws/install/robot_description/share/ament_index/resource_index/parent_prefix_path/robot_description
[1.141s] -- Symlinking: /home/cossio/ejer1_ws/install/robot_description/share/robot_description/environment/ament_prefix_path.sh
[1.154s] -- Symlinking: /home/cossio/ejer1_ws/install/robot_description/share/robot_description/environment/ament_prefix_path.dsv
[1.168s] -- Symlinking: /home/cossio/ejer1_ws/install/robot_description/share/robot_description/environment/path.sh
[1.182s] -- Symlinking: /home/cossio/ejer1_ws/install/robot_description/share/robot_description/environment/path.dsv
[1.195s] -- Symlinking: /home/cossio/ejer1_ws/install/robot_description/share/robot_description/local_setup.bash
[1.208s] -- Symlinking: /home/cossio/ejer1_ws/install/robot_description/share/robot_description/local_setup.sh
[1.223s] -- Symlinking: /home/cossio/ejer1_ws/install/robot_description/share/robot_description/local_setup.zsh
[1.239s] -- Symlinking: /home/cossio/ejer1_ws/install/robot_description/share/robot_description/local_setup.dsv
[1.253s] -- Symlinking: /home/cossio/ejer1_ws/install/robot_description/share/robot_description/package.dsv
[1.266s] -- Symlinking: /home/cossio/ejer1_ws/install/robot_description/share/ament_index/resource_index/packages/robot_description
[1.279s] -- Symlinking: /home/cossio/ejer1_ws/install/robot_description/share/robot_description/cmake/robot_descriptionConfig.cmake
[1.295s] -- Symlinking: /home/cossio/ejer1_ws/install/robot_description/share/robot_description/cmake/robot_descriptionConfig-version.cmake
[1.310s] -- Symlinking: /home/cossio/ejer1_ws/install/robot_description/share/robot_description/package.xml
[1.332s] Invoked command in '/home/cossio/ejer1_ws/build/robot_description' returned '0': CMAKE_PREFIX_PATH=${CMAKE_PREFIX_PATH}:/opt/ros/humble /usr/bin/cmake --install /home/cossio/ejer1_ws/build/robot_description
