[0.025s] Invoking command in '/home/cossio/ejer1_ws/build/custom_interface': CMAKE_PREFIX_PATH=${CMAKE_PREFIX_PATH}:/opt/ros/humble /usr/bin/cmake /home/cossio/ejer1_ws/src/ros2_tutorials-main/custom_interface -DCMAKE_INSTALL_PREFIX=/home/cossio/ejer1_ws/install/custom_interface
[0.207s] -- Found ament_cmake: 1.3.12 (/opt/ros/humble/share/ament_cmake/cmake)
[0.207s] -- Override CMake install command with custom implementation using symlinks instead of copying resources
[0.207s] -- Found geometry_msgs: 4.9.0 (/opt/ros/humble/share/geometry_msgs/cmake)
[0.207s] -- Found rosidl_generator_c: 3.1.7 (/opt/ros/humble/share/rosidl_generator_c/cmake)
[0.207s] -- Found rosidl_adapter: 3.1.7 (/opt/ros/humble/share/rosidl_adapter/cmake)
[0.207s] -- Found rosidl_generator_cpp: 3.1.7 (/opt/ros/humble/share/rosidl_generator_cpp/cmake)
[0.207s] -- Using all available rosidl_typesupport_c: rosidl_typesupport_fastrtps_c;rosidl_typesupport_introspection_c
[0.207s] -- Using all available rosidl_typesupport_cpp: rosidl_typesupport_fastrtps_cpp;rosidl_typesupport_introspection_cpp
[0.225s] -- Found rosidl_default_generators: 1.2.0 (/opt/ros/humble/share/rosidl_default_generators/cmake)
[0.457s] -- Found ament_cmake_ros: 0.10.0 (/opt/ros/humble/share/ament_cmake_ros/cmake)
[0.775s] -- Using all available rosidl_typesupport_c: rosidl_typesupport_fastrtps_c;rosidl_typesupport_introspection_c
[0.898s] -- Using all available rosidl_typesupport_cpp: rosidl_typesupport_fastrtps_cpp;rosidl_typesupport_introspection_cpp
[0.916s] -- Found python_cmake_module: 0.10.0 (/opt/ros/humble/share/python_cmake_module/cmake)
[0.936s] -- Using PYTHON_EXECUTABLE: /usr/bin/python3
[0.936s] -- Using PYTHON_INCLUDE_DIRS: /usr/include/python3.10
[0.936s] -- Using PYTHON_LIBRARIES: /usr/lib/x86_64-linux-gnu/libpython3.10.so
[0.960s] -- Found ament_lint_auto: 0.12.14 (/opt/ros/humble/share/ament_lint_auto/cmake)
[0.968s] -- Added test 'lint_cmake' to check CMake code style
[0.968s] -- Added test 'xmllint' to check XML markup files
[0.972s] -- Configuring done
[1.001s] -- Generating done
[1.011s] -- Build files have been written to: /home/cossio/ejer1_ws/build/custom_interface
[1.022s] Invoked command in '/home/cossio/ejer1_ws/build/custom_interface' returned '0': CMAKE_PREFIX_PATH=${CMAKE_PREFIX_PATH}:/opt/ros/humble /usr/bin/cmake /home/cossio/ejer1_ws/src/ros2_tutorials-main/custom_interface -DCMAKE_INSTALL_PREFIX=/home/cossio/ejer1_ws/install/custom_interface
[1.024s] Invoking command in '/home/cossio/ejer1_ws/build/custom_interface': CMAKE_PREFIX_PATH=${CMAKE_PREFIX_PATH}:/opt/ros/humble /usr/bin/cmake --build /home/cossio/ejer1_ws/build/custom_interface -- -j16 -l16
[1.067s] [35m[1mConsolidate compiler generated dependencies of target custom_interface__rosidl_generator_c[0m
[1.076s] [  1%] Built target custom_interface__cpp
[1.077s] [ 12%] Built target custom_interface__rosidl_generator_c
[1.085s] [ 12%] Built target ament_cmake_python_symlink_custom_interface
[1.086s] [35m[1mConsolidate compiler generated dependencies of target custom_interface__rosidl_typesupport_c[0m
[1.086s] [35m[1mConsolidate compiler generated dependencies of target custom_interface__rosidl_typesupport_introspection_cpp[0m
[1.086s] [35m[1mConsolidate compiler generated dependencies of target custom_interface__rosidl_typesupport_fastrtps_cpp[0m
[1.086s] [35m[1mConsolidate compiler generated dependencies of target custom_interface__rosidl_typesupport_cpp[0m
[1.086s] [35m[1mConsolidate compiler generated dependencies of target custom_interface__rosidl_typesupport_fastrtps_c[0m
[1.087s] [35m[1mConsolidate compiler generated dependencies of target custom_interface__rosidl_typesupport_introspection_c[0m
[1.099s] [ 45%] Built target custom_interface__rosidl_typesupport_introspection_c
[1.099s] [ 45%] Built target custom_interface__rosidl_typesupport_c
[1.099s] [ 45%] Built target custom_interface__rosidl_typesupport_fastrtps_c
[1.099s] [ 56%] Built target custom_interface__rosidl_typesupport_cpp
[1.099s] [ 67%] Built target custom_interface__rosidl_typesupport_fastrtps_cpp
[1.102s] [ 78%] Built target custom_interface__rosidl_typesupport_introspection_cpp
[1.129s] [ 78%] Built target custom_interface
[1.154s] [ 80%] Built target custom_interface__py
[1.166s] [35m[1mConsolidate compiler generated dependencies of target custom_interface__rosidl_generator_py[0m
[1.181s] [ 89%] Built target custom_interface__rosidl_generator_py
[1.191s] [35m[1mConsolidate compiler generated dependencies of target custom_interface__rosidl_typesupport_introspection_c__pyext[0m
[1.191s] [35m[1mConsolidate compiler generated dependencies of target custom_interface__rosidl_typesupport_fastrtps_c__pyext[0m
[1.192s] [35m[1mConsolidate compiler generated dependencies of target custom_interface__rosidl_typesupport_c__pyext[0m
[1.204s] [100%] Built target custom_interface__rosidl_typesupport_c__pyext
[1.204s] [100%] Built target custom_interface__rosidl_typesupport_fastrtps_c__pyext
[1.204s] [100%] Built target custom_interface__rosidl_typesupport_introspection_c__pyext
[1.254s] running egg_info
[1.254s] writing custom_interface.egg-info/PKG-INFO
[1.254s] writing dependency_links to custom_interface.egg-info/dependency_links.txt
[1.255s] writing top-level names to custom_interface.egg-info/top_level.txt
[1.256s] reading manifest file 'custom_interface.egg-info/SOURCES.txt'
[1.257s] writing manifest file 'custom_interface.egg-info/SOURCES.txt'
[1.289s] [100%] Built target ament_cmake_python_build_custom_interface_egg
[1.302s] Invoked command in '/home/cossio/ejer1_ws/build/custom_interface' returned '0': CMAKE_PREFIX_PATH=${CMAKE_PREFIX_PATH}:/opt/ros/humble /usr/bin/cmake --build /home/cossio/ejer1_ws/build/custom_interface -- -j16 -l16
[1.303s] Invoking command in '/home/cossio/ejer1_ws/build/custom_interface': CMAKE_PREFIX_PATH=${CMAKE_PREFIX_PATH}:/opt/ros/humble /usr/bin/cmake --install /home/cossio/ejer1_ws/build/custom_interface
[1.313s] -- Install configuration: ""
[1.314s] -- Execute custom install script
[1.314s] -- Up-to-date symlink: /home/cossio/ejer1_ws/install/custom_interface/share/ament_index/resource_index/rosidl_interfaces/custom_interface
[1.315s] -- Up-to-date symlink: /home/cossio/ejer1_ws/install/custom_interface/include/custom_interface/custom_interface/msg/detail/num__functions.h
[1.315s] -- Up-to-date symlink: /home/cossio/ejer1_ws/install/custom_interface/include/custom_interface/custom_interface/msg/detail/num__struct.h
[1.315s] -- Up-to-date symlink: /home/cossio/ejer1_ws/install/custom_interface/include/custom_interface/custom_interface/msg/detail/num__type_support.h
[1.315s] -- Up-to-date symlink: /home/cossio/ejer1_ws/install/custom_interface/include/custom_interface/custom_interface/msg/detail/sphere__functions.h
[1.315s] -- Up-to-date symlink: /home/cossio/ejer1_ws/install/custom_interface/include/custom_interface/custom_interface/msg/detail/sphere__struct.h
[1.315s] -- Up-to-date symlink: /home/cossio/ejer1_ws/install/custom_interface/include/custom_interface/custom_interface/msg/detail/sphere__type_support.h
[1.315s] -- Up-to-date symlink: /home/cossio/ejer1_ws/install/custom_interface/include/custom_interface/custom_interface/msg/num.h
[1.315s] -- Up-to-date symlink: /home/cossio/ejer1_ws/install/custom_interface/include/custom_interface/custom_interface/msg/rosidl_generator_c__visibility_control.h
[1.315s] -- Up-to-date symlink: /home/cossio/ejer1_ws/install/custom_interface/include/custom_interface/custom_interface/msg/sphere.h
[1.315s] -- Up-to-date symlink: /home/cossio/ejer1_ws/install/custom_interface/include/custom_interface/custom_interface/srv/add_three_ints.h
[1.315s] -- Up-to-date symlink: /home/cossio/ejer1_ws/install/custom_interface/include/custom_interface/custom_interface/srv/detail/add_three_ints__functions.h
[1.316s] -- Up-to-date symlink: /home/cossio/ejer1_ws/install/custom_interface/include/custom_interface/custom_interface/srv/detail/add_three_ints__struct.h
[1.316s] -- Up-to-date symlink: /home/cossio/ejer1_ws/install/custom_interface/include/custom_interface/custom_interface/srv/detail/add_three_ints__type_support.h
[1.316s] -- Up-to-date symlink: /home/cossio/ejer1_ws/install/custom_interface/include/custom_interface/custom_interface/srv/detail/get_position__functions.h
[1.316s] -- Up-to-date symlink: /home/cossio/ejer1_ws/install/custom_interface/include/custom_interface/custom_interface/srv/detail/get_position__struct.h
[1.316s] -- Up-to-date symlink: /home/cossio/ejer1_ws/install/custom_interface/include/custom_interface/custom_interface/srv/detail/get_position__type_support.h
[1.316s] -- Up-to-date symlink: /home/cossio/ejer1_ws/install/custom_interface/include/custom_interface/custom_interface/srv/get_position.h
[1.316s] -- Up-to-date symlink: /home/cossio/ejer1_ws/install/custom_interface/share/custom_interface/environment/library_path.sh
[1.316s] -- Up-to-date symlink: /home/cossio/ejer1_ws/install/custom_interface/share/custom_interface/environment/library_path.dsv
[1.317s] -- Up-to-date symlink: /home/cossio/ejer1_ws/install/custom_interface/include/custom_interface/custom_interface/msg/detail/num__rosidl_typesupport_fastrtps_c.h
[1.317s] -- Up-to-date symlink: /home/cossio/ejer1_ws/install/custom_interface/include/custom_interface/custom_interface/msg/detail/sphere__rosidl_typesupport_fastrtps_c.h
[1.317s] -- Up-to-date symlink: /home/cossio/ejer1_ws/install/custom_interface/include/custom_interface/custom_interface/msg/rosidl_typesupport_fastrtps_c__visibility_control.h
[1.317s] -- Up-to-date symlink: /home/cossio/ejer1_ws/install/custom_interface/include/custom_interface/custom_interface/srv/detail/add_three_ints__rosidl_typesupport_fastrtps_c.h
[1.317s] -- Up-to-date symlink: /home/cossio/ejer1_ws/install/custom_interface/include/custom_interface/custom_interface/srv/detail/get_position__rosidl_typesupport_fastrtps_c.h
[1.317s] -- Up-to-date symlink: /home/cossio/ejer1_ws/install/custom_interface/include/custom_interface/custom_interface/msg/detail/num__builder.hpp
[1.317s] -- Up-to-date symlink: /home/cossio/ejer1_ws/install/custom_interface/include/custom_interface/custom_interface/msg/detail/num__struct.hpp
[1.318s] -- Up-to-date symlink: /home/cossio/ejer1_ws/install/custom_interface/include/custom_interface/custom_interface/msg/detail/num__traits.hpp
[1.318s] -- Up-to-date symlink: /home/cossio/ejer1_ws/install/custom_interface/include/custom_interface/custom_interface/msg/detail/num__type_support.hpp
[1.318s] -- Up-to-date symlink: /home/cossio/ejer1_ws/install/custom_interface/include/custom_interface/custom_interface/msg/detail/sphere__builder.hpp
[1.318s] -- Up-to-date symlink: /home/cossio/ejer1_ws/install/custom_interface/include/custom_interface/custom_interface/msg/detail/sphere__struct.hpp
[1.318s] -- Up-to-date symlink: /home/cossio/ejer1_ws/install/custom_interface/include/custom_interface/custom_interface/msg/detail/sphere__traits.hpp
[1.318s] -- Up-to-date symlink: /home/cossio/ejer1_ws/install/custom_interface/include/custom_interface/custom_interface/msg/detail/sphere__type_support.hpp
[1.318s] -- Up-to-date symlink: /home/cossio/ejer1_ws/install/custom_interface/include/custom_interface/custom_interface/msg/num.hpp
[1.318s] -- Up-to-date symlink: /home/cossio/ejer1_ws/install/custom_interface/include/custom_interface/custom_interface/msg/rosidl_generator_cpp__visibility_control.hpp
[1.318s] -- Up-to-date symlink: /home/cossio/ejer1_ws/install/custom_interface/include/custom_interface/custom_interface/msg/sphere.hpp
[1.318s] -- Up-to-date symlink: /home/cossio/ejer1_ws/install/custom_interface/include/custom_interface/custom_interface/srv/add_three_ints.hpp
[1.318s] -- Up-to-date symlink: /home/cossio/ejer1_ws/install/custom_interface/include/custom_interface/custom_interface/srv/detail/add_three_ints__builder.hpp
[1.319s] -- Up-to-date symlink: /home/cossio/ejer1_ws/install/custom_interface/include/custom_interface/custom_interface/srv/detail/add_three_ints__struct.hpp
[1.319s] -- Up-to-date symlink: /home/cossio/ejer1_ws/install/custom_interface/include/custom_interface/custom_interface/srv/detail/add_three_ints__traits.hpp
[1.319s] -- Up-to-date symlink: /home/cossio/ejer1_ws/install/custom_interface/include/custom_interface/custom_interface/srv/detail/add_three_ints__type_support.hpp
[1.319s] -- Up-to-date symlink: /home/cossio/ejer1_ws/install/custom_interface/include/custom_interface/custom_interface/srv/detail/get_position__builder.hpp
[1.319s] -- Up-to-date symlink: /home/cossio/ejer1_ws/install/custom_interface/include/custom_interface/custom_interface/srv/detail/get_position__struct.hpp
[1.319s] -- Up-to-date symlink: /home/cossio/ejer1_ws/install/custom_interface/include/custom_interface/custom_interface/srv/detail/get_position__traits.hpp
[1.319s] -- Up-to-date symlink: /home/cossio/ejer1_ws/install/custom_interface/include/custom_interface/custom_interface/srv/detail/get_position__type_support.hpp
[1.319s] -- Up-to-date symlink: /home/cossio/ejer1_ws/install/custom_interface/include/custom_interface/custom_interface/srv/get_position.hpp
[1.320s] -- Up-to-date symlink: /home/cossio/ejer1_ws/install/custom_interface/include/custom_interface/custom_interface/msg/detail/num__rosidl_typesupport_fastrtps_cpp.hpp
[1.320s] -- Up-to-date symlink: /home/cossio/ejer1_ws/install/custom_interface/include/custom_interface/custom_interface/msg/detail/sphere__rosidl_typesupport_fastrtps_cpp.hpp
[1.320s] -- Up-to-date symlink: /home/cossio/ejer1_ws/install/custom_interface/include/custom_interface/custom_interface/msg/rosidl_typesupport_fastrtps_cpp__visibility_control.h
[1.320s] -- Up-to-date symlink: /home/cossio/ejer1_ws/install/custom_interface/include/custom_interface/custom_interface/srv/detail/add_three_ints__rosidl_typesupport_fastrtps_cpp.hpp
[1.320s] -- Up-to-date symlink: /home/cossio/ejer1_ws/install/custom_interface/include/custom_interface/custom_interface/srv/detail/get_position__rosidl_typesupport_fastrtps_cpp.hpp
[1.321s] -- Up-to-date symlink: /home/cossio/ejer1_ws/install/custom_interface/include/custom_interface/custom_interface/msg/detail/num__rosidl_typesupport_introspection_c.h
[1.321s] -- Up-to-date symlink: /home/cossio/ejer1_ws/install/custom_interface/include/custom_interface/custom_interface/msg/detail/sphere__rosidl_typesupport_introspection_c.h
[1.321s] -- Up-to-date symlink: /home/cossio/ejer1_ws/install/custom_interface/include/custom_interface/custom_interface/msg/rosidl_typesupport_introspection_c__visibility_control.h
[1.321s] -- Up-to-date symlink: /home/cossio/ejer1_ws/install/custom_interface/include/custom_interface/custom_interface/srv/detail/add_three_ints__rosidl_typesupport_introspection_c.h
[1.321s] -- Up-to-date symlink: /home/cossio/ejer1_ws/install/custom_interface/include/custom_interface/custom_interface/srv/detail/get_position__rosidl_typesupport_introspection_c.h
[1.321s] -- Up-to-date symlink: /home/cossio/ejer1_ws/install/custom_interface/include/custom_interface/custom_interface/msg/detail/num__rosidl_typesupport_introspection_cpp.hpp
[1.321s] -- Up-to-date symlink: /home/cossio/ejer1_ws/install/custom_interface/include/custom_interface/custom_interface/msg/detail/sphere__rosidl_typesupport_introspection_cpp.hpp
[1.322s] -- Up-to-date symlink: /home/cossio/ejer1_ws/install/custom_interface/include/custom_interface/custom_interface/srv/detail/add_three_ints__rosidl_typesupport_introspection_cpp.hpp
[1.322s] -- Up-to-date symlink: /home/cossio/ejer1_ws/install/custom_interface/include/custom_interface/custom_interface/srv/detail/get_position__rosidl_typesupport_introspection_cpp.hpp
[1.322s] -- Up-to-date symlink: /home/cossio/ejer1_ws/install/custom_interface/share/custom_interface/environment/pythonpath.sh
[1.322s] -- Up-to-date symlink: /home/cossio/ejer1_ws/install/custom_interface/share/custom_interface/environment/pythonpath.dsv
[1.322s] -- Up-to-date symlink: /home/cossio/ejer1_ws/install/custom_interface/local/lib/python3.10/dist-packages/custom_interface-0.0.0-py3.10.egg-info/PKG-INFO
[1.322s] -- Up-to-date symlink: /home/cossio/ejer1_ws/install/custom_interface/local/lib/python3.10/dist-packages/custom_interface-0.0.0-py3.10.egg-info/SOURCES.txt
[1.322s] -- Up-to-date symlink: /home/cossio/ejer1_ws/install/custom_interface/local/lib/python3.10/dist-packages/custom_interface-0.0.0-py3.10.egg-info/dependency_links.txt
[1.323s] -- Up-to-date symlink: /home/cossio/ejer1_ws/install/custom_interface/local/lib/python3.10/dist-packages/custom_interface-0.0.0-py3.10.egg-info/top_level.txt
[1.323s] -- Up-to-date symlink: /home/cossio/ejer1_ws/install/custom_interface/local/lib/python3.10/dist-packages/custom_interface/__init__.py
[1.323s] -- Up-to-date symlink: /home/cossio/ejer1_ws/install/custom_interface/local/lib/python3.10/dist-packages/custom_interface/_custom_interface_s.ep.rosidl_typesupport_c.c
[1.323s] -- Up-to-date symlink: /home/cossio/ejer1_ws/install/custom_interface/local/lib/python3.10/dist-packages/custom_interface/_custom_interface_s.ep.rosidl_typesupport_fastrtps_c.c
[1.323s] -- Up-to-date symlink: /home/cossio/ejer1_ws/install/custom_interface/local/lib/python3.10/dist-packages/custom_interface/_custom_interface_s.ep.rosidl_typesupport_introspection_c.c
[1.324s] -- Up-to-date symlink: /home/cossio/ejer1_ws/install/custom_interface/local/lib/python3.10/dist-packages/custom_interface/custom_interface_s__rosidl_typesupport_c.cpython-310-x86_64-linux-gnu.so
[1.324s] -- Up-to-date symlink: /home/cossio/ejer1_ws/install/custom_interface/local/lib/python3.10/dist-packages/custom_interface/custom_interface_s__rosidl_typesupport_fastrtps_c.cpython-310-x86_64-linux-gnu.so
[1.324s] -- Up-to-date symlink: /home/cossio/ejer1_ws/install/custom_interface/local/lib/python3.10/dist-packages/custom_interface/custom_interface_s__rosidl_typesupport_introspection_c.cpython-310-x86_64-linux-gnu.so
[1.324s] -- Up-to-date symlink: /home/cossio/ejer1_ws/install/custom_interface/local/lib/python3.10/dist-packages/custom_interface/libcustom_interface__rosidl_generator_py.so
[1.324s] -- Up-to-date symlink: /home/cossio/ejer1_ws/install/custom_interface/local/lib/python3.10/dist-packages/custom_interface/msg/__init__.py
[1.324s] -- Up-to-date symlink: /home/cossio/ejer1_ws/install/custom_interface/local/lib/python3.10/dist-packages/custom_interface/msg/_num.py
[1.324s] -- Up-to-date symlink: /home/cossio/ejer1_ws/install/custom_interface/local/lib/python3.10/dist-packages/custom_interface/msg/_num_s.c
[1.324s] -- Up-to-date symlink: /home/cossio/ejer1_ws/install/custom_interface/local/lib/python3.10/dist-packages/custom_interface/msg/_sphere.py
[1.324s] -- Up-to-date symlink: /home/cossio/ejer1_ws/install/custom_interface/local/lib/python3.10/dist-packages/custom_interface/msg/_sphere_s.c
[1.325s] -- Up-to-date symlink: /home/cossio/ejer1_ws/install/custom_interface/local/lib/python3.10/dist-packages/custom_interface/srv/__init__.py
[1.325s] -- Up-to-date symlink: /home/cossio/ejer1_ws/install/custom_interface/local/lib/python3.10/dist-packages/custom_interface/srv/_add_three_ints.py
[1.325s] -- Up-to-date symlink: /home/cossio/ejer1_ws/install/custom_interface/local/lib/python3.10/dist-packages/custom_interface/srv/_add_three_ints_s.c
[1.325s] -- Up-to-date symlink: /home/cossio/ejer1_ws/install/custom_interface/local/lib/python3.10/dist-packages/custom_interface/srv/_get_position.py
[1.325s] -- Up-to-date symlink: /home/cossio/ejer1_ws/install/custom_interface/local/lib/python3.10/dist-packages/custom_interface/srv/_get_position_s.c
[1.326s] -- Up-to-date symlink: /home/cossio/ejer1_ws/install/custom_interface/local/lib/python3.10/dist-packages/custom_interface/custom_interface_s__rosidl_typesupport_fastrtps_c.cpython-310-x86_64-linux-gnu.so
[1.326s] -- Up-to-date symlink: /home/cossio/ejer1_ws/install/custom_interface/local/lib/python3.10/dist-packages/custom_interface/custom_interface_s__rosidl_typesupport_introspection_c.cpython-310-x86_64-linux-gnu.so
[1.326s] -- Up-to-date symlink: /home/cossio/ejer1_ws/install/custom_interface/local/lib/python3.10/dist-packages/custom_interface/custom_interface_s__rosidl_typesupport_c.cpython-310-x86_64-linux-gnu.so
[1.326s] -- Up-to-date symlink: /home/cossio/ejer1_ws/install/custom_interface/share/custom_interface/msg/Num.idl
[1.326s] -- Up-to-date symlink: /home/cossio/ejer1_ws/install/custom_interface/share/custom_interface/msg/Sphere.idl
[1.326s] -- Up-to-date symlink: /home/cossio/ejer1_ws/install/custom_interface/share/custom_interface/srv/AddThreeInts.idl
[1.326s] -- Up-to-date symlink: /home/cossio/ejer1_ws/install/custom_interface/share/custom_interface/srv/GetPosition.idl
[1.327s] -- Up-to-date symlink: /home/cossio/ejer1_ws/install/custom_interface/share/custom_interface/msg/Num.msg
[1.327s] -- Up-to-date symlink: /home/cossio/ejer1_ws/install/custom_interface/share/custom_interface/msg/Sphere.msg
[1.327s] -- Up-to-date symlink: /home/cossio/ejer1_ws/install/custom_interface/share/custom_interface/srv/AddThreeInts.srv
[1.327s] -- Up-to-date symlink: /home/cossio/ejer1_ws/install/custom_interface/share/custom_interface/srv/AddThreeInts_Request.msg
[1.327s] -- Up-to-date symlink: /home/cossio/ejer1_ws/install/custom_interface/share/custom_interface/srv/AddThreeInts_Response.msg
[1.327s] -- Up-to-date symlink: /home/cossio/ejer1_ws/install/custom_interface/share/custom_interface/srv/GetPosition.srv
[1.327s] -- Up-to-date symlink: /home/cossio/ejer1_ws/install/custom_interface/share/custom_interface/srv/GetPosition_Request.msg
[1.327s] -- Up-to-date symlink: /home/cossio/ejer1_ws/install/custom_interface/share/custom_interface/srv/GetPosition_Response.msg
[1.328s] -- Up-to-date symlink: /home/cossio/ejer1_ws/install/custom_interface/share/ament_index/resource_index/package_run_dependencies/custom_interface
[1.328s] -- Up-to-date symlink: /home/cossio/ejer1_ws/install/custom_interface/share/ament_index/resource_index/parent_prefix_path/custom_interface
[1.328s] -- Up-to-date symlink: /home/cossio/ejer1_ws/install/custom_interface/share/custom_interface/environment/ament_prefix_path.sh
[1.328s] -- Up-to-date symlink: /home/cossio/ejer1_ws/install/custom_interface/share/custom_interface/environment/ament_prefix_path.dsv
[1.328s] -- Up-to-date symlink: /home/cossio/ejer1_ws/install/custom_interface/share/custom_interface/environment/path.sh
[1.328s] -- Up-to-date symlink: /home/cossio/ejer1_ws/install/custom_interface/share/custom_interface/environment/path.dsv
[1.328s] -- Up-to-date symlink: /home/cossio/ejer1_ws/install/custom_interface/share/custom_interface/local_setup.bash
[1.329s] -- Up-to-date symlink: /home/cossio/ejer1_ws/install/custom_interface/share/custom_interface/local_setup.sh
[1.329s] -- Up-to-date symlink: /home/cossio/ejer1_ws/install/custom_interface/share/custom_interface/local_setup.zsh
[1.329s] -- Up-to-date symlink: /home/cossio/ejer1_ws/install/custom_interface/share/custom_interface/local_setup.dsv
[1.329s] -- Symlinking: /home/cossio/ejer1_ws/install/custom_interface/share/custom_interface/package.dsv
[1.341s] -- Up-to-date symlink: /home/cossio/ejer1_ws/install/custom_interface/share/ament_index/resource_index/packages/custom_interface
[1.341s] -- Up-to-date symlink: /home/cossio/ejer1_ws/install/custom_interface/share/custom_interface/cmake/rosidl_cmake-extras.cmake
[1.341s] -- Up-to-date symlink: /home/cossio/ejer1_ws/install/custom_interface/share/custom_interface/cmake/ament_cmake_export_dependencies-extras.cmake
[1.341s] -- Up-to-date symlink: /home/cossio/ejer1_ws/install/custom_interface/share/custom_interface/cmake/ament_cmake_export_include_directories-extras.cmake
[1.341s] -- Up-to-date symlink: /home/cossio/ejer1_ws/install/custom_interface/share/custom_interface/cmake/ament_cmake_export_libraries-extras.cmake
[1.341s] -- Up-to-date symlink: /home/cossio/ejer1_ws/install/custom_interface/share/custom_interface/cmake/ament_cmake_export_targets-extras.cmake
[1.341s] -- Up-to-date symlink: /home/cossio/ejer1_ws/install/custom_interface/share/custom_interface/cmake/rosidl_cmake_export_typesupport_targets-extras.cmake
[1.341s] -- Up-to-date symlink: /home/cossio/ejer1_ws/install/custom_interface/share/custom_interface/cmake/rosidl_cmake_export_typesupport_libraries-extras.cmake
[1.341s] -- Up-to-date symlink: /home/cossio/ejer1_ws/install/custom_interface/share/custom_interface/cmake/custom_interfaceConfig.cmake
[1.342s] -- Up-to-date symlink: /home/cossio/ejer1_ws/install/custom_interface/share/custom_interface/cmake/custom_interfaceConfig-version.cmake
[1.342s] -- Up-to-date symlink: /home/cossio/ejer1_ws/install/custom_interface/share/custom_interface/package.xml
[1.342s] -- Up-to-date: /home/cossio/ejer1_ws/install/custom_interface/lib/libcustom_interface__rosidl_generator_c.so
[1.342s] -- Up-to-date: /home/cossio/ejer1_ws/install/custom_interface/lib/libcustom_interface__rosidl_typesupport_fastrtps_c.so
[1.342s] -- Up-to-date: /home/cossio/ejer1_ws/install/custom_interface/lib/libcustom_interface__rosidl_typesupport_fastrtps_cpp.so
[1.342s] -- Up-to-date: /home/cossio/ejer1_ws/install/custom_interface/lib/libcustom_interface__rosidl_typesupport_introspection_c.so
[1.342s] -- Up-to-date: /home/cossio/ejer1_ws/install/custom_interface/lib/libcustom_interface__rosidl_typesupport_c.so
[1.343s] -- Up-to-date: /home/cossio/ejer1_ws/install/custom_interface/lib/libcustom_interface__rosidl_typesupport_introspection_cpp.so
[1.343s] -- Up-to-date: /home/cossio/ejer1_ws/install/custom_interface/lib/libcustom_interface__rosidl_typesupport_cpp.so
[1.366s] Listing '/home/cossio/ejer1_ws/install/custom_interface/local/lib/python3.10/dist-packages/custom_interface'...
[1.366s] Compiling '/home/cossio/ejer1_ws/install/custom_interface/local/lib/python3.10/dist-packages/custom_interface/__init__.py'...
[1.366s] Listing '/home/cossio/ejer1_ws/install/custom_interface/local/lib/python3.10/dist-packages/custom_interface/msg'...
[1.366s] Listing '/home/cossio/ejer1_ws/install/custom_interface/local/lib/python3.10/dist-packages/custom_interface/srv'...
[1.369s] -- Up-to-date: /home/cossio/ejer1_ws/install/custom_interface/lib/libcustom_interface__rosidl_generator_py.so
[1.369s] -- Up-to-date: /home/cossio/ejer1_ws/install/custom_interface/share/custom_interface/cmake/export_custom_interface__rosidl_generator_cExport.cmake
[1.369s] -- Up-to-date: /home/cossio/ejer1_ws/install/custom_interface/share/custom_interface/cmake/export_custom_interface__rosidl_generator_cExport-noconfig.cmake
[1.369s] -- Up-to-date: /home/cossio/ejer1_ws/install/custom_interface/share/custom_interface/cmake/export_custom_interface__rosidl_typesupport_fastrtps_cExport.cmake
[1.370s] -- Up-to-date: /home/cossio/ejer1_ws/install/custom_interface/share/custom_interface/cmake/export_custom_interface__rosidl_typesupport_fastrtps_cExport-noconfig.cmake
[1.370s] -- Up-to-date: /home/cossio/ejer1_ws/install/custom_interface/share/custom_interface/cmake/export_custom_interface__rosidl_generator_cppExport.cmake
[1.370s] -- Up-to-date: /home/cossio/ejer1_ws/install/custom_interface/share/custom_interface/cmake/export_custom_interface__rosidl_typesupport_fastrtps_cppExport.cmake
[1.370s] -- Up-to-date: /home/cossio/ejer1_ws/install/custom_interface/share/custom_interface/cmake/export_custom_interface__rosidl_typesupport_fastrtps_cppExport-noconfig.cmake
[1.370s] -- Up-to-date: /home/cossio/ejer1_ws/install/custom_interface/share/custom_interface/cmake/custom_interface__rosidl_typesupport_introspection_cExport.cmake
[1.370s] -- Up-to-date: /home/cossio/ejer1_ws/install/custom_interface/share/custom_interface/cmake/custom_interface__rosidl_typesupport_introspection_cExport-noconfig.cmake
[1.370s] -- Up-to-date: /home/cossio/ejer1_ws/install/custom_interface/share/custom_interface/cmake/custom_interface__rosidl_typesupport_cExport.cmake
[1.370s] -- Up-to-date: /home/cossio/ejer1_ws/install/custom_interface/share/custom_interface/cmake/custom_interface__rosidl_typesupport_cExport-noconfig.cmake
[1.370s] -- Up-to-date: /home/cossio/ejer1_ws/install/custom_interface/share/custom_interface/cmake/custom_interface__rosidl_typesupport_introspection_cppExport.cmake
[1.370s] -- Up-to-date: /home/cossio/ejer1_ws/install/custom_interface/share/custom_interface/cmake/custom_interface__rosidl_typesupport_introspection_cppExport-noconfig.cmake
[1.370s] -- Up-to-date: /home/cossio/ejer1_ws/install/custom_interface/share/custom_interface/cmake/custom_interface__rosidl_typesupport_cppExport.cmake
[1.371s] -- Up-to-date: /home/cossio/ejer1_ws/install/custom_interface/share/custom_interface/cmake/custom_interface__rosidl_typesupport_cppExport-noconfig.cmake
[1.371s] -- Up-to-date: /home/cossio/ejer1_ws/install/custom_interface/share/custom_interface/cmake/export_custom_interface__rosidl_generator_pyExport.cmake
[1.371s] -- Up-to-date: /home/cossio/ejer1_ws/install/custom_interface/share/custom_interface/cmake/export_custom_interface__rosidl_generator_pyExport-noconfig.cmake
[1.373s] Invoked command in '/home/cossio/ejer1_ws/build/custom_interface' returned '0': CMAKE_PREFIX_PATH=${CMAKE_PREFIX_PATH}:/opt/ros/humble /usr/bin/cmake --install /home/cossio/ejer1_ws/build/custom_interface
