[0.025s] Invoking command in '/home/fab/ejer2_ws/build/interfaces': CMAKE_PREFIX_PATH=/home/fab/ejer2_ws/install/pubsub:/opt/ros/humble /usr/bin/cmake --build /home/fab/ejer2_ws/build/interfaces -- -j4 -l4
[0.066s] -- Found ament_cmake: 1.3.12 (/opt/ros/humble/share/ament_cmake/cmake)
[0.306s] -- Found geometry_msgs: 4.9.0 (/opt/ros/humble/share/geometry_msgs/cmake)
[0.369s] -- Found rosidl_generator_c: 3.1.7 (/opt/ros/humble/share/rosidl_generator_c/cmake)
[0.378s] -- Found rosidl_adapter: 3.1.7 (/opt/ros/humble/share/rosidl_adapter/cmake)
[0.392s] -- Found rosidl_generator_cpp: 3.1.7 (/opt/ros/humble/share/rosidl_generator_cpp/cmake)
[0.419s] -- Using all available rosidl_typesupport_c: rosidl_typesupport_fastrtps_c;rosidl_typesupport_introspection_c
[0.453s] -- Using all available rosidl_typesupport_cpp: rosidl_typesupport_fastrtps_cpp;rosidl_typesupport_introspection_cpp
[0.550s] -- Found rosidl_default_generators: 1.2.0 (/opt/ros/humble/share/rosidl_default_generators/cmake)
[0.964s] -- Found ament_cmake_ros: 0.10.0 (/opt/ros/humble/share/ament_cmake_ros/cmake)
[1.455s] -- Using all available rosidl_typesupport_c: rosidl_typesupport_fastrtps_c;rosidl_typesupport_introspection_c
[1.626s] -- Using all available rosidl_typesupport_cpp: rosidl_typesupport_fastrtps_cpp;rosidl_typesupport_introspection_cpp
[1.668s] -- Found python_cmake_module: 0.10.0 (/opt/ros/humble/share/python_cmake_module/cmake)
[1.706s] -- Using PYTHON_EXECUTABLE: /usr/bin/python3
[1.706s] -- Using PYTHON_INCLUDE_DIRS: /usr/include/python3.10
[1.706s] -- Using PYTHON_LIBRARIES: /usr/lib/x86_64-linux-gnu/libpython3.10.so
[1.728s] -- Found ament_lint_auto: 0.12.14 (/opt/ros/humble/share/ament_lint_auto/cmake)
[1.798s] -- Added test 'cppcheck' to perform static code analysis on C / C++ code
[1.799s] -- Configured cppcheck include dirs: 
[1.799s] -- Configured cppcheck exclude dirs and/or files: 
[1.806s] -- Added test 'flake8' to check Python code syntax and style conventions
[1.816s] -- Added test 'lint_cmake' to check CMake code style
[1.825s] -- Added test 'pep257' to check Python code against some of the docstring style conventions in PEP 257
[1.868s] -- Added test 'uncrustify' to check C / C++ code style
[1.869s] -- Configured uncrustify additional arguments: 
[1.874s] -- Added test 'xmllint' to check XML markup files
[1.877s] -- Configuring done
[1.917s] -- Generating done
[1.943s] -- Build files have been written to: /home/fab/ejer2_ws/build/interfaces
[1.994s] [35m[1mConsolidate compiler generated dependencies of target interfaces__rosidl_generator_c[0m
[2.014s] [  9%] Built target interfaces__rosidl_generator_c
[2.015s] [ 12%] Built target interfaces__cpp
[2.033s] [ 12%] Built target ament_cmake_python_copy_interfaces
[2.034s] [35m[1mConsolidate compiler generated dependencies of target interfaces__rosidl_typesupport_introspection_c[0m
[2.034s] [35m[1mConsolidate compiler generated dependencies of target interfaces__rosidl_typesupport_fastrtps_c[0m
[2.038s] [35m[1mConsolidate compiler generated dependencies of target interfaces__rosidl_typesupport_c[0m
[2.060s] [35m[1mConsolidate compiler generated dependencies of target interfaces__rosidl_typesupport_introspection_cpp[0m
[2.065s] [ 22%] Built target interfaces__rosidl_typesupport_fastrtps_c
[2.068s] [ 32%] Built target interfaces__rosidl_typesupport_c
[2.074s] [ 41%] Built target interfaces__rosidl_typesupport_introspection_c
[2.089s] [35m[1mConsolidate compiler generated dependencies of target interfaces__rosidl_typesupport_cpp[0m
[2.091s] [ 51%] Built target interfaces__rosidl_typesupport_introspection_cpp
[2.094s] [35m[1mConsolidate compiler generated dependencies of target interfaces__rosidl_typesupport_fastrtps_cpp[0m
[2.114s] [ 61%] Built target interfaces__rosidl_typesupport_fastrtps_cpp
[2.117s] [ 70%] Built target interfaces__rosidl_typesupport_cpp
[2.146s] [ 70%] Built target interfaces
[2.176s] [ 74%] Built target interfaces__py
[2.190s] [35m[1mConsolidate compiler generated dependencies of target interfaces__rosidl_generator_py[0m
[2.208s] [ 80%] Built target interfaces__rosidl_generator_py
[2.228s] [35m[1mConsolidate compiler generated dependencies of target interfaces__rosidl_typesupport_fastrtps_c__pyext[0m
[2.229s] [35m[1mConsolidate compiler generated dependencies of target interfaces__rosidl_typesupport_introspection_c__pyext[0m
[2.231s] [35m[1mConsolidate compiler generated dependencies of target interfaces__rosidl_typesupport_c__pyext[0m
[2.259s] [ 87%] Built target interfaces__rosidl_typesupport_introspection_c__pyext
[2.278s] [ 93%] Built target interfaces__rosidl_typesupport_fastrtps_c__pyext
[2.289s] [100%] Built target interfaces__rosidl_typesupport_c__pyext
[2.594s] running egg_info
[2.595s] writing interfaces.egg-info/PKG-INFO
[2.595s] writing dependency_links to interfaces.egg-info/dependency_links.txt
[2.595s] writing top-level names to interfaces.egg-info/top_level.txt
[2.599s] reading manifest file 'interfaces.egg-info/SOURCES.txt'
[2.600s] writing manifest file 'interfaces.egg-info/SOURCES.txt'
[2.647s] [100%] Built target ament_cmake_python_build_interfaces_egg
[2.664s] Invoked command in '/home/fab/ejer2_ws/build/interfaces' returned '0': CMAKE_PREFIX_PATH=/home/fab/ejer2_ws/install/pubsub:/opt/ros/humble /usr/bin/cmake --build /home/fab/ejer2_ws/build/interfaces -- -j4 -l4
[2.679s] Invoking command in '/home/fab/ejer2_ws/build/interfaces': CMAKE_PREFIX_PATH=/home/fab/ejer2_ws/install/pubsub:/opt/ros/humble /usr/bin/cmake --install /home/fab/ejer2_ws/build/interfaces
[2.690s] -- Install configuration: ""
[2.690s] -- Up-to-date: /home/fab/ejer2_ws/install/interfaces/share/ament_index/resource_index/rosidl_interfaces/interfaces
[2.690s] -- Up-to-date: /home/fab/ejer2_ws/install/interfaces/include/interfaces/interfaces
[2.690s] -- Up-to-date: /home/fab/ejer2_ws/install/interfaces/include/interfaces/interfaces/msg
[2.691s] -- Up-to-date: /home/fab/ejer2_ws/install/interfaces/include/interfaces/interfaces/msg/rosidl_generator_c__visibility_control.h
[2.691s] -- Up-to-date: /home/fab/ejer2_ws/install/interfaces/include/interfaces/interfaces/msg/detail
[2.691s] -- Up-to-date: /home/fab/ejer2_ws/install/interfaces/include/interfaces/interfaces/msg/detail/filtered_sensor__functions.h
[2.691s] -- Up-to-date: /home/fab/ejer2_ws/install/interfaces/include/interfaces/interfaces/msg/detail/filtered_sensor__struct.h
[2.692s] -- Up-to-date: /home/fab/ejer2_ws/install/interfaces/include/interfaces/interfaces/msg/detail/filtered_sensor__functions.c
[2.692s] -- Up-to-date: /home/fab/ejer2_ws/install/interfaces/include/interfaces/interfaces/msg/detail/filtered_sensor__type_support.h
[2.692s] -- Up-to-date: /home/fab/ejer2_ws/install/interfaces/include/interfaces/interfaces/msg/filtered_sensor.h
[2.692s] -- Up-to-date: /home/fab/ejer2_ws/install/interfaces/share/interfaces/environment/library_path.sh
[2.693s] -- Installing: /home/fab/ejer2_ws/install/interfaces/share/interfaces/environment/library_path.dsv
[2.693s] -- Up-to-date: /home/fab/ejer2_ws/install/interfaces/lib/libinterfaces__rosidl_generator_c.so
[2.693s] -- Up-to-date: /home/fab/ejer2_ws/install/interfaces/include/interfaces/interfaces
[2.693s] -- Up-to-date: /home/fab/ejer2_ws/install/interfaces/include/interfaces/interfaces/msg
[2.694s] -- Up-to-date: /home/fab/ejer2_ws/install/interfaces/include/interfaces/interfaces/msg/detail
[2.694s] -- Up-to-date: /home/fab/ejer2_ws/install/interfaces/include/interfaces/interfaces/msg/detail/filtered_sensor__rosidl_typesupport_fastrtps_c.h
[2.694s] -- Up-to-date: /home/fab/ejer2_ws/install/interfaces/include/interfaces/interfaces/msg/rosidl_typesupport_fastrtps_c__visibility_control.h
[2.694s] -- Up-to-date: /home/fab/ejer2_ws/install/interfaces/lib/libinterfaces__rosidl_typesupport_fastrtps_c.so
[2.695s] -- Up-to-date: /home/fab/ejer2_ws/install/interfaces/include/interfaces/interfaces
[2.695s] -- Up-to-date: /home/fab/ejer2_ws/install/interfaces/include/interfaces/interfaces/msg
[2.695s] -- Up-to-date: /home/fab/ejer2_ws/install/interfaces/include/interfaces/interfaces/msg/rosidl_generator_cpp__visibility_control.hpp
[2.695s] -- Up-to-date: /home/fab/ejer2_ws/install/interfaces/include/interfaces/interfaces/msg/detail
[2.695s] -- Up-to-date: /home/fab/ejer2_ws/install/interfaces/include/interfaces/interfaces/msg/detail/filtered_sensor__builder.hpp
[2.696s] -- Up-to-date: /home/fab/ejer2_ws/install/interfaces/include/interfaces/interfaces/msg/detail/filtered_sensor__struct.hpp
[2.696s] -- Up-to-date: /home/fab/ejer2_ws/install/interfaces/include/interfaces/interfaces/msg/detail/filtered_sensor__traits.hpp
[2.696s] -- Up-to-date: /home/fab/ejer2_ws/install/interfaces/include/interfaces/interfaces/msg/detail/filtered_sensor__type_support.hpp
[2.696s] -- Up-to-date: /home/fab/ejer2_ws/install/interfaces/include/interfaces/interfaces/msg/filtered_sensor.hpp
[2.697s] -- Up-to-date: /home/fab/ejer2_ws/install/interfaces/include/interfaces/interfaces
[2.697s] -- Up-to-date: /home/fab/ejer2_ws/install/interfaces/include/interfaces/interfaces/msg
[2.697s] -- Up-to-date: /home/fab/ejer2_ws/install/interfaces/include/interfaces/interfaces/msg/detail
[2.697s] -- Up-to-date: /home/fab/ejer2_ws/install/interfaces/include/interfaces/interfaces/msg/detail/filtered_sensor__rosidl_typesupport_fastrtps_cpp.hpp
[2.697s] -- Up-to-date: /home/fab/ejer2_ws/install/interfaces/include/interfaces/interfaces/msg/detail/dds_fastrtps
[2.698s] -- Up-to-date: /home/fab/ejer2_ws/install/interfaces/include/interfaces/interfaces/msg/rosidl_typesupport_fastrtps_cpp__visibility_control.h
[2.698s] -- Up-to-date: /home/fab/ejer2_ws/install/interfaces/lib/libinterfaces__rosidl_typesupport_fastrtps_cpp.so
[2.698s] -- Up-to-date: /home/fab/ejer2_ws/install/interfaces/include/interfaces/interfaces
[2.698s] -- Up-to-date: /home/fab/ejer2_ws/install/interfaces/include/interfaces/interfaces/msg
[2.699s] -- Up-to-date: /home/fab/ejer2_ws/install/interfaces/include/interfaces/interfaces/msg/detail
[2.699s] -- Up-to-date: /home/fab/ejer2_ws/install/interfaces/include/interfaces/interfaces/msg/detail/filtered_sensor__type_support.c
[2.699s] -- Up-to-date: /home/fab/ejer2_ws/install/interfaces/include/interfaces/interfaces/msg/detail/filtered_sensor__rosidl_typesupport_introspection_c.h
[2.699s] -- Up-to-date: /home/fab/ejer2_ws/install/interfaces/include/interfaces/interfaces/msg/rosidl_typesupport_introspection_c__visibility_control.h
[2.699s] -- Up-to-date: /home/fab/ejer2_ws/install/interfaces/lib/libinterfaces__rosidl_typesupport_introspection_c.so
[2.700s] -- Up-to-date: /home/fab/ejer2_ws/install/interfaces/lib/libinterfaces__rosidl_typesupport_c.so
[2.700s] -- Up-to-date: /home/fab/ejer2_ws/install/interfaces/include/interfaces/interfaces
[2.700s] -- Up-to-date: /home/fab/ejer2_ws/install/interfaces/include/interfaces/interfaces/msg
[2.700s] -- Up-to-date: /home/fab/ejer2_ws/install/interfaces/include/interfaces/interfaces/msg/detail
[2.700s] -- Up-to-date: /home/fab/ejer2_ws/install/interfaces/include/interfaces/interfaces/msg/detail/filtered_sensor__type_support.cpp
[2.700s] -- Up-to-date: /home/fab/ejer2_ws/install/interfaces/include/interfaces/interfaces/msg/detail/filtered_sensor__rosidl_typesupport_introspection_cpp.hpp
[2.701s] -- Up-to-date: /home/fab/ejer2_ws/install/interfaces/lib/libinterfaces__rosidl_typesupport_introspection_cpp.so
[2.701s] -- Up-to-date: /home/fab/ejer2_ws/install/interfaces/lib/libinterfaces__rosidl_typesupport_cpp.so
[2.701s] -- Up-to-date: /home/fab/ejer2_ws/install/interfaces/share/interfaces/environment/pythonpath.sh
[2.701s] -- Installing: /home/fab/ejer2_ws/install/interfaces/share/interfaces/environment/pythonpath.dsv
[2.701s] -- Up-to-date: /home/fab/ejer2_ws/install/interfaces/local/lib/python3.10/dist-packages/interfaces-0.0.0-py3.10.egg-info
[2.701s] -- Installing: /home/fab/ejer2_ws/install/interfaces/local/lib/python3.10/dist-packages/interfaces-0.0.0-py3.10.egg-info/SOURCES.txt
[2.701s] -- Installing: /home/fab/ejer2_ws/install/interfaces/local/lib/python3.10/dist-packages/interfaces-0.0.0-py3.10.egg-info/PKG-INFO
[2.701s] -- Installing: /home/fab/ejer2_ws/install/interfaces/local/lib/python3.10/dist-packages/interfaces-0.0.0-py3.10.egg-info/top_level.txt
[2.701s] -- Installing: /home/fab/ejer2_ws/install/interfaces/local/lib/python3.10/dist-packages/interfaces-0.0.0-py3.10.egg-info/dependency_links.txt
[2.702s] -- Up-to-date: /home/fab/ejer2_ws/install/interfaces/local/lib/python3.10/dist-packages/interfaces
[2.702s] -- Up-to-date: /home/fab/ejer2_ws/install/interfaces/local/lib/python3.10/dist-packages/interfaces/_interfaces_s.ep.rosidl_typesupport_fastrtps_c.c
[2.702s] -- Up-to-date: /home/fab/ejer2_ws/install/interfaces/local/lib/python3.10/dist-packages/interfaces/interfaces_s__rosidl_typesupport_introspection_c.cpython-310-x86_64-linux-gnu.so
[2.702s] -- Up-to-date: /home/fab/ejer2_ws/install/interfaces/local/lib/python3.10/dist-packages/interfaces/_interfaces_s.ep.rosidl_typesupport_introspection_c.c
[2.702s] -- Up-to-date: /home/fab/ejer2_ws/install/interfaces/local/lib/python3.10/dist-packages/interfaces/msg
[2.702s] -- Up-to-date: /home/fab/ejer2_ws/install/interfaces/local/lib/python3.10/dist-packages/interfaces/msg/__init__.py
[2.702s] -- Up-to-date: /home/fab/ejer2_ws/install/interfaces/local/lib/python3.10/dist-packages/interfaces/msg/_filtered_sensor_s.c
[2.702s] -- Up-to-date: /home/fab/ejer2_ws/install/interfaces/local/lib/python3.10/dist-packages/interfaces/msg/_filtered_sensor.py
[2.702s] -- Installing: /home/fab/ejer2_ws/install/interfaces/local/lib/python3.10/dist-packages/interfaces/__init__.py
[2.703s] -- Up-to-date: /home/fab/ejer2_ws/install/interfaces/local/lib/python3.10/dist-packages/interfaces/libinterfaces__rosidl_generator_py.so
[2.703s] -- Up-to-date: /home/fab/ejer2_ws/install/interfaces/local/lib/python3.10/dist-packages/interfaces/_interfaces_s.ep.rosidl_typesupport_c.c
[2.703s] -- Up-to-date: /home/fab/ejer2_ws/install/interfaces/local/lib/python3.10/dist-packages/interfaces/interfaces_s__rosidl_typesupport_c.cpython-310-x86_64-linux-gnu.so
[2.703s] -- Up-to-date: /home/fab/ejer2_ws/install/interfaces/local/lib/python3.10/dist-packages/interfaces/interfaces_s__rosidl_typesupport_fastrtps_c.cpython-310-x86_64-linux-gnu.so
[2.757s] Listing '/home/fab/ejer2_ws/install/interfaces/local/lib/python3.10/dist-packages/interfaces'...
[2.757s] Compiling '/home/fab/ejer2_ws/install/interfaces/local/lib/python3.10/dist-packages/interfaces/__init__.py'...
[2.757s] Listing '/home/fab/ejer2_ws/install/interfaces/local/lib/python3.10/dist-packages/interfaces/msg'...
[2.768s] -- Up-to-date: /home/fab/ejer2_ws/install/interfaces/local/lib/python3.10/dist-packages/interfaces/interfaces_s__rosidl_typesupport_fastrtps_c.cpython-310-x86_64-linux-gnu.so
[2.768s] -- Up-to-date: /home/fab/ejer2_ws/install/interfaces/local/lib/python3.10/dist-packages/interfaces/interfaces_s__rosidl_typesupport_introspection_c.cpython-310-x86_64-linux-gnu.so
[2.769s] -- Up-to-date: /home/fab/ejer2_ws/install/interfaces/local/lib/python3.10/dist-packages/interfaces/interfaces_s__rosidl_typesupport_c.cpython-310-x86_64-linux-gnu.so
[2.770s] -- Up-to-date: /home/fab/ejer2_ws/install/interfaces/lib/libinterfaces__rosidl_generator_py.so
[2.770s] -- Up-to-date: /home/fab/ejer2_ws/install/interfaces/share/interfaces/msg/FilteredSensor.idl
[2.771s] -- Up-to-date: /home/fab/ejer2_ws/install/interfaces/share/interfaces/msg/FilteredSensor.msg
[2.771s] -- Up-to-date: /home/fab/ejer2_ws/install/interfaces/share/ament_index/resource_index/package_run_dependencies/interfaces
[2.771s] -- Up-to-date: /home/fab/ejer2_ws/install/interfaces/share/ament_index/resource_index/parent_prefix_path/interfaces
[2.772s] -- Up-to-date: /home/fab/ejer2_ws/install/interfaces/share/interfaces/environment/ament_prefix_path.sh
[2.772s] -- Installing: /home/fab/ejer2_ws/install/interfaces/share/interfaces/environment/ament_prefix_path.dsv
[2.772s] -- Up-to-date: /home/fab/ejer2_ws/install/interfaces/share/interfaces/environment/path.sh
[2.773s] -- Installing: /home/fab/ejer2_ws/install/interfaces/share/interfaces/environment/path.dsv
[2.773s] -- Up-to-date: /home/fab/ejer2_ws/install/interfaces/share/interfaces/local_setup.bash
[2.773s] -- Up-to-date: /home/fab/ejer2_ws/install/interfaces/share/interfaces/local_setup.sh
[2.774s] -- Up-to-date: /home/fab/ejer2_ws/install/interfaces/share/interfaces/local_setup.zsh
[2.774s] -- Installing: /home/fab/ejer2_ws/install/interfaces/share/interfaces/local_setup.dsv
[2.774s] -- Installing: /home/fab/ejer2_ws/install/interfaces/share/interfaces/package.dsv
[2.775s] -- Up-to-date: /home/fab/ejer2_ws/install/interfaces/share/ament_index/resource_index/packages/interfaces
[2.775s] -- Up-to-date: /home/fab/ejer2_ws/install/interfaces/share/interfaces/cmake/export_interfaces__rosidl_generator_cExport.cmake
[2.775s] -- Up-to-date: /home/fab/ejer2_ws/install/interfaces/share/interfaces/cmake/export_interfaces__rosidl_generator_cExport-noconfig.cmake
[2.776s] -- Up-to-date: /home/fab/ejer2_ws/install/interfaces/share/interfaces/cmake/export_interfaces__rosidl_typesupport_fastrtps_cExport.cmake
[2.776s] -- Up-to-date: /home/fab/ejer2_ws/install/interfaces/share/interfaces/cmake/export_interfaces__rosidl_typesupport_fastrtps_cExport-noconfig.cmake
[2.776s] -- Up-to-date: /home/fab/ejer2_ws/install/interfaces/share/interfaces/cmake/export_interfaces__rosidl_generator_cppExport.cmake
[2.776s] -- Up-to-date: /home/fab/ejer2_ws/install/interfaces/share/interfaces/cmake/export_interfaces__rosidl_typesupport_fastrtps_cppExport.cmake
[2.777s] -- Up-to-date: /home/fab/ejer2_ws/install/interfaces/share/interfaces/cmake/export_interfaces__rosidl_typesupport_fastrtps_cppExport-noconfig.cmake
[2.777s] -- Up-to-date: /home/fab/ejer2_ws/install/interfaces/share/interfaces/cmake/interfaces__rosidl_typesupport_introspection_cExport.cmake
[2.777s] -- Up-to-date: /home/fab/ejer2_ws/install/interfaces/share/interfaces/cmake/interfaces__rosidl_typesupport_introspection_cExport-noconfig.cmake
[2.778s] -- Up-to-date: /home/fab/ejer2_ws/install/interfaces/share/interfaces/cmake/interfaces__rosidl_typesupport_cExport.cmake
[2.778s] -- Up-to-date: /home/fab/ejer2_ws/install/interfaces/share/interfaces/cmake/interfaces__rosidl_typesupport_cExport-noconfig.cmake
[2.778s] -- Up-to-date: /home/fab/ejer2_ws/install/interfaces/share/interfaces/cmake/interfaces__rosidl_typesupport_introspection_cppExport.cmake
[2.779s] -- Up-to-date: /home/fab/ejer2_ws/install/interfaces/share/interfaces/cmake/interfaces__rosidl_typesupport_introspection_cppExport-noconfig.cmake
[2.779s] -- Up-to-date: /home/fab/ejer2_ws/install/interfaces/share/interfaces/cmake/interfaces__rosidl_typesupport_cppExport.cmake
[2.779s] -- Up-to-date: /home/fab/ejer2_ws/install/interfaces/share/interfaces/cmake/interfaces__rosidl_typesupport_cppExport-noconfig.cmake
[2.779s] -- Up-to-date: /home/fab/ejer2_ws/install/interfaces/share/interfaces/cmake/export_interfaces__rosidl_generator_pyExport.cmake
[2.780s] -- Up-to-date: /home/fab/ejer2_ws/install/interfaces/share/interfaces/cmake/export_interfaces__rosidl_generator_pyExport-noconfig.cmake
[2.780s] -- Up-to-date: /home/fab/ejer2_ws/install/interfaces/share/interfaces/cmake/rosidl_cmake-extras.cmake
[2.780s] -- Up-to-date: /home/fab/ejer2_ws/install/interfaces/share/interfaces/cmake/ament_cmake_export_include_directories-extras.cmake
[2.780s] -- Up-to-date: /home/fab/ejer2_ws/install/interfaces/share/interfaces/cmake/ament_cmake_export_libraries-extras.cmake
[2.781s] -- Up-to-date: /home/fab/ejer2_ws/install/interfaces/share/interfaces/cmake/ament_cmake_export_targets-extras.cmake
[2.781s] -- Up-to-date: /home/fab/ejer2_ws/install/interfaces/share/interfaces/cmake/rosidl_cmake_export_typesupport_targets-extras.cmake
[2.781s] -- Up-to-date: /home/fab/ejer2_ws/install/interfaces/share/interfaces/cmake/ament_cmake_export_dependencies-extras.cmake
[2.781s] -- Up-to-date: /home/fab/ejer2_ws/install/interfaces/share/interfaces/cmake/rosidl_cmake_export_typesupport_libraries-extras.cmake
[2.781s] -- Up-to-date: /home/fab/ejer2_ws/install/interfaces/share/interfaces/cmake/interfacesConfig.cmake
[2.782s] -- Up-to-date: /home/fab/ejer2_ws/install/interfaces/share/interfaces/cmake/interfacesConfig-version.cmake
[2.782s] -- Installing: /home/fab/ejer2_ws/install/interfaces/share/interfaces/package.xml
[2.784s] Invoked command in '/home/fab/ejer2_ws/build/interfaces' returned '0': CMAKE_PREFIX_PATH=/home/fab/ejer2_ws/install/pubsub:/opt/ros/humble /usr/bin/cmake --install /home/fab/ejer2_ws/build/interfaces
