[0.025s] Invoking command in '/home/fab/ejer2_ws/build/interfaces': /usr/bin/cmake --build /home/fab/ejer2_ws/build/interfaces -- -j4 -l4
[0.075s] -- Found ament_cmake: 1.3.12 (/opt/ros/humble/share/ament_cmake/cmake)
[0.283s] -- Found geometry_msgs: 4.9.0 (/opt/ros/humble/share/geometry_msgs/cmake)
[0.317s] -- Found rosidl_generator_c: 3.1.7 (/opt/ros/humble/share/rosidl_generator_c/cmake)
[0.322s] -- Found rosidl_adapter: 3.1.7 (/opt/ros/humble/share/rosidl_adapter/cmake)
[0.333s] -- Found rosidl_generator_cpp: 3.1.7 (/opt/ros/humble/share/rosidl_generator_cpp/cmake)
[0.352s] -- Using all available rosidl_typesupport_c: rosidl_typesupport_fastrtps_c;rosidl_typesupport_introspection_c
[0.373s] -- Using all available rosidl_typesupport_cpp: rosidl_typesupport_fastrtps_cpp;rosidl_typesupport_introspection_cpp
[0.453s] -- Found rosidl_default_generators: 1.2.0 (/opt/ros/humble/share/rosidl_default_generators/cmake)
[0.747s] Error parsing '/home/fab/ejer2_ws/src/interfaces/package.xml':
[0.819s] Traceback (most recent call last):
[0.819s]   File "/opt/ros/humble/share/ament_cmake_core/cmake/core/package_xml_2_cmake.py", line 150, in <module>
[0.819s]     main()
[0.819s]   File "/opt/ros/humble/share/ament_cmake_core/cmake/core/package_xml_2_cmake.py", line 53, in main
[0.819s]     raise e
[0.819s]   File "/opt/ros/humble/share/ament_cmake_core/cmake/core/package_xml_2_cmake.py", line 49, in main
[0.819s]     package = parse_package_string(
[0.820s]   File "/usr/lib/python3/dist-packages/catkin_pkg/package.py", line 786, in parse_package_string
[0.857s]     raise InvalidPackage('Error(s):%s' % (''.join(['\n- %s' % e for e in errors])), filename)
[0.859s] catkin_pkg.package.InvalidPackage: Error(s) in package '/home/fab/ejer2_ws/src/interfaces/package.xml':
[0.859s] Error(s):
[0.859s] - The generic dependency on 'builtin_interfaces' is redundant with: build_depend, exec_depend
[0.888s] [31mCMake Error at /opt/ros/humble/share/ament_cmake_core/cmake/core/ament_package_xml.cmake:95 (message):
[0.888s]   execute_process(/usr/bin/python3
[0.888s]   /opt/ros/humble/share/ament_cmake_core/cmake/core/package_xml_2_cmake.py
[0.888s]   /home/fab/ejer2_ws/src/interfaces/package.xml
[0.888s]   /home/fab/ejer2_ws/build/interfaces/ament_cmake_core/package.cmake)
[0.889s]   returned error code 1
[0.889s] Call Stack (most recent call first):
[0.889s]   /opt/ros/humble/share/ament_cmake_core/cmake/core/ament_package_xml.cmake:49 (_ament_package_xml)
[0.889s]   /opt/ros/humble/share/rosidl_cmake/cmake/rosidl_generate_interfaces.cmake:226 (ament_package_xml)
[0.889s]   CMakeLists.txt:14 (rosidl_generate_interfaces)
[0.889s] 
[0.890s] [0m
[0.890s] -- Configuring incomplete, errors occurred!
[0.890s] See also "/home/fab/ejer2_ws/build/interfaces/CMakeFiles/CMakeOutput.log".
[0.897s] gmake: *** [Makefile:747: cmake_check_build_system] Error 1
[0.900s] Invoked command in '/home/fab/ejer2_ws/build/interfaces' returned '2': /usr/bin/cmake --build /home/fab/ejer2_ws/build/interfaces -- -j4 -l4
