[0.683s] Invoking command in '/home/cossio/ejer1_ws/src/ros2_tutorials-main/visual_pubsub': PYTHONPATH=/home/cossio/ejer1_ws/build/visual_pubsub/prefix_override:/usr/lib/python3/dist-packages/colcon_core/task/python/colcon_distutils_commands:/home/cossio/ejer1_ws/install/visual_pubsub/lib/python3.10/site-packages:${PYTHONPATH} /usr/bin/python3 -W ignore:setup.py install is deprecated -W ignore:easy_install command is deprecated setup.py egg_info --egg-base ../../../build/visual_pubsub build --build-base /home/cossio/ejer1_ws/build/visual_pubsub/build install --record /home/cossio/ejer1_ws/build/visual_pubsub/install.log --single-version-externally-managed install_data
[0.831s] running egg_info
[0.831s] writing ../../../build/visual_pubsub/visual_pubsub.egg-info/PKG-INFO
[0.831s] writing dependency_links to ../../../build/visual_pubsub/visual_pubsub.egg-info/dependency_links.txt
[0.832s] writing entry points to ../../../build/visual_pubsub/visual_pubsub.egg-info/entry_points.txt
[0.832s] writing requirements to ../../../build/visual_pubsub/visual_pubsub.egg-info/requires.txt
[0.832s] writing top-level names to ../../../build/visual_pubsub/visual_pubsub.egg-info/top_level.txt
[0.833s] reading manifest file '../../../build/visual_pubsub/visual_pubsub.egg-info/SOURCES.txt'
[0.833s] adding license file 'LICENSE'
[0.833s] writing manifest file '../../../build/visual_pubsub/visual_pubsub.egg-info/SOURCES.txt'
[0.833s] running build
[0.833s] running build_py
[0.834s] running install
[0.834s] running install_lib
[0.836s] running install_data
[0.836s] running install_egg_info
[0.837s] removing '/home/cossio/ejer1_ws/install/visual_pubsub/lib/python3.10/site-packages/visual_pubsub-0.0.0-py3.10.egg-info' (and everything under it)
[0.838s] Copying ../../../build/visual_pubsub/visual_pubsub.egg-info to /home/cossio/ejer1_ws/install/visual_pubsub/lib/python3.10/site-packages/visual_pubsub-0.0.0-py3.10.egg-info
[0.838s] running install_scripts
[0.854s] Installing pub_joints = visual_pubsub.pub_joints:maininverse_kinematics script to /home/cossio/ejer1_ws/install/visual_pubsub/lib/visual_pubsub
[0.854s] Installing sub_joints script to /home/cossio/ejer1_ws/install/visual_pubsub/lib/visual_pubsub
[0.854s] writing list of installed files to '/home/cossio/ejer1_ws/build/visual_pubsub/install.log'
[0.883s] Invoked command in '/home/cossio/ejer1_ws/src/ros2_tutorials-main/visual_pubsub' returned '0': PYTHONPATH=/home/cossio/ejer1_ws/build/visual_pubsub/prefix_override:/usr/lib/python3/dist-packages/colcon_core/task/python/colcon_distutils_commands:/home/cossio/ejer1_ws/install/visual_pubsub/lib/python3.10/site-packages:${PYTHONPATH} /usr/bin/python3 -W ignore:setup.py install is deprecated -W ignore:easy_install command is deprecated setup.py egg_info --egg-base ../../../build/visual_pubsub build --build-base /home/cossio/ejer1_ws/build/visual_pubsub/build install --record /home/cossio/ejer1_ws/build/visual_pubsub/install.log --single-version-externally-managed install_data
