[0.112s] DEBUG:colcon:Command line arguments: ['/usr/bin/colcon', 'build']
[0.112s] DEBUG:colcon:Parsed command line arguments: Namespace(log_base=None, log_level=None, verb_name='build', build_base='build', install_base='install', merge_install=False, symlink_install=False, test_result_base=None, continue_on_error=False, executor='parallel', parallel_workers=16, event_handlers=None, ignore_user_meta=False, metas=['./colcon.meta'], base_paths=['.'], packages_ignore=None, packages_ignore_regex=None, paths=None, packages_up_to=None, packages_up_to_regex=None, packages_above=None, packages_above_and_dependencies=None, packages_above_depth=None, packages_select_by_dep=None, packages_skip_by_dep=None, packages_skip_up_to=None, packages_select_build_failed=False, packages_skip_build_finished=False, packages_select_test_failures=False, packages_skip_test_passed=False, packages_select=None, packages_skip=None, packages_select_regex=None, packages_skip_regex=None, packages_start=None, packages_end=None, allow_overriding=[], cmake_args=None, cmake_target=None, cmake_target_skip_unavailable=False, cmake_clean_cache=False, cmake_clean_first=False, cmake_force_configure=False, ament_cmake_args=None, catkin_cmake_args=None, catkin_skip_building_tests=False, verb_parser=<colcon_defaults.argument_parser.defaults.DefaultArgumentsDecorator object at 0x796accf2fd90>, verb_extension=<colcon_core.verb.build.BuildVerb object at 0x796accf2ed70>, main=<bound method BuildVerb.main of <colcon_core.verb.build.BuildVerb object at 0x796accf2ed70>>)
[0.255s] Level 1:colcon.colcon_core.package_discovery:discover_packages(colcon_meta) check parameters
[0.255s] Level 1:colcon.colcon_core.package_discovery:discover_packages(recursive) check parameters
[0.255s] Level 1:colcon.colcon_core.package_discovery:discover_packages(ignore) check parameters
[0.255s] Level 1:colcon.colcon_core.package_discovery:discover_packages(path) check parameters
[0.255s] Level 1:colcon.colcon_core.package_discovery:discover_packages(colcon_meta) discover
[0.255s] Level 1:colcon.colcon_core.package_discovery:discover_packages(recursive) discover
[0.255s] INFO:colcon.colcon_core.package_discovery:Crawling recursively for packages in '/home/cossio/ejer1_ws'
[0.255s] Level 1:colcon.colcon_core.package_identification:_identify(.) by extensions ['ignore', 'ignore_ament_install']
[0.256s] Level 1:colcon.colcon_core.package_identification:_identify(.) by extension 'ignore'
[0.256s] Level 1:colcon.colcon_core.package_identification:_identify(.) by extension 'ignore_ament_install'
[0.256s] Level 1:colcon.colcon_core.package_identification:_identify(.) by extensions ['colcon_pkg']
[0.256s] Level 1:colcon.colcon_core.package_identification:_identify(.) by extension 'colcon_pkg'
[0.256s] Level 1:colcon.colcon_core.package_identification:_identify(.) by extensions ['colcon_meta']
[0.256s] Level 1:colcon.colcon_core.package_identification:_identify(.) by extension 'colcon_meta'
[0.256s] Level 1:colcon.colcon_core.package_identification:_identify(.) by extensions ['ros']
[0.256s] Level 1:colcon.colcon_core.package_identification:_identify(.) by extension 'ros'
[0.264s] Level 1:colcon.colcon_core.package_identification:_identify(.) by extensions ['cmake', 'python']
[0.264s] Level 1:colcon.colcon_core.package_identification:_identify(.) by extension 'cmake'
[0.264s] Level 1:colcon.colcon_core.package_identification:_identify(.) by extension 'python'
[0.264s] Level 1:colcon.colcon_core.package_identification:_identify(.) by extensions ['python_setup_py']
[0.264s] Level 1:colcon.colcon_core.package_identification:_identify(.) by extension 'python_setup_py'
[0.264s] Level 1:colcon.colcon_core.package_identification:_identify(build) by extensions ['ignore', 'ignore_ament_install']
[0.264s] Level 1:colcon.colcon_core.package_identification:_identify(build) by extension 'ignore'
[0.264s] Level 1:colcon.colcon_core.package_identification:_identify(build) ignored
[0.264s] Level 1:colcon.colcon_core.package_identification:_identify(install) by extensions ['ignore', 'ignore_ament_install']
[0.264s] Level 1:colcon.colcon_core.package_identification:_identify(install) by extension 'ignore'
[0.264s] Level 1:colcon.colcon_core.package_identification:_identify(install) ignored
[0.265s] Level 1:colcon.colcon_core.package_identification:_identify(log) by extensions ['ignore', 'ignore_ament_install']
[0.265s] Level 1:colcon.colcon_core.package_identification:_identify(log) by extension 'ignore'
[0.265s] Level 1:colcon.colcon_core.package_identification:_identify(log) ignored
[0.265s] Level 1:colcon.colcon_core.package_identification:_identify(src) by extensions ['ignore', 'ignore_ament_install']
[0.265s] Level 1:colcon.colcon_core.package_identification:_identify(src) by extension 'ignore'
[0.265s] Level 1:colcon.colcon_core.package_identification:_identify(src) by extension 'ignore_ament_install'
[0.265s] Level 1:colcon.colcon_core.package_identification:_identify(src) by extensions ['colcon_pkg']
[0.265s] Level 1:colcon.colcon_core.package_identification:_identify(src) by extension 'colcon_pkg'
[0.265s] Level 1:colcon.colcon_core.package_identification:_identify(src) by extensions ['colcon_meta']
[0.265s] Level 1:colcon.colcon_core.package_identification:_identify(src) by extension 'colcon_meta'
[0.265s] Level 1:colcon.colcon_core.package_identification:_identify(src) by extensions ['ros']
[0.265s] Level 1:colcon.colcon_core.package_identification:_identify(src) by extension 'ros'
[0.265s] Level 1:colcon.colcon_core.package_identification:_identify(src) by extensions ['cmake', 'python']
[0.265s] Level 1:colcon.colcon_core.package_identification:_identify(src) by extension 'cmake'
[0.265s] Level 1:colcon.colcon_core.package_identification:_identify(src) by extension 'python'
[0.265s] Level 1:colcon.colcon_core.package_identification:_identify(src) by extensions ['python_setup_py']
[0.265s] Level 1:colcon.colcon_core.package_identification:_identify(src) by extension 'python_setup_py'
[0.265s] Level 1:colcon.colcon_core.package_identification:_identify(src/ros2_tutorials-main) by extensions ['ignore', 'ignore_ament_install']
[0.265s] Level 1:colcon.colcon_core.package_identification:_identify(src/ros2_tutorials-main) by extension 'ignore'
[0.265s] Level 1:colcon.colcon_core.package_identification:_identify(src/ros2_tutorials-main) by extension 'ignore_ament_install'
[0.265s] Level 1:colcon.colcon_core.package_identification:_identify(src/ros2_tutorials-main) by extensions ['colcon_pkg']
[0.265s] Level 1:colcon.colcon_core.package_identification:_identify(src/ros2_tutorials-main) by extension 'colcon_pkg'
[0.265s] Level 1:colcon.colcon_core.package_identification:_identify(src/ros2_tutorials-main) by extensions ['colcon_meta']
[0.265s] Level 1:colcon.colcon_core.package_identification:_identify(src/ros2_tutorials-main) by extension 'colcon_meta'
[0.265s] Level 1:colcon.colcon_core.package_identification:_identify(src/ros2_tutorials-main) by extensions ['ros']
[0.265s] Level 1:colcon.colcon_core.package_identification:_identify(src/ros2_tutorials-main) by extension 'ros'
[0.265s] Level 1:colcon.colcon_core.package_identification:_identify(src/ros2_tutorials-main) by extensions ['cmake', 'python']
[0.265s] Level 1:colcon.colcon_core.package_identification:_identify(src/ros2_tutorials-main) by extension 'cmake'
[0.265s] Level 1:colcon.colcon_core.package_identification:_identify(src/ros2_tutorials-main) by extension 'python'
[0.265s] Level 1:colcon.colcon_core.package_identification:_identify(src/ros2_tutorials-main) by extensions ['python_setup_py']
[0.265s] Level 1:colcon.colcon_core.package_identification:_identify(src/ros2_tutorials-main) by extension 'python_setup_py'
[0.265s] Level 1:colcon.colcon_core.package_identification:_identify(src/ros2_tutorials-main/cpp_examples) by extensions ['ignore', 'ignore_ament_install']
[0.265s] Level 1:colcon.colcon_core.package_identification:_identify(src/ros2_tutorials-main/cpp_examples) by extension 'ignore'
[0.265s] Level 1:colcon.colcon_core.package_identification:_identify(src/ros2_tutorials-main/cpp_examples) by extension 'ignore_ament_install'
[0.265s] Level 1:colcon.colcon_core.package_identification:_identify(src/ros2_tutorials-main/cpp_examples) by extensions ['colcon_pkg']
[0.265s] Level 1:colcon.colcon_core.package_identification:_identify(src/ros2_tutorials-main/cpp_examples) by extension 'colcon_pkg'
[0.265s] Level 1:colcon.colcon_core.package_identification:_identify(src/ros2_tutorials-main/cpp_examples) by extensions ['colcon_meta']
[0.265s] Level 1:colcon.colcon_core.package_identification:_identify(src/ros2_tutorials-main/cpp_examples) by extension 'colcon_meta'
[0.265s] Level 1:colcon.colcon_core.package_identification:_identify(src/ros2_tutorials-main/cpp_examples) by extensions ['ros']
[0.265s] Level 1:colcon.colcon_core.package_identification:_identify(src/ros2_tutorials-main/cpp_examples) by extension 'ros'
[0.267s] DEBUG:colcon.colcon_core.package_identification:Package 'src/ros2_tutorials-main/cpp_examples' with type 'ros.ament_cmake' and name 'cpp_examples'
[0.267s] Level 1:colcon.colcon_core.package_identification:_identify(src/ros2_tutorials-main/custom_interface) by extensions ['ignore', 'ignore_ament_install']
[0.267s] Level 1:colcon.colcon_core.package_identification:_identify(src/ros2_tutorials-main/custom_interface) by extension 'ignore'
[0.267s] Level 1:colcon.colcon_core.package_identification:_identify(src/ros2_tutorials-main/custom_interface) by extension 'ignore_ament_install'
[0.267s] Level 1:colcon.colcon_core.package_identification:_identify(src/ros2_tutorials-main/custom_interface) by extensions ['colcon_pkg']
[0.267s] Level 1:colcon.colcon_core.package_identification:_identify(src/ros2_tutorials-main/custom_interface) by extension 'colcon_pkg'
[0.267s] Level 1:colcon.colcon_core.package_identification:_identify(src/ros2_tutorials-main/custom_interface) by extensions ['colcon_meta']
[0.267s] Level 1:colcon.colcon_core.package_identification:_identify(src/ros2_tutorials-main/custom_interface) by extension 'colcon_meta'
[0.267s] Level 1:colcon.colcon_core.package_identification:_identify(src/ros2_tutorials-main/custom_interface) by extensions ['ros']
[0.267s] Level 1:colcon.colcon_core.package_identification:_identify(src/ros2_tutorials-main/custom_interface) by extension 'ros'
[0.268s] DEBUG:colcon.colcon_core.package_identification:Package 'src/ros2_tutorials-main/custom_interface' with type 'ros.ament_cmake' and name 'custom_interface'
[0.268s] Level 1:colcon.colcon_core.package_identification:_identify(src/ros2_tutorials-main/py_examples) by extensions ['ignore', 'ignore_ament_install']
[0.268s] Level 1:colcon.colcon_core.package_identification:_identify(src/ros2_tutorials-main/py_examples) by extension 'ignore'
[0.268s] Level 1:colcon.colcon_core.package_identification:_identify(src/ros2_tutorials-main/py_examples) by extension 'ignore_ament_install'
[0.268s] Level 1:colcon.colcon_core.package_identification:_identify(src/ros2_tutorials-main/py_examples) by extensions ['colcon_pkg']
[0.268s] Level 1:colcon.colcon_core.package_identification:_identify(src/ros2_tutorials-main/py_examples) by extension 'colcon_pkg'
[0.268s] Level 1:colcon.colcon_core.package_identification:_identify(src/ros2_tutorials-main/py_examples) by extensions ['colcon_meta']
[0.268s] Level 1:colcon.colcon_core.package_identification:_identify(src/ros2_tutorials-main/py_examples) by extension 'colcon_meta'
[0.268s] Level 1:colcon.colcon_core.package_identification:_identify(src/ros2_tutorials-main/py_examples) by extensions ['ros']
[0.268s] Level 1:colcon.colcon_core.package_identification:_identify(src/ros2_tutorials-main/py_examples) by extension 'ros'
[0.269s] DEBUG:colcon.colcon_core.package_identification:Package 'src/ros2_tutorials-main/py_examples' with type 'ros.ament_python' and name 'py_examples'
[0.269s] Level 1:colcon.colcon_core.package_identification:_identify(src/ros2_tutorials-main/robot_description) by extensions ['ignore', 'ignore_ament_install']
[0.269s] Level 1:colcon.colcon_core.package_identification:_identify(src/ros2_tutorials-main/robot_description) by extension 'ignore'
[0.269s] Level 1:colcon.colcon_core.package_identification:_identify(src/ros2_tutorials-main/robot_description) by extension 'ignore_ament_install'
[0.269s] Level 1:colcon.colcon_core.package_identification:_identify(src/ros2_tutorials-main/robot_description) by extensions ['colcon_pkg']
[0.269s] Level 1:colcon.colcon_core.package_identification:_identify(src/ros2_tutorials-main/robot_description) by extension 'colcon_pkg'
[0.269s] Level 1:colcon.colcon_core.package_identification:_identify(src/ros2_tutorials-main/robot_description) by extensions ['colcon_meta']
[0.269s] Level 1:colcon.colcon_core.package_identification:_identify(src/ros2_tutorials-main/robot_description) by extension 'colcon_meta'
[0.269s] Level 1:colcon.colcon_core.package_identification:_identify(src/ros2_tutorials-main/robot_description) by extensions ['ros']
[0.269s] Level 1:colcon.colcon_core.package_identification:_identify(src/ros2_tutorials-main/robot_description) by extension 'ros'
[0.269s] DEBUG:colcon.colcon_core.package_identification:Package 'src/ros2_tutorials-main/robot_description' with type 'ros.ament_cmake' and name 'robot_description'
[0.269s] Level 1:colcon.colcon_core.package_identification:_identify(src/ros2_tutorials-main/test_move) by extensions ['ignore', 'ignore_ament_install']
[0.269s] Level 1:colcon.colcon_core.package_identification:_identify(src/ros2_tutorials-main/test_move) by extension 'ignore'
[0.269s] Level 1:colcon.colcon_core.package_identification:_identify(src/ros2_tutorials-main/test_move) by extension 'ignore_ament_install'
[0.269s] Level 1:colcon.colcon_core.package_identification:_identify(src/ros2_tutorials-main/test_move) by extensions ['colcon_pkg']
[0.269s] Level 1:colcon.colcon_core.package_identification:_identify(src/ros2_tutorials-main/test_move) by extension 'colcon_pkg'
[0.269s] Level 1:colcon.colcon_core.package_identification:_identify(src/ros2_tutorials-main/test_move) by extensions ['colcon_meta']
[0.269s] Level 1:colcon.colcon_core.package_identification:_identify(src/ros2_tutorials-main/test_move) by extension 'colcon_meta'
[0.269s] Level 1:colcon.colcon_core.package_identification:_identify(src/ros2_tutorials-main/test_move) by extensions ['ros']
[0.269s] Level 1:colcon.colcon_core.package_identification:_identify(src/ros2_tutorials-main/test_move) by extension 'ros'
[0.270s] DEBUG:colcon.colcon_core.package_identification:Package 'src/ros2_tutorials-main/test_move' with type 'ros.ament_cmake' and name 'test_move'
[0.270s] Level 1:colcon.colcon_core.package_identification:_identify(src/ros2_tutorials-main/visual_pubsub) by extensions ['ignore', 'ignore_ament_install']
[0.270s] Level 1:colcon.colcon_core.package_identification:_identify(src/ros2_tutorials-main/visual_pubsub) by extension 'ignore'
[0.270s] Level 1:colcon.colcon_core.package_identification:_identify(src/ros2_tutorials-main/visual_pubsub) by extension 'ignore_ament_install'
[0.270s] Level 1:colcon.colcon_core.package_identification:_identify(src/ros2_tutorials-main/visual_pubsub) by extensions ['colcon_pkg']
[0.270s] Level 1:colcon.colcon_core.package_identification:_identify(src/ros2_tutorials-main/visual_pubsub) by extension 'colcon_pkg'
[0.270s] Level 1:colcon.colcon_core.package_identification:_identify(src/ros2_tutorials-main/visual_pubsub) by extensions ['colcon_meta']
[0.270s] Level 1:colcon.colcon_core.package_identification:_identify(src/ros2_tutorials-main/visual_pubsub) by extension 'colcon_meta'
[0.270s] Level 1:colcon.colcon_core.package_identification:_identify(src/ros2_tutorials-main/visual_pubsub) by extensions ['ros']
[0.270s] Level 1:colcon.colcon_core.package_identification:_identify(src/ros2_tutorials-main/visual_pubsub) by extension 'ros'
[0.270s] DEBUG:colcon.colcon_core.package_identification:Package 'src/ros2_tutorials-main/visual_pubsub' with type 'ros.ament_python' and name 'visual_pubsub'
[0.270s] Level 1:colcon.colcon_core.package_discovery:discover_packages(recursive) using defaults
[0.270s] Level 1:colcon.colcon_core.package_discovery:discover_packages(ignore) discover
[0.270s] Level 1:colcon.colcon_core.package_discovery:discover_packages(ignore) using defaults
[0.270s] Level 1:colcon.colcon_core.package_discovery:discover_packages(path) discover
[0.270s] Level 1:colcon.colcon_core.package_discovery:discover_packages(path) using defaults
[0.297s] Level 1:colcon.colcon_core.package_discovery:discover_packages(prefix_path) check parameters
[0.297s] Level 1:colcon.colcon_core.package_discovery:discover_packages(prefix_path) discover
[0.298s] DEBUG:colcon.colcon_installed_package_information.package_discovery:Found 6 installed packages in /home/cossio/ejer1_ws/install
[0.300s] DEBUG:colcon.colcon_installed_package_information.package_discovery:Found 424 installed packages in /opt/ros/humble
[0.302s] Level 1:colcon.colcon_core.package_discovery:discover_packages(prefix_path) using defaults
[0.364s] Level 5:colcon.colcon_core.verb:set package 'cpp_examples' build argument 'cmake_args' from command line to 'None'
[0.364s] Level 5:colcon.colcon_core.verb:set package 'cpp_examples' build argument 'cmake_target' from command line to 'None'
[0.364s] Level 5:colcon.colcon_core.verb:set package 'cpp_examples' build argument 'cmake_target_skip_unavailable' from command line to 'False'
[0.364s] Level 5:colcon.colcon_core.verb:set package 'cpp_examples' build argument 'cmake_clean_cache' from command line to 'False'
[0.364s] Level 5:colcon.colcon_core.verb:set package 'cpp_examples' build argument 'cmake_clean_first' from command line to 'False'
[0.364s] Level 5:colcon.colcon_core.verb:set package 'cpp_examples' build argument 'cmake_force_configure' from command line to 'False'
[0.364s] Level 5:colcon.colcon_core.verb:set package 'cpp_examples' build argument 'ament_cmake_args' from command line to 'None'
[0.364s] Level 5:colcon.colcon_core.verb:set package 'cpp_examples' build argument 'catkin_cmake_args' from command line to 'None'
[0.364s] Level 5:colcon.colcon_core.verb:set package 'cpp_examples' build argument 'catkin_skip_building_tests' from command line to 'False'
[0.364s] DEBUG:colcon.colcon_core.verb:Building package 'cpp_examples' with the following arguments: {'ament_cmake_args': None, 'build_base': '/home/cossio/ejer1_ws/build/cpp_examples', 'catkin_cmake_args': None, 'catkin_skip_building_tests': False, 'cmake_args': None, 'cmake_clean_cache': False, 'cmake_clean_first': False, 'cmake_force_configure': False, 'cmake_target': None, 'cmake_target_skip_unavailable': False, 'install_base': '/home/cossio/ejer1_ws/install/cpp_examples', 'merge_install': False, 'path': '/home/cossio/ejer1_ws/src/ros2_tutorials-main/cpp_examples', 'symlink_install': False, 'test_result_base': None}
[0.365s] Level 5:colcon.colcon_core.verb:set package 'custom_interface' build argument 'cmake_args' from command line to 'None'
[0.365s] Level 5:colcon.colcon_core.verb:set package 'custom_interface' build argument 'cmake_target' from command line to 'None'
[0.365s] Level 5:colcon.colcon_core.verb:set package 'custom_interface' build argument 'cmake_target_skip_unavailable' from command line to 'False'
[0.365s] Level 5:colcon.colcon_core.verb:set package 'custom_interface' build argument 'cmake_clean_cache' from command line to 'False'
[0.365s] Level 5:colcon.colcon_core.verb:set package 'custom_interface' build argument 'cmake_clean_first' from command line to 'False'
[0.365s] Level 5:colcon.colcon_core.verb:set package 'custom_interface' build argument 'cmake_force_configure' from command line to 'False'
[0.365s] Level 5:colcon.colcon_core.verb:set package 'custom_interface' build argument 'ament_cmake_args' from command line to 'None'
[0.365s] Level 5:colcon.colcon_core.verb:set package 'custom_interface' build argument 'catkin_cmake_args' from command line to 'None'
[0.365s] Level 5:colcon.colcon_core.verb:set package 'custom_interface' build argument 'catkin_skip_building_tests' from command line to 'False'
[0.365s] DEBUG:colcon.colcon_core.verb:Building package 'custom_interface' with the following arguments: {'ament_cmake_args': None, 'build_base': '/home/cossio/ejer1_ws/build/custom_interface', 'catkin_cmake_args': None, 'catkin_skip_building_tests': False, 'cmake_args': None, 'cmake_clean_cache': False, 'cmake_clean_first': False, 'cmake_force_configure': False, 'cmake_target': None, 'cmake_target_skip_unavailable': False, 'install_base': '/home/cossio/ejer1_ws/install/custom_interface', 'merge_install': False, 'path': '/home/cossio/ejer1_ws/src/ros2_tutorials-main/custom_interface', 'symlink_install': False, 'test_result_base': None}
[0.365s] Level 5:colcon.colcon_core.verb:set package 'py_examples' build argument 'cmake_args' from command line to 'None'
[0.365s] Level 5:colcon.colcon_core.verb:set package 'py_examples' build argument 'cmake_target' from command line to 'None'
[0.365s] Level 5:colcon.colcon_core.verb:set package 'py_examples' build argument 'cmake_target_skip_unavailable' from command line to 'False'
[0.365s] Level 5:colcon.colcon_core.verb:set package 'py_examples' build argument 'cmake_clean_cache' from command line to 'False'
[0.365s] Level 5:colcon.colcon_core.verb:set package 'py_examples' build argument 'cmake_clean_first' from command line to 'False'
[0.365s] Level 5:colcon.colcon_core.verb:set package 'py_examples' build argument 'cmake_force_configure' from command line to 'False'
[0.365s] Level 5:colcon.colcon_core.verb:set package 'py_examples' build argument 'ament_cmake_args' from command line to 'None'
[0.365s] Level 5:colcon.colcon_core.verb:set package 'py_examples' build argument 'catkin_cmake_args' from command line to 'None'
[0.365s] Level 5:colcon.colcon_core.verb:set package 'py_examples' build argument 'catkin_skip_building_tests' from command line to 'False'
[0.365s] DEBUG:colcon.colcon_core.verb:Building package 'py_examples' with the following arguments: {'ament_cmake_args': None, 'build_base': '/home/cossio/ejer1_ws/build/py_examples', 'catkin_cmake_args': None, 'catkin_skip_building_tests': False, 'cmake_args': None, 'cmake_clean_cache': False, 'cmake_clean_first': False, 'cmake_force_configure': False, 'cmake_target': None, 'cmake_target_skip_unavailable': False, 'install_base': '/home/cossio/ejer1_ws/install/py_examples', 'merge_install': False, 'path': '/home/cossio/ejer1_ws/src/ros2_tutorials-main/py_examples', 'symlink_install': False, 'test_result_base': None}
[0.365s] Level 5:colcon.colcon_core.verb:set package 'robot_description' build argument 'cmake_args' from command line to 'None'
[0.365s] Level 5:colcon.colcon_core.verb:set package 'robot_description' build argument 'cmake_target' from command line to 'None'
[0.365s] Level 5:colcon.colcon_core.verb:set package 'robot_description' build argument 'cmake_target_skip_unavailable' from command line to 'False'
[0.365s] Level 5:colcon.colcon_core.verb:set package 'robot_description' build argument 'cmake_clean_cache' from command line to 'False'
[0.365s] Level 5:colcon.colcon_core.verb:set package 'robot_description' build argument 'cmake_clean_first' from command line to 'False'
[0.365s] Level 5:colcon.colcon_core.verb:set package 'robot_description' build argument 'cmake_force_configure' from command line to 'False'
[0.365s] Level 5:colcon.colcon_core.verb:set package 'robot_description' build argument 'ament_cmake_args' from command line to 'None'
[0.365s] Level 5:colcon.colcon_core.verb:set package 'robot_description' build argument 'catkin_cmake_args' from command line to 'None'
[0.365s] Level 5:colcon.colcon_core.verb:set package 'robot_description' build argument 'catkin_skip_building_tests' from command line to 'False'
[0.365s] DEBUG:colcon.colcon_core.verb:Building package 'robot_description' with the following arguments: {'ament_cmake_args': None, 'build_base': '/home/cossio/ejer1_ws/build/robot_description', 'catkin_cmake_args': None, 'catkin_skip_building_tests': False, 'cmake_args': None, 'cmake_clean_cache': False, 'cmake_clean_first': False, 'cmake_force_configure': False, 'cmake_target': None, 'cmake_target_skip_unavailable': False, 'install_base': '/home/cossio/ejer1_ws/install/robot_description', 'merge_install': False, 'path': '/home/cossio/ejer1_ws/src/ros2_tutorials-main/robot_description', 'symlink_install': False, 'test_result_base': None}
[0.365s] Level 5:colcon.colcon_core.verb:set package 'test_move' build argument 'cmake_args' from command line to 'None'
[0.365s] Level 5:colcon.colcon_core.verb:set package 'test_move' build argument 'cmake_target' from command line to 'None'
[0.365s] Level 5:colcon.colcon_core.verb:set package 'test_move' build argument 'cmake_target_skip_unavailable' from command line to 'False'
[0.365s] Level 5:colcon.colcon_core.verb:set package 'test_move' build argument 'cmake_clean_cache' from command line to 'False'
[0.365s] Level 5:colcon.colcon_core.verb:set package 'test_move' build argument 'cmake_clean_first' from command line to 'False'
[0.365s] Level 5:colcon.colcon_core.verb:set package 'test_move' build argument 'cmake_force_configure' from command line to 'False'
[0.365s] Level 5:colcon.colcon_core.verb:set package 'test_move' build argument 'ament_cmake_args' from command line to 'None'
[0.365s] Level 5:colcon.colcon_core.verb:set package 'test_move' build argument 'catkin_cmake_args' from command line to 'None'
[0.365s] Level 5:colcon.colcon_core.verb:set package 'test_move' build argument 'catkin_skip_building_tests' from command line to 'False'
[0.365s] DEBUG:colcon.colcon_core.verb:Building package 'test_move' with the following arguments: {'ament_cmake_args': None, 'build_base': '/home/cossio/ejer1_ws/build/test_move', 'catkin_cmake_args': None, 'catkin_skip_building_tests': False, 'cmake_args': None, 'cmake_clean_cache': False, 'cmake_clean_first': False, 'cmake_force_configure': False, 'cmake_target': None, 'cmake_target_skip_unavailable': False, 'install_base': '/home/cossio/ejer1_ws/install/test_move', 'merge_install': False, 'path': '/home/cossio/ejer1_ws/src/ros2_tutorials-main/test_move', 'symlink_install': False, 'test_result_base': None}
[0.366s] Level 5:colcon.colcon_core.verb:set package 'visual_pubsub' build argument 'cmake_args' from command line to 'None'
[0.366s] Level 5:colcon.colcon_core.verb:set package 'visual_pubsub' build argument 'cmake_target' from command line to 'None'
[0.366s] Level 5:colcon.colcon_core.verb:set package 'visual_pubsub' build argument 'cmake_target_skip_unavailable' from command line to 'False'
[0.366s] Level 5:colcon.colcon_core.verb:set package 'visual_pubsub' build argument 'cmake_clean_cache' from command line to 'False'
[0.366s] Level 5:colcon.colcon_core.verb:set package 'visual_pubsub' build argument 'cmake_clean_first' from command line to 'False'
[0.366s] Level 5:colcon.colcon_core.verb:set package 'visual_pubsub' build argument 'cmake_force_configure' from command line to 'False'
[0.366s] Level 5:colcon.colcon_core.verb:set package 'visual_pubsub' build argument 'ament_cmake_args' from command line to 'None'
[0.366s] Level 5:colcon.colcon_core.verb:set package 'visual_pubsub' build argument 'catkin_cmake_args' from command line to 'None'
[0.366s] Level 5:colcon.colcon_core.verb:set package 'visual_pubsub' build argument 'catkin_skip_building_tests' from command line to 'False'
[0.366s] DEBUG:colcon.colcon_core.verb:Building package 'visual_pubsub' with the following arguments: {'ament_cmake_args': None, 'build_base': '/home/cossio/ejer1_ws/build/visual_pubsub', 'catkin_cmake_args': None, 'catkin_skip_building_tests': False, 'cmake_args': None, 'cmake_clean_cache': False, 'cmake_clean_first': False, 'cmake_force_configure': False, 'cmake_target': None, 'cmake_target_skip_unavailable': False, 'install_base': '/home/cossio/ejer1_ws/install/visual_pubsub', 'merge_install': False, 'path': '/home/cossio/ejer1_ws/src/ros2_tutorials-main/visual_pubsub', 'symlink_install': False, 'test_result_base': None}
[0.366s] INFO:colcon.colcon_core.executor:Executing jobs using 'parallel' executor
[0.367s] DEBUG:colcon.colcon_parallel_executor.executor.parallel:run_until_complete
[0.367s] INFO:colcon.colcon_ros.task.ament_cmake.build:Building ROS package in '/home/cossio/ejer1_ws/src/ros2_tutorials-main/cpp_examples' with build type 'ament_cmake'
[0.367s] INFO:colcon.colcon_cmake.task.cmake.build:Building CMake package in '/home/cossio/ejer1_ws/src/ros2_tutorials-main/cpp_examples'
[0.369s] INFO:colcon.colcon_core.plugin_system:Skipping extension 'colcon_core.shell.bat': Not used on non-Windows systems
[0.370s] INFO:colcon.colcon_core.shell:Skip shell extension 'powershell' for command environment: Not usable outside of PowerShell
[0.370s] DEBUG:colcon.colcon_core.shell:Skip shell extension 'dsv' for command environment
[0.373s] INFO:colcon.colcon_ros.task.ament_cmake.build:Building ROS package in '/home/cossio/ejer1_ws/src/ros2_tutorials-main/custom_interface' with build type 'ament_cmake'
[0.373s] INFO:colcon.colcon_cmake.task.cmake.build:Building CMake package in '/home/cossio/ejer1_ws/src/ros2_tutorials-main/custom_interface'
[0.373s] INFO:colcon.colcon_core.shell:Skip shell extension 'powershell' for command environment: Not usable outside of PowerShell
[0.373s] DEBUG:colcon.colcon_core.shell:Skip shell extension 'dsv' for command environment
[0.376s] INFO:colcon.colcon_ros.task.ament_python.build:Building ROS package in '/home/cossio/ejer1_ws/src/ros2_tutorials-main/py_examples' with build type 'ament_python'
[0.376s] Level 1:colcon.colcon_core.shell:create_environment_hook('py_examples', 'ament_prefix_path')
[0.376s] INFO:colcon.colcon_core.shell:Creating environment hook '/home/cossio/ejer1_ws/install/py_examples/share/py_examples/hook/ament_prefix_path.ps1'
[0.376s] INFO:colcon.colcon_core.shell:Creating environment descriptor '/home/cossio/ejer1_ws/install/py_examples/share/py_examples/hook/ament_prefix_path.dsv'
[0.377s] INFO:colcon.colcon_core.shell:Creating environment hook '/home/cossio/ejer1_ws/install/py_examples/share/py_examples/hook/ament_prefix_path.sh'
[0.377s] INFO:colcon.colcon_core.shell:Skip shell extension 'powershell' for command environment: Not usable outside of PowerShell
[0.377s] DEBUG:colcon.colcon_core.shell:Skip shell extension 'dsv' for command environment
[0.380s] INFO:colcon.colcon_ros.task.ament_cmake.build:Building ROS package in '/home/cossio/ejer1_ws/src/ros2_tutorials-main/robot_description' with build type 'ament_cmake'
[0.380s] INFO:colcon.colcon_cmake.task.cmake.build:Building CMake package in '/home/cossio/ejer1_ws/src/ros2_tutorials-main/robot_description'
[0.380s] INFO:colcon.colcon_core.shell:Skip shell extension 'powershell' for command environment: Not usable outside of PowerShell
[0.380s] DEBUG:colcon.colcon_core.shell:Skip shell extension 'dsv' for command environment
[0.383s] INFO:colcon.colcon_ros.task.ament_cmake.build:Building ROS package in '/home/cossio/ejer1_ws/src/ros2_tutorials-main/test_move' with build type 'ament_cmake'
[0.383s] INFO:colcon.colcon_cmake.task.cmake.build:Building CMake package in '/home/cossio/ejer1_ws/src/ros2_tutorials-main/test_move'
[0.383s] INFO:colcon.colcon_core.shell:Skip shell extension 'powershell' for command environment: Not usable outside of PowerShell
[0.383s] DEBUG:colcon.colcon_core.shell:Skip shell extension 'dsv' for command environment
[0.386s] INFO:colcon.colcon_ros.task.ament_python.build:Building ROS package in '/home/cossio/ejer1_ws/src/ros2_tutorials-main/visual_pubsub' with build type 'ament_python'
[0.386s] Level 1:colcon.colcon_core.shell:create_environment_hook('visual_pubsub', 'ament_prefix_path')
[0.386s] INFO:colcon.colcon_core.shell:Creating environment hook '/home/cossio/ejer1_ws/install/visual_pubsub/share/visual_pubsub/hook/ament_prefix_path.ps1'
[0.388s] INFO:colcon.colcon_core.shell:Creating environment descriptor '/home/cossio/ejer1_ws/install/visual_pubsub/share/visual_pubsub/hook/ament_prefix_path.dsv'
[0.388s] INFO:colcon.colcon_core.shell:Creating environment hook '/home/cossio/ejer1_ws/install/visual_pubsub/share/visual_pubsub/hook/ament_prefix_path.sh'
[0.389s] INFO:colcon.colcon_core.shell:Skip shell extension 'powershell' for command environment: Not usable outside of PowerShell
[0.389s] DEBUG:colcon.colcon_core.shell:Skip shell extension 'dsv' for command environment
[0.394s] DEBUG:colcon.colcon_core.event_handler.log_command:Invoking command in '/home/cossio/ejer1_ws/build/cpp_examples': CMAKE_PREFIX_PATH=${CMAKE_PREFIX_PATH}:/opt/ros/humble /usr/bin/cmake /home/cossio/ejer1_ws/src/ros2_tutorials-main/cpp_examples -DCMAKE_INSTALL_PREFIX=/home/cossio/ejer1_ws/install/cpp_examples
[0.399s] DEBUG:colcon.colcon_core.event_handler.log_command:Invoking command in '/home/cossio/ejer1_ws/build/custom_interface': CMAKE_PREFIX_PATH=${CMAKE_PREFIX_PATH}:/opt/ros/humble /usr/bin/cmake /home/cossio/ejer1_ws/src/ros2_tutorials-main/custom_interface -DCMAKE_INSTALL_PREFIX=/home/cossio/ejer1_ws/install/custom_interface
[0.571s] INFO:colcon.colcon_core.task.python.build:Building Python package in '/home/cossio/ejer1_ws/src/ros2_tutorials-main/py_examples'
[0.571s] INFO:colcon.colcon_core.shell:Skip shell extension 'powershell' for command environment: Not usable outside of PowerShell
[0.571s] DEBUG:colcon.colcon_core.shell:Skip shell extension 'dsv' for command environment
[0.577s] DEBUG:colcon.colcon_core.event_handler.log_command:Invoking command in '/home/cossio/ejer1_ws/build/robot_description': CMAKE_PREFIX_PATH=${CMAKE_PREFIX_PATH}:/opt/ros/humble /usr/bin/cmake /home/cossio/ejer1_ws/src/ros2_tutorials-main/robot_description -DCMAKE_INSTALL_PREFIX=/home/cossio/ejer1_ws/install/robot_description
[0.579s] DEBUG:colcon.colcon_core.event_handler.log_command:Invoking command in '/home/cossio/ejer1_ws/build/test_move': CMAKE_PREFIX_PATH=${CMAKE_PREFIX_PATH}:/opt/ros/humble /usr/bin/cmake /home/cossio/ejer1_ws/src/ros2_tutorials-main/test_move -DCMAKE_INSTALL_PREFIX=/home/cossio/ejer1_ws/install/test_move
[0.768s] INFO:colcon.colcon_core.task.python.build:Building Python package in '/home/cossio/ejer1_ws/src/ros2_tutorials-main/visual_pubsub'
[0.769s] INFO:colcon.colcon_core.shell:Skip shell extension 'powershell' for command environment: Not usable outside of PowerShell
[0.769s] DEBUG:colcon.colcon_core.shell:Skip shell extension 'dsv' for command environment
[0.774s] DEBUG:colcon.colcon_core.event_handler.log_command:Invoked command in '/home/cossio/ejer1_ws/build/robot_description' returned '0': CMAKE_PREFIX_PATH=${CMAKE_PREFIX_PATH}:/opt/ros/humble /usr/bin/cmake /home/cossio/ejer1_ws/src/ros2_tutorials-main/robot_description -DCMAKE_INSTALL_PREFIX=/home/cossio/ejer1_ws/install/robot_description
[0.776s] DEBUG:colcon.colcon_core.event_handler.log_command:Invoking command in '/home/cossio/ejer1_ws/build/robot_description': CMAKE_PREFIX_PATH=${CMAKE_PREFIX_PATH}:/opt/ros/humble /usr/bin/cmake --build /home/cossio/ejer1_ws/build/robot_description -- -j16 -l16
[0.823s] DEBUG:colcon.colcon_core.event_handler.log_command:Invoked command in '/home/cossio/ejer1_ws/build/robot_description' returned '0': CMAKE_PREFIX_PATH=${CMAKE_PREFIX_PATH}:/opt/ros/humble /usr/bin/cmake --build /home/cossio/ejer1_ws/build/robot_description -- -j16 -l16
[0.834s] DEBUG:colcon.colcon_core.event_handler.log_command:Invoking command in '/home/cossio/ejer1_ws/build/robot_description': CMAKE_PREFIX_PATH=${CMAKE_PREFIX_PATH}:/opt/ros/humble /usr/bin/cmake --install /home/cossio/ejer1_ws/build/robot_description
[0.858s] Level 1:colcon.colcon_core.environment:create_environment_scripts_only(robot_description)
[0.858s] DEBUG:colcon.colcon_core.event_handler.log_command:Invoked command in '/home/cossio/ejer1_ws/build/robot_description' returned '0': CMAKE_PREFIX_PATH=${CMAKE_PREFIX_PATH}:/opt/ros/humble /usr/bin/cmake --install /home/cossio/ejer1_ws/build/robot_description
[0.860s] Level 1:colcon.colcon_core.environment:checking '/home/cossio/ejer1_ws/install/robot_description' for CMake module files
[0.860s] Level 1:colcon.colcon_core.environment:checking '/home/cossio/ejer1_ws/install/robot_description' for CMake config files
[0.861s] Level 1:colcon.colcon_core.shell:create_environment_hook('robot_description', 'cmake_prefix_path')
[0.861s] INFO:colcon.colcon_core.shell:Creating environment hook '/home/cossio/ejer1_ws/install/robot_description/share/robot_description/hook/cmake_prefix_path.ps1'
[0.861s] INFO:colcon.colcon_core.shell:Creating environment descriptor '/home/cossio/ejer1_ws/install/robot_description/share/robot_description/hook/cmake_prefix_path.dsv'
[0.861s] INFO:colcon.colcon_core.shell:Creating environment hook '/home/cossio/ejer1_ws/install/robot_description/share/robot_description/hook/cmake_prefix_path.sh'
[0.862s] Level 1:colcon.colcon_core.environment:checking '/home/cossio/ejer1_ws/install/robot_description/bin'
[0.862s] Level 1:colcon.colcon_core.environment:checking '/home/cossio/ejer1_ws/install/robot_description/lib/pkgconfig/robot_description.pc'
[0.862s] Level 1:colcon.colcon_core.environment:checking '/home/cossio/ejer1_ws/install/robot_description/lib/python3.10/site-packages'
[0.863s] Level 1:colcon.colcon_core.environment:checking '/home/cossio/ejer1_ws/install/robot_description/bin'
[0.863s] INFO:colcon.colcon_core.shell:Creating package script '/home/cossio/ejer1_ws/install/robot_description/share/robot_description/package.ps1'
[0.863s] INFO:colcon.colcon_core.shell:Creating package descriptor '/home/cossio/ejer1_ws/install/robot_description/share/robot_description/package.dsv'
[0.864s] INFO:colcon.colcon_core.shell:Creating package script '/home/cossio/ejer1_ws/install/robot_description/share/robot_description/package.sh'
[0.864s] INFO:colcon.colcon_core.shell:Creating package script '/home/cossio/ejer1_ws/install/robot_description/share/robot_description/package.bash'
[0.864s] INFO:colcon.colcon_core.shell:Creating package script '/home/cossio/ejer1_ws/install/robot_description/share/robot_description/package.zsh'
[0.865s] Level 1:colcon.colcon_core.environment:create_file_with_runtime_dependencies(/home/cossio/ejer1_ws/install/robot_description/share/colcon-core/packages/robot_description)
[0.865s] Level 1:colcon.colcon_core.environment:create_environment_scripts_only(robot_description)
[0.865s] Level 1:colcon.colcon_core.environment:checking '/home/cossio/ejer1_ws/install/robot_description' for CMake module files
[0.866s] Level 1:colcon.colcon_core.environment:checking '/home/cossio/ejer1_ws/install/robot_description' for CMake config files
[0.866s] Level 1:colcon.colcon_core.shell:create_environment_hook('robot_description', 'cmake_prefix_path')
[0.866s] INFO:colcon.colcon_core.shell:Creating environment hook '/home/cossio/ejer1_ws/install/robot_description/share/robot_description/hook/cmake_prefix_path.ps1'
[0.866s] INFO:colcon.colcon_core.shell:Creating environment descriptor '/home/cossio/ejer1_ws/install/robot_description/share/robot_description/hook/cmake_prefix_path.dsv'
[0.867s] INFO:colcon.colcon_core.shell:Creating environment hook '/home/cossio/ejer1_ws/install/robot_description/share/robot_description/hook/cmake_prefix_path.sh'
[0.867s] Level 1:colcon.colcon_core.environment:checking '/home/cossio/ejer1_ws/install/robot_description/bin'
[0.867s] Level 1:colcon.colcon_core.environment:checking '/home/cossio/ejer1_ws/install/robot_description/lib/pkgconfig/robot_description.pc'
[0.867s] Level 1:colcon.colcon_core.environment:checking '/home/cossio/ejer1_ws/install/robot_description/lib/python3.10/site-packages'
[0.867s] Level 1:colcon.colcon_core.environment:checking '/home/cossio/ejer1_ws/install/robot_description/bin'
[0.867s] INFO:colcon.colcon_core.shell:Creating package script '/home/cossio/ejer1_ws/install/robot_description/share/robot_description/package.ps1'
[0.868s] INFO:colcon.colcon_core.shell:Creating package descriptor '/home/cossio/ejer1_ws/install/robot_description/share/robot_description/package.dsv'
[0.868s] INFO:colcon.colcon_core.shell:Creating package script '/home/cossio/ejer1_ws/install/robot_description/share/robot_description/package.sh'
[0.868s] INFO:colcon.colcon_core.shell:Creating package script '/home/cossio/ejer1_ws/install/robot_description/share/robot_description/package.bash'
[0.869s] INFO:colcon.colcon_core.shell:Creating package script '/home/cossio/ejer1_ws/install/robot_description/share/robot_description/package.zsh'
[0.869s] Level 1:colcon.colcon_core.environment:create_file_with_runtime_dependencies(/home/cossio/ejer1_ws/install/robot_description/share/colcon-core/packages/robot_description)
[0.870s] DEBUG:colcon.colcon_core.event_handler.log_command:Invoked command in '/home/cossio/ejer1_ws/build/cpp_examples' returned '0': CMAKE_PREFIX_PATH=${CMAKE_PREFIX_PATH}:/opt/ros/humble /usr/bin/cmake /home/cossio/ejer1_ws/src/ros2_tutorials-main/cpp_examples -DCMAKE_INSTALL_PREFIX=/home/cossio/ejer1_ws/install/cpp_examples
[0.871s] DEBUG:colcon.colcon_core.event_handler.log_command:Invoking command in '/home/cossio/ejer1_ws/build/cpp_examples': CMAKE_PREFIX_PATH=${CMAKE_PREFIX_PATH}:/opt/ros/humble /usr/bin/cmake --build /home/cossio/ejer1_ws/build/cpp_examples -- -j16 -l16
[0.951s] DEBUG:colcon.colcon_core.event_handler.log_command:Invoked command in '/home/cossio/ejer1_ws/build/cpp_examples' returned '0': CMAKE_PREFIX_PATH=${CMAKE_PREFIX_PATH}:/opt/ros/humble /usr/bin/cmake --build /home/cossio/ejer1_ws/build/cpp_examples -- -j16 -l16
[0.953s] DEBUG:colcon.colcon_core.event_handler.log_command:Invoking command in '/home/cossio/ejer1_ws/build/cpp_examples': CMAKE_PREFIX_PATH=${CMAKE_PREFIX_PATH}:/opt/ros/humble /usr/bin/cmake --install /home/cossio/ejer1_ws/build/cpp_examples
[0.976s] Level 1:colcon.colcon_core.environment:create_environment_scripts_only(cpp_examples)
[0.977s] Level 1:colcon.colcon_core.environment:checking '/home/cossio/ejer1_ws/install/cpp_examples' for CMake module files
[0.977s] DEBUG:colcon.colcon_core.event_handler.log_command:Invoked command in '/home/cossio/ejer1_ws/build/cpp_examples' returned '0': CMAKE_PREFIX_PATH=${CMAKE_PREFIX_PATH}:/opt/ros/humble /usr/bin/cmake --install /home/cossio/ejer1_ws/build/cpp_examples
[0.978s] Level 1:colcon.colcon_core.environment:checking '/home/cossio/ejer1_ws/install/cpp_examples' for CMake config files
[0.978s] Level 1:colcon.colcon_core.shell:create_environment_hook('cpp_examples', 'cmake_prefix_path')
[0.978s] INFO:colcon.colcon_core.shell:Creating environment hook '/home/cossio/ejer1_ws/install/cpp_examples/share/cpp_examples/hook/cmake_prefix_path.ps1'
[0.978s] INFO:colcon.colcon_core.shell:Creating environment descriptor '/home/cossio/ejer1_ws/install/cpp_examples/share/cpp_examples/hook/cmake_prefix_path.dsv'
[0.979s] INFO:colcon.colcon_core.shell:Creating environment hook '/home/cossio/ejer1_ws/install/cpp_examples/share/cpp_examples/hook/cmake_prefix_path.sh'
[0.979s] Level 1:colcon.colcon_core.environment:checking '/home/cossio/ejer1_ws/install/cpp_examples/lib'
[0.979s] Level 1:colcon.colcon_core.environment:checking '/home/cossio/ejer1_ws/install/cpp_examples/bin'
[0.979s] Level 1:colcon.colcon_core.environment:checking '/home/cossio/ejer1_ws/install/cpp_examples/lib/pkgconfig/cpp_examples.pc'
[0.979s] Level 1:colcon.colcon_core.environment:checking '/home/cossio/ejer1_ws/install/cpp_examples/lib/python3.10/site-packages'
[0.980s] Level 1:colcon.colcon_core.environment:checking '/home/cossio/ejer1_ws/install/cpp_examples/bin'
[0.980s] INFO:colcon.colcon_core.shell:Creating package script '/home/cossio/ejer1_ws/install/cpp_examples/share/cpp_examples/package.ps1'
[0.980s] INFO:colcon.colcon_core.shell:Creating package descriptor '/home/cossio/ejer1_ws/install/cpp_examples/share/cpp_examples/package.dsv'
[0.980s] INFO:colcon.colcon_core.shell:Creating package script '/home/cossio/ejer1_ws/install/cpp_examples/share/cpp_examples/package.sh'
[0.981s] INFO:colcon.colcon_core.shell:Creating package script '/home/cossio/ejer1_ws/install/cpp_examples/share/cpp_examples/package.bash'
[0.981s] INFO:colcon.colcon_core.shell:Creating package script '/home/cossio/ejer1_ws/install/cpp_examples/share/cpp_examples/package.zsh'
[0.981s] Level 1:colcon.colcon_core.environment:create_file_with_runtime_dependencies(/home/cossio/ejer1_ws/install/cpp_examples/share/colcon-core/packages/cpp_examples)
[0.981s] Level 1:colcon.colcon_core.environment:create_environment_scripts_only(cpp_examples)
[0.981s] Level 1:colcon.colcon_core.environment:checking '/home/cossio/ejer1_ws/install/cpp_examples' for CMake module files
[0.982s] Level 1:colcon.colcon_core.environment:checking '/home/cossio/ejer1_ws/install/cpp_examples' for CMake config files
[0.982s] Level 1:colcon.colcon_core.shell:create_environment_hook('cpp_examples', 'cmake_prefix_path')
[0.982s] INFO:colcon.colcon_core.shell:Creating environment hook '/home/cossio/ejer1_ws/install/cpp_examples/share/cpp_examples/hook/cmake_prefix_path.ps1'
[0.982s] INFO:colcon.colcon_core.shell:Creating environment descriptor '/home/cossio/ejer1_ws/install/cpp_examples/share/cpp_examples/hook/cmake_prefix_path.dsv'
[0.983s] INFO:colcon.colcon_core.shell:Creating environment hook '/home/cossio/ejer1_ws/install/cpp_examples/share/cpp_examples/hook/cmake_prefix_path.sh'
[0.983s] Level 1:colcon.colcon_core.environment:checking '/home/cossio/ejer1_ws/install/cpp_examples/lib'
[0.983s] Level 1:colcon.colcon_core.environment:checking '/home/cossio/ejer1_ws/install/cpp_examples/bin'
[0.983s] Level 1:colcon.colcon_core.environment:checking '/home/cossio/ejer1_ws/install/cpp_examples/lib/pkgconfig/cpp_examples.pc'
[0.983s] Level 1:colcon.colcon_core.environment:checking '/home/cossio/ejer1_ws/install/cpp_examples/lib/python3.10/site-packages'
[0.983s] Level 1:colcon.colcon_core.environment:checking '/home/cossio/ejer1_ws/install/cpp_examples/bin'
[0.984s] INFO:colcon.colcon_core.shell:Creating package script '/home/cossio/ejer1_ws/install/cpp_examples/share/cpp_examples/package.ps1'
[0.986s] INFO:colcon.colcon_core.shell:Creating package descriptor '/home/cossio/ejer1_ws/install/cpp_examples/share/cpp_examples/package.dsv'
[0.986s] INFO:colcon.colcon_core.shell:Creating package script '/home/cossio/ejer1_ws/install/cpp_examples/share/cpp_examples/package.sh'
[0.986s] INFO:colcon.colcon_core.shell:Creating package script '/home/cossio/ejer1_ws/install/cpp_examples/share/cpp_examples/package.bash'
[0.986s] INFO:colcon.colcon_core.shell:Creating package script '/home/cossio/ejer1_ws/install/cpp_examples/share/cpp_examples/package.zsh'
[0.987s] Level 1:colcon.colcon_core.environment:create_file_with_runtime_dependencies(/home/cossio/ejer1_ws/install/cpp_examples/share/colcon-core/packages/cpp_examples)
[1.050s] DEBUG:colcon.colcon_core.event_handler.log_command:Invoking command in '/home/cossio/ejer1_ws/build/visual_pubsub': PYTHONPATH=/home/cossio/ejer1_ws/build/visual_pubsub/prefix_override:/usr/lib/python3/dist-packages/colcon_core/task/python/colcon_distutils_commands:/home/cossio/ejer1_ws/install/visual_pubsub/lib/python3.10/site-packages:${PYTHONPATH} /usr/bin/python3 -W ignore:setup.py install is deprecated -W ignore:easy_install command is deprecated setup.py develop --uninstall --editable --build-directory /home/cossio/ejer1_ws/build/visual_pubsub/build
[1.077s] DEBUG:colcon.colcon_core.event_handler.log_command:Invoking command in '/home/cossio/ejer1_ws/build/py_examples': PYTHONPATH=/home/cossio/ejer1_ws/build/py_examples/prefix_override:/usr/lib/python3/dist-packages/colcon_core/task/python/colcon_distutils_commands:/home/cossio/ejer1_ws/install/py_examples/lib/python3.10/site-packages:${PYTHONPATH} /usr/bin/python3 -W ignore:setup.py install is deprecated -W ignore:easy_install command is deprecated setup.py develop --uninstall --editable --build-directory /home/cossio/ejer1_ws/build/py_examples/build
[1.344s] DEBUG:colcon.colcon_core.event_handler.log_command:Invoked command in '/home/cossio/ejer1_ws/build/test_move' returned '0': CMAKE_PREFIX_PATH=${CMAKE_PREFIX_PATH}:/opt/ros/humble /usr/bin/cmake /home/cossio/ejer1_ws/src/ros2_tutorials-main/test_move -DCMAKE_INSTALL_PREFIX=/home/cossio/ejer1_ws/install/test_move
[1.345s] DEBUG:colcon.colcon_core.event_handler.log_command:Invoking command in '/home/cossio/ejer1_ws/build/test_move': CMAKE_PREFIX_PATH=${CMAKE_PREFIX_PATH}:/opt/ros/humble /usr/bin/cmake --build /home/cossio/ejer1_ws/build/test_move -- -j16 -l16
[1.349s] DEBUG:colcon.colcon_core.event_handler.log_command:Invoked command in '/home/cossio/ejer1_ws/build/visual_pubsub' returned '0': PYTHONPATH=/home/cossio/ejer1_ws/build/visual_pubsub/prefix_override:/usr/lib/python3/dist-packages/colcon_core/task/python/colcon_distutils_commands:/home/cossio/ejer1_ws/install/visual_pubsub/lib/python3.10/site-packages:${PYTHONPATH} /usr/bin/python3 -W ignore:setup.py install is deprecated -W ignore:easy_install command is deprecated setup.py develop --uninstall --editable --build-directory /home/cossio/ejer1_ws/build/visual_pubsub/build
[1.351s] DEBUG:colcon.colcon_core.event_handler.log_command:Invoking command in '/home/cossio/ejer1_ws/src/ros2_tutorials-main/visual_pubsub': PYTHONPATH=/home/cossio/ejer1_ws/build/visual_pubsub/prefix_override:/usr/lib/python3/dist-packages/colcon_core/task/python/colcon_distutils_commands:/home/cossio/ejer1_ws/install/visual_pubsub/lib/python3.10/site-packages:${PYTHONPATH} /usr/bin/python3 -W ignore:setup.py install is deprecated -W ignore:easy_install command is deprecated setup.py egg_info --egg-base ../../../build/visual_pubsub build --build-base /home/cossio/ejer1_ws/build/visual_pubsub/build install --record /home/cossio/ejer1_ws/build/visual_pubsub/install.log --single-version-externally-managed install_data --force
[1.376s] DEBUG:colcon.colcon_core.event_handler.log_command:Invoked command in '/home/cossio/ejer1_ws/build/py_examples' returned '0': PYTHONPATH=/home/cossio/ejer1_ws/build/py_examples/prefix_override:/usr/lib/python3/dist-packages/colcon_core/task/python/colcon_distutils_commands:/home/cossio/ejer1_ws/install/py_examples/lib/python3.10/site-packages:${PYTHONPATH} /usr/bin/python3 -W ignore:setup.py install is deprecated -W ignore:easy_install command is deprecated setup.py develop --uninstall --editable --build-directory /home/cossio/ejer1_ws/build/py_examples/build
[1.378s] DEBUG:colcon.colcon_core.event_handler.log_command:Invoking command in '/home/cossio/ejer1_ws/src/ros2_tutorials-main/py_examples': PYTHONPATH=/home/cossio/ejer1_ws/build/py_examples/prefix_override:/usr/lib/python3/dist-packages/colcon_core/task/python/colcon_distutils_commands:/home/cossio/ejer1_ws/install/py_examples/lib/python3.10/site-packages:${PYTHONPATH} /usr/bin/python3 -W ignore:setup.py install is deprecated -W ignore:easy_install command is deprecated setup.py egg_info --egg-base ../../../build/py_examples build --build-base /home/cossio/ejer1_ws/build/py_examples/build install --record /home/cossio/ejer1_ws/build/py_examples/install.log --single-version-externally-managed install_data --force
[1.395s] DEBUG:colcon.colcon_core.event_handler.log_command:Invoked command in '/home/cossio/ejer1_ws/build/custom_interface' returned '0': CMAKE_PREFIX_PATH=${CMAKE_PREFIX_PATH}:/opt/ros/humble /usr/bin/cmake /home/cossio/ejer1_ws/src/ros2_tutorials-main/custom_interface -DCMAKE_INSTALL_PREFIX=/home/cossio/ejer1_ws/install/custom_interface
[1.397s] DEBUG:colcon.colcon_core.event_handler.log_command:Invoking command in '/home/cossio/ejer1_ws/build/custom_interface': CMAKE_PREFIX_PATH=${CMAKE_PREFIX_PATH}:/opt/ros/humble /usr/bin/cmake --build /home/cossio/ejer1_ws/build/custom_interface -- -j16 -l16
[1.427s] DEBUG:colcon.colcon_core.event_handler.log_command:Invoked command in '/home/cossio/ejer1_ws/build/test_move' returned '0': CMAKE_PREFIX_PATH=${CMAKE_PREFIX_PATH}:/opt/ros/humble /usr/bin/cmake --build /home/cossio/ejer1_ws/build/test_move -- -j16 -l16
[1.427s] DEBUG:colcon.colcon_core.event_handler.log_command:Invoking command in '/home/cossio/ejer1_ws/build/test_move': CMAKE_PREFIX_PATH=${CMAKE_PREFIX_PATH}:/opt/ros/humble /usr/bin/cmake --install /home/cossio/ejer1_ws/build/test_move
[1.445s] Level 1:colcon.colcon_core.environment:create_environment_scripts_only(test_move)
[1.446s] Level 1:colcon.colcon_core.environment:checking '/home/cossio/ejer1_ws/install/test_move' for CMake module files
[1.446s] DEBUG:colcon.colcon_core.event_handler.log_command:Invoked command in '/home/cossio/ejer1_ws/build/test_move' returned '0': CMAKE_PREFIX_PATH=${CMAKE_PREFIX_PATH}:/opt/ros/humble /usr/bin/cmake --install /home/cossio/ejer1_ws/build/test_move
[1.446s] Level 1:colcon.colcon_core.environment:checking '/home/cossio/ejer1_ws/install/test_move' for CMake config files
[1.447s] Level 1:colcon.colcon_core.shell:create_environment_hook('test_move', 'cmake_prefix_path')
[1.447s] INFO:colcon.colcon_core.shell:Creating environment hook '/home/cossio/ejer1_ws/install/test_move/share/test_move/hook/cmake_prefix_path.ps1'
[1.448s] INFO:colcon.colcon_core.shell:Creating environment descriptor '/home/cossio/ejer1_ws/install/test_move/share/test_move/hook/cmake_prefix_path.dsv'
[1.448s] INFO:colcon.colcon_core.shell:Creating environment hook '/home/cossio/ejer1_ws/install/test_move/share/test_move/hook/cmake_prefix_path.sh'
[1.448s] Level 1:colcon.colcon_core.environment:checking '/home/cossio/ejer1_ws/install/test_move/lib'
[1.449s] Level 1:colcon.colcon_core.environment:checking '/home/cossio/ejer1_ws/install/test_move/bin'
[1.449s] Level 1:colcon.colcon_core.environment:checking '/home/cossio/ejer1_ws/install/test_move/lib/pkgconfig/test_move.pc'
[1.449s] Level 1:colcon.colcon_core.environment:checking '/home/cossio/ejer1_ws/install/test_move/lib/python3.10/site-packages'
[1.449s] Level 1:colcon.colcon_core.environment:checking '/home/cossio/ejer1_ws/install/test_move/bin'
[1.449s] INFO:colcon.colcon_core.shell:Creating package script '/home/cossio/ejer1_ws/install/test_move/share/test_move/package.ps1'
[1.450s] INFO:colcon.colcon_core.shell:Creating package descriptor '/home/cossio/ejer1_ws/install/test_move/share/test_move/package.dsv'
[1.450s] INFO:colcon.colcon_core.shell:Creating package script '/home/cossio/ejer1_ws/install/test_move/share/test_move/package.sh'
[1.450s] INFO:colcon.colcon_core.shell:Creating package script '/home/cossio/ejer1_ws/install/test_move/share/test_move/package.bash'
[1.451s] INFO:colcon.colcon_core.shell:Creating package script '/home/cossio/ejer1_ws/install/test_move/share/test_move/package.zsh'
[1.451s] Level 1:colcon.colcon_core.environment:create_file_with_runtime_dependencies(/home/cossio/ejer1_ws/install/test_move/share/colcon-core/packages/test_move)
[1.452s] Level 1:colcon.colcon_core.environment:create_environment_scripts_only(test_move)
[1.452s] Level 1:colcon.colcon_core.environment:checking '/home/cossio/ejer1_ws/install/test_move' for CMake module files
[1.452s] Level 1:colcon.colcon_core.environment:checking '/home/cossio/ejer1_ws/install/test_move' for CMake config files
[1.453s] Level 1:colcon.colcon_core.shell:create_environment_hook('test_move', 'cmake_prefix_path')
[1.453s] INFO:colcon.colcon_core.shell:Creating environment hook '/home/cossio/ejer1_ws/install/test_move/share/test_move/hook/cmake_prefix_path.ps1'
[1.453s] INFO:colcon.colcon_core.shell:Creating environment descriptor '/home/cossio/ejer1_ws/install/test_move/share/test_move/hook/cmake_prefix_path.dsv'
[1.453s] INFO:colcon.colcon_core.shell:Creating environment hook '/home/cossio/ejer1_ws/install/test_move/share/test_move/hook/cmake_prefix_path.sh'
[1.454s] Level 1:colcon.colcon_core.environment:checking '/home/cossio/ejer1_ws/install/test_move/lib'
[1.454s] Level 1:colcon.colcon_core.environment:checking '/home/cossio/ejer1_ws/install/test_move/bin'
[1.454s] Level 1:colcon.colcon_core.environment:checking '/home/cossio/ejer1_ws/install/test_move/lib/pkgconfig/test_move.pc'
[1.455s] Level 1:colcon.colcon_core.environment:checking '/home/cossio/ejer1_ws/install/test_move/lib/python3.10/site-packages'
[1.455s] Level 1:colcon.colcon_core.environment:checking '/home/cossio/ejer1_ws/install/test_move/bin'
[1.455s] INFO:colcon.colcon_core.shell:Creating package script '/home/cossio/ejer1_ws/install/test_move/share/test_move/package.ps1'
[1.456s] INFO:colcon.colcon_core.shell:Creating package descriptor '/home/cossio/ejer1_ws/install/test_move/share/test_move/package.dsv'
[1.456s] INFO:colcon.colcon_core.shell:Creating package script '/home/cossio/ejer1_ws/install/test_move/share/test_move/package.sh'
[1.456s] INFO:colcon.colcon_core.shell:Creating package script '/home/cossio/ejer1_ws/install/test_move/share/test_move/package.bash'
[1.457s] INFO:colcon.colcon_core.shell:Creating package script '/home/cossio/ejer1_ws/install/test_move/share/test_move/package.zsh'
[1.457s] Level 1:colcon.colcon_core.environment:create_file_with_runtime_dependencies(/home/cossio/ejer1_ws/install/test_move/share/colcon-core/packages/test_move)
[1.594s] Level 1:colcon.colcon_core.environment:checking '/home/cossio/ejer1_ws/install/visual_pubsub' for CMake module files
[1.595s] DEBUG:colcon.colcon_core.event_handler.log_command:Invoked command in '/home/cossio/ejer1_ws/src/ros2_tutorials-main/visual_pubsub' returned '0': PYTHONPATH=/home/cossio/ejer1_ws/build/visual_pubsub/prefix_override:/usr/lib/python3/dist-packages/colcon_core/task/python/colcon_distutils_commands:/home/cossio/ejer1_ws/install/visual_pubsub/lib/python3.10/site-packages:${PYTHONPATH} /usr/bin/python3 -W ignore:setup.py install is deprecated -W ignore:easy_install command is deprecated setup.py egg_info --egg-base ../../../build/visual_pubsub build --build-base /home/cossio/ejer1_ws/build/visual_pubsub/build install --record /home/cossio/ejer1_ws/build/visual_pubsub/install.log --single-version-externally-managed install_data --force
[1.595s] Level 1:colcon.colcon_core.environment:checking '/home/cossio/ejer1_ws/install/visual_pubsub' for CMake config files
[1.595s] Level 1:colcon.colcon_core.environment:checking '/home/cossio/ejer1_ws/install/visual_pubsub/lib'
[1.595s] Level 1:colcon.colcon_core.environment:checking '/home/cossio/ejer1_ws/install/visual_pubsub/bin'
[1.595s] Level 1:colcon.colcon_core.environment:checking '/home/cossio/ejer1_ws/install/visual_pubsub/lib/pkgconfig/visual_pubsub.pc'
[1.596s] Level 1:colcon.colcon_core.environment:checking '/home/cossio/ejer1_ws/install/visual_pubsub/lib/python3.10/site-packages'
[1.596s] Level 1:colcon.colcon_core.shell:create_environment_hook('visual_pubsub', 'pythonpath')
[1.596s] INFO:colcon.colcon_core.shell:Creating environment hook '/home/cossio/ejer1_ws/install/visual_pubsub/share/visual_pubsub/hook/pythonpath.ps1'
[1.597s] INFO:colcon.colcon_core.shell:Creating environment descriptor '/home/cossio/ejer1_ws/install/visual_pubsub/share/visual_pubsub/hook/pythonpath.dsv'
[1.597s] INFO:colcon.colcon_core.shell:Creating environment hook '/home/cossio/ejer1_ws/install/visual_pubsub/share/visual_pubsub/hook/pythonpath.sh'
[1.597s] Level 1:colcon.colcon_core.environment:checking '/home/cossio/ejer1_ws/install/visual_pubsub/bin'
[1.597s] Level 1:colcon.colcon_core.environment:create_environment_scripts_only(visual_pubsub)
[1.597s] INFO:colcon.colcon_core.shell:Creating package script '/home/cossio/ejer1_ws/install/visual_pubsub/share/visual_pubsub/package.ps1'
[1.598s] INFO:colcon.colcon_core.shell:Creating package descriptor '/home/cossio/ejer1_ws/install/visual_pubsub/share/visual_pubsub/package.dsv'
[1.598s] INFO:colcon.colcon_core.shell:Creating package script '/home/cossio/ejer1_ws/install/visual_pubsub/share/visual_pubsub/package.sh'
[1.599s] INFO:colcon.colcon_core.shell:Creating package script '/home/cossio/ejer1_ws/install/visual_pubsub/share/visual_pubsub/package.bash'
[1.599s] INFO:colcon.colcon_core.shell:Creating package script '/home/cossio/ejer1_ws/install/visual_pubsub/share/visual_pubsub/package.zsh'
[1.599s] Level 1:colcon.colcon_core.environment:create_file_with_runtime_dependencies(/home/cossio/ejer1_ws/install/visual_pubsub/share/colcon-core/packages/visual_pubsub)
[1.602s] Level 1:colcon.colcon_core.environment:checking '/home/cossio/ejer1_ws/install/py_examples' for CMake module files
[1.603s] Level 1:colcon.colcon_core.environment:checking '/home/cossio/ejer1_ws/install/py_examples' for CMake config files
[1.603s] DEBUG:colcon.colcon_core.event_handler.log_command:Invoked command in '/home/cossio/ejer1_ws/src/ros2_tutorials-main/py_examples' returned '0': PYTHONPATH=/home/cossio/ejer1_ws/build/py_examples/prefix_override:/usr/lib/python3/dist-packages/colcon_core/task/python/colcon_distutils_commands:/home/cossio/ejer1_ws/install/py_examples/lib/python3.10/site-packages:${PYTHONPATH} /usr/bin/python3 -W ignore:setup.py install is deprecated -W ignore:easy_install command is deprecated setup.py egg_info --egg-base ../../../build/py_examples build --build-base /home/cossio/ejer1_ws/build/py_examples/build install --record /home/cossio/ejer1_ws/build/py_examples/install.log --single-version-externally-managed install_data --force
[1.604s] Level 1:colcon.colcon_core.environment:checking '/home/cossio/ejer1_ws/install/py_examples/lib'
[1.604s] Level 1:colcon.colcon_core.environment:checking '/home/cossio/ejer1_ws/install/py_examples/bin'
[1.604s] Level 1:colcon.colcon_core.environment:checking '/home/cossio/ejer1_ws/install/py_examples/lib/pkgconfig/py_examples.pc'
[1.604s] Level 1:colcon.colcon_core.environment:checking '/home/cossio/ejer1_ws/install/py_examples/lib/python3.10/site-packages'
[1.605s] Level 1:colcon.colcon_core.shell:create_environment_hook('py_examples', 'pythonpath')
[1.605s] INFO:colcon.colcon_core.shell:Creating environment hook '/home/cossio/ejer1_ws/install/py_examples/share/py_examples/hook/pythonpath.ps1'
[1.605s] INFO:colcon.colcon_core.shell:Creating environment descriptor '/home/cossio/ejer1_ws/install/py_examples/share/py_examples/hook/pythonpath.dsv'
[1.605s] INFO:colcon.colcon_core.shell:Creating environment hook '/home/cossio/ejer1_ws/install/py_examples/share/py_examples/hook/pythonpath.sh'
[1.606s] Level 1:colcon.colcon_core.environment:checking '/home/cossio/ejer1_ws/install/py_examples/bin'
[1.606s] Level 1:colcon.colcon_core.environment:create_environment_scripts_only(py_examples)
[1.606s] INFO:colcon.colcon_core.shell:Creating package script '/home/cossio/ejer1_ws/install/py_examples/share/py_examples/package.ps1'
[1.607s] INFO:colcon.colcon_core.shell:Creating package descriptor '/home/cossio/ejer1_ws/install/py_examples/share/py_examples/package.dsv'
[1.607s] INFO:colcon.colcon_core.shell:Creating package script '/home/cossio/ejer1_ws/install/py_examples/share/py_examples/package.sh'
[1.607s] INFO:colcon.colcon_core.shell:Creating package script '/home/cossio/ejer1_ws/install/py_examples/share/py_examples/package.bash'
[1.608s] INFO:colcon.colcon_core.shell:Creating package script '/home/cossio/ejer1_ws/install/py_examples/share/py_examples/package.zsh'
[1.608s] Level 1:colcon.colcon_core.environment:create_file_with_runtime_dependencies(/home/cossio/ejer1_ws/install/py_examples/share/colcon-core/packages/py_examples)
[1.675s] DEBUG:colcon.colcon_core.event_handler.log_command:Invoked command in '/home/cossio/ejer1_ws/build/custom_interface' returned '0': CMAKE_PREFIX_PATH=${CMAKE_PREFIX_PATH}:/opt/ros/humble /usr/bin/cmake --build /home/cossio/ejer1_ws/build/custom_interface -- -j16 -l16
[1.677s] DEBUG:colcon.colcon_core.event_handler.log_command:Invoking command in '/home/cossio/ejer1_ws/build/custom_interface': CMAKE_PREFIX_PATH=${CMAKE_PREFIX_PATH}:/opt/ros/humble /usr/bin/cmake --install /home/cossio/ejer1_ws/build/custom_interface
[1.745s] Level 1:colcon.colcon_core.environment:create_environment_scripts_only(custom_interface)
[1.746s] Level 1:colcon.colcon_core.environment:checking '/home/cossio/ejer1_ws/install/custom_interface' for CMake module files
[1.746s] DEBUG:colcon.colcon_core.event_handler.log_command:Invoked command in '/home/cossio/ejer1_ws/build/custom_interface' returned '0': CMAKE_PREFIX_PATH=${CMAKE_PREFIX_PATH}:/opt/ros/humble /usr/bin/cmake --install /home/cossio/ejer1_ws/build/custom_interface
[1.746s] Level 1:colcon.colcon_core.environment:checking '/home/cossio/ejer1_ws/install/custom_interface' for CMake config files
[1.747s] Level 1:colcon.colcon_core.shell:create_environment_hook('custom_interface', 'cmake_prefix_path')
[1.747s] INFO:colcon.colcon_core.shell:Creating environment hook '/home/cossio/ejer1_ws/install/custom_interface/share/custom_interface/hook/cmake_prefix_path.ps1'
[1.747s] INFO:colcon.colcon_core.shell:Creating environment descriptor '/home/cossio/ejer1_ws/install/custom_interface/share/custom_interface/hook/cmake_prefix_path.dsv'
[1.748s] INFO:colcon.colcon_core.shell:Creating environment hook '/home/cossio/ejer1_ws/install/custom_interface/share/custom_interface/hook/cmake_prefix_path.sh'
[1.748s] Level 1:colcon.colcon_core.environment:checking '/home/cossio/ejer1_ws/install/custom_interface/lib'
[1.748s] Level 1:colcon.colcon_core.shell:create_environment_hook('custom_interface', 'ld_library_path_lib')
[1.748s] INFO:colcon.colcon_core.shell:Creating environment hook '/home/cossio/ejer1_ws/install/custom_interface/share/custom_interface/hook/ld_library_path_lib.ps1'
[1.748s] INFO:colcon.colcon_core.shell:Creating environment descriptor '/home/cossio/ejer1_ws/install/custom_interface/share/custom_interface/hook/ld_library_path_lib.dsv'
[1.749s] INFO:colcon.colcon_core.shell:Creating environment hook '/home/cossio/ejer1_ws/install/custom_interface/share/custom_interface/hook/ld_library_path_lib.sh'
[1.749s] Level 1:colcon.colcon_core.environment:checking '/home/cossio/ejer1_ws/install/custom_interface/bin'
[1.749s] Level 1:colcon.colcon_core.environment:checking '/home/cossio/ejer1_ws/install/custom_interface/lib/pkgconfig/custom_interface.pc'
[1.749s] Level 1:colcon.colcon_core.environment:checking '/home/cossio/ejer1_ws/install/custom_interface/lib/python3.10/site-packages'
[1.749s] Level 1:colcon.colcon_core.environment:checking '/home/cossio/ejer1_ws/install/custom_interface/bin'
[1.749s] INFO:colcon.colcon_core.shell:Creating package script '/home/cossio/ejer1_ws/install/custom_interface/share/custom_interface/package.ps1'
[1.750s] INFO:colcon.colcon_core.shell:Creating package descriptor '/home/cossio/ejer1_ws/install/custom_interface/share/custom_interface/package.dsv'
[1.750s] INFO:colcon.colcon_core.shell:Creating package script '/home/cossio/ejer1_ws/install/custom_interface/share/custom_interface/package.sh'
[1.750s] INFO:colcon.colcon_core.shell:Creating package script '/home/cossio/ejer1_ws/install/custom_interface/share/custom_interface/package.bash'
[1.750s] INFO:colcon.colcon_core.shell:Creating package script '/home/cossio/ejer1_ws/install/custom_interface/share/custom_interface/package.zsh'
[1.751s] Level 1:colcon.colcon_core.environment:create_file_with_runtime_dependencies(/home/cossio/ejer1_ws/install/custom_interface/share/colcon-core/packages/custom_interface)
[1.751s] Level 1:colcon.colcon_core.environment:create_environment_scripts_only(custom_interface)
[1.751s] Level 1:colcon.colcon_core.environment:checking '/home/cossio/ejer1_ws/install/custom_interface' for CMake module files
[1.751s] Level 1:colcon.colcon_core.environment:checking '/home/cossio/ejer1_ws/install/custom_interface' for CMake config files
[1.752s] Level 1:colcon.colcon_core.shell:create_environment_hook('custom_interface', 'cmake_prefix_path')
[1.752s] INFO:colcon.colcon_core.shell:Creating environment hook '/home/cossio/ejer1_ws/install/custom_interface/share/custom_interface/hook/cmake_prefix_path.ps1'
[1.752s] INFO:colcon.colcon_core.shell:Creating environment descriptor '/home/cossio/ejer1_ws/install/custom_interface/share/custom_interface/hook/cmake_prefix_path.dsv'
[1.752s] INFO:colcon.colcon_core.shell:Creating environment hook '/home/cossio/ejer1_ws/install/custom_interface/share/custom_interface/hook/cmake_prefix_path.sh'
[1.752s] Level 1:colcon.colcon_core.environment:checking '/home/cossio/ejer1_ws/install/custom_interface/lib'
[1.753s] Level 1:colcon.colcon_core.shell:create_environment_hook('custom_interface', 'ld_library_path_lib')
[1.753s] INFO:colcon.colcon_core.shell:Creating environment hook '/home/cossio/ejer1_ws/install/custom_interface/share/custom_interface/hook/ld_library_path_lib.ps1'
[1.753s] INFO:colcon.colcon_core.shell:Creating environment descriptor '/home/cossio/ejer1_ws/install/custom_interface/share/custom_interface/hook/ld_library_path_lib.dsv'
[1.753s] INFO:colcon.colcon_core.shell:Creating environment hook '/home/cossio/ejer1_ws/install/custom_interface/share/custom_interface/hook/ld_library_path_lib.sh'
[1.754s] Level 1:colcon.colcon_core.environment:checking '/home/cossio/ejer1_ws/install/custom_interface/bin'
[1.754s] Level 1:colcon.colcon_core.environment:checking '/home/cossio/ejer1_ws/install/custom_interface/lib/pkgconfig/custom_interface.pc'
[1.755s] Level 1:colcon.colcon_core.environment:checking '/home/cossio/ejer1_ws/install/custom_interface/lib/python3.10/site-packages'
[1.755s] Level 1:colcon.colcon_core.environment:checking '/home/cossio/ejer1_ws/install/custom_interface/bin'
[1.756s] INFO:colcon.colcon_core.shell:Creating package script '/home/cossio/ejer1_ws/install/custom_interface/share/custom_interface/package.ps1'
[1.756s] INFO:colcon.colcon_core.shell:Creating package descriptor '/home/cossio/ejer1_ws/install/custom_interface/share/custom_interface/package.dsv'
[1.756s] INFO:colcon.colcon_core.shell:Creating package script '/home/cossio/ejer1_ws/install/custom_interface/share/custom_interface/package.sh'
[1.756s] INFO:colcon.colcon_core.shell:Creating package script '/home/cossio/ejer1_ws/install/custom_interface/share/custom_interface/package.bash'
[1.757s] INFO:colcon.colcon_core.shell:Creating package script '/home/cossio/ejer1_ws/install/custom_interface/share/custom_interface/package.zsh'
[1.757s] Level 1:colcon.colcon_core.environment:create_file_with_runtime_dependencies(/home/cossio/ejer1_ws/install/custom_interface/share/colcon-core/packages/custom_interface)
[1.757s] DEBUG:colcon.colcon_parallel_executor.executor.parallel:closing loop
[1.757s] DEBUG:colcon.colcon_parallel_executor.executor.parallel:loop closed
[1.757s] DEBUG:colcon.colcon_parallel_executor.executor.parallel:run_until_complete finished with '0'
[1.757s] DEBUG:colcon.colcon_core.event_reactor:joining thread
[1.762s] INFO:colcon.colcon_core.plugin_system:Skipping extension 'colcon_notification.desktop_notification.terminal_notifier': Not used on non-Darwin systems
[1.762s] INFO:colcon.colcon_core.plugin_system:Skipping extension 'colcon_notification.desktop_notification.win32': Not used on non-Windows systems
[1.762s] INFO:colcon.colcon_notification.desktop_notification:Sending desktop notification using 'notify2'
[1.773s] DEBUG:colcon.colcon_core.event_reactor:joined thread
[1.774s] INFO:colcon.colcon_core.shell:Creating prefix script '/home/cossio/ejer1_ws/install/local_setup.ps1'
[1.774s] INFO:colcon.colcon_core.shell:Creating prefix util module '/home/cossio/ejer1_ws/install/_local_setup_util_ps1.py'
[1.775s] INFO:colcon.colcon_core.shell:Creating prefix chain script '/home/cossio/ejer1_ws/install/setup.ps1'
[1.776s] INFO:colcon.colcon_core.shell:Creating prefix script '/home/cossio/ejer1_ws/install/local_setup.sh'
[1.776s] INFO:colcon.colcon_core.shell:Creating prefix util module '/home/cossio/ejer1_ws/install/_local_setup_util_sh.py'
[1.777s] INFO:colcon.colcon_core.shell:Creating prefix chain script '/home/cossio/ejer1_ws/install/setup.sh'
[1.777s] INFO:colcon.colcon_core.shell:Creating prefix script '/home/cossio/ejer1_ws/install/local_setup.bash'
[1.778s] INFO:colcon.colcon_core.shell:Creating prefix chain script '/home/cossio/ejer1_ws/install/setup.bash'
[1.778s] INFO:colcon.colcon_core.shell:Creating prefix script '/home/cossio/ejer1_ws/install/local_setup.zsh'
[1.779s] INFO:colcon.colcon_core.shell:Creating prefix chain script '/home/cossio/ejer1_ws/install/setup.zsh'
