[0.027s] Invoking command in '/home/fab/ejer2_ws/build/interfaces': CMAKE_PREFIX_PATH=/home/fab/ejer2_ws/install/pubsub:/opt/ros/humble /usr/bin/cmake /home/fab/ejer2_ws/src/interfaces -DCMAKE_INSTALL_PREFIX=/home/fab/ejer2_ws/install/interfaces
[0.341s] -- The C compiler identification is GNU 11.4.0
[0.481s] -- The CXX compiler identification is GNU 11.4.0
[0.521s] -- Detecting C compiler ABI info
[0.647s] -- Detecting C compiler ABI info - done
[0.663s] -- Check for working C compiler: /usr/bin/cc - skipped
[0.664s] -- Detecting C compile features
[0.665s] -- Detecting C compile features - done
[0.673s] -- Detecting CXX compiler ABI info
[0.795s] -- Detecting CXX compiler ABI info - done
[0.811s] -- Check for working CXX compiler: /usr/bin/c++ - skipped
[0.811s] -- Detecting CXX compile features
[0.812s] -- Detecting CXX compile features - done
[0.816s] -- Found ament_cmake: 1.3.12 (/opt/ros/humble/share/ament_cmake/cmake)
[1.065s] -- Found Python3: /usr/bin/python3 (found version "3.10.12") found components: Interpreter 
[1.346s] -- Found geometry_msgs: 4.9.0 (/opt/ros/humble/share/geometry_msgs/cmake)
[1.516s] -- Found rosidl_generator_c: 3.1.7 (/opt/ros/humble/share/rosidl_generator_c/cmake)
[1.525s] -- Found rosidl_adapter: 3.1.7 (/opt/ros/humble/share/rosidl_adapter/cmake)
[1.541s] -- Found rosidl_generator_cpp: 3.1.7 (/opt/ros/humble/share/rosidl_generator_cpp/cmake)
[1.579s] -- Using all available rosidl_typesupport_c: rosidl_typesupport_fastrtps_c;rosidl_typesupport_introspection_c
[1.607s] -- Using all available rosidl_typesupport_cpp: rosidl_typesupport_fastrtps_cpp;rosidl_typesupport_introspection_cpp
[1.880s] -- Found rosidl_default_generators: 1.2.0 (/opt/ros/humble/share/rosidl_default_generators/cmake)
[2.501s] -- Found ament_cmake_ros: 0.10.0 (/opt/ros/humble/share/ament_cmake_ros/cmake)
[3.114s] -- Using all available rosidl_typesupport_c: rosidl_typesupport_fastrtps_c;rosidl_typesupport_introspection_c
[3.357s] -- Using all available rosidl_typesupport_cpp: rosidl_typesupport_fastrtps_cpp;rosidl_typesupport_introspection_cpp
[3.413s] -- Found PythonInterp: /usr/bin/python3 (found suitable version "3.10.12", minimum required is "3.6") 
[3.446s] -- Found python_cmake_module: 0.10.0 (/opt/ros/humble/share/python_cmake_module/cmake)
[3.619s] -- Found PythonLibs: /usr/lib/x86_64-linux-gnu/libpython3.10.so (found suitable version "3.10.12", minimum required is "3.5") 
[3.619s] -- Using PYTHON_EXECUTABLE: /usr/bin/python3
[3.619s] -- Using PYTHON_INCLUDE_DIRS: /usr/include/python3.10
[3.620s] -- Using PYTHON_LIBRARIES: /usr/lib/x86_64-linux-gnu/libpython3.10.so
[3.658s] -- Found PythonExtra: .so  
[3.822s] -- Found ament_lint_auto: 0.12.14 (/opt/ros/humble/share/ament_lint_auto/cmake)
[4.167s] -- Added test 'lint_cmake' to check CMake code style
[4.218s] -- Added test 'xmllint' to check XML markup files
[4.254s] -- Configuring done
[4.335s] -- Generating done
[4.354s] -- Build files have been written to: /home/fab/ejer2_ws/build/interfaces
[4.369s] Invoked command in '/home/fab/ejer2_ws/build/interfaces' returned '0': CMAKE_PREFIX_PATH=/home/fab/ejer2_ws/install/pubsub:/opt/ros/humble /usr/bin/cmake /home/fab/ejer2_ws/src/interfaces -DCMAKE_INSTALL_PREFIX=/home/fab/ejer2_ws/install/interfaces
[4.373s] Invoking command in '/home/fab/ejer2_ws/build/interfaces': CMAKE_PREFIX_PATH=/home/fab/ejer2_ws/install/pubsub:/opt/ros/humble /usr/bin/cmake --build /home/fab/ejer2_ws/build/interfaces -- -j4 -l4
[4.430s] [  3%] [34m[1mGenerating C code for ROS interfaces[0m
[4.443s] [  6%] [34m[1mGenerating C++ code for ROS interfaces[0m
[4.461s] [  6%] Built target ament_cmake_python_copy_interfaces
[5.034s] running egg_info
[5.036s] creating interfaces.egg-info
[5.036s] writing interfaces.egg-info/PKG-INFO
[5.038s] writing dependency_links to interfaces.egg-info/dependency_links.txt
[5.039s] writing top-level names to interfaces.egg-info/top_level.txt
[5.039s] writing manifest file 'interfaces.egg-info/SOURCES.txt'
[5.042s] reading manifest file 'interfaces.egg-info/SOURCES.txt'
[5.047s] writing manifest file 'interfaces.egg-info/SOURCES.txt'
[5.103s] [  6%] Built target interfaces__cpp
[5.120s] [  6%] Built target ament_cmake_python_build_interfaces_egg
[5.126s] [  9%] [34m[1mGenerating C++ type support dispatch for ROS interfaces[0m
[5.126s] [ 12%] [34m[1mGenerating C++ type support for eProsima Fast-RTPS[0m
[5.145s] [ 16%] [34m[1mGenerating C++ introspection for ROS interfaces[0m
[5.305s] [ 19%] [32mBuilding C object CMakeFiles/interfaces__rosidl_generator_c.dir/rosidl_generator_c/interfaces/msg/detail/filtered_sensor__functions.c.o[0m
[5.622s] In file included from [01m[K/home/fab/ejer2_ws/build/interfaces/rosidl_generator_c/interfaces/msg/detail/filtered_sensor__functions.h:19[m[K,
[5.622s]                  from [01m[K/home/fab/ejer2_ws/build/interfaces/rosidl_generator_c/interfaces/msg/detail/filtered_sensor__functions.c:4[m[K:
[5.622s] [01m[K/home/fab/ejer2_ws/build/interfaces/rosidl_generator_c/interfaces/msg/detail/filtered_sensor__struct.h:22:10:[m[K [01;31m[Kfatal error: [m[Kbuiltin_interfaces/msg/detail/time__struct.h: No such file or directory
[5.622s]    22 | #include [01;31m[K"builtin_interfaces/msg/detail/time__struct.h"[m[K
[5.623s]       |          [01;31m[K^~~~~~~~~~~~~~~~~~~~~~~~~~~~~~~~~~~~~~~~~~~~~~[m[K
[5.623s] compilation terminated.
[5.624s] gmake[2]: *** [CMakeFiles/interfaces__rosidl_generator_c.dir/build.make:105: CMakeFiles/interfaces__rosidl_generator_c.dir/rosidl_generator_c/interfaces/msg/detail/filtered_sensor__functions.c.o] Error 1
[5.624s] gmake[1]: *** [CMakeFiles/Makefile2:213: CMakeFiles/interfaces__rosidl_generator_c.dir/all] Error 2
[5.624s] gmake[1]: *** Waiting for unfinished jobs....
[5.723s] [ 22%] [32mBuilding CXX object CMakeFiles/interfaces__rosidl_typesupport_cpp.dir/rosidl_typesupport_cpp/interfaces/msg/filtered_sensor__type_support.cpp.o[0m
[5.782s] [ 25%] [32mBuilding CXX object CMakeFiles/interfaces__rosidl_typesupport_fastrtps_cpp.dir/rosidl_typesupport_fastrtps_cpp/interfaces/msg/detail/dds_fastrtps/filtered_sensor__type_support.cpp.o[0m
[5.867s] [ 29%] [32mBuilding CXX object CMakeFiles/interfaces__rosidl_typesupport_introspection_cpp.dir/rosidl_typesupport_introspection_cpp/interfaces/msg/detail/filtered_sensor__type_support.cpp.o[0m
[7.050s] In file included from [01m[K/home/fab/ejer2_ws/build/interfaces/rosidl_typesupport_fastrtps_cpp/interfaces/msg/detail/filtered_sensor__rosidl_typesupport_fastrtps_cpp.hpp:11[m[K,
[7.050s]                  from [01m[K/home/fab/ejer2_ws/build/interfaces/rosidl_typesupport_fastrtps_cpp/interfaces/msg/detail/dds_fastrtps/filtered_sensor__type_support.cpp:4[m[K:
[7.051s] [01m[K/home/fab/ejer2_ws/build/interfaces/rosidl_generator_cpp/interfaces/msg/detail/filtered_sensor__struct.hpp:20:10:[m[K [01;31m[Kfatal error: [m[Kbuiltin_interfaces/msg/detail/time__struct.hpp: No such file or directory
[7.051s]    20 | #include [01;31m[K"builtin_interfaces/msg/detail/time__struct.hpp"[m[K
[7.051s]       |          [01;31m[K^~~~~~~~~~~~~~~~~~~~~~~~~~~~~~~~~~~~~~~~~~~~~~~~[m[K
[7.051s] In file included from [01m[K/home/fab/ejer2_ws/build/interfaces/rosidl_typesupport_cpp/interfaces/msg/filtered_sensor__type_support.cpp:7[m[K:
[7.051s] [01m[K/home/fab/ejer2_ws/build/interfaces/rosidl_generator_cpp/interfaces/msg/detail/filtered_sensor__struct.hpp:20:10:[m[K [01;31m[Kfatal error: [m[Kbuiltin_interfaces/msg/detail/time__struct.hpp: No such file or directory
[7.051s]    20 | #include [01;31m[K"builtin_interfaces/msg/detail/time__struct.hpp"[m[K
[7.052s]       |          [01;31m[K^~~~~~~~~~~~~~~~~~~~~~~~~~~~~~~~~~~~~~~~~~~~~~~~[m[K
[7.052s] compilation terminated.
[7.052s] compilation terminated.
[7.052s] gmake[2]: *** [CMakeFiles/interfaces__rosidl_typesupport_fastrtps_cpp.dir/build.make:91: CMakeFiles/interfaces__rosidl_typesupport_fastrtps_cpp.dir/rosidl_typesupport_fastrtps_cpp/interfaces/msg/detail/dds_fastrtps/filtered_sensor__type_support.cpp.o] Error 1
[7.053s] gmake[2]: *** [CMakeFiles/interfaces__rosidl_typesupport_cpp.dir/build.make:86: CMakeFiles/interfaces__rosidl_typesupport_cpp.dir/rosidl_typesupport_cpp/interfaces/msg/filtered_sensor__type_support.cpp.o] Error 1
[7.054s] gmake[1]: *** [CMakeFiles/Makefile2:395: CMakeFiles/interfaces__rosidl_typesupport_cpp.dir/all] Error 2
[7.054s] gmake[1]: *** [CMakeFiles/Makefile2:291: CMakeFiles/interfaces__rosidl_typesupport_fastrtps_cpp.dir/all] Error 2
[7.228s] In file included from [01m[K/home/fab/ejer2_ws/build/interfaces/rosidl_typesupport_introspection_cpp/interfaces/msg/detail/filtered_sensor__type_support.cpp:12[m[K:
[7.228s] [01m[K/home/fab/ejer2_ws/build/interfaces/rosidl_generator_cpp/interfaces/msg/detail/filtered_sensor__struct.hpp:20:10:[m[K [01;31m[Kfatal error: [m[Kbuiltin_interfaces/msg/detail/time__struct.hpp: No such file or directory
[7.228s]    20 | #include [01;31m[K"builtin_interfaces/msg/detail/time__struct.hpp"[m[K
[7.228s]       |          [01;31m[K^~~~~~~~~~~~~~~~~~~~~~~~~~~~~~~~~~~~~~~~~~~~~~~~[m[K
[7.229s] compilation terminated.
[7.231s] gmake[2]: *** [CMakeFiles/interfaces__rosidl_typesupport_introspection_cpp.dir/build.make:91: CMakeFiles/interfaces__rosidl_typesupport_introspection_cpp.dir/rosidl_typesupport_introspection_cpp/interfaces/msg/detail/filtered_sensor__type_support.cpp.o] Error 1
[7.231s] gmake[1]: *** [CMakeFiles/Makefile2:369: CMakeFiles/interfaces__rosidl_typesupport_introspection_cpp.dir/all] Error 2
[7.231s] gmake: *** [Makefile:146: all] Error 2
[7.235s] Invoked command in '/home/fab/ejer2_ws/build/interfaces' returned '2': CMAKE_PREFIX_PATH=/home/fab/ejer2_ws/install/pubsub:/opt/ros/humble /usr/bin/cmake --build /home/fab/ejer2_ws/build/interfaces -- -j4 -l4
