running develop
Removing /home/cossio/ejer1_ws/install/py_examples/lib/python3.10/site-packages/py-examples.egg-link (link to .)
running egg_info
writing ../../../build/py_examples/py_examples.egg-info/PKG-INFO
writing dependency_links to ../../../build/py_examples/py_examples.egg-info/dependency_links.txt
writing entry points to ../../../build/py_examples/py_examples.egg-info/entry_points.txt
writing requirements to ../../../build/py_examples/py_examples.egg-info/requires.txt
writing top-level names to ../../../build/py_examples/py_examples.egg-info/top_level.txt
reading manifest file '../../../build/py_examples/py_examples.egg-info/SOURCES.txt'
adding license file 'LICENSE'
writing manifest file '../../../build/py_examples/py_examples.egg-info/SOURCES.txt'
running build
running build_py
creating /home/cossio/ejer1_ws/build/py_examples/build
creating /home/cossio/ejer1_ws/build/py_examples/build/lib
creating /home/cossio/ejer1_ws/build/py_examples/build/lib/py_examples
copying py_examples/__init__.py -> /home/cossio/ejer1_ws/build/py_examples/build/lib/py_examples
copying py_examples/service_py_example.py -> /home/cossio/ejer1_ws/build/py_examples/build/lib/py_examples
copying py_examples/client_py_example.py -> /home/cossio/ejer1_ws/build/py_examples/build/lib/py_examples
copying py_examples/pub.py -> /home/cossio/ejer1_ws/build/py_examples/build/lib/py_examples
copying py_examples/sub.py -> /home/cossio/ejer1_ws/build/py_examples/build/lib/py_examples
copying py_examples/position_client.py -> /home/cossio/ejer1_ws/build/py_examples/build/lib/py_examples
copying py_examples/position_service.py -> /home/cossio/ejer1_ws/build/py_examples/build/lib/py_examples
running install
running install_lib
creating /home/cossio/ejer1_ws/install/py_examples/lib/python3.10/site-packages/py_examples
copying /home/cossio/ejer1_ws/build/py_examples/build/lib/py_examples/__init__.py -> /home/cossio/ejer1_ws/install/py_examples/lib/python3.10/site-packages/py_examples
copying /home/cossio/ejer1_ws/build/py_examples/build/lib/py_examples/service_py_example.py -> /home/cossio/ejer1_ws/install/py_examples/lib/python3.10/site-packages/py_examples
copying /home/cossio/ejer1_ws/build/py_examples/build/lib/py_examples/client_py_example.py -> /home/cossio/ejer1_ws/install/py_examples/lib/python3.10/site-packages/py_examples
copying /home/cossio/ejer1_ws/build/py_examples/build/lib/py_examples/pub.py -> /home/cossio/ejer1_ws/install/py_examples/lib/python3.10/site-packages/py_examples
copying /home/cossio/ejer1_ws/build/py_examples/build/lib/py_examples/sub.py -> /home/cossio/ejer1_ws/install/py_examples/lib/python3.10/site-packages/py_examples
copying /home/cossio/ejer1_ws/build/py_examples/build/lib/py_examples/position_client.py -> /home/cossio/ejer1_ws/install/py_examples/lib/python3.10/site-packages/py_examples
copying /home/cossio/ejer1_ws/build/py_examples/build/lib/py_examples/position_service.py -> /home/cossio/ejer1_ws/install/py_examples/lib/python3.10/site-packages/py_examples
byte-compiling /home/cossio/ejer1_ws/install/py_examples/lib/python3.10/site-packages/py_examples/__init__.py to __init__.cpython-310.pyc
byte-compiling /home/cossio/ejer1_ws/install/py_examples/lib/python3.10/site-packages/py_examples/service_py_example.py to service_py_example.cpython-310.pyc
byte-compiling /home/cossio/ejer1_ws/install/py_examples/lib/python3.10/site-packages/py_examples/client_py_example.py to client_py_example.cpython-310.pyc
byte-compiling /home/cossio/ejer1_ws/install/py_examples/lib/python3.10/site-packages/py_examples/pub.py to pub.cpython-310.pyc
byte-compiling /home/cossio/ejer1_ws/install/py_examples/lib/python3.10/site-packages/py_examples/sub.py to sub.cpython-310.pyc
byte-compiling /home/cossio/ejer1_ws/install/py_examples/lib/python3.10/site-packages/py_examples/position_client.py to position_client.cpython-310.pyc
byte-compiling /home/cossio/ejer1_ws/install/py_examples/lib/python3.10/site-packages/py_examples/position_service.py to position_service.cpython-310.pyc
running install_data
copying resource/py_examples -> /home/cossio/ejer1_ws/install/py_examples/share/ament_index/resource_index/packages
copying package.xml -> /home/cossio/ejer1_ws/install/py_examples/share/py_examples
copying launch/py_example_launch.py -> /home/cossio/ejer1_ws/install/py_examples/share/py_examples/launch
running install_egg_info
Copying ../../../build/py_examples/py_examples.egg-info to /home/cossio/ejer1_ws/install/py_examples/lib/python3.10/site-packages/py_examples-0.0.0-py3.10.egg-info
running install_scripts
Installing client script to /home/cossio/ejer1_ws/install/py_examples/lib/py_examples
Installing pos_client script to /home/cossio/ejer1_ws/install/py_examples/lib/py_examples
Installing pos_server script to /home/cossio/ejer1_ws/install/py_examples/lib/py_examples
Installing publipy script to /home/cossio/ejer1_ws/install/py_examples/lib/py_examples
Installing server script to /home/cossio/ejer1_ws/install/py_examples/lib/py_examples
Installing subpy script to /home/cossio/ejer1_ws/install/py_examples/lib/py_examples
writing list of installed files to '/home/cossio/ejer1_ws/build/py_examples/install.log'
