[0.027s] Invoking command in '/home/fab/ejer2_ws/build/interfaces': /usr/bin/cmake --build /home/fab/ejer2_ws/build/interfaces -- -j4 -l4
[0.065s] -- Found ament_cmake: 1.3.12 (/opt/ros/humble/share/ament_cmake/cmake)
[0.297s] -- Found geometry_msgs: 4.9.0 (/opt/ros/humble/share/geometry_msgs/cmake)
[0.335s] -- Found rosidl_generator_c: 3.1.7 (/opt/ros/humble/share/rosidl_generator_c/cmake)
[0.340s] -- Found rosidl_adapter: 3.1.7 (/opt/ros/humble/share/rosidl_adapter/cmake)
[0.351s] -- Found rosidl_generator_cpp: 3.1.7 (/opt/ros/humble/share/rosidl_generator_cpp/cmake)
[0.368s] -- Using all available rosidl_typesupport_c: rosidl_typesupport_fastrtps_c;rosidl_typesupport_introspection_c
[0.388s] -- Using all available rosidl_typesupport_cpp: rosidl_typesupport_fastrtps_cpp;rosidl_typesupport_introspection_cpp
[0.451s] -- Found rosidl_default_generators: 1.2.0 (/opt/ros/humble/share/rosidl_default_generators/cmake)
[0.766s] Error parsing '/home/fab/ejer2_ws/src/interfaces/package.xml':
[0.837s] Traceback (most recent call last):
[0.837s]   File "/opt/ros/humble/share/ament_cmake_core/cmake/core/package_xml_2_cmake.py", line 150, in <module>
[0.837s]     main()
[0.837s]   File "/opt/ros/humble/share/ament_cmake_core/cmake/core/package_xml_2_cmake.py", line 53, in main
[0.838s]     raise e
[0.838s]   File "/opt/ros/humble/share/ament_cmake_core/cmake/core/package_xml_2_cmake.py", line 49, in main
[0.838s]     package = parse_package_string(
[0.839s]   File "/usr/lib/python3/dist-packages/catkin_pkg/package.py", line 786, in parse_package_string
[0.839s]     raise InvalidPackage('Error(s):%s' % (''.join(['\n- %s' % e for e in errors])), filename)
[0.839s] catkin_pkg.package.InvalidPackage: Error(s) in package '/home/fab/ejer2_ws/src/interfaces/package.xml':
[0.839s] Error(s):
[0.839s] - The generic dependency on 'builtin_interfaces' is redundant with: build_depend, exec_depend
[0.872s] [31mCMake Error at /opt/ros/humble/share/ament_cmake_core/cmake/core/ament_package_xml.cmake:95 (message):
[0.872s]   execute_process(/usr/bin/python3
[0.872s]   /opt/ros/humble/share/ament_cmake_core/cmake/core/package_xml_2_cmake.py
[0.872s]   /home/fab/ejer2_ws/src/interfaces/package.xml
[0.873s]   /home/fab/ejer2_ws/build/interfaces/ament_cmake_core/package.cmake)
[0.873s]   returned error code 1
[0.873s] Call Stack (most recent call first):
[0.873s]   /opt/ros/humble/share/ament_cmake_core/cmake/core/ament_package_xml.cmake:49 (_ament_package_xml)
[0.873s]   /opt/ros/humble/share/rosidl_cmake/cmake/rosidl_generate_interfaces.cmake:226 (ament_package_xml)
[0.874s]   CMakeLists.txt:13 (rosidl_generate_interfaces)
[0.874s] 
[0.874s] [0m
[0.874s] -- Configuring incomplete, errors occurred!
[0.874s] See also "/home/fab/ejer2_ws/build/interfaces/CMakeFiles/CMakeOutput.log".
[0.880s] gmake: *** [Makefile:747: cmake_check_build_system] Error 1
[0.884s] Invoked command in '/home/fab/ejer2_ws/build/interfaces' returned '2': /usr/bin/cmake --build /home/fab/ejer2_ws/build/interfaces -- -j4 -l4
