[0.157s] DEBUG:colcon:Command line arguments: ['/usr/bin/colcon', 'build']
[0.158s] DEBUG:colcon:Parsed command line arguments: Namespace(log_base=None, log_level=None, verb_name='build', build_base='build', install_base='install', merge_install=False, symlink_install=False, test_result_base=None, continue_on_error=False, executor='parallel', parallel_workers=4, event_handlers=None, ignore_user_meta=False, metas=['./colcon.meta'], base_paths=['.'], packages_ignore=None, packages_ignore_regex=None, paths=None, packages_up_to=None, packages_up_to_regex=None, packages_above=None, packages_above_and_dependencies=None, packages_above_depth=None, packages_select_by_dep=None, packages_skip_by_dep=None, packages_skip_up_to=None, packages_select_build_failed=False, packages_skip_build_finished=False, packages_select_test_failures=False, packages_skip_test_passed=False, packages_select=None, packages_skip=None, packages_select_regex=None, packages_skip_regex=None, packages_start=None, packages_end=None, allow_overriding=[], cmake_args=None, cmake_target=None, cmake_target_skip_unavailable=False, cmake_clean_cache=False, cmake_clean_first=False, cmake_force_configure=False, ament_cmake_args=None, catkin_cmake_args=None, catkin_skip_building_tests=False, mixin_files=None, mixin=None, verb_parser=<colcon_mixin.mixin.mixin_argument.MixinArgumentDecorator object at 0x7c5b7d45d420>, verb_extension=<colcon_core.verb.build.BuildVerb object at 0x7c5b7d5d2ad0>, main=<bound method BuildVerb.main of <colcon_core.verb.build.BuildVerb object at 0x7c5b7d5d2ad0>>, mixin_verb=('build',))
[0.410s] Level 1:colcon.colcon_core.package_discovery:discover_packages(colcon_meta) check parameters
[0.410s] Level 1:colcon.colcon_core.package_discovery:discover_packages(recursive) check parameters
[0.410s] Level 1:colcon.colcon_core.package_discovery:discover_packages(ignore) check parameters
[0.410s] Level 1:colcon.colcon_core.package_discovery:discover_packages(path) check parameters
[0.410s] Level 1:colcon.colcon_core.package_discovery:discover_packages(colcon_meta) discover
[0.410s] Level 1:colcon.colcon_core.package_discovery:discover_packages(recursive) discover
[0.410s] INFO:colcon.colcon_core.package_discovery:Crawling recursively for packages in '/home/fab/ejer2_ws/src/interfaces'
[0.410s] Level 1:colcon.colcon_core.package_identification:_identify(.) by extensions ['ignore', 'ignore_ament_install']
[0.410s] Level 1:colcon.colcon_core.package_identification:_identify(.) by extension 'ignore'
[0.411s] Level 1:colcon.colcon_core.package_identification:_identify(.) by extension 'ignore_ament_install'
[0.411s] Level 1:colcon.colcon_core.package_identification:_identify(.) by extensions ['colcon_pkg']
[0.411s] Level 1:colcon.colcon_core.package_identification:_identify(.) by extension 'colcon_pkg'
[0.411s] Level 1:colcon.colcon_core.package_identification:_identify(.) by extensions ['colcon_meta']
[0.411s] Level 1:colcon.colcon_core.package_identification:_identify(.) by extension 'colcon_meta'
[0.411s] Level 1:colcon.colcon_core.package_identification:_identify(.) by extensions ['ros']
[0.411s] Level 1:colcon.colcon_core.package_identification:_identify(.) by extension 'ros'
[0.430s] DEBUG:colcon.colcon_core.package_identification:Package '.' with type 'ros.ament_cmake' and name 'interfaces'
[0.430s] Level 1:colcon.colcon_core.package_discovery:discover_packages(recursive) using defaults
[0.431s] Level 1:colcon.colcon_core.package_discovery:discover_packages(ignore) discover
[0.431s] Level 1:colcon.colcon_core.package_discovery:discover_packages(ignore) using defaults
[0.431s] Level 1:colcon.colcon_core.package_discovery:discover_packages(path) discover
[0.431s] Level 1:colcon.colcon_core.package_discovery:discover_packages(path) using defaults
[0.481s] Level 1:colcon.colcon_core.package_discovery:discover_packages(prefix_path) check parameters
[0.481s] Level 1:colcon.colcon_core.package_discovery:discover_packages(prefix_path) discover
[0.483s] DEBUG:colcon.colcon_installed_package_information.package_discovery:Found 2 installed packages in /home/fab/ejer2_ws/install
[0.486s] DEBUG:colcon.colcon_installed_package_information.package_discovery:Found 271 installed packages in /opt/ros/humble
[0.489s] Level 1:colcon.colcon_core.package_discovery:discover_packages(prefix_path) using defaults
[0.553s] Level 5:colcon.colcon_core.verb:set package 'interfaces' build argument 'cmake_args' from command line to 'None'
[0.553s] Level 5:colcon.colcon_core.verb:set package 'interfaces' build argument 'cmake_target' from command line to 'None'
[0.553s] Level 5:colcon.colcon_core.verb:set package 'interfaces' build argument 'cmake_target_skip_unavailable' from command line to 'False'
[0.553s] Level 5:colcon.colcon_core.verb:set package 'interfaces' build argument 'cmake_clean_cache' from command line to 'False'
[0.553s] Level 5:colcon.colcon_core.verb:set package 'interfaces' build argument 'cmake_clean_first' from command line to 'False'
[0.553s] Level 5:colcon.colcon_core.verb:set package 'interfaces' build argument 'cmake_force_configure' from command line to 'False'
[0.553s] Level 5:colcon.colcon_core.verb:set package 'interfaces' build argument 'ament_cmake_args' from command line to 'None'
[0.553s] Level 5:colcon.colcon_core.verb:set package 'interfaces' build argument 'catkin_cmake_args' from command line to 'None'
[0.553s] Level 5:colcon.colcon_core.verb:set package 'interfaces' build argument 'catkin_skip_building_tests' from command line to 'False'
[0.553s] DEBUG:colcon.colcon_core.verb:Building package 'interfaces' with the following arguments: {'ament_cmake_args': None, 'build_base': '/home/fab/ejer2_ws/src/interfaces/build/interfaces', 'catkin_cmake_args': None, 'catkin_skip_building_tests': False, 'cmake_args': None, 'cmake_clean_cache': False, 'cmake_clean_first': False, 'cmake_force_configure': False, 'cmake_target': None, 'cmake_target_skip_unavailable': False, 'install_base': '/home/fab/ejer2_ws/src/interfaces/install/interfaces', 'merge_install': False, 'path': '/home/fab/ejer2_ws/src/interfaces', 'symlink_install': False, 'test_result_base': None}
[0.554s] INFO:colcon.colcon_core.executor:Executing jobs using 'parallel' executor
[0.555s] DEBUG:colcon.colcon_parallel_executor.executor.parallel:run_until_complete
[0.555s] INFO:colcon.colcon_ros.task.ament_cmake.build:Building ROS package in '/home/fab/ejer2_ws/src/interfaces' with build type 'ament_cmake'
[0.556s] INFO:colcon.colcon_cmake.task.cmake.build:Building CMake package in '/home/fab/ejer2_ws/src/interfaces'
[0.559s] INFO:colcon.colcon_core.plugin_system:Skipping extension 'colcon_core.shell.bat': Not used on non-Windows systems
[0.559s] INFO:colcon.colcon_core.shell:Skip shell extension 'powershell' for command environment: Not usable outside of PowerShell
[0.559s] DEBUG:colcon.colcon_core.shell:Skip shell extension 'dsv' for command environment
[0.571s] DEBUG:colcon.colcon_core.event_handler.log_command:Invoking command in '/home/fab/ejer2_ws/src/interfaces/build/interfaces': CMAKE_PREFIX_PATH=/home/fab/ejer2_ws/install/pubsub:/opt/ros/humble /usr/bin/cmake --build /home/fab/ejer2_ws/src/interfaces/build/interfaces -- -j4 -l4
[8.380s] DEBUG:colcon.colcon_core.event_handler.log_command:Invoked command in '/home/fab/ejer2_ws/src/interfaces/build/interfaces' returned '0': CMAKE_PREFIX_PATH=/home/fab/ejer2_ws/install/pubsub:/opt/ros/humble /usr/bin/cmake --build /home/fab/ejer2_ws/src/interfaces/build/interfaces -- -j4 -l4
[8.394s] DEBUG:colcon.colcon_core.event_handler.log_command:Invoking command in '/home/fab/ejer2_ws/src/interfaces/build/interfaces': CMAKE_PREFIX_PATH=/home/fab/ejer2_ws/install/pubsub:/opt/ros/humble /usr/bin/cmake --install /home/fab/ejer2_ws/src/interfaces/build/interfaces
[8.547s] Level 1:colcon.colcon_core.environment:create_environment_scripts_only(interfaces)
[8.548s] DEBUG:colcon.colcon_core.event_handler.log_command:Invoked command in '/home/fab/ejer2_ws/src/interfaces/build/interfaces' returned '0': CMAKE_PREFIX_PATH=/home/fab/ejer2_ws/install/pubsub:/opt/ros/humble /usr/bin/cmake --install /home/fab/ejer2_ws/src/interfaces/build/interfaces
[8.553s] Level 1:colcon.colcon_core.environment:checking '/home/fab/ejer2_ws/src/interfaces/install/interfaces' for CMake module files
[8.555s] Level 1:colcon.colcon_core.environment:checking '/home/fab/ejer2_ws/src/interfaces/install/interfaces' for CMake config files
[8.555s] Level 1:colcon.colcon_core.shell:create_environment_hook('interfaces', 'cmake_prefix_path')
[8.556s] INFO:colcon.colcon_core.shell:Creating environment hook '/home/fab/ejer2_ws/src/interfaces/install/interfaces/share/interfaces/hook/cmake_prefix_path.ps1'
[8.557s] INFO:colcon.colcon_core.shell:Creating environment descriptor '/home/fab/ejer2_ws/src/interfaces/install/interfaces/share/interfaces/hook/cmake_prefix_path.dsv'
[8.558s] INFO:colcon.colcon_core.shell:Creating environment hook '/home/fab/ejer2_ws/src/interfaces/install/interfaces/share/interfaces/hook/cmake_prefix_path.sh'
[8.560s] Level 1:colcon.colcon_core.environment:checking '/home/fab/ejer2_ws/src/interfaces/install/interfaces/lib'
[8.561s] Level 1:colcon.colcon_core.shell:create_environment_hook('interfaces', 'ld_library_path_lib')
[8.561s] INFO:colcon.colcon_core.shell:Creating environment hook '/home/fab/ejer2_ws/src/interfaces/install/interfaces/share/interfaces/hook/ld_library_path_lib.ps1'
[8.562s] INFO:colcon.colcon_core.shell:Creating environment descriptor '/home/fab/ejer2_ws/src/interfaces/install/interfaces/share/interfaces/hook/ld_library_path_lib.dsv'
[8.562s] INFO:colcon.colcon_core.shell:Creating environment hook '/home/fab/ejer2_ws/src/interfaces/install/interfaces/share/interfaces/hook/ld_library_path_lib.sh'
[8.563s] Level 1:colcon.colcon_core.environment:checking '/home/fab/ejer2_ws/src/interfaces/install/interfaces/bin'
[8.563s] Level 1:colcon.colcon_core.environment:checking '/home/fab/ejer2_ws/src/interfaces/install/interfaces/lib/pkgconfig/interfaces.pc'
[8.564s] Level 1:colcon.colcon_core.environment:checking '/home/fab/ejer2_ws/src/interfaces/install/interfaces/lib/python3.10/site-packages'
[8.565s] Level 1:colcon.colcon_core.environment:checking '/home/fab/ejer2_ws/src/interfaces/install/interfaces/bin'
[8.565s] INFO:colcon.colcon_core.shell:Creating package script '/home/fab/ejer2_ws/src/interfaces/install/interfaces/share/interfaces/package.ps1'
[8.567s] INFO:colcon.colcon_core.shell:Creating package descriptor '/home/fab/ejer2_ws/src/interfaces/install/interfaces/share/interfaces/package.dsv'
[8.568s] INFO:colcon.colcon_core.shell:Creating package script '/home/fab/ejer2_ws/src/interfaces/install/interfaces/share/interfaces/package.sh'
[8.570s] INFO:colcon.colcon_core.shell:Creating package script '/home/fab/ejer2_ws/src/interfaces/install/interfaces/share/interfaces/package.bash'
[8.571s] INFO:colcon.colcon_core.shell:Creating package script '/home/fab/ejer2_ws/src/interfaces/install/interfaces/share/interfaces/package.zsh'
[8.572s] Level 1:colcon.colcon_core.environment:create_file_with_runtime_dependencies(/home/fab/ejer2_ws/src/interfaces/install/interfaces/share/colcon-core/packages/interfaces)
[8.574s] Level 1:colcon.colcon_core.environment:create_environment_scripts_only(interfaces)
[8.574s] Level 1:colcon.colcon_core.environment:checking '/home/fab/ejer2_ws/src/interfaces/install/interfaces' for CMake module files
[8.576s] Level 1:colcon.colcon_core.environment:checking '/home/fab/ejer2_ws/src/interfaces/install/interfaces' for CMake config files
[8.576s] Level 1:colcon.colcon_core.shell:create_environment_hook('interfaces', 'cmake_prefix_path')
[8.577s] INFO:colcon.colcon_core.shell:Creating environment hook '/home/fab/ejer2_ws/src/interfaces/install/interfaces/share/interfaces/hook/cmake_prefix_path.ps1'
[8.578s] INFO:colcon.colcon_core.shell:Creating environment descriptor '/home/fab/ejer2_ws/src/interfaces/install/interfaces/share/interfaces/hook/cmake_prefix_path.dsv'
[8.578s] INFO:colcon.colcon_core.shell:Creating environment hook '/home/fab/ejer2_ws/src/interfaces/install/interfaces/share/interfaces/hook/cmake_prefix_path.sh'
[8.579s] Level 1:colcon.colcon_core.environment:checking '/home/fab/ejer2_ws/src/interfaces/install/interfaces/lib'
[8.579s] Level 1:colcon.colcon_core.shell:create_environment_hook('interfaces', 'ld_library_path_lib')
[8.580s] INFO:colcon.colcon_core.shell:Creating environment hook '/home/fab/ejer2_ws/src/interfaces/install/interfaces/share/interfaces/hook/ld_library_path_lib.ps1'
[8.581s] INFO:colcon.colcon_core.shell:Creating environment descriptor '/home/fab/ejer2_ws/src/interfaces/install/interfaces/share/interfaces/hook/ld_library_path_lib.dsv'
[8.581s] INFO:colcon.colcon_core.shell:Creating environment hook '/home/fab/ejer2_ws/src/interfaces/install/interfaces/share/interfaces/hook/ld_library_path_lib.sh'
[8.582s] Level 1:colcon.colcon_core.environment:checking '/home/fab/ejer2_ws/src/interfaces/install/interfaces/bin'
[8.582s] Level 1:colcon.colcon_core.environment:checking '/home/fab/ejer2_ws/src/interfaces/install/interfaces/lib/pkgconfig/interfaces.pc'
[8.583s] Level 1:colcon.colcon_core.environment:checking '/home/fab/ejer2_ws/src/interfaces/install/interfaces/lib/python3.10/site-packages'
[8.583s] Level 1:colcon.colcon_core.environment:checking '/home/fab/ejer2_ws/src/interfaces/install/interfaces/bin'
[8.584s] INFO:colcon.colcon_core.shell:Creating package script '/home/fab/ejer2_ws/src/interfaces/install/interfaces/share/interfaces/package.ps1'
[8.585s] INFO:colcon.colcon_core.shell:Creating package descriptor '/home/fab/ejer2_ws/src/interfaces/install/interfaces/share/interfaces/package.dsv'
[8.586s] INFO:colcon.colcon_core.shell:Creating package script '/home/fab/ejer2_ws/src/interfaces/install/interfaces/share/interfaces/package.sh'
[8.587s] INFO:colcon.colcon_core.shell:Creating package script '/home/fab/ejer2_ws/src/interfaces/install/interfaces/share/interfaces/package.bash'
[8.588s] INFO:colcon.colcon_core.shell:Creating package script '/home/fab/ejer2_ws/src/interfaces/install/interfaces/share/interfaces/package.zsh'
[8.588s] Level 1:colcon.colcon_core.environment:create_file_with_runtime_dependencies(/home/fab/ejer2_ws/src/interfaces/install/interfaces/share/colcon-core/packages/interfaces)
[8.589s] DEBUG:colcon.colcon_parallel_executor.executor.parallel:closing loop
[8.590s] DEBUG:colcon.colcon_parallel_executor.executor.parallel:loop closed
[8.590s] DEBUG:colcon.colcon_parallel_executor.executor.parallel:run_until_complete finished with '0'
[8.590s] DEBUG:colcon.colcon_core.event_reactor:joining thread
[8.636s] INFO:colcon.colcon_core.plugin_system:Skipping extension 'colcon_notification.desktop_notification.terminal_notifier': Not used on non-Darwin systems
[8.637s] INFO:colcon.colcon_core.plugin_system:Skipping extension 'colcon_notification.desktop_notification.win32': Not used on non-Windows systems
[8.637s] INFO:colcon.colcon_notification.desktop_notification:Sending desktop notification using 'notify2'
[8.670s] DEBUG:colcon.colcon_core.event_reactor:joined thread
[8.671s] INFO:colcon.colcon_core.shell:Creating prefix script '/home/fab/ejer2_ws/src/interfaces/install/local_setup.ps1'
[8.673s] INFO:colcon.colcon_core.shell:Creating prefix util module '/home/fab/ejer2_ws/src/interfaces/install/_local_setup_util_ps1.py'
[8.676s] INFO:colcon.colcon_core.shell:Creating prefix chain script '/home/fab/ejer2_ws/src/interfaces/install/setup.ps1'
[8.680s] INFO:colcon.colcon_core.shell:Creating prefix script '/home/fab/ejer2_ws/src/interfaces/install/local_setup.sh'
[8.681s] INFO:colcon.colcon_core.shell:Creating prefix util module '/home/fab/ejer2_ws/src/interfaces/install/_local_setup_util_sh.py'
[8.682s] INFO:colcon.colcon_core.shell:Creating prefix chain script '/home/fab/ejer2_ws/src/interfaces/install/setup.sh'
[8.685s] INFO:colcon.colcon_core.shell:Creating prefix script '/home/fab/ejer2_ws/src/interfaces/install/local_setup.bash'
[8.686s] INFO:colcon.colcon_core.shell:Creating prefix chain script '/home/fab/ejer2_ws/src/interfaces/install/setup.bash'
[8.689s] INFO:colcon.colcon_core.shell:Creating prefix script '/home/fab/ejer2_ws/src/interfaces/install/local_setup.zsh'
[8.690s] INFO:colcon.colcon_core.shell:Creating prefix chain script '/home/fab/ejer2_ws/src/interfaces/install/setup.zsh'
