-- Found ament_cmake: 1.3.12 (/opt/ros/humble/share/ament_cmake/cmake)
-- Override CMake install command with custom implementation using symlinks instead of copying resources
-- Found rclcpp: 16.0.14 (/opt/ros/humble/share/rclcpp/cmake)
-- Found rosidl_generator_c: 3.1.7 (/opt/ros/humble/share/rosidl_generator_c/cmake)
-- Found rosidl_adapter: 3.1.7 (/opt/ros/humble/share/rosidl_adapter/cmake)
-- Found rosidl_generator_cpp: 3.1.7 (/opt/ros/humble/share/rosidl_generator_cpp/cmake)
-- Using all available rosidl_typesupport_c: rosidl_typesupport_fastrtps_c;rosidl_typesupport_introspection_c
-- Using all available rosidl_typesupport_cpp: rosidl_typesupport_fastrtps_cpp;rosidl_typesupport_introspection_cpp
-- Found rmw_implementation_cmake: 6.1.2 (/opt/ros/humble/share/rmw_implementation_cmake/cmake)
-- Found rmw_fastrtps_cpp: 6.2.8 (/opt/ros/humble/share/rmw_fastrtps_cpp/cmake)
-- Using RMW implementation 'rmw_fastrtps_cpp' as default
-- Found custom_interface: 0.0.0 (/home/cossio/ejer1_ws/install/custom_interface/share/custom_interface/cmake)
-- Found ament_lint_auto: 0.12.14 (/opt/ros/humble/share/ament_lint_auto/cmake)
-- Added test 'cppcheck' to perform static code analysis on C / C++ code
-- Configured cppcheck include dirs: 
-- Configured cppcheck exclude dirs and/or files: 
-- Added test 'flake8' to check Python code syntax and style conventions
-- Added test 'lint_cmake' to check CMake code style
-- Added test 'pep257' to check Python code against some of the docstring style conventions in PEP 257
-- Added test 'uncrustify' to check C / C++ code style
-- Configured uncrustify additional arguments: 
-- Added test 'xmllint' to check XML markup files
-- Configuring done
-- Generating done
-- Build files have been written to: /home/cossio/ejer1_ws/build/cpp_examples
[35m[1mConsolidate compiler generated dependencies of target sub_custom[0m
[35m[1mConsolidate compiler generated dependencies of target pubsub[0m
[35m[1mConsolidate compiler generated dependencies of target pub_array[0m
[35m[1mConsolidate compiler generated dependencies of target subscriber[0m
[35m[1mConsolidate compiler generated dependencies of target sub_array[0m
[35m[1mConsolidate compiler generated dependencies of target publisher[0m
[35m[1mConsolidate compiler generated dependencies of target client[0m
[35m[1mConsolidate compiler generated dependencies of target server[0m
[35m[1mConsolidate compiler generated dependencies of target pub_custom[0m
[ 61%] Built target server
[ 61%] Built target pub_custom
[ 61%] Built target sub_array
[100%] Built target pubsub
[100%] Built target sub_custom
[100%] Built target pub_array
[100%] Built target publisher
[100%] Built target subscriber
[100%] Built target client
-- Install configuration: ""
-- Execute custom install script
-- Up-to-date symlink: /home/cossio/ejer1_ws/install/cpp_examples/lib/cpp_examples/publisher
-- Up-to-date symlink: /home/cossio/ejer1_ws/install/cpp_examples/lib/cpp_examples/subscriber
-- Up-to-date symlink: /home/cossio/ejer1_ws/install/cpp_examples/lib/cpp_examples/pubsub
-- Up-to-date symlink: /home/cossio/ejer1_ws/install/cpp_examples/lib/cpp_examples/pub_array
-- Up-to-date symlink: /home/cossio/ejer1_ws/install/cpp_examples/lib/cpp_examples/sub_array
-- Up-to-date symlink: /home/cossio/ejer1_ws/install/cpp_examples/lib/cpp_examples/pub_custom
-- Up-to-date symlink: /home/cossio/ejer1_ws/install/cpp_examples/lib/cpp_examples/sub_custom
-- Up-to-date symlink: /home/cossio/ejer1_ws/install/cpp_examples/lib/cpp_examples/server
-- Up-to-date symlink: /home/cossio/ejer1_ws/install/cpp_examples/lib/cpp_examples/client
-- Up-to-date symlink: /home/cossio/ejer1_ws/install/cpp_examples/share/cpp_examples/launch/pubsub_arrays_launch.py
-- Up-to-date symlink: /home/cossio/ejer1_ws/install/cpp_examples/share/cpp_examples/launch/pubsub_custom_launch.py
-- Up-to-date symlink: /home/cossio/ejer1_ws/install/cpp_examples/share/cpp_examples/launch/pubsub_launch.py
-- Up-to-date symlink: /home/cossio/ejer1_ws/install/cpp_examples/share/ament_index/resource_index/package_run_dependencies/cpp_examples
-- Up-to-date symlink: /home/cossio/ejer1_ws/install/cpp_examples/share/ament_index/resource_index/parent_prefix_path/cpp_examples
-- Up-to-date symlink: /home/cossio/ejer1_ws/install/cpp_examples/share/cpp_examples/environment/ament_prefix_path.sh
-- Up-to-date symlink: /home/cossio/ejer1_ws/install/cpp_examples/share/cpp_examples/environment/ament_prefix_path.dsv
-- Up-to-date symlink: /home/cossio/ejer1_ws/install/cpp_examples/share/cpp_examples/environment/path.sh
-- Up-to-date symlink: /home/cossio/ejer1_ws/install/cpp_examples/share/cpp_examples/environment/path.dsv
-- Up-to-date symlink: /home/cossio/ejer1_ws/install/cpp_examples/share/cpp_examples/local_setup.bash
-- Up-to-date symlink: /home/cossio/ejer1_ws/install/cpp_examples/share/cpp_examples/local_setup.sh
-- Up-to-date symlink: /home/cossio/ejer1_ws/install/cpp_examples/share/cpp_examples/local_setup.zsh
-- Up-to-date symlink: /home/cossio/ejer1_ws/install/cpp_examples/share/cpp_examples/local_setup.dsv
-- Symlinking: /home/cossio/ejer1_ws/install/cpp_examples/share/cpp_examples/package.dsv
-- Up-to-date symlink: /home/cossio/ejer1_ws/install/cpp_examples/share/ament_index/resource_index/packages/cpp_examples
-- Up-to-date symlink: /home/cossio/ejer1_ws/install/cpp_examples/share/cpp_examples/cmake/cpp_examplesConfig.cmake
-- Up-to-date symlink: /home/cossio/ejer1_ws/install/cpp_examples/share/cpp_examples/cmake/cpp_examplesConfig-version.cmake
-- Up-to-date symlink: /home/cossio/ejer1_ws/install/cpp_examples/share/cpp_examples/package.xml
