[0.026s] Invoking command in '/home/cossio/ejer1_ws/build/cpp_examples': CMAKE_PREFIX_PATH=${CMAKE_PREFIX_PATH}:/opt/ros/humble /usr/bin/cmake /home/cossio/ejer1_ws/src/ros2_tutorials-main/cpp_examples -DCMAKE_INSTALL_PREFIX=/home/cossio/ejer1_ws/install/cpp_examples
[0.212s] -- Found ament_cmake: 1.3.12 (/opt/ros/humble/share/ament_cmake/cmake)
[0.212s] -- Override CMake install command with custom implementation using symlinks instead of copying resources
[0.212s] -- Found rclcpp: 16.0.14 (/opt/ros/humble/share/rclcpp/cmake)
[0.212s] -- Found rosidl_generator_c: 3.1.7 (/opt/ros/humble/share/rosidl_generator_c/cmake)
[0.212s] -- Found rosidl_adapter: 3.1.7 (/opt/ros/humble/share/rosidl_adapter/cmake)
[0.212s] -- Found rosidl_generator_cpp: 3.1.7 (/opt/ros/humble/share/rosidl_generator_cpp/cmake)
[0.212s] -- Using all available rosidl_typesupport_c: rosidl_typesupport_fastrtps_c;rosidl_typesupport_introspection_c
[0.212s] -- Using all available rosidl_typesupport_cpp: rosidl_typesupport_fastrtps_cpp;rosidl_typesupport_introspection_cpp
[0.232s] -- Found rmw_implementation_cmake: 6.1.2 (/opt/ros/humble/share/rmw_implementation_cmake/cmake)
[0.234s] -- Found rmw_fastrtps_cpp: 6.2.8 (/opt/ros/humble/share/rmw_fastrtps_cpp/cmake)
[0.333s] -- Using RMW implementation 'rmw_fastrtps_cpp' as default
[0.373s] -- Found custom_interface: 0.0.0 (/home/cossio/ejer1_ws/install/custom_interface/share/custom_interface/cmake)
[0.393s] -- Found ament_lint_auto: 0.12.14 (/opt/ros/humble/share/ament_lint_auto/cmake)
[0.454s] -- Added test 'cppcheck' to perform static code analysis on C / C++ code
[0.454s] -- Configured cppcheck include dirs: 
[0.454s] -- Configured cppcheck exclude dirs and/or files: 
[0.454s] -- Added test 'flake8' to check Python code syntax and style conventions
[0.455s] -- Added test 'lint_cmake' to check CMake code style
[0.455s] -- Added test 'pep257' to check Python code against some of the docstring style conventions in PEP 257
[0.455s] -- Added test 'uncrustify' to check C / C++ code style
[0.455s] -- Configured uncrustify additional arguments: 
[0.455s] -- Added test 'xmllint' to check XML markup files
[0.456s] -- Configuring done
[0.478s] -- Generating done
[0.487s] -- Build files have been written to: /home/cossio/ejer1_ws/build/cpp_examples
[0.503s] Invoked command in '/home/cossio/ejer1_ws/build/cpp_examples' returned '0': CMAKE_PREFIX_PATH=${CMAKE_PREFIX_PATH}:/opt/ros/humble /usr/bin/cmake /home/cossio/ejer1_ws/src/ros2_tutorials-main/cpp_examples -DCMAKE_INSTALL_PREFIX=/home/cossio/ejer1_ws/install/cpp_examples
[0.504s] Invoking command in '/home/cossio/ejer1_ws/build/cpp_examples': CMAKE_PREFIX_PATH=${CMAKE_PREFIX_PATH}:/opt/ros/humble /usr/bin/cmake --build /home/cossio/ejer1_ws/build/cpp_examples -- -j16 -l16
[0.552s] [35m[1mConsolidate compiler generated dependencies of target sub_custom[0m
[0.552s] [35m[1mConsolidate compiler generated dependencies of target pubsub[0m
[0.552s] [35m[1mConsolidate compiler generated dependencies of target pub_array[0m
[0.552s] [35m[1mConsolidate compiler generated dependencies of target subscriber[0m
[0.552s] [35m[1mConsolidate compiler generated dependencies of target sub_array[0m
[0.552s] [35m[1mConsolidate compiler generated dependencies of target publisher[0m
[0.552s] [35m[1mConsolidate compiler generated dependencies of target client[0m
[0.552s] [35m[1mConsolidate compiler generated dependencies of target server[0m
[0.552s] [35m[1mConsolidate compiler generated dependencies of target pub_custom[0m
[0.570s] [ 61%] Built target server
[0.570s] [ 61%] Built target pub_custom
[0.570s] [ 61%] Built target sub_array
[0.570s] [100%] Built target pubsub
[0.570s] [100%] Built target sub_custom
[0.570s] [100%] Built target pub_array
[0.570s] [100%] Built target publisher
[0.570s] [100%] Built target subscriber
[0.570s] [100%] Built target client
[0.584s] Invoked command in '/home/cossio/ejer1_ws/build/cpp_examples' returned '0': CMAKE_PREFIX_PATH=${CMAKE_PREFIX_PATH}:/opt/ros/humble /usr/bin/cmake --build /home/cossio/ejer1_ws/build/cpp_examples -- -j16 -l16
[0.585s] Invoking command in '/home/cossio/ejer1_ws/build/cpp_examples': CMAKE_PREFIX_PATH=${CMAKE_PREFIX_PATH}:/opt/ros/humble /usr/bin/cmake --install /home/cossio/ejer1_ws/build/cpp_examples
[0.593s] -- Install configuration: ""
[0.593s] -- Execute custom install script
[0.593s] -- Up-to-date symlink: /home/cossio/ejer1_ws/install/cpp_examples/lib/cpp_examples/publisher
[0.593s] -- Up-to-date symlink: /home/cossio/ejer1_ws/install/cpp_examples/lib/cpp_examples/subscriber
[0.593s] -- Up-to-date symlink: /home/cossio/ejer1_ws/install/cpp_examples/lib/cpp_examples/pubsub
[0.593s] -- Up-to-date symlink: /home/cossio/ejer1_ws/install/cpp_examples/lib/cpp_examples/pub_array
[0.593s] -- Up-to-date symlink: /home/cossio/ejer1_ws/install/cpp_examples/lib/cpp_examples/sub_array
[0.594s] -- Up-to-date symlink: /home/cossio/ejer1_ws/install/cpp_examples/lib/cpp_examples/pub_custom
[0.594s] -- Up-to-date symlink: /home/cossio/ejer1_ws/install/cpp_examples/lib/cpp_examples/sub_custom
[0.594s] -- Up-to-date symlink: /home/cossio/ejer1_ws/install/cpp_examples/lib/cpp_examples/server
[0.594s] -- Up-to-date symlink: /home/cossio/ejer1_ws/install/cpp_examples/lib/cpp_examples/client
[0.594s] -- Up-to-date symlink: /home/cossio/ejer1_ws/install/cpp_examples/share/cpp_examples/launch/pubsub_arrays_launch.py
[0.594s] -- Up-to-date symlink: /home/cossio/ejer1_ws/install/cpp_examples/share/cpp_examples/launch/pubsub_custom_launch.py
[0.594s] -- Up-to-date symlink: /home/cossio/ejer1_ws/install/cpp_examples/share/cpp_examples/launch/pubsub_launch.py
[0.594s] -- Up-to-date symlink: /home/cossio/ejer1_ws/install/cpp_examples/share/ament_index/resource_index/package_run_dependencies/cpp_examples
[0.594s] -- Up-to-date symlink: /home/cossio/ejer1_ws/install/cpp_examples/share/ament_index/resource_index/parent_prefix_path/cpp_examples
[0.594s] -- Up-to-date symlink: /home/cossio/ejer1_ws/install/cpp_examples/share/cpp_examples/environment/ament_prefix_path.sh
[0.595s] -- Up-to-date symlink: /home/cossio/ejer1_ws/install/cpp_examples/share/cpp_examples/environment/ament_prefix_path.dsv
[0.595s] -- Up-to-date symlink: /home/cossio/ejer1_ws/install/cpp_examples/share/cpp_examples/environment/path.sh
[0.595s] -- Up-to-date symlink: /home/cossio/ejer1_ws/install/cpp_examples/share/cpp_examples/environment/path.dsv
[0.595s] -- Up-to-date symlink: /home/cossio/ejer1_ws/install/cpp_examples/share/cpp_examples/local_setup.bash
[0.595s] -- Up-to-date symlink: /home/cossio/ejer1_ws/install/cpp_examples/share/cpp_examples/local_setup.sh
[0.595s] -- Up-to-date symlink: /home/cossio/ejer1_ws/install/cpp_examples/share/cpp_examples/local_setup.zsh
[0.595s] -- Up-to-date symlink: /home/cossio/ejer1_ws/install/cpp_examples/share/cpp_examples/local_setup.dsv
[0.595s] -- Symlinking: /home/cossio/ejer1_ws/install/cpp_examples/share/cpp_examples/package.dsv
[0.606s] -- Up-to-date symlink: /home/cossio/ejer1_ws/install/cpp_examples/share/ament_index/resource_index/packages/cpp_examples
[0.606s] -- Up-to-date symlink: /home/cossio/ejer1_ws/install/cpp_examples/share/cpp_examples/cmake/cpp_examplesConfig.cmake
[0.606s] -- Up-to-date symlink: /home/cossio/ejer1_ws/install/cpp_examples/share/cpp_examples/cmake/cpp_examplesConfig-version.cmake
[0.606s] -- Up-to-date symlink: /home/cossio/ejer1_ws/install/cpp_examples/share/cpp_examples/package.xml
[0.610s] Invoked command in '/home/cossio/ejer1_ws/build/cpp_examples' returned '0': CMAKE_PREFIX_PATH=${CMAKE_PREFIX_PATH}:/opt/ros/humble /usr/bin/cmake --install /home/cossio/ejer1_ws/build/cpp_examples
