[1.135s] Invoking command in '/home/fab/ejer2_ws/src/pubsub': PYTHONPATH=/home/fab/ejer2_ws/build/pubsub/prefix_override:/usr/lib/python3/dist-packages/colcon_core/task/python/colcon_distutils_commands:/home/fab/ejer2_ws/install/pubsub/lib/python3.10/site-packages:${PYTHONPATH} /usr/bin/python3 -W ignore:setup.py install is deprecated -W ignore:easy_install command is deprecated setup.py egg_info --egg-base ../../build/pubsub build --build-base /home/fab/ejer2_ws/build/pubsub/build install --record /home/fab/ejer2_ws/build/pubsub/install.log --single-version-externally-managed install_data
[1.517s] running egg_info
[1.519s] writing ../../build/pubsub/pubsub.egg-info/PKG-INFO
[1.519s] writing dependency_links to ../../build/pubsub/pubsub.egg-info/dependency_links.txt
[1.519s] writing entry points to ../../build/pubsub/pubsub.egg-info/entry_points.txt
[1.519s] writing requirements to ../../build/pubsub/pubsub.egg-info/requires.txt
[1.520s] writing top-level names to ../../build/pubsub/pubsub.egg-info/top_level.txt
[1.522s] reading manifest file '../../build/pubsub/pubsub.egg-info/SOURCES.txt'
[1.523s] adding license file 'LICENSE'
[1.524s] writing manifest file '../../build/pubsub/pubsub.egg-info/SOURCES.txt'
[1.524s] running build
[1.524s] running build_py
[1.524s] copying pubsub/display.py -> /home/fab/ejer2_ws/build/pubsub/build/lib/pubsub
[1.525s] running install
[1.525s] running install_lib
[1.527s] copying /home/fab/ejer2_ws/build/pubsub/build/lib/pubsub/display.py -> /home/fab/ejer2_ws/install/pubsub/lib/python3.10/site-packages/pubsub
[1.528s] byte-compiling /home/fab/ejer2_ws/install/pubsub/lib/python3.10/site-packages/pubsub/display.py to display.cpython-310.pyc
[1.529s] running install_data
[1.529s] copying package.xml -> /home/fab/ejer2_ws/install/pubsub/share/pubsub
[1.529s] running install_egg_info
[1.533s] removing '/home/fab/ejer2_ws/install/pubsub/lib/python3.10/site-packages/pubsub-0.0.0-py3.10.egg-info' (and everything under it)
[1.533s] Copying ../../build/pubsub/pubsub.egg-info to /home/fab/ejer2_ws/install/pubsub/lib/python3.10/site-packages/pubsub-0.0.0-py3.10.egg-info
[1.535s] running install_scripts
[1.569s] Installing display script to /home/fab/ejer2_ws/install/pubsub/lib/pubsub
[1.569s] Installing filter script to /home/fab/ejer2_ws/install/pubsub/lib/pubsub
[1.569s] Installing sensor_1 script to /home/fab/ejer2_ws/install/pubsub/lib/pubsub
[1.570s] Installing sensor_2 script to /home/fab/ejer2_ws/install/pubsub/lib/pubsub
[1.570s] Installing sensor_3 script to /home/fab/ejer2_ws/install/pubsub/lib/pubsub
[1.570s] writing list of installed files to '/home/fab/ejer2_ws/build/pubsub/install.log'
[1.614s] Invoked command in '/home/fab/ejer2_ws/src/pubsub' returned '0': PYTHONPATH=/home/fab/ejer2_ws/build/pubsub/prefix_override:/usr/lib/python3/dist-packages/colcon_core/task/python/colcon_distutils_commands:/home/fab/ejer2_ws/install/pubsub/lib/python3.10/site-packages:${PYTHONPATH} /usr/bin/python3 -W ignore:setup.py install is deprecated -W ignore:easy_install command is deprecated setup.py egg_info --egg-base ../../build/pubsub build --build-base /home/fab/ejer2_ws/build/pubsub/build install --record /home/fab/ejer2_ws/build/pubsub/install.log --single-version-externally-managed install_data
