[0.981s] Invoking command in '/home/fab/ejer2_ws/src/pubsub': PYTHONPATH=/home/fab/ejer2_ws/build/pubsub/prefix_override:/usr/lib/python3/dist-packages/colcon_core/task/python/colcon_distutils_commands:/home/fab/ejer2_ws/install/pubsub/lib/python3.10/site-packages:${PYTHONPATH} /usr/bin/python3 -W ignore:setup.py install is deprecated -W ignore:easy_install command is deprecated setup.py egg_info --egg-base ../../build/pubsub build --build-base /home/fab/ejer2_ws/build/pubsub/build install --record /home/fab/ejer2_ws/build/pubsub/install.log --single-version-externally-managed install_data
[1.358s] running egg_info
[1.359s] writing ../../build/pubsub/pubsub.egg-info/PKG-INFO
[1.360s] writing dependency_links to ../../build/pubsub/pubsub.egg-info/dependency_links.txt
[1.360s] writing entry points to ../../build/pubsub/pubsub.egg-info/entry_points.txt
[1.360s] writing requirements to ../../build/pubsub/pubsub.egg-info/requires.txt
[1.360s] writing top-level names to ../../build/pubsub/pubsub.egg-info/top_level.txt
[1.363s] reading manifest file '../../build/pubsub/pubsub.egg-info/SOURCES.txt'
[1.398s] adding license file 'LICENSE'
[1.399s] writing manifest file '../../build/pubsub/pubsub.egg-info/SOURCES.txt'
[1.400s] running build
[1.400s] running build_py
[1.401s] running install
[1.401s] running install_lib
[1.403s] running install_data
[1.404s] copying package.xml -> /home/fab/ejer2_ws/install/pubsub/share/pubsub
[1.404s] running install_egg_info
[1.407s] removing '/home/fab/ejer2_ws/install/pubsub/lib/python3.10/site-packages/pubsub-0.0.0-py3.10.egg-info' (and everything under it)
[1.407s] Copying ../../build/pubsub/pubsub.egg-info to /home/fab/ejer2_ws/install/pubsub/lib/python3.10/site-packages/pubsub-0.0.0-py3.10.egg-info
[1.409s] running install_scripts
[1.440s] Installing display script to /home/fab/ejer2_ws/install/pubsub/lib/pubsub
[1.440s] Installing filter script to /home/fab/ejer2_ws/install/pubsub/lib/pubsub
[1.440s] Installing sensor_1 script to /home/fab/ejer2_ws/install/pubsub/lib/pubsub
[1.440s] Installing sensor_2 script to /home/fab/ejer2_ws/install/pubsub/lib/pubsub
[1.441s] Installing sensor_3 script to /home/fab/ejer2_ws/install/pubsub/lib/pubsub
[1.441s] writing list of installed files to '/home/fab/ejer2_ws/build/pubsub/install.log'
[1.485s] Invoked command in '/home/fab/ejer2_ws/src/pubsub' returned '0': PYTHONPATH=/home/fab/ejer2_ws/build/pubsub/prefix_override:/usr/lib/python3/dist-packages/colcon_core/task/python/colcon_distutils_commands:/home/fab/ejer2_ws/install/pubsub/lib/python3.10/site-packages:${PYTHONPATH} /usr/bin/python3 -W ignore:setup.py install is deprecated -W ignore:easy_install command is deprecated setup.py egg_info --egg-base ../../build/pubsub build --build-base /home/fab/ejer2_ws/build/pubsub/build install --record /home/fab/ejer2_ws/build/pubsub/install.log --single-version-externally-managed install_data
