running egg_info
creating ../../build/pubsub/pubsub.egg-info
writing ../../build/pubsub/pubsub.egg-info/PKG-INFO
writing dependency_links to ../../build/pubsub/pubsub.egg-info/dependency_links.txt
writing entry points to ../../build/pubsub/pubsub.egg-info/entry_points.txt
writing requirements to ../../build/pubsub/pubsub.egg-info/requires.txt
writing top-level names to ../../build/pubsub/pubsub.egg-info/top_level.txt
writing manifest file '../../build/pubsub/pubsub.egg-info/SOURCES.txt'
reading manifest file '../../build/pubsub/pubsub.egg-info/SOURCES.txt'
adding license file 'LICENSE'
writing manifest file '../../build/pubsub/pubsub.egg-info/SOURCES.txt'
running build
running build_py
creating /home/fab/ejer2_ws/build/pubsub/build
creating /home/fab/ejer2_ws/build/pubsub/build/lib
creating /home/fab/ejer2_ws/build/pubsub/build/lib/pubsub
copying pubsub/filtered_sensor.py -> /home/fab/ejer2_ws/build/pubsub/build/lib/pubsub
copying pubsub/sensor_1.py -> /home/fab/ejer2_ws/build/pubsub/build/lib/pubsub
copying pubsub/__init__.py -> /home/fab/ejer2_ws/build/pubsub/build/lib/pubsub
copying pubsub/sensor_2.py -> /home/fab/ejer2_ws/build/pubsub/build/lib/pubsub
copying pubsub/display.py -> /home/fab/ejer2_ws/build/pubsub/build/lib/pubsub
copying pubsub/sensor_3.py -> /home/fab/ejer2_ws/build/pubsub/build/lib/pubsub
running install
running install_lib
creating /home/fab/ejer2_ws/install/pubsub/lib/python3.10/site-packages/pubsub
copying /home/fab/ejer2_ws/build/pubsub/build/lib/pubsub/filtered_sensor.py -> /home/fab/ejer2_ws/install/pubsub/lib/python3.10/site-packages/pubsub
copying /home/fab/ejer2_ws/build/pubsub/build/lib/pubsub/sensor_1.py -> /home/fab/ejer2_ws/install/pubsub/lib/python3.10/site-packages/pubsub
copying /home/fab/ejer2_ws/build/pubsub/build/lib/pubsub/__init__.py -> /home/fab/ejer2_ws/install/pubsub/lib/python3.10/site-packages/pubsub
copying /home/fab/ejer2_ws/build/pubsub/build/lib/pubsub/sensor_2.py -> /home/fab/ejer2_ws/install/pubsub/lib/python3.10/site-packages/pubsub
copying /home/fab/ejer2_ws/build/pubsub/build/lib/pubsub/display.py -> /home/fab/ejer2_ws/install/pubsub/lib/python3.10/site-packages/pubsub
copying /home/fab/ejer2_ws/build/pubsub/build/lib/pubsub/sensor_3.py -> /home/fab/ejer2_ws/install/pubsub/lib/python3.10/site-packages/pubsub
byte-compiling /home/fab/ejer2_ws/install/pubsub/lib/python3.10/site-packages/pubsub/filtered_sensor.py to filtered_sensor.cpython-310.pyc
byte-compiling /home/fab/ejer2_ws/install/pubsub/lib/python3.10/site-packages/pubsub/sensor_1.py to sensor_1.cpython-310.pyc
byte-compiling /home/fab/ejer2_ws/install/pubsub/lib/python3.10/site-packages/pubsub/__init__.py to __init__.cpython-310.pyc
byte-compiling /home/fab/ejer2_ws/install/pubsub/lib/python3.10/site-packages/pubsub/sensor_2.py to sensor_2.cpython-310.pyc
byte-compiling /home/fab/ejer2_ws/install/pubsub/lib/python3.10/site-packages/pubsub/display.py to display.cpython-310.pyc
byte-compiling /home/fab/ejer2_ws/install/pubsub/lib/python3.10/site-packages/pubsub/sensor_3.py to sensor_3.cpython-310.pyc
running install_data
creating /home/fab/ejer2_ws/install/pubsub/share/ament_index
creating /home/fab/ejer2_ws/install/pubsub/share/ament_index/resource_index
creating /home/fab/ejer2_ws/install/pubsub/share/ament_index/resource_index/packages
copying resource/pubsub -> /home/fab/ejer2_ws/install/pubsub/share/ament_index/resource_index/packages
copying package.xml -> /home/fab/ejer2_ws/install/pubsub/share/pubsub
copying msg/FilteredSensor.msg -> /home/fab/ejer2_ws/install/pubsub/share/pubsub
running install_egg_info
Copying ../../build/pubsub/pubsub.egg-info to /home/fab/ejer2_ws/install/pubsub/lib/python3.10/site-packages/pubsub-0.0.0-py3.10.egg-info
running install_scripts
Installing display script to /home/fab/ejer2_ws/install/pubsub/lib/pubsub
Installing filter script to /home/fab/ejer2_ws/install/pubsub/lib/pubsub
Installing sensor_1 script to /home/fab/ejer2_ws/install/pubsub/lib/pubsub
Installing sensor_2 script to /home/fab/ejer2_ws/install/pubsub/lib/pubsub
Installing sensor_3 script to /home/fab/ejer2_ws/install/pubsub/lib/pubsub
writing list of installed files to '/home/fab/ejer2_ws/build/pubsub/install.log'
