[1.100s] Invoking command in '/home/fab/ejer2_ws/src/pubsub': PYTHONPATH=/home/fab/ejer2_ws/build/pubsub/prefix_override:/usr/lib/python3/dist-packages/colcon_core/task/python/colcon_distutils_commands:/home/fab/ejer2_ws/install/pubsub/lib/python3.10/site-packages:${PYTHONPATH} /usr/bin/python3 -W ignore:setup.py install is deprecated -W ignore:easy_install command is deprecated setup.py egg_info --egg-base ../../build/pubsub build --build-base /home/fab/ejer2_ws/build/pubsub/build install --record /home/fab/ejer2_ws/build/pubsub/install.log --single-version-externally-managed install_data
[1.473s] running egg_info
[1.474s] creating ../../build/pubsub/pubsub.egg-info
[1.474s] writing ../../build/pubsub/pubsub.egg-info/PKG-INFO
[1.475s] writing dependency_links to ../../build/pubsub/pubsub.egg-info/dependency_links.txt
[1.475s] writing entry points to ../../build/pubsub/pubsub.egg-info/entry_points.txt
[1.475s] writing requirements to ../../build/pubsub/pubsub.egg-info/requires.txt
[1.475s] writing top-level names to ../../build/pubsub/pubsub.egg-info/top_level.txt
[1.476s] writing manifest file '../../build/pubsub/pubsub.egg-info/SOURCES.txt'
[1.479s] reading manifest file '../../build/pubsub/pubsub.egg-info/SOURCES.txt'
[1.479s] adding license file 'LICENSE'
[1.479s] writing manifest file '../../build/pubsub/pubsub.egg-info/SOURCES.txt'
[1.480s] running build
[1.480s] running build_py
[1.480s] creating /home/fab/ejer2_ws/build/pubsub/build
[1.480s] creating /home/fab/ejer2_ws/build/pubsub/build/lib
[1.481s] creating /home/fab/ejer2_ws/build/pubsub/build/lib/pubsub
[1.481s] copying pubsub/filtered_sensor.py -> /home/fab/ejer2_ws/build/pubsub/build/lib/pubsub
[1.481s] copying pubsub/sensor_1.py -> /home/fab/ejer2_ws/build/pubsub/build/lib/pubsub
[1.481s] copying pubsub/__init__.py -> /home/fab/ejer2_ws/build/pubsub/build/lib/pubsub
[1.482s] copying pubsub/sensor_2.py -> /home/fab/ejer2_ws/build/pubsub/build/lib/pubsub
[1.482s] copying pubsub/display.py -> /home/fab/ejer2_ws/build/pubsub/build/lib/pubsub
[1.482s] copying pubsub/sensor_3.py -> /home/fab/ejer2_ws/build/pubsub/build/lib/pubsub
[1.482s] running install
[1.483s] running install_lib
[1.484s] creating /home/fab/ejer2_ws/install/pubsub/lib/python3.10/site-packages/pubsub
[1.484s] copying /home/fab/ejer2_ws/build/pubsub/build/lib/pubsub/filtered_sensor.py -> /home/fab/ejer2_ws/install/pubsub/lib/python3.10/site-packages/pubsub
[1.485s] copying /home/fab/ejer2_ws/build/pubsub/build/lib/pubsub/sensor_1.py -> /home/fab/ejer2_ws/install/pubsub/lib/python3.10/site-packages/pubsub
[1.485s] copying /home/fab/ejer2_ws/build/pubsub/build/lib/pubsub/__init__.py -> /home/fab/ejer2_ws/install/pubsub/lib/python3.10/site-packages/pubsub
[1.485s] copying /home/fab/ejer2_ws/build/pubsub/build/lib/pubsub/sensor_2.py -> /home/fab/ejer2_ws/install/pubsub/lib/python3.10/site-packages/pubsub
[1.485s] copying /home/fab/ejer2_ws/build/pubsub/build/lib/pubsub/display.py -> /home/fab/ejer2_ws/install/pubsub/lib/python3.10/site-packages/pubsub
[1.485s] copying /home/fab/ejer2_ws/build/pubsub/build/lib/pubsub/sensor_3.py -> /home/fab/ejer2_ws/install/pubsub/lib/python3.10/site-packages/pubsub
[1.486s] byte-compiling /home/fab/ejer2_ws/install/pubsub/lib/python3.10/site-packages/pubsub/filtered_sensor.py to filtered_sensor.cpython-310.pyc
[1.487s] byte-compiling /home/fab/ejer2_ws/install/pubsub/lib/python3.10/site-packages/pubsub/sensor_1.py to sensor_1.cpython-310.pyc
[1.488s] byte-compiling /home/fab/ejer2_ws/install/pubsub/lib/python3.10/site-packages/pubsub/__init__.py to __init__.cpython-310.pyc
[1.488s] byte-compiling /home/fab/ejer2_ws/install/pubsub/lib/python3.10/site-packages/pubsub/sensor_2.py to sensor_2.cpython-310.pyc
[1.489s] byte-compiling /home/fab/ejer2_ws/install/pubsub/lib/python3.10/site-packages/pubsub/display.py to display.cpython-310.pyc
[1.489s] byte-compiling /home/fab/ejer2_ws/install/pubsub/lib/python3.10/site-packages/pubsub/sensor_3.py to sensor_3.cpython-310.pyc
[1.490s] running install_data
[1.490s] creating /home/fab/ejer2_ws/install/pubsub/share/ament_index
[1.490s] creating /home/fab/ejer2_ws/install/pubsub/share/ament_index/resource_index
[1.491s] creating /home/fab/ejer2_ws/install/pubsub/share/ament_index/resource_index/packages
[1.491s] copying resource/pubsub -> /home/fab/ejer2_ws/install/pubsub/share/ament_index/resource_index/packages
[1.491s] copying package.xml -> /home/fab/ejer2_ws/install/pubsub/share/pubsub
[1.491s] copying msg/FilteredSensor.msg -> /home/fab/ejer2_ws/install/pubsub/share/pubsub
[1.492s] running install_egg_info
[1.494s] Copying ../../build/pubsub/pubsub.egg-info to /home/fab/ejer2_ws/install/pubsub/lib/python3.10/site-packages/pubsub-0.0.0-py3.10.egg-info
[1.495s] running install_scripts
[1.526s] Installing display script to /home/fab/ejer2_ws/install/pubsub/lib/pubsub
[1.527s] Installing filter script to /home/fab/ejer2_ws/install/pubsub/lib/pubsub
[1.527s] Installing sensor_1 script to /home/fab/ejer2_ws/install/pubsub/lib/pubsub
[1.528s] Installing sensor_2 script to /home/fab/ejer2_ws/install/pubsub/lib/pubsub
[1.528s] Installing sensor_3 script to /home/fab/ejer2_ws/install/pubsub/lib/pubsub
[1.528s] writing list of installed files to '/home/fab/ejer2_ws/build/pubsub/install.log'
[1.574s] Invoked command in '/home/fab/ejer2_ws/src/pubsub' returned '0': PYTHONPATH=/home/fab/ejer2_ws/build/pubsub/prefix_override:/usr/lib/python3/dist-packages/colcon_core/task/python/colcon_distutils_commands:/home/fab/ejer2_ws/install/pubsub/lib/python3.10/site-packages:${PYTHONPATH} /usr/bin/python3 -W ignore:setup.py install is deprecated -W ignore:easy_install command is deprecated setup.py egg_info --egg-base ../../build/pubsub build --build-base /home/fab/ejer2_ws/build/pubsub/build install --record /home/fab/ejer2_ws/build/pubsub/install.log --single-version-externally-managed install_data
