[0.025s] Invoking command in '/home/fab/ejer2_ws/build/interfaces': /usr/bin/cmake --build /home/fab/ejer2_ws/build/interfaces -- -j4 -l4
[0.072s] -- Found ament_cmake: 1.3.12 (/opt/ros/humble/share/ament_cmake/cmake)
[0.338s] -- Found geometry_msgs: 4.9.0 (/opt/ros/humble/share/geometry_msgs/cmake)
[0.396s] -- Found rosidl_generator_c: 3.1.7 (/opt/ros/humble/share/rosidl_generator_c/cmake)
[0.404s] -- Found rosidl_adapter: 3.1.7 (/opt/ros/humble/share/rosidl_adapter/cmake)
[0.419s] -- Found rosidl_generator_cpp: 3.1.7 (/opt/ros/humble/share/rosidl_generator_cpp/cmake)
[0.443s] -- Using all available rosidl_typesupport_c: rosidl_typesupport_fastrtps_c;rosidl_typesupport_introspection_c
[0.467s] -- Using all available rosidl_typesupport_cpp: rosidl_typesupport_fastrtps_cpp;rosidl_typesupport_introspection_cpp
[0.531s] -- Found rosidl_default_generators: 1.2.0 (/opt/ros/humble/share/rosidl_default_generators/cmake)
[0.853s] Error parsing '/home/fab/ejer2_ws/src/interfaces/package.xml':
[0.926s] Traceback (most recent call last):
[0.926s]   File "/opt/ros/humble/share/ament_cmake_core/cmake/core/package_xml_2_cmake.py", line 150, in <module>
[0.926s]     main()
[0.927s]   File "/opt/ros/humble/share/ament_cmake_core/cmake/core/package_xml_2_cmake.py", line 53, in main
[0.927s]     raise e
[0.927s]   File "/opt/ros/humble/share/ament_cmake_core/cmake/core/package_xml_2_cmake.py", line 49, in main
[0.927s]     package = parse_package_string(
[0.927s]   File "/usr/lib/python3/dist-packages/catkin_pkg/package.py", line 786, in parse_package_string
[0.928s]     raise InvalidPackage('Error(s):%s' % (''.join(['\n- %s' % e for e in errors])), filename)
[0.928s] catkin_pkg.package.InvalidPackage: Error(s) in package '/home/fab/ejer2_ws/src/interfaces/package.xml':
[0.929s] Error(s):
[0.930s] - The generic dependency on 'builtin_interfaces' is redundant with: build_depend, exec_depend
[0.960s] [31mCMake Error at /opt/ros/humble/share/ament_cmake_core/cmake/core/ament_package_xml.cmake:95 (message):
[0.960s]   execute_process(/usr/bin/python3
[0.961s]   /opt/ros/humble/share/ament_cmake_core/cmake/core/package_xml_2_cmake.py
[0.961s]   /home/fab/ejer2_ws/src/interfaces/package.xml
[0.961s]   /home/fab/ejer2_ws/build/interfaces/ament_cmake_core/package.cmake)
[0.961s]   returned error code 1
[0.962s] Call Stack (most recent call first):
[0.963s]   /opt/ros/humble/share/ament_cmake_core/cmake/core/ament_package_xml.cmake:49 (_ament_package_xml)
[0.963s]   /opt/ros/humble/share/rosidl_cmake/cmake/rosidl_generate_interfaces.cmake:226 (ament_package_xml)
[0.963s]   CMakeLists.txt:13 (rosidl_generate_interfaces)
[0.963s] 
[0.963s] [0m
[0.964s] -- Configuring incomplete, errors occurred!
[0.964s] See also "/home/fab/ejer2_ws/build/interfaces/CMakeFiles/CMakeOutput.log".
[0.971s] gmake: *** [Makefile:747: cmake_check_build_system] Error 1
[0.974s] Invoked command in '/home/fab/ejer2_ws/build/interfaces' returned '2': /usr/bin/cmake --build /home/fab/ejer2_ws/build/interfaces -- -j4 -l4
