running egg_info
writing ../../../build/py_examples/py_examples.egg-info/PKG-INFO
writing dependency_links to ../../../build/py_examples/py_examples.egg-info/dependency_links.txt
writing entry points to ../../../build/py_examples/py_examples.egg-info/entry_points.txt
writing requirements to ../../../build/py_examples/py_examples.egg-info/requires.txt
writing top-level names to ../../../build/py_examples/py_examples.egg-info/top_level.txt
reading manifest file '../../../build/py_examples/py_examples.egg-info/SOURCES.txt'
adding license file 'LICENSE'
writing manifest file '../../../build/py_examples/py_examples.egg-info/SOURCES.txt'
running build
running build_py
running install
running install_lib
running install_data
running install_egg_info
removing '/home/cossio/ejer1_ws/install/py_examples/lib/python3.10/site-packages/py_examples-0.0.0-py3.10.egg-info' (and everything under it)
Copying ../../../build/py_examples/py_examples.egg-info to /home/cossio/ejer1_ws/install/py_examples/lib/python3.10/site-packages/py_examples-0.0.0-py3.10.egg-info
running install_scripts
Installing client script to /home/cossio/ejer1_ws/install/py_examples/lib/py_examples
Installing pos_client script to /home/cossio/ejer1_ws/install/py_examples/lib/py_examples
Installing pos_server script to /home/cossio/ejer1_ws/install/py_examples/lib/py_examples
Installing publipy script to /home/cossio/ejer1_ws/install/py_examples/lib/py_examples
Installing server script to /home/cossio/ejer1_ws/install/py_examples/lib/py_examples
Installing subpy script to /home/cossio/ejer1_ws/install/py_examples/lib/py_examples
writing list of installed files to '/home/cossio/ejer1_ws/build/py_examples/install.log'
