[0.658s] Invoking command in '/home/cossio/ejer1_ws/src/ros2_tutorials-main/visual_pubsub': PYTHONPATH=/home/cossio/ejer1_ws/build/visual_pubsub/prefix_override:/usr/lib/python3/dist-packages/colcon_core/task/python/colcon_distutils_commands:/home/cossio/ejer1_ws/install/visual_pubsub/lib/python3.10/site-packages:${PYTHONPATH} /usr/bin/python3 -W ignore:setup.py install is deprecated -W ignore:easy_install command is deprecated setup.py egg_info --egg-base ../../../build/visual_pubsub build --build-base /home/cossio/ejer1_ws/build/visual_pubsub/build install --record /home/cossio/ejer1_ws/build/visual_pubsub/install.log --single-version-externally-managed install_data
[0.796s] running egg_info
[0.796s] writing ../../../build/visual_pubsub/visual_pubsub.egg-info/PKG-INFO
[0.796s] writing dependency_links to ../../../build/visual_pubsub/visual_pubsub.egg-info/dependency_links.txt
[0.796s] writing entry points to ../../../build/visual_pubsub/visual_pubsub.egg-info/entry_points.txt
[0.797s] writing requirements to ../../../build/visual_pubsub/visual_pubsub.egg-info/requires.txt
[0.797s] writing top-level names to ../../../build/visual_pubsub/visual_pubsub.egg-info/top_level.txt
[0.797s] reading manifest file '../../../build/visual_pubsub/visual_pubsub.egg-info/SOURCES.txt'
[0.798s] adding license file 'LICENSE'
[0.798s] writing manifest file '../../../build/visual_pubsub/visual_pubsub.egg-info/SOURCES.txt'
[0.798s] running build
[0.798s] running build_py
[0.798s] running install
[0.799s] running install_lib
[0.801s] running install_data
[0.801s] running install_egg_info
[0.802s] removing '/home/cossio/ejer1_ws/install/visual_pubsub/lib/python3.10/site-packages/visual_pubsub-0.0.0-py3.10.egg-info' (and everything under it)
[0.802s] Copying ../../../build/visual_pubsub/visual_pubsub.egg-info to /home/cossio/ejer1_ws/install/visual_pubsub/lib/python3.10/site-packages/visual_pubsub-0.0.0-py3.10.egg-info
[0.803s] running install_scripts
[0.820s] Installing pub_joints script to /home/cossio/ejer1_ws/install/visual_pubsub/lib/visual_pubsub
[0.820s] Installing sub_joints script to /home/cossio/ejer1_ws/install/visual_pubsub/lib/visual_pubsub
[0.820s] writing list of installed files to '/home/cossio/ejer1_ws/build/visual_pubsub/install.log'
[0.848s] Invoked command in '/home/cossio/ejer1_ws/src/ros2_tutorials-main/visual_pubsub' returned '0': PYTHONPATH=/home/cossio/ejer1_ws/build/visual_pubsub/prefix_override:/usr/lib/python3/dist-packages/colcon_core/task/python/colcon_distutils_commands:/home/cossio/ejer1_ws/install/visual_pubsub/lib/python3.10/site-packages:${PYTHONPATH} /usr/bin/python3 -W ignore:setup.py install is deprecated -W ignore:easy_install command is deprecated setup.py egg_info --egg-base ../../../build/visual_pubsub build --build-base /home/cossio/ejer1_ws/build/visual_pubsub/build install --record /home/cossio/ejer1_ws/build/visual_pubsub/install.log --single-version-externally-managed install_data
