[0.027s] Invoking command in '/home/fab/ejer2_ws/build/interfaces': CMAKE_PREFIX_PATH=${CMAKE_PREFIX_PATH}:/home/fab/ejer2_ws/install/pubsub:/opt/ros/humble /usr/bin/cmake --build /home/fab/ejer2_ws/build/interfaces -- -j4 -l4
[0.125s] [  9%] Built target interfaces__rosidl_generator_c
[0.136s] [ 12%] Built target interfaces__cpp
[0.151s] [ 12%] Built target ament_cmake_python_copy_interfaces
[0.195s] [ 22%] Built target interfaces__rosidl_typesupport_introspection_c
[0.199s] [ 32%] Built target interfaces__rosidl_typesupport_fastrtps_c
[0.203s] [ 41%] Built target interfaces__rosidl_typesupport_c
[0.218s] [ 51%] Built target interfaces__rosidl_typesupport_fastrtps_cpp
[0.261s] [ 61%] Built target interfaces__rosidl_typesupport_introspection_cpp
[0.265s] [ 70%] Built target interfaces__rosidl_typesupport_cpp
[0.307s] [ 70%] Built target interfaces
[0.357s] [ 74%] Built target interfaces__py
[0.401s] [ 80%] Built target interfaces__rosidl_generator_py
[0.465s] [ 87%] Built target interfaces__rosidl_typesupport_fastrtps_c__pyext
[0.481s] [ 93%] Built target interfaces__rosidl_typesupport_c__pyext
[0.482s] [100%] Built target interfaces__rosidl_typesupport_introspection_c__pyext
[0.753s] running egg_info
[0.755s] writing interfaces.egg-info/PKG-INFO
[0.755s] writing dependency_links to interfaces.egg-info/dependency_links.txt
[0.756s] writing top-level names to interfaces.egg-info/top_level.txt
[0.760s] reading manifest file 'interfaces.egg-info/SOURCES.txt'
[0.761s] writing manifest file 'interfaces.egg-info/SOURCES.txt'
[0.824s] [100%] Built target ament_cmake_python_build_interfaces_egg
[0.844s] Invoked command in '/home/fab/ejer2_ws/build/interfaces' returned '0': CMAKE_PREFIX_PATH=${CMAKE_PREFIX_PATH}:/home/fab/ejer2_ws/install/pubsub:/opt/ros/humble /usr/bin/cmake --build /home/fab/ejer2_ws/build/interfaces -- -j4 -l4
[0.861s] Invoking command in '/home/fab/ejer2_ws/build/interfaces': CMAKE_PREFIX_PATH=${CMAKE_PREFIX_PATH}:/home/fab/ejer2_ws/install/pubsub:/opt/ros/humble /usr/bin/cmake --install /home/fab/ejer2_ws/build/interfaces
[0.872s] -- Install configuration: ""
[0.872s] -- Up-to-date: /home/fab/ejer2_ws/install/interfaces/share/ament_index/resource_index/rosidl_interfaces/interfaces
[0.872s] -- Up-to-date: /home/fab/ejer2_ws/install/interfaces/include/interfaces/interfaces
[0.873s] -- Up-to-date: /home/fab/ejer2_ws/install/interfaces/include/interfaces/interfaces/msg
[0.873s] -- Up-to-date: /home/fab/ejer2_ws/install/interfaces/include/interfaces/interfaces/msg/rosidl_generator_c__visibility_control.h
[0.873s] -- Up-to-date: /home/fab/ejer2_ws/install/interfaces/include/interfaces/interfaces/msg/detail
[0.874s] -- Up-to-date: /home/fab/ejer2_ws/install/interfaces/include/interfaces/interfaces/msg/detail/filtered_sensor__functions.h
[0.874s] -- Up-to-date: /home/fab/ejer2_ws/install/interfaces/include/interfaces/interfaces/msg/detail/filtered_sensor__struct.h
[0.874s] -- Up-to-date: /home/fab/ejer2_ws/install/interfaces/include/interfaces/interfaces/msg/detail/filtered_sensor__functions.c
[0.875s] -- Up-to-date: /home/fab/ejer2_ws/install/interfaces/include/interfaces/interfaces/msg/detail/filtered_sensor__type_support.h
[0.875s] -- Up-to-date: /home/fab/ejer2_ws/install/interfaces/include/interfaces/interfaces/msg/filtered_sensor.h
[0.875s] -- Up-to-date: /home/fab/ejer2_ws/install/interfaces/share/interfaces/environment/library_path.sh
[0.876s] -- Up-to-date: /home/fab/ejer2_ws/install/interfaces/share/interfaces/environment/library_path.dsv
[0.876s] -- Up-to-date: /home/fab/ejer2_ws/install/interfaces/lib/libinterfaces__rosidl_generator_c.so
[0.877s] -- Up-to-date: /home/fab/ejer2_ws/install/interfaces/include/interfaces/interfaces
[0.877s] -- Up-to-date: /home/fab/ejer2_ws/install/interfaces/include/interfaces/interfaces/msg
[0.877s] -- Up-to-date: /home/fab/ejer2_ws/install/interfaces/include/interfaces/interfaces/msg/detail
[0.877s] -- Up-to-date: /home/fab/ejer2_ws/install/interfaces/include/interfaces/interfaces/msg/detail/filtered_sensor__rosidl_typesupport_fastrtps_c.h
[0.878s] -- Up-to-date: /home/fab/ejer2_ws/install/interfaces/include/interfaces/interfaces/msg/rosidl_typesupport_fastrtps_c__visibility_control.h
[0.878s] -- Up-to-date: /home/fab/ejer2_ws/install/interfaces/lib/libinterfaces__rosidl_typesupport_fastrtps_c.so
[0.878s] -- Up-to-date: /home/fab/ejer2_ws/install/interfaces/include/interfaces/interfaces
[0.878s] -- Up-to-date: /home/fab/ejer2_ws/install/interfaces/include/interfaces/interfaces/msg
[0.879s] -- Up-to-date: /home/fab/ejer2_ws/install/interfaces/include/interfaces/interfaces/msg/detail
[0.879s] -- Up-to-date: /home/fab/ejer2_ws/install/interfaces/include/interfaces/interfaces/msg/detail/filtered_sensor__type_support.c
[0.879s] -- Up-to-date: /home/fab/ejer2_ws/install/interfaces/include/interfaces/interfaces/msg/detail/filtered_sensor__rosidl_typesupport_introspection_c.h
[0.879s] -- Up-to-date: /home/fab/ejer2_ws/install/interfaces/include/interfaces/interfaces/msg/rosidl_typesupport_introspection_c__visibility_control.h
[0.880s] -- Up-to-date: /home/fab/ejer2_ws/install/interfaces/lib/libinterfaces__rosidl_typesupport_introspection_c.so
[0.880s] -- Up-to-date: /home/fab/ejer2_ws/install/interfaces/lib/libinterfaces__rosidl_typesupport_c.so
[0.880s] -- Up-to-date: /home/fab/ejer2_ws/install/interfaces/include/interfaces/interfaces
[0.881s] -- Up-to-date: /home/fab/ejer2_ws/install/interfaces/include/interfaces/interfaces/msg
[0.881s] -- Up-to-date: /home/fab/ejer2_ws/install/interfaces/include/interfaces/interfaces/msg/rosidl_generator_cpp__visibility_control.hpp
[0.881s] -- Up-to-date: /home/fab/ejer2_ws/install/interfaces/include/interfaces/interfaces/msg/detail
[0.882s] -- Up-to-date: /home/fab/ejer2_ws/install/interfaces/include/interfaces/interfaces/msg/detail/filtered_sensor__builder.hpp
[0.882s] -- Up-to-date: /home/fab/ejer2_ws/install/interfaces/include/interfaces/interfaces/msg/detail/filtered_sensor__struct.hpp
[0.882s] -- Up-to-date: /home/fab/ejer2_ws/install/interfaces/include/interfaces/interfaces/msg/detail/filtered_sensor__traits.hpp
[0.882s] -- Up-to-date: /home/fab/ejer2_ws/install/interfaces/include/interfaces/interfaces/msg/detail/filtered_sensor__type_support.hpp
[0.882s] -- Up-to-date: /home/fab/ejer2_ws/install/interfaces/include/interfaces/interfaces/msg/filtered_sensor.hpp
[0.883s] -- Up-to-date: /home/fab/ejer2_ws/install/interfaces/include/interfaces/interfaces
[0.883s] -- Up-to-date: /home/fab/ejer2_ws/install/interfaces/include/interfaces/interfaces/msg
[0.883s] -- Up-to-date: /home/fab/ejer2_ws/install/interfaces/include/interfaces/interfaces/msg/detail
[0.883s] -- Up-to-date: /home/fab/ejer2_ws/install/interfaces/include/interfaces/interfaces/msg/detail/filtered_sensor__rosidl_typesupport_fastrtps_cpp.hpp
[0.883s] -- Up-to-date: /home/fab/ejer2_ws/install/interfaces/include/interfaces/interfaces/msg/detail/dds_fastrtps
[0.883s] -- Up-to-date: /home/fab/ejer2_ws/install/interfaces/include/interfaces/interfaces/msg/rosidl_typesupport_fastrtps_cpp__visibility_control.h
[0.884s] -- Up-to-date: /home/fab/ejer2_ws/install/interfaces/lib/libinterfaces__rosidl_typesupport_fastrtps_cpp.so
[0.884s] -- Up-to-date: /home/fab/ejer2_ws/install/interfaces/include/interfaces/interfaces
[0.884s] -- Up-to-date: /home/fab/ejer2_ws/install/interfaces/include/interfaces/interfaces/msg
[0.884s] -- Up-to-date: /home/fab/ejer2_ws/install/interfaces/include/interfaces/interfaces/msg/detail
[0.884s] -- Up-to-date: /home/fab/ejer2_ws/install/interfaces/include/interfaces/interfaces/msg/detail/filtered_sensor__type_support.cpp
[0.885s] -- Up-to-date: /home/fab/ejer2_ws/install/interfaces/include/interfaces/interfaces/msg/detail/filtered_sensor__rosidl_typesupport_introspection_cpp.hpp
[0.885s] -- Up-to-date: /home/fab/ejer2_ws/install/interfaces/lib/libinterfaces__rosidl_typesupport_introspection_cpp.so
[0.885s] -- Up-to-date: /home/fab/ejer2_ws/install/interfaces/lib/libinterfaces__rosidl_typesupport_cpp.so
[0.885s] -- Up-to-date: /home/fab/ejer2_ws/install/interfaces/share/interfaces/environment/pythonpath.sh
[0.885s] -- Up-to-date: /home/fab/ejer2_ws/install/interfaces/share/interfaces/environment/pythonpath.dsv
[0.886s] -- Up-to-date: /home/fab/ejer2_ws/install/interfaces/local/lib/python3.10/dist-packages/interfaces-0.0.0-py3.10.egg-info
[0.886s] -- Installing: /home/fab/ejer2_ws/install/interfaces/local/lib/python3.10/dist-packages/interfaces-0.0.0-py3.10.egg-info/SOURCES.txt
[0.886s] -- Installing: /home/fab/ejer2_ws/install/interfaces/local/lib/python3.10/dist-packages/interfaces-0.0.0-py3.10.egg-info/PKG-INFO
[0.886s] -- Installing: /home/fab/ejer2_ws/install/interfaces/local/lib/python3.10/dist-packages/interfaces-0.0.0-py3.10.egg-info/top_level.txt
[0.886s] -- Installing: /home/fab/ejer2_ws/install/interfaces/local/lib/python3.10/dist-packages/interfaces-0.0.0-py3.10.egg-info/dependency_links.txt
[0.886s] -- Up-to-date: /home/fab/ejer2_ws/install/interfaces/local/lib/python3.10/dist-packages/interfaces
[0.887s] -- Up-to-date: /home/fab/ejer2_ws/install/interfaces/local/lib/python3.10/dist-packages/interfaces/_interfaces_s.ep.rosidl_typesupport_fastrtps_c.c
[0.887s] -- Up-to-date: /home/fab/ejer2_ws/install/interfaces/local/lib/python3.10/dist-packages/interfaces/interfaces_s__rosidl_typesupport_introspection_c.cpython-310-x86_64-linux-gnu.so
[0.887s] -- Up-to-date: /home/fab/ejer2_ws/install/interfaces/local/lib/python3.10/dist-packages/interfaces/_interfaces_s.ep.rosidl_typesupport_introspection_c.c
[0.887s] -- Up-to-date: /home/fab/ejer2_ws/install/interfaces/local/lib/python3.10/dist-packages/interfaces/msg
[0.887s] -- Up-to-date: /home/fab/ejer2_ws/install/interfaces/local/lib/python3.10/dist-packages/interfaces/msg/__init__.py
[0.888s] -- Up-to-date: /home/fab/ejer2_ws/install/interfaces/local/lib/python3.10/dist-packages/interfaces/msg/_filtered_sensor_s.c
[0.888s] -- Up-to-date: /home/fab/ejer2_ws/install/interfaces/local/lib/python3.10/dist-packages/interfaces/msg/_filtered_sensor.py
[0.888s] -- Up-to-date: /home/fab/ejer2_ws/install/interfaces/local/lib/python3.10/dist-packages/interfaces/__init__.py
[0.888s] -- Up-to-date: /home/fab/ejer2_ws/install/interfaces/local/lib/python3.10/dist-packages/interfaces/libinterfaces__rosidl_generator_py.so
[0.888s] -- Up-to-date: /home/fab/ejer2_ws/install/interfaces/local/lib/python3.10/dist-packages/interfaces/_interfaces_s.ep.rosidl_typesupport_c.c
[0.889s] -- Up-to-date: /home/fab/ejer2_ws/install/interfaces/local/lib/python3.10/dist-packages/interfaces/interfaces_s__rosidl_typesupport_c.cpython-310-x86_64-linux-gnu.so
[0.889s] -- Up-to-date: /home/fab/ejer2_ws/install/interfaces/local/lib/python3.10/dist-packages/interfaces/interfaces_s__rosidl_typesupport_fastrtps_c.cpython-310-x86_64-linux-gnu.so
[0.935s] Listing '/home/fab/ejer2_ws/install/interfaces/local/lib/python3.10/dist-packages/interfaces'...
[0.935s] Listing '/home/fab/ejer2_ws/install/interfaces/local/lib/python3.10/dist-packages/interfaces/msg'...
[0.949s] -- Up-to-date: /home/fab/ejer2_ws/install/interfaces/local/lib/python3.10/dist-packages/interfaces/interfaces_s__rosidl_typesupport_fastrtps_c.cpython-310-x86_64-linux-gnu.so
[0.949s] -- Up-to-date: /home/fab/ejer2_ws/install/interfaces/local/lib/python3.10/dist-packages/interfaces/interfaces_s__rosidl_typesupport_introspection_c.cpython-310-x86_64-linux-gnu.so
[0.950s] -- Up-to-date: /home/fab/ejer2_ws/install/interfaces/local/lib/python3.10/dist-packages/interfaces/interfaces_s__rosidl_typesupport_c.cpython-310-x86_64-linux-gnu.so
[0.950s] -- Up-to-date: /home/fab/ejer2_ws/install/interfaces/lib/libinterfaces__rosidl_generator_py.so
[0.950s] -- Up-to-date: /home/fab/ejer2_ws/install/interfaces/share/interfaces/msg/FilteredSensor.idl
[0.951s] -- Up-to-date: /home/fab/ejer2_ws/install/interfaces/share/interfaces/msg/FilteredSensor.msg
[0.951s] -- Up-to-date: /home/fab/ejer2_ws/install/interfaces/share/ament_index/resource_index/package_run_dependencies/interfaces
[0.952s] -- Up-to-date: /home/fab/ejer2_ws/install/interfaces/share/ament_index/resource_index/parent_prefix_path/interfaces
[0.952s] -- Up-to-date: /home/fab/ejer2_ws/install/interfaces/share/interfaces/environment/ament_prefix_path.sh
[0.952s] -- Up-to-date: /home/fab/ejer2_ws/install/interfaces/share/interfaces/environment/ament_prefix_path.dsv
[0.952s] -- Up-to-date: /home/fab/ejer2_ws/install/interfaces/share/interfaces/environment/path.sh
[0.953s] -- Up-to-date: /home/fab/ejer2_ws/install/interfaces/share/interfaces/environment/path.dsv
[0.953s] -- Up-to-date: /home/fab/ejer2_ws/install/interfaces/share/interfaces/local_setup.bash
[0.953s] -- Up-to-date: /home/fab/ejer2_ws/install/interfaces/share/interfaces/local_setup.sh
[0.954s] -- Up-to-date: /home/fab/ejer2_ws/install/interfaces/share/interfaces/local_setup.zsh
[0.954s] -- Up-to-date: /home/fab/ejer2_ws/install/interfaces/share/interfaces/local_setup.dsv
[0.954s] -- Installing: /home/fab/ejer2_ws/install/interfaces/share/interfaces/package.dsv
[0.954s] -- Up-to-date: /home/fab/ejer2_ws/install/interfaces/share/ament_index/resource_index/packages/interfaces
[0.955s] -- Up-to-date: /home/fab/ejer2_ws/install/interfaces/share/interfaces/cmake/export_interfaces__rosidl_generator_cExport.cmake
[0.955s] -- Up-to-date: /home/fab/ejer2_ws/install/interfaces/share/interfaces/cmake/export_interfaces__rosidl_generator_cExport-noconfig.cmake
[0.955s] -- Up-to-date: /home/fab/ejer2_ws/install/interfaces/share/interfaces/cmake/export_interfaces__rosidl_typesupport_fastrtps_cExport.cmake
[0.956s] -- Up-to-date: /home/fab/ejer2_ws/install/interfaces/share/interfaces/cmake/export_interfaces__rosidl_typesupport_fastrtps_cExport-noconfig.cmake
[0.956s] -- Up-to-date: /home/fab/ejer2_ws/install/interfaces/share/interfaces/cmake/interfaces__rosidl_typesupport_introspection_cExport.cmake
[0.956s] -- Up-to-date: /home/fab/ejer2_ws/install/interfaces/share/interfaces/cmake/interfaces__rosidl_typesupport_introspection_cExport-noconfig.cmake
[0.956s] -- Up-to-date: /home/fab/ejer2_ws/install/interfaces/share/interfaces/cmake/interfaces__rosidl_typesupport_cExport.cmake
[0.957s] -- Up-to-date: /home/fab/ejer2_ws/install/interfaces/share/interfaces/cmake/interfaces__rosidl_typesupport_cExport-noconfig.cmake
[0.957s] -- Up-to-date: /home/fab/ejer2_ws/install/interfaces/share/interfaces/cmake/export_interfaces__rosidl_generator_cppExport.cmake
[0.957s] -- Up-to-date: /home/fab/ejer2_ws/install/interfaces/share/interfaces/cmake/export_interfaces__rosidl_typesupport_fastrtps_cppExport.cmake
[0.957s] -- Up-to-date: /home/fab/ejer2_ws/install/interfaces/share/interfaces/cmake/export_interfaces__rosidl_typesupport_fastrtps_cppExport-noconfig.cmake
[0.957s] -- Up-to-date: /home/fab/ejer2_ws/install/interfaces/share/interfaces/cmake/interfaces__rosidl_typesupport_introspection_cppExport.cmake
[0.958s] -- Up-to-date: /home/fab/ejer2_ws/install/interfaces/share/interfaces/cmake/interfaces__rosidl_typesupport_introspection_cppExport-noconfig.cmake
[0.958s] -- Up-to-date: /home/fab/ejer2_ws/install/interfaces/share/interfaces/cmake/interfaces__rosidl_typesupport_cppExport.cmake
[0.958s] -- Up-to-date: /home/fab/ejer2_ws/install/interfaces/share/interfaces/cmake/interfaces__rosidl_typesupport_cppExport-noconfig.cmake
[0.958s] -- Up-to-date: /home/fab/ejer2_ws/install/interfaces/share/interfaces/cmake/export_interfaces__rosidl_generator_pyExport.cmake
[0.958s] -- Up-to-date: /home/fab/ejer2_ws/install/interfaces/share/interfaces/cmake/export_interfaces__rosidl_generator_pyExport-noconfig.cmake
[0.958s] -- Up-to-date: /home/fab/ejer2_ws/install/interfaces/share/interfaces/cmake/rosidl_cmake-extras.cmake
[0.959s] -- Up-to-date: /home/fab/ejer2_ws/install/interfaces/share/interfaces/cmake/ament_cmake_export_dependencies-extras.cmake
[0.959s] -- Up-to-date: /home/fab/ejer2_ws/install/interfaces/share/interfaces/cmake/ament_cmake_export_include_directories-extras.cmake
[0.959s] -- Up-to-date: /home/fab/ejer2_ws/install/interfaces/share/interfaces/cmake/ament_cmake_export_libraries-extras.cmake
[0.959s] -- Up-to-date: /home/fab/ejer2_ws/install/interfaces/share/interfaces/cmake/ament_cmake_export_targets-extras.cmake
[0.959s] -- Up-to-date: /home/fab/ejer2_ws/install/interfaces/share/interfaces/cmake/rosidl_cmake_export_typesupport_targets-extras.cmake
[0.960s] -- Up-to-date: /home/fab/ejer2_ws/install/interfaces/share/interfaces/cmake/rosidl_cmake_export_typesupport_libraries-extras.cmake
[0.960s] -- Up-to-date: /home/fab/ejer2_ws/install/interfaces/share/interfaces/cmake/interfacesConfig.cmake
[0.960s] -- Up-to-date: /home/fab/ejer2_ws/install/interfaces/share/interfaces/cmake/interfacesConfig-version.cmake
[0.960s] -- Up-to-date: /home/fab/ejer2_ws/install/interfaces/share/interfaces/package.xml
[0.961s] Invoked command in '/home/fab/ejer2_ws/build/interfaces' returned '0': CMAKE_PREFIX_PATH=${CMAKE_PREFIX_PATH}:/home/fab/ejer2_ws/install/pubsub:/opt/ros/humble /usr/bin/cmake --install /home/fab/ejer2_ws/build/interfaces
