/home/cossio/ejer1_ws/install/py_examples/lib/python3.10/site-packages/py_examples/__init__.py
/home/cossio/ejer1_ws/install/py_examples/lib/python3.10/site-packages/py_examples/service_py_example.py
/home/cossio/ejer1_ws/install/py_examples/lib/python3.10/site-packages/py_examples/client_py_example.py
/home/cossio/ejer1_ws/install/py_examples/lib/python3.10/site-packages/py_examples/pub.py
/home/cossio/ejer1_ws/install/py_examples/lib/python3.10/site-packages/py_examples/sub.py
/home/cossio/ejer1_ws/install/py_examples/lib/python3.10/site-packages/py_examples/position_client.py
/home/cossio/ejer1_ws/install/py_examples/lib/python3.10/site-packages/py_examples/position_service.py
/home/cossio/ejer1_ws/install/py_examples/lib/python3.10/site-packages/py_examples/__pycache__/__init__.cpython-310.pyc
/home/cossio/ejer1_ws/install/py_examples/lib/python3.10/site-packages/py_examples/__pycache__/service_py_example.cpython-310.pyc
/home/cossio/ejer1_ws/install/py_examples/lib/python3.10/site-packages/py_examples/__pycache__/client_py_example.cpython-310.pyc
/home/cossio/ejer1_ws/install/py_examples/lib/python3.10/site-packages/py_examples/__pycache__/pub.cpython-310.pyc
/home/cossio/ejer1_ws/install/py_examples/lib/python3.10/site-packages/py_examples/__pycache__/sub.cpython-310.pyc
/home/cossio/ejer1_ws/install/py_examples/lib/python3.10/site-packages/py_examples/__pycache__/position_client.cpython-310.pyc
/home/cossio/ejer1_ws/install/py_examples/lib/python3.10/site-packages/py_examples/__pycache__/position_service.cpython-310.pyc
/home/cossio/ejer1_ws/install/py_examples/share/ament_index/resource_index/packages/py_examples
/home/cossio/ejer1_ws/install/py_examples/share/py_examples/package.xml
/home/cossio/ejer1_ws/install/py_examples/share/py_examples/launch/py_example_launch.py
/home/cossio/ejer1_ws/install/py_examples/lib/python3.10/site-packages/py_examples-0.0.0-py3.10.egg-info/top_level.txt
/home/cossio/ejer1_ws/install/py_examples/lib/python3.10/site-packages/py_examples-0.0.0-py3.10.egg-info/SOURCES.txt
/home/cossio/ejer1_ws/install/py_examples/lib/python3.10/site-packages/py_examples-0.0.0-py3.10.egg-info/requires.txt
/home/cossio/ejer1_ws/install/py_examples/lib/python3.10/site-packages/py_examples-0.0.0-py3.10.egg-info/dependency_links.txt
/home/cossio/ejer1_ws/install/py_examples/lib/python3.10/site-packages/py_examples-0.0.0-py3.10.egg-info/entry_points.txt
/home/cossio/ejer1_ws/install/py_examples/lib/python3.10/site-packages/py_examples-0.0.0-py3.10.egg-info/PKG-INFO
/home/cossio/ejer1_ws/install/py_examples/lib/python3.10/site-packages/py_examples-0.0.0-py3.10.egg-info/zip-safe
/home/cossio/ejer1_ws/install/py_examples/lib/py_examples/client
/home/cossio/ejer1_ws/install/py_examples/lib/py_examples/pos_client
/home/cossio/ejer1_ws/install/py_examples/lib/py_examples/pos_server
/home/cossio/ejer1_ws/install/py_examples/lib/py_examples/publipy
/home/cossio/ejer1_ws/install/py_examples/lib/py_examples/server
/home/cossio/ejer1_ws/install/py_examples/lib/py_examples/subpy
