running egg_info
writing ../../../build/visual_pubsub/visual_pubsub.egg-info/PKG-INFO
writing dependency_links to ../../../build/visual_pubsub/visual_pubsub.egg-info/dependency_links.txt
writing entry points to ../../../build/visual_pubsub/visual_pubsub.egg-info/entry_points.txt
writing requirements to ../../../build/visual_pubsub/visual_pubsub.egg-info/requires.txt
writing top-level names to ../../../build/visual_pubsub/visual_pubsub.egg-info/top_level.txt
reading manifest file '../../../build/visual_pubsub/visual_pubsub.egg-info/SOURCES.txt'
adding license file 'LICENSE'
writing manifest file '../../../build/visual_pubsub/visual_pubsub.egg-info/SOURCES.txt'
running build
running build_py
copying visual_pubsub/pub_joints_pulgar.py -> /home/cossio/ejer1_ws/build/visual_pubsub/build/lib/visual_pubsub
copying visual_pubsub/sub_joints_pulgar.py -> /home/cossio/ejer1_ws/build/visual_pubsub/build/lib/visual_pubsub
copying visual_pubsub/sub_joints_indice.py -> /home/cossio/ejer1_ws/build/visual_pubsub/build/lib/visual_pubsub
copying visual_pubsub/pub_joints_indice.py -> /home/cossio/ejer1_ws/build/visual_pubsub/build/lib/visual_pubsub
copying visual_pubsub/inverse_kinematics_indice.py -> /home/cossio/ejer1_ws/build/visual_pubsub/build/lib/visual_pubsub
running install
running install_lib
copying /home/cossio/ejer1_ws/build/visual_pubsub/build/lib/visual_pubsub/pub_joints_pulgar.py -> /home/cossio/ejer1_ws/install/visual_pubsub/lib/python3.10/site-packages/visual_pubsub
copying /home/cossio/ejer1_ws/build/visual_pubsub/build/lib/visual_pubsub/sub_joints_pulgar.py -> /home/cossio/ejer1_ws/install/visual_pubsub/lib/python3.10/site-packages/visual_pubsub
copying /home/cossio/ejer1_ws/build/visual_pubsub/build/lib/visual_pubsub/sub_joints_indice.py -> /home/cossio/ejer1_ws/install/visual_pubsub/lib/python3.10/site-packages/visual_pubsub
copying /home/cossio/ejer1_ws/build/visual_pubsub/build/lib/visual_pubsub/pub_joints_indice.py -> /home/cossio/ejer1_ws/install/visual_pubsub/lib/python3.10/site-packages/visual_pubsub
copying /home/cossio/ejer1_ws/build/visual_pubsub/build/lib/visual_pubsub/inverse_kinematics_indice.py -> /home/cossio/ejer1_ws/install/visual_pubsub/lib/python3.10/site-packages/visual_pubsub
byte-compiling /home/cossio/ejer1_ws/install/visual_pubsub/lib/python3.10/site-packages/visual_pubsub/pub_joints_pulgar.py to pub_joints_pulgar.cpython-310.pyc
byte-compiling /home/cossio/ejer1_ws/install/visual_pubsub/lib/python3.10/site-packages/visual_pubsub/sub_joints_pulgar.py to sub_joints_pulgar.cpython-310.pyc
byte-compiling /home/cossio/ejer1_ws/install/visual_pubsub/lib/python3.10/site-packages/visual_pubsub/sub_joints_indice.py to sub_joints_indice.cpython-310.pyc
byte-compiling /home/cossio/ejer1_ws/install/visual_pubsub/lib/python3.10/site-packages/visual_pubsub/pub_joints_indice.py to pub_joints_indice.cpython-310.pyc
byte-compiling /home/cossio/ejer1_ws/install/visual_pubsub/lib/python3.10/site-packages/visual_pubsub/inverse_kinematics_indice.py to inverse_kinematics_indice.cpython-310.pyc
running install_data
running install_egg_info
removing '/home/cossio/ejer1_ws/install/visual_pubsub/lib/python3.10/site-packages/visual_pubsub-0.0.0-py3.10.egg-info' (and everything under it)
Copying ../../../build/visual_pubsub/visual_pubsub.egg-info to /home/cossio/ejer1_ws/install/visual_pubsub/lib/python3.10/site-packages/visual_pubsub-0.0.0-py3.10.egg-info
running install_scripts
Installing inverse_kinematics_indice script to /home/cossio/ejer1_ws/install/visual_pubsub/lib/visual_pubsub
Installing pub_joints_indice script to /home/cossio/ejer1_ws/install/visual_pubsub/lib/visual_pubsub
Installing sub_joints_indice script to /home/cossio/ejer1_ws/install/visual_pubsub/lib/visual_pubsub
writing list of installed files to '/home/cossio/ejer1_ws/build/visual_pubsub/install.log'
