[0.568s] Invoking command in '/home/cossio/ejer1_ws/src/ros2_tutorials-main/visual_pubsub': PYTHONPATH=/home/cossio/ejer1_ws/build/visual_pubsub/prefix_override:/usr/lib/python3/dist-packages/colcon_core/task/python/colcon_distutils_commands:/home/cossio/ejer1_ws/install/visual_pubsub/lib/python3.10/site-packages:${PYTHONPATH} /usr/bin/python3 -W ignore:setup.py install is deprecated -W ignore:easy_install command is deprecated setup.py egg_info --egg-base ../../../build/visual_pubsub build --build-base /home/cossio/ejer1_ws/build/visual_pubsub/build install --record /home/cossio/ejer1_ws/build/visual_pubsub/install.log --single-version-externally-managed install_data
[0.699s] running egg_info
[0.699s] writing ../../../build/visual_pubsub/visual_pubsub.egg-info/PKG-INFO
[0.699s] writing dependency_links to ../../../build/visual_pubsub/visual_pubsub.egg-info/dependency_links.txt
[0.700s] writing entry points to ../../../build/visual_pubsub/visual_pubsub.egg-info/entry_points.txt
[0.700s] writing requirements to ../../../build/visual_pubsub/visual_pubsub.egg-info/requires.txt
[0.700s] writing top-level names to ../../../build/visual_pubsub/visual_pubsub.egg-info/top_level.txt
[0.700s] reading manifest file '../../../build/visual_pubsub/visual_pubsub.egg-info/SOURCES.txt'
[0.701s] adding license file 'LICENSE'
[0.701s] writing manifest file '../../../build/visual_pubsub/visual_pubsub.egg-info/SOURCES.txt'
[0.701s] running build
[0.702s] running build_py
[0.702s] copying visual_pubsub/pub_joints_pulgar.py -> /home/cossio/ejer1_ws/build/visual_pubsub/build/lib/visual_pubsub
[0.702s] copying visual_pubsub/sub_joints_pulgar.py -> /home/cossio/ejer1_ws/build/visual_pubsub/build/lib/visual_pubsub
[0.702s] copying visual_pubsub/sub_joints_indice.py -> /home/cossio/ejer1_ws/build/visual_pubsub/build/lib/visual_pubsub
[0.702s] copying visual_pubsub/pub_joints_indice.py -> /home/cossio/ejer1_ws/build/visual_pubsub/build/lib/visual_pubsub
[0.702s] copying visual_pubsub/inverse_kinematics_indice.py -> /home/cossio/ejer1_ws/build/visual_pubsub/build/lib/visual_pubsub
[0.702s] running install
[0.702s] running install_lib
[0.703s] copying /home/cossio/ejer1_ws/build/visual_pubsub/build/lib/visual_pubsub/pub_joints_pulgar.py -> /home/cossio/ejer1_ws/install/visual_pubsub/lib/python3.10/site-packages/visual_pubsub
[0.704s] copying /home/cossio/ejer1_ws/build/visual_pubsub/build/lib/visual_pubsub/sub_joints_pulgar.py -> /home/cossio/ejer1_ws/install/visual_pubsub/lib/python3.10/site-packages/visual_pubsub
[0.704s] copying /home/cossio/ejer1_ws/build/visual_pubsub/build/lib/visual_pubsub/sub_joints_indice.py -> /home/cossio/ejer1_ws/install/visual_pubsub/lib/python3.10/site-packages/visual_pubsub
[0.704s] copying /home/cossio/ejer1_ws/build/visual_pubsub/build/lib/visual_pubsub/pub_joints_indice.py -> /home/cossio/ejer1_ws/install/visual_pubsub/lib/python3.10/site-packages/visual_pubsub
[0.704s] copying /home/cossio/ejer1_ws/build/visual_pubsub/build/lib/visual_pubsub/inverse_kinematics_indice.py -> /home/cossio/ejer1_ws/install/visual_pubsub/lib/python3.10/site-packages/visual_pubsub
[0.705s] byte-compiling /home/cossio/ejer1_ws/install/visual_pubsub/lib/python3.10/site-packages/visual_pubsub/pub_joints_pulgar.py to pub_joints_pulgar.cpython-310.pyc
[0.705s] byte-compiling /home/cossio/ejer1_ws/install/visual_pubsub/lib/python3.10/site-packages/visual_pubsub/sub_joints_pulgar.py to sub_joints_pulgar.cpython-310.pyc
[0.705s] byte-compiling /home/cossio/ejer1_ws/install/visual_pubsub/lib/python3.10/site-packages/visual_pubsub/sub_joints_indice.py to sub_joints_indice.cpython-310.pyc
[0.706s] byte-compiling /home/cossio/ejer1_ws/install/visual_pubsub/lib/python3.10/site-packages/visual_pubsub/pub_joints_indice.py to pub_joints_indice.cpython-310.pyc
[0.706s] byte-compiling /home/cossio/ejer1_ws/install/visual_pubsub/lib/python3.10/site-packages/visual_pubsub/inverse_kinematics_indice.py to inverse_kinematics_indice.cpython-310.pyc
[0.707s] running install_data
[0.707s] running install_egg_info
[0.708s] removing '/home/cossio/ejer1_ws/install/visual_pubsub/lib/python3.10/site-packages/visual_pubsub-0.0.0-py3.10.egg-info' (and everything under it)
[0.708s] Copying ../../../build/visual_pubsub/visual_pubsub.egg-info to /home/cossio/ejer1_ws/install/visual_pubsub/lib/python3.10/site-packages/visual_pubsub-0.0.0-py3.10.egg-info
[0.708s] running install_scripts
[0.723s] Installing inverse_kinematics_indice script to /home/cossio/ejer1_ws/install/visual_pubsub/lib/visual_pubsub
[0.724s] Installing pub_joints_indice script to /home/cossio/ejer1_ws/install/visual_pubsub/lib/visual_pubsub
[0.724s] Installing sub_joints_indice script to /home/cossio/ejer1_ws/install/visual_pubsub/lib/visual_pubsub
[0.724s] writing list of installed files to '/home/cossio/ejer1_ws/build/visual_pubsub/install.log'
[0.755s] Invoked command in '/home/cossio/ejer1_ws/src/ros2_tutorials-main/visual_pubsub' returned '0': PYTHONPATH=/home/cossio/ejer1_ws/build/visual_pubsub/prefix_override:/usr/lib/python3/dist-packages/colcon_core/task/python/colcon_distutils_commands:/home/cossio/ejer1_ws/install/visual_pubsub/lib/python3.10/site-packages:${PYTHONPATH} /usr/bin/python3 -W ignore:setup.py install is deprecated -W ignore:easy_install command is deprecated setup.py egg_info --egg-base ../../../build/visual_pubsub build --build-base /home/cossio/ejer1_ws/build/visual_pubsub/build install --record /home/cossio/ejer1_ws/build/visual_pubsub/install.log --single-version-externally-managed install_data
