[0.186s] DEBUG:colcon:Command line arguments: ['/usr/bin/colcon', 'build']
[0.186s] DEBUG:colcon:Parsed command line arguments: Namespace(log_base=None, log_level=None, verb_name='build', build_base='build', install_base='install', merge_install=False, symlink_install=False, test_result_base=None, continue_on_error=False, executor='parallel', parallel_workers=4, event_handlers=None, ignore_user_meta=False, metas=['./colcon.meta'], base_paths=['.'], packages_ignore=None, packages_ignore_regex=None, paths=None, packages_up_to=None, packages_up_to_regex=None, packages_above=None, packages_above_and_dependencies=None, packages_above_depth=None, packages_select_by_dep=None, packages_skip_by_dep=None, packages_skip_up_to=None, packages_select_build_failed=False, packages_skip_build_finished=False, packages_select_test_failures=False, packages_skip_test_passed=False, packages_select=None, packages_skip=None, packages_select_regex=None, packages_skip_regex=None, packages_start=None, packages_end=None, allow_overriding=[], cmake_args=None, cmake_target=None, cmake_target_skip_unavailable=False, cmake_clean_cache=False, cmake_clean_first=False, cmake_force_configure=False, ament_cmake_args=None, catkin_cmake_args=None, catkin_skip_building_tests=False, mixin_files=None, mixin=None, verb_parser=<colcon_mixin.mixin.mixin_argument.MixinArgumentDecorator object at 0x787a7a649660>, verb_extension=<colcon_core.verb.build.BuildVerb object at 0x787a7a7c2d10>, main=<bound method BuildVerb.main of <colcon_core.verb.build.BuildVerb object at 0x787a7a7c2d10>>, mixin_verb=('build',))
[0.472s] Level 1:colcon.colcon_core.package_discovery:discover_packages(colcon_meta) check parameters
[0.472s] Level 1:colcon.colcon_core.package_discovery:discover_packages(recursive) check parameters
[0.472s] Level 1:colcon.colcon_core.package_discovery:discover_packages(ignore) check parameters
[0.472s] Level 1:colcon.colcon_core.package_discovery:discover_packages(path) check parameters
[0.472s] Level 1:colcon.colcon_core.package_discovery:discover_packages(colcon_meta) discover
[0.473s] Level 1:colcon.colcon_core.package_discovery:discover_packages(recursive) discover
[0.473s] INFO:colcon.colcon_core.package_discovery:Crawling recursively for packages in '/home/fab/ejer2_ws'
[0.473s] Level 1:colcon.colcon_core.package_identification:_identify(.) by extensions ['ignore', 'ignore_ament_install']
[0.473s] Level 1:colcon.colcon_core.package_identification:_identify(.) by extension 'ignore'
[0.473s] Level 1:colcon.colcon_core.package_identification:_identify(.) by extension 'ignore_ament_install'
[0.473s] Level 1:colcon.colcon_core.package_identification:_identify(.) by extensions ['colcon_pkg']
[0.474s] Level 1:colcon.colcon_core.package_identification:_identify(.) by extension 'colcon_pkg'
[0.474s] Level 1:colcon.colcon_core.package_identification:_identify(.) by extensions ['colcon_meta']
[0.474s] Level 1:colcon.colcon_core.package_identification:_identify(.) by extension 'colcon_meta'
[0.474s] Level 1:colcon.colcon_core.package_identification:_identify(.) by extensions ['ros']
[0.474s] Level 1:colcon.colcon_core.package_identification:_identify(.) by extension 'ros'
[0.491s] Level 1:colcon.colcon_core.package_identification:_identify(.) by extensions ['cmake', 'python']
[0.491s] Level 1:colcon.colcon_core.package_identification:_identify(.) by extension 'cmake'
[0.491s] Level 1:colcon.colcon_core.package_identification:_identify(.) by extension 'python'
[0.492s] Level 1:colcon.colcon_core.package_identification:_identify(.) by extensions ['python_setup_py']
[0.492s] Level 1:colcon.colcon_core.package_identification:_identify(.) by extension 'python_setup_py'
[0.492s] Level 1:colcon.colcon_core.package_identification:_identify(build) by extensions ['ignore', 'ignore_ament_install']
[0.492s] Level 1:colcon.colcon_core.package_identification:_identify(build) by extension 'ignore'
[0.492s] Level 1:colcon.colcon_core.package_identification:_identify(build) ignored
[0.492s] Level 1:colcon.colcon_core.package_identification:_identify(install) by extensions ['ignore', 'ignore_ament_install']
[0.493s] Level 1:colcon.colcon_core.package_identification:_identify(install) by extension 'ignore'
[0.493s] Level 1:colcon.colcon_core.package_identification:_identify(install) ignored
[0.493s] Level 1:colcon.colcon_core.package_identification:_identify(log) by extensions ['ignore', 'ignore_ament_install']
[0.493s] Level 1:colcon.colcon_core.package_identification:_identify(log) by extension 'ignore'
[0.493s] Level 1:colcon.colcon_core.package_identification:_identify(log) ignored
[0.493s] Level 1:colcon.colcon_core.package_identification:_identify(src) by extensions ['ignore', 'ignore_ament_install']
[0.493s] Level 1:colcon.colcon_core.package_identification:_identify(src) by extension 'ignore'
[0.493s] Level 1:colcon.colcon_core.package_identification:_identify(src) by extension 'ignore_ament_install'
[0.493s] Level 1:colcon.colcon_core.package_identification:_identify(src) by extensions ['colcon_pkg']
[0.493s] Level 1:colcon.colcon_core.package_identification:_identify(src) by extension 'colcon_pkg'
[0.493s] Level 1:colcon.colcon_core.package_identification:_identify(src) by extensions ['colcon_meta']
[0.494s] Level 1:colcon.colcon_core.package_identification:_identify(src) by extension 'colcon_meta'
[0.494s] Level 1:colcon.colcon_core.package_identification:_identify(src) by extensions ['ros']
[0.494s] Level 1:colcon.colcon_core.package_identification:_identify(src) by extension 'ros'
[0.494s] Level 1:colcon.colcon_core.package_identification:_identify(src) by extensions ['cmake', 'python']
[0.494s] Level 1:colcon.colcon_core.package_identification:_identify(src) by extension 'cmake'
[0.494s] Level 1:colcon.colcon_core.package_identification:_identify(src) by extension 'python'
[0.494s] Level 1:colcon.colcon_core.package_identification:_identify(src) by extensions ['python_setup_py']
[0.494s] Level 1:colcon.colcon_core.package_identification:_identify(src) by extension 'python_setup_py'
[0.494s] Level 1:colcon.colcon_core.package_identification:_identify(src/interfaces) by extensions ['ignore', 'ignore_ament_install']
[0.494s] Level 1:colcon.colcon_core.package_identification:_identify(src/interfaces) by extension 'ignore'
[0.494s] Level 1:colcon.colcon_core.package_identification:_identify(src/interfaces) by extension 'ignore_ament_install'
[0.494s] Level 1:colcon.colcon_core.package_identification:_identify(src/interfaces) by extensions ['colcon_pkg']
[0.494s] Level 1:colcon.colcon_core.package_identification:_identify(src/interfaces) by extension 'colcon_pkg'
[0.495s] Level 1:colcon.colcon_core.package_identification:_identify(src/interfaces) by extensions ['colcon_meta']
[0.495s] Level 1:colcon.colcon_core.package_identification:_identify(src/interfaces) by extension 'colcon_meta'
[0.495s] Level 1:colcon.colcon_core.package_identification:_identify(src/interfaces) by extensions ['ros']
[0.495s] Level 1:colcon.colcon_core.package_identification:_identify(src/interfaces) by extension 'ros'
[0.499s] DEBUG:colcon.colcon_core.package_identification:Package 'src/interfaces' with type 'ros.ament_cmake' and name 'interfaces'
[0.500s] Level 1:colcon.colcon_core.package_identification:_identify(src/pubsub) by extensions ['ignore', 'ignore_ament_install']
[0.500s] Level 1:colcon.colcon_core.package_identification:_identify(src/pubsub) by extension 'ignore'
[0.500s] Level 1:colcon.colcon_core.package_identification:_identify(src/pubsub) by extension 'ignore_ament_install'
[0.500s] Level 1:colcon.colcon_core.package_identification:_identify(src/pubsub) by extensions ['colcon_pkg']
[0.500s] Level 1:colcon.colcon_core.package_identification:_identify(src/pubsub) by extension 'colcon_pkg'
[0.500s] Level 1:colcon.colcon_core.package_identification:_identify(src/pubsub) by extensions ['colcon_meta']
[0.500s] Level 1:colcon.colcon_core.package_identification:_identify(src/pubsub) by extension 'colcon_meta'
[0.500s] Level 1:colcon.colcon_core.package_identification:_identify(src/pubsub) by extensions ['ros']
[0.500s] Level 1:colcon.colcon_core.package_identification:_identify(src/pubsub) by extension 'ros'
[0.502s] DEBUG:colcon.colcon_core.package_identification:Package 'src/pubsub' with type 'ros.ament_python' and name 'pubsub'
[0.503s] Level 1:colcon.colcon_core.package_discovery:discover_packages(recursive) using defaults
[0.503s] Level 1:colcon.colcon_core.package_discovery:discover_packages(ignore) discover
[0.503s] Level 1:colcon.colcon_core.package_discovery:discover_packages(ignore) using defaults
[0.503s] Level 1:colcon.colcon_core.package_discovery:discover_packages(path) discover
[0.503s] Level 1:colcon.colcon_core.package_discovery:discover_packages(path) using defaults
[0.557s] Level 1:colcon.colcon_core.package_discovery:discover_packages(prefix_path) check parameters
[0.558s] Level 1:colcon.colcon_core.package_discovery:discover_packages(prefix_path) discover
[0.560s] DEBUG:colcon.colcon_installed_package_information.package_discovery:Found 2 installed packages in /home/fab/ejer2_ws/install
[0.562s] DEBUG:colcon.colcon_installed_package_information.package_discovery:Found 271 installed packages in /opt/ros/humble
[0.564s] Level 1:colcon.colcon_core.package_discovery:discover_packages(prefix_path) using defaults
[0.633s] Level 5:colcon.colcon_core.verb:set package 'interfaces' build argument 'cmake_args' from command line to 'None'
[0.633s] Level 5:colcon.colcon_core.verb:set package 'interfaces' build argument 'cmake_target' from command line to 'None'
[0.633s] Level 5:colcon.colcon_core.verb:set package 'interfaces' build argument 'cmake_target_skip_unavailable' from command line to 'False'
[0.634s] Level 5:colcon.colcon_core.verb:set package 'interfaces' build argument 'cmake_clean_cache' from command line to 'False'
[0.634s] Level 5:colcon.colcon_core.verb:set package 'interfaces' build argument 'cmake_clean_first' from command line to 'False'
[0.634s] Level 5:colcon.colcon_core.verb:set package 'interfaces' build argument 'cmake_force_configure' from command line to 'False'
[0.634s] Level 5:colcon.colcon_core.verb:set package 'interfaces' build argument 'ament_cmake_args' from command line to 'None'
[0.634s] Level 5:colcon.colcon_core.verb:set package 'interfaces' build argument 'catkin_cmake_args' from command line to 'None'
[0.634s] Level 5:colcon.colcon_core.verb:set package 'interfaces' build argument 'catkin_skip_building_tests' from command line to 'False'
[0.634s] DEBUG:colcon.colcon_core.verb:Building package 'interfaces' with the following arguments: {'ament_cmake_args': None, 'build_base': '/home/fab/ejer2_ws/build/interfaces', 'catkin_cmake_args': None, 'catkin_skip_building_tests': False, 'cmake_args': None, 'cmake_clean_cache': False, 'cmake_clean_first': False, 'cmake_force_configure': False, 'cmake_target': None, 'cmake_target_skip_unavailable': False, 'install_base': '/home/fab/ejer2_ws/install/interfaces', 'merge_install': False, 'path': '/home/fab/ejer2_ws/src/interfaces', 'symlink_install': False, 'test_result_base': None}
[0.635s] Level 5:colcon.colcon_core.verb:set package 'pubsub' build argument 'cmake_args' from command line to 'None'
[0.635s] Level 5:colcon.colcon_core.verb:set package 'pubsub' build argument 'cmake_target' from command line to 'None'
[0.635s] Level 5:colcon.colcon_core.verb:set package 'pubsub' build argument 'cmake_target_skip_unavailable' from command line to 'False'
[0.635s] Level 5:colcon.colcon_core.verb:set package 'pubsub' build argument 'cmake_clean_cache' from command line to 'False'
[0.635s] Level 5:colcon.colcon_core.verb:set package 'pubsub' build argument 'cmake_clean_first' from command line to 'False'
[0.635s] Level 5:colcon.colcon_core.verb:set package 'pubsub' build argument 'cmake_force_configure' from command line to 'False'
[0.635s] Level 5:colcon.colcon_core.verb:set package 'pubsub' build argument 'ament_cmake_args' from command line to 'None'
[0.635s] Level 5:colcon.colcon_core.verb:set package 'pubsub' build argument 'catkin_cmake_args' from command line to 'None'
[0.635s] Level 5:colcon.colcon_core.verb:set package 'pubsub' build argument 'catkin_skip_building_tests' from command line to 'False'
[0.635s] DEBUG:colcon.colcon_core.verb:Building package 'pubsub' with the following arguments: {'ament_cmake_args': None, 'build_base': '/home/fab/ejer2_ws/build/pubsub', 'catkin_cmake_args': None, 'catkin_skip_building_tests': False, 'cmake_args': None, 'cmake_clean_cache': False, 'cmake_clean_first': False, 'cmake_force_configure': False, 'cmake_target': None, 'cmake_target_skip_unavailable': False, 'install_base': '/home/fab/ejer2_ws/install/pubsub', 'merge_install': False, 'path': '/home/fab/ejer2_ws/src/pubsub', 'symlink_install': False, 'test_result_base': None}
[0.635s] INFO:colcon.colcon_core.executor:Executing jobs using 'parallel' executor
[0.637s] DEBUG:colcon.colcon_parallel_executor.executor.parallel:run_until_complete
[0.637s] INFO:colcon.colcon_ros.task.ament_cmake.build:Building ROS package in '/home/fab/ejer2_ws/src/interfaces' with build type 'ament_cmake'
[0.638s] INFO:colcon.colcon_cmake.task.cmake.build:Building CMake package in '/home/fab/ejer2_ws/src/interfaces'
[0.641s] INFO:colcon.colcon_core.plugin_system:Skipping extension 'colcon_core.shell.bat': Not used on non-Windows systems
[0.641s] INFO:colcon.colcon_core.shell:Skip shell extension 'powershell' for command environment: Not usable outside of PowerShell
[0.641s] DEBUG:colcon.colcon_core.shell:Skip shell extension 'dsv' for command environment
[0.646s] INFO:colcon.colcon_ros.task.ament_python.build:Building ROS package in '/home/fab/ejer2_ws/src/pubsub' with build type 'ament_python'
[0.647s] Level 1:colcon.colcon_core.shell:create_environment_hook('pubsub', 'ament_prefix_path')
[0.648s] INFO:colcon.colcon_core.shell:Creating environment hook '/home/fab/ejer2_ws/install/pubsub/share/pubsub/hook/ament_prefix_path.ps1'
[0.650s] INFO:colcon.colcon_core.shell:Creating environment descriptor '/home/fab/ejer2_ws/install/pubsub/share/pubsub/hook/ament_prefix_path.dsv'
[0.651s] INFO:colcon.colcon_core.shell:Creating environment hook '/home/fab/ejer2_ws/install/pubsub/share/pubsub/hook/ament_prefix_path.sh'
[0.653s] INFO:colcon.colcon_core.shell:Skip shell extension 'powershell' for command environment: Not usable outside of PowerShell
[0.653s] DEBUG:colcon.colcon_core.shell:Skip shell extension 'dsv' for command environment
[0.669s] DEBUG:colcon.colcon_core.event_handler.log_command:Invoking command in '/home/fab/ejer2_ws/build/interfaces': CMAKE_PREFIX_PATH=${CMAKE_PREFIX_PATH}:/home/fab/ejer2_ws/install/pubsub:/opt/ros/humble /usr/bin/cmake --build /home/fab/ejer2_ws/build/interfaces -- -j4 -l4
[1.389s] INFO:colcon.colcon_core.task.python.build:Building Python package in '/home/fab/ejer2_ws/src/pubsub'
[1.390s] INFO:colcon.colcon_core.shell:Skip shell extension 'powershell' for command environment: Not usable outside of PowerShell
[1.390s] DEBUG:colcon.colcon_core.shell:Skip shell extension 'dsv' for command environment
[1.618s] DEBUG:colcon.colcon_core.event_handler.log_command:Invoked command in '/home/fab/ejer2_ws/build/interfaces' returned '0': CMAKE_PREFIX_PATH=${CMAKE_PREFIX_PATH}:/home/fab/ejer2_ws/install/pubsub:/opt/ros/humble /usr/bin/cmake --build /home/fab/ejer2_ws/build/interfaces -- -j4 -l4
[1.637s] DEBUG:colcon.colcon_core.event_handler.log_command:Invoking command in '/home/fab/ejer2_ws/build/interfaces': CMAKE_PREFIX_PATH=${CMAKE_PREFIX_PATH}:/home/fab/ejer2_ws/install/pubsub:/opt/ros/humble /usr/bin/cmake --install /home/fab/ejer2_ws/build/interfaces
[1.774s] Level 1:colcon.colcon_core.environment:create_environment_scripts_only(interfaces)
[1.775s] DEBUG:colcon.colcon_core.event_handler.log_command:Invoked command in '/home/fab/ejer2_ws/build/interfaces' returned '0': CMAKE_PREFIX_PATH=${CMAKE_PREFIX_PATH}:/home/fab/ejer2_ws/install/pubsub:/opt/ros/humble /usr/bin/cmake --install /home/fab/ejer2_ws/build/interfaces
[1.778s] Level 1:colcon.colcon_core.environment:checking '/home/fab/ejer2_ws/install/interfaces' for CMake module files
[1.780s] Level 1:colcon.colcon_core.environment:checking '/home/fab/ejer2_ws/install/interfaces' for CMake config files
[1.781s] Level 1:colcon.colcon_core.shell:create_environment_hook('interfaces', 'cmake_prefix_path')
[1.782s] INFO:colcon.colcon_core.shell:Creating environment hook '/home/fab/ejer2_ws/install/interfaces/share/interfaces/hook/cmake_prefix_path.ps1'
[1.783s] INFO:colcon.colcon_core.shell:Creating environment descriptor '/home/fab/ejer2_ws/install/interfaces/share/interfaces/hook/cmake_prefix_path.dsv'
[1.783s] INFO:colcon.colcon_core.shell:Creating environment hook '/home/fab/ejer2_ws/install/interfaces/share/interfaces/hook/cmake_prefix_path.sh'
[1.785s] Level 1:colcon.colcon_core.environment:checking '/home/fab/ejer2_ws/install/interfaces/lib'
[1.785s] Level 1:colcon.colcon_core.shell:create_environment_hook('interfaces', 'ld_library_path_lib')
[1.785s] INFO:colcon.colcon_core.shell:Creating environment hook '/home/fab/ejer2_ws/install/interfaces/share/interfaces/hook/ld_library_path_lib.ps1'
[1.788s] INFO:colcon.colcon_core.shell:Creating environment descriptor '/home/fab/ejer2_ws/install/interfaces/share/interfaces/hook/ld_library_path_lib.dsv'
[1.789s] INFO:colcon.colcon_core.shell:Creating environment hook '/home/fab/ejer2_ws/install/interfaces/share/interfaces/hook/ld_library_path_lib.sh'
[1.790s] Level 1:colcon.colcon_core.environment:checking '/home/fab/ejer2_ws/install/interfaces/bin'
[1.791s] Level 1:colcon.colcon_core.environment:checking '/home/fab/ejer2_ws/install/interfaces/lib/pkgconfig/interfaces.pc'
[1.791s] Level 1:colcon.colcon_core.environment:checking '/home/fab/ejer2_ws/install/interfaces/lib/python3.10/site-packages'
[1.792s] Level 1:colcon.colcon_core.environment:checking '/home/fab/ejer2_ws/install/interfaces/bin'
[1.793s] INFO:colcon.colcon_core.shell:Creating package script '/home/fab/ejer2_ws/install/interfaces/share/interfaces/package.ps1'
[1.795s] INFO:colcon.colcon_core.shell:Creating package descriptor '/home/fab/ejer2_ws/install/interfaces/share/interfaces/package.dsv'
[1.796s] INFO:colcon.colcon_core.shell:Creating package script '/home/fab/ejer2_ws/install/interfaces/share/interfaces/package.sh'
[1.797s] INFO:colcon.colcon_core.shell:Creating package script '/home/fab/ejer2_ws/install/interfaces/share/interfaces/package.bash'
[1.798s] INFO:colcon.colcon_core.shell:Creating package script '/home/fab/ejer2_ws/install/interfaces/share/interfaces/package.zsh'
[1.799s] Level 1:colcon.colcon_core.environment:create_file_with_runtime_dependencies(/home/fab/ejer2_ws/install/interfaces/share/colcon-core/packages/interfaces)
[1.800s] Level 1:colcon.colcon_core.environment:create_environment_scripts_only(interfaces)
[1.801s] Level 1:colcon.colcon_core.environment:checking '/home/fab/ejer2_ws/install/interfaces' for CMake module files
[1.802s] Level 1:colcon.colcon_core.environment:checking '/home/fab/ejer2_ws/install/interfaces' for CMake config files
[1.803s] Level 1:colcon.colcon_core.shell:create_environment_hook('interfaces', 'cmake_prefix_path')
[1.804s] INFO:colcon.colcon_core.shell:Creating environment hook '/home/fab/ejer2_ws/install/interfaces/share/interfaces/hook/cmake_prefix_path.ps1'
[1.805s] INFO:colcon.colcon_core.shell:Creating environment descriptor '/home/fab/ejer2_ws/install/interfaces/share/interfaces/hook/cmake_prefix_path.dsv'
[1.806s] INFO:colcon.colcon_core.shell:Creating environment hook '/home/fab/ejer2_ws/install/interfaces/share/interfaces/hook/cmake_prefix_path.sh'
[1.806s] Level 1:colcon.colcon_core.environment:checking '/home/fab/ejer2_ws/install/interfaces/lib'
[1.807s] Level 1:colcon.colcon_core.shell:create_environment_hook('interfaces', 'ld_library_path_lib')
[1.807s] INFO:colcon.colcon_core.shell:Creating environment hook '/home/fab/ejer2_ws/install/interfaces/share/interfaces/hook/ld_library_path_lib.ps1'
[1.808s] INFO:colcon.colcon_core.shell:Creating environment descriptor '/home/fab/ejer2_ws/install/interfaces/share/interfaces/hook/ld_library_path_lib.dsv'
[1.808s] INFO:colcon.colcon_core.shell:Creating environment hook '/home/fab/ejer2_ws/install/interfaces/share/interfaces/hook/ld_library_path_lib.sh'
[1.809s] Level 1:colcon.colcon_core.environment:checking '/home/fab/ejer2_ws/install/interfaces/bin'
[1.809s] Level 1:colcon.colcon_core.environment:checking '/home/fab/ejer2_ws/install/interfaces/lib/pkgconfig/interfaces.pc'
[1.810s] Level 1:colcon.colcon_core.environment:checking '/home/fab/ejer2_ws/install/interfaces/lib/python3.10/site-packages'
[1.810s] Level 1:colcon.colcon_core.environment:checking '/home/fab/ejer2_ws/install/interfaces/bin'
[1.811s] INFO:colcon.colcon_core.shell:Creating package script '/home/fab/ejer2_ws/install/interfaces/share/interfaces/package.ps1'
[1.812s] INFO:colcon.colcon_core.shell:Creating package descriptor '/home/fab/ejer2_ws/install/interfaces/share/interfaces/package.dsv'
[1.813s] INFO:colcon.colcon_core.shell:Creating package script '/home/fab/ejer2_ws/install/interfaces/share/interfaces/package.sh'
[1.815s] INFO:colcon.colcon_core.shell:Creating package script '/home/fab/ejer2_ws/install/interfaces/share/interfaces/package.bash'
[1.816s] INFO:colcon.colcon_core.shell:Creating package script '/home/fab/ejer2_ws/install/interfaces/share/interfaces/package.zsh'
[1.817s] Level 1:colcon.colcon_core.environment:create_file_with_runtime_dependencies(/home/fab/ejer2_ws/install/interfaces/share/colcon-core/packages/interfaces)
[2.107s] DEBUG:colcon.colcon_core.event_handler.log_command:Invoking command in '/home/fab/ejer2_ws/src/pubsub': PYTHONPATH=/home/fab/ejer2_ws/build/pubsub/prefix_override:/usr/lib/python3/dist-packages/colcon_core/task/python/colcon_distutils_commands:/home/fab/ejer2_ws/install/pubsub/lib/python3.10/site-packages:${PYTHONPATH} /usr/bin/python3 -W ignore:setup.py install is deprecated -W ignore:easy_install command is deprecated setup.py egg_info --egg-base ../../build/pubsub build --build-base /home/fab/ejer2_ws/build/pubsub/build install --record /home/fab/ejer2_ws/build/pubsub/install.log --single-version-externally-managed install_data
[2.636s] Level 1:colcon.colcon_core.environment:checking '/home/fab/ejer2_ws/install/pubsub' for CMake module files
[2.637s] DEBUG:colcon.colcon_core.event_handler.log_command:Invoked command in '/home/fab/ejer2_ws/src/pubsub' returned '0': PYTHONPATH=/home/fab/ejer2_ws/build/pubsub/prefix_override:/usr/lib/python3/dist-packages/colcon_core/task/python/colcon_distutils_commands:/home/fab/ejer2_ws/install/pubsub/lib/python3.10/site-packages:${PYTHONPATH} /usr/bin/python3 -W ignore:setup.py install is deprecated -W ignore:easy_install command is deprecated setup.py egg_info --egg-base ../../build/pubsub build --build-base /home/fab/ejer2_ws/build/pubsub/build install --record /home/fab/ejer2_ws/build/pubsub/install.log --single-version-externally-managed install_data
[2.638s] Level 1:colcon.colcon_core.environment:checking '/home/fab/ejer2_ws/install/pubsub' for CMake config files
[2.639s] Level 1:colcon.colcon_core.environment:checking '/home/fab/ejer2_ws/install/pubsub/lib'
[2.639s] Level 1:colcon.colcon_core.environment:checking '/home/fab/ejer2_ws/install/pubsub/bin'
[2.639s] Level 1:colcon.colcon_core.environment:checking '/home/fab/ejer2_ws/install/pubsub/lib/pkgconfig/pubsub.pc'
[2.640s] Level 1:colcon.colcon_core.environment:checking '/home/fab/ejer2_ws/install/pubsub/lib/python3.10/site-packages'
[2.640s] Level 1:colcon.colcon_core.shell:create_environment_hook('pubsub', 'pythonpath')
[2.641s] INFO:colcon.colcon_core.shell:Creating environment hook '/home/fab/ejer2_ws/install/pubsub/share/pubsub/hook/pythonpath.ps1'
[2.642s] INFO:colcon.colcon_core.shell:Creating environment descriptor '/home/fab/ejer2_ws/install/pubsub/share/pubsub/hook/pythonpath.dsv'
[2.642s] INFO:colcon.colcon_core.shell:Creating environment hook '/home/fab/ejer2_ws/install/pubsub/share/pubsub/hook/pythonpath.sh'
[2.644s] Level 1:colcon.colcon_core.environment:checking '/home/fab/ejer2_ws/install/pubsub/bin'
[2.645s] Level 1:colcon.colcon_core.environment:create_environment_scripts_only(pubsub)
[2.646s] INFO:colcon.colcon_core.shell:Creating package script '/home/fab/ejer2_ws/install/pubsub/share/pubsub/package.ps1'
[2.647s] INFO:colcon.colcon_core.shell:Creating package descriptor '/home/fab/ejer2_ws/install/pubsub/share/pubsub/package.dsv'
[2.649s] INFO:colcon.colcon_core.shell:Creating package script '/home/fab/ejer2_ws/install/pubsub/share/pubsub/package.sh'
[2.651s] INFO:colcon.colcon_core.shell:Creating package script '/home/fab/ejer2_ws/install/pubsub/share/pubsub/package.bash'
[2.652s] INFO:colcon.colcon_core.shell:Creating package script '/home/fab/ejer2_ws/install/pubsub/share/pubsub/package.zsh'
[2.653s] Level 1:colcon.colcon_core.environment:create_file_with_runtime_dependencies(/home/fab/ejer2_ws/install/pubsub/share/colcon-core/packages/pubsub)
[2.653s] DEBUG:colcon.colcon_parallel_executor.executor.parallel:closing loop
[2.654s] DEBUG:colcon.colcon_parallel_executor.executor.parallel:loop closed
[2.655s] DEBUG:colcon.colcon_parallel_executor.executor.parallel:run_until_complete finished with '0'
[2.655s] DEBUG:colcon.colcon_core.event_reactor:joining thread
[2.663s] INFO:colcon.colcon_core.plugin_system:Skipping extension 'colcon_notification.desktop_notification.terminal_notifier': Not used on non-Darwin systems
[2.663s] INFO:colcon.colcon_core.plugin_system:Skipping extension 'colcon_notification.desktop_notification.win32': Not used on non-Windows systems
[2.663s] INFO:colcon.colcon_notification.desktop_notification:Sending desktop notification using 'notify2'
[2.690s] DEBUG:colcon.colcon_core.event_reactor:joined thread
[2.691s] INFO:colcon.colcon_core.shell:Creating prefix script '/home/fab/ejer2_ws/install/local_setup.ps1'
[2.695s] INFO:colcon.colcon_core.shell:Creating prefix util module '/home/fab/ejer2_ws/install/_local_setup_util_ps1.py'
[2.698s] INFO:colcon.colcon_core.shell:Creating prefix chain script '/home/fab/ejer2_ws/install/setup.ps1'
[2.704s] INFO:colcon.colcon_core.shell:Creating prefix script '/home/fab/ejer2_ws/install/local_setup.sh'
[2.705s] INFO:colcon.colcon_core.shell:Creating prefix util module '/home/fab/ejer2_ws/install/_local_setup_util_sh.py'
[2.707s] INFO:colcon.colcon_core.shell:Creating prefix chain script '/home/fab/ejer2_ws/install/setup.sh'
[2.709s] INFO:colcon.colcon_core.shell:Creating prefix script '/home/fab/ejer2_ws/install/local_setup.bash'
[2.709s] INFO:colcon.colcon_core.shell:Creating prefix chain script '/home/fab/ejer2_ws/install/setup.bash'
[2.714s] INFO:colcon.colcon_core.shell:Creating prefix script '/home/fab/ejer2_ws/install/local_setup.zsh'
[2.715s] INFO:colcon.colcon_core.shell:Creating prefix chain script '/home/fab/ejer2_ws/install/setup.zsh'
