running develop
running egg_info
creating py_examples.egg-info
writing py_examples.egg-info/PKG-INFO
writing dependency_links to py_examples.egg-info/dependency_links.txt
writing entry points to py_examples.egg-info/entry_points.txt
writing requirements to py_examples.egg-info/requires.txt
writing top-level names to py_examples.egg-info/top_level.txt
writing manifest file 'py_examples.egg-info/SOURCES.txt'
reading manifest file 'py_examples.egg-info/SOURCES.txt'
writing manifest file 'py_examples.egg-info/SOURCES.txt'
running build_ext
Creating /home/cossio/ejer1_ws/install/py_examples/lib/python3.10/site-packages/py-examples.egg-link (link to .)
Installing client script to /home/cossio/ejer1_ws/install/py_examples/lib/py_examples
Installing pos_client script to /home/cossio/ejer1_ws/install/py_examples/lib/py_examples
Installing pos_server script to /home/cossio/ejer1_ws/install/py_examples/lib/py_examples
Installing publipy script to /home/cossio/ejer1_ws/install/py_examples/lib/py_examples
Installing server script to /home/cossio/ejer1_ws/install/py_examples/lib/py_examples
Installing subpy script to /home/cossio/ejer1_ws/install/py_examples/lib/py_examples

Installed /home/cossio/ejer1_ws/build/py_examples
running symlink_data
creating /home/cossio/ejer1_ws/install/py_examples/share/ament_index
creating /home/cossio/ejer1_ws/install/py_examples/share/ament_index/resource_index
creating /home/cossio/ejer1_ws/install/py_examples/share/ament_index/resource_index/packages
symbolically linking /home/cossio/ejer1_ws/build/py_examples/resource/py_examples -> /home/cossio/ejer1_ws/install/py_examples/share/ament_index/resource_index/packages
symbolically linking /home/cossio/ejer1_ws/build/py_examples/package.xml -> /home/cossio/ejer1_ws/install/py_examples/share/py_examples
creating /home/cossio/ejer1_ws/install/py_examples/share/py_examples/launch
symbolically linking /home/cossio/ejer1_ws/build/py_examples/launch/py_example_launch.py -> /home/cossio/ejer1_ws/install/py_examples/share/py_examples/launch
