[0.160s] DEBUG:colcon:Command line arguments: ['/usr/bin/colcon', 'build']
[0.160s] DEBUG:colcon:Parsed command line arguments: Namespace(log_base=None, log_level=None, verb_name='build', build_base='build', install_base='install', merge_install=False, symlink_install=False, test_result_base=None, continue_on_error=False, executor='parallel', parallel_workers=4, event_handlers=None, ignore_user_meta=False, metas=['./colcon.meta'], base_paths=['.'], packages_ignore=None, packages_ignore_regex=None, paths=None, packages_up_to=None, packages_up_to_regex=None, packages_above=None, packages_above_and_dependencies=None, packages_above_depth=None, packages_select_by_dep=None, packages_skip_by_dep=None, packages_skip_up_to=None, packages_select_build_failed=False, packages_skip_build_finished=False, packages_select_test_failures=False, packages_skip_test_passed=False, packages_select=None, packages_skip=None, packages_select_regex=None, packages_skip_regex=None, packages_start=None, packages_end=None, allow_overriding=[], cmake_args=None, cmake_target=None, cmake_target_skip_unavailable=False, cmake_clean_cache=False, cmake_clean_first=False, cmake_force_configure=False, ament_cmake_args=None, catkin_cmake_args=None, catkin_skip_building_tests=False, mixin_files=None, mixin=None, verb_parser=<colcon_mixin.mixin.mixin_argument.MixinArgumentDecorator object at 0x740cbe751660>, verb_extension=<colcon_core.verb.build.BuildVerb object at 0x740cbe8cad10>, main=<bound method BuildVerb.main of <colcon_core.verb.build.BuildVerb object at 0x740cbe8cad10>>, mixin_verb=('build',))
[0.414s] Level 1:colcon.colcon_core.package_discovery:discover_packages(colcon_meta) check parameters
[0.415s] Level 1:colcon.colcon_core.package_discovery:discover_packages(recursive) check parameters
[0.415s] Level 1:colcon.colcon_core.package_discovery:discover_packages(ignore) check parameters
[0.415s] Level 1:colcon.colcon_core.package_discovery:discover_packages(path) check parameters
[0.415s] Level 1:colcon.colcon_core.package_discovery:discover_packages(colcon_meta) discover
[0.415s] Level 1:colcon.colcon_core.package_discovery:discover_packages(recursive) discover
[0.415s] INFO:colcon.colcon_core.package_discovery:Crawling recursively for packages in '/home/fab/ejer2_ws'
[0.415s] Level 1:colcon.colcon_core.package_identification:_identify(.) by extensions ['ignore', 'ignore_ament_install']
[0.415s] Level 1:colcon.colcon_core.package_identification:_identify(.) by extension 'ignore'
[0.415s] Level 1:colcon.colcon_core.package_identification:_identify(.) by extension 'ignore_ament_install'
[0.415s] Level 1:colcon.colcon_core.package_identification:_identify(.) by extensions ['colcon_pkg']
[0.415s] Level 1:colcon.colcon_core.package_identification:_identify(.) by extension 'colcon_pkg'
[0.416s] Level 1:colcon.colcon_core.package_identification:_identify(.) by extensions ['colcon_meta']
[0.416s] Level 1:colcon.colcon_core.package_identification:_identify(.) by extension 'colcon_meta'
[0.416s] Level 1:colcon.colcon_core.package_identification:_identify(.) by extensions ['ros']
[0.416s] Level 1:colcon.colcon_core.package_identification:_identify(.) by extension 'ros'
[0.432s] Level 1:colcon.colcon_core.package_identification:_identify(.) by extensions ['cmake', 'python']
[0.432s] Level 1:colcon.colcon_core.package_identification:_identify(.) by extension 'cmake'
[0.432s] Level 1:colcon.colcon_core.package_identification:_identify(.) by extension 'python'
[0.432s] Level 1:colcon.colcon_core.package_identification:_identify(.) by extensions ['python_setup_py']
[0.432s] Level 1:colcon.colcon_core.package_identification:_identify(.) by extension 'python_setup_py'
[0.432s] Level 1:colcon.colcon_core.package_identification:_identify(build) by extensions ['ignore', 'ignore_ament_install']
[0.433s] Level 1:colcon.colcon_core.package_identification:_identify(build) by extension 'ignore'
[0.433s] Level 1:colcon.colcon_core.package_identification:_identify(build) ignored
[0.433s] Level 1:colcon.colcon_core.package_identification:_identify(install) by extensions ['ignore', 'ignore_ament_install']
[0.433s] Level 1:colcon.colcon_core.package_identification:_identify(install) by extension 'ignore'
[0.433s] Level 1:colcon.colcon_core.package_identification:_identify(install) ignored
[0.433s] Level 1:colcon.colcon_core.package_identification:_identify(log) by extensions ['ignore', 'ignore_ament_install']
[0.433s] Level 1:colcon.colcon_core.package_identification:_identify(log) by extension 'ignore'
[0.433s] Level 1:colcon.colcon_core.package_identification:_identify(log) ignored
[0.434s] Level 1:colcon.colcon_core.package_identification:_identify(src) by extensions ['ignore', 'ignore_ament_install']
[0.434s] Level 1:colcon.colcon_core.package_identification:_identify(src) by extension 'ignore'
[0.434s] Level 1:colcon.colcon_core.package_identification:_identify(src) by extension 'ignore_ament_install'
[0.434s] Level 1:colcon.colcon_core.package_identification:_identify(src) by extensions ['colcon_pkg']
[0.434s] Level 1:colcon.colcon_core.package_identification:_identify(src) by extension 'colcon_pkg'
[0.434s] Level 1:colcon.colcon_core.package_identification:_identify(src) by extensions ['colcon_meta']
[0.434s] Level 1:colcon.colcon_core.package_identification:_identify(src) by extension 'colcon_meta'
[0.434s] Level 1:colcon.colcon_core.package_identification:_identify(src) by extensions ['ros']
[0.434s] Level 1:colcon.colcon_core.package_identification:_identify(src) by extension 'ros'
[0.434s] Level 1:colcon.colcon_core.package_identification:_identify(src) by extensions ['cmake', 'python']
[0.434s] Level 1:colcon.colcon_core.package_identification:_identify(src) by extension 'cmake'
[0.434s] Level 1:colcon.colcon_core.package_identification:_identify(src) by extension 'python'
[0.434s] Level 1:colcon.colcon_core.package_identification:_identify(src) by extensions ['python_setup_py']
[0.435s] Level 1:colcon.colcon_core.package_identification:_identify(src) by extension 'python_setup_py'
[0.435s] Level 1:colcon.colcon_core.package_identification:_identify(src/interfaces) by extensions ['ignore', 'ignore_ament_install']
[0.435s] Level 1:colcon.colcon_core.package_identification:_identify(src/interfaces) by extension 'ignore'
[0.435s] Level 1:colcon.colcon_core.package_identification:_identify(src/interfaces) by extension 'ignore_ament_install'
[0.435s] Level 1:colcon.colcon_core.package_identification:_identify(src/interfaces) by extensions ['colcon_pkg']
[0.435s] Level 1:colcon.colcon_core.package_identification:_identify(src/interfaces) by extension 'colcon_pkg'
[0.435s] Level 1:colcon.colcon_core.package_identification:_identify(src/interfaces) by extensions ['colcon_meta']
[0.435s] Level 1:colcon.colcon_core.package_identification:_identify(src/interfaces) by extension 'colcon_meta'
[0.435s] Level 1:colcon.colcon_core.package_identification:_identify(src/interfaces) by extensions ['ros']
[0.435s] Level 1:colcon.colcon_core.package_identification:_identify(src/interfaces) by extension 'ros'
[0.439s] DEBUG:colcon.colcon_core.package_identification:Package 'src/interfaces' with type 'ros.ament_cmake' and name 'interfaces'
[0.439s] Level 1:colcon.colcon_core.package_identification:_identify(src/pubsub) by extensions ['ignore', 'ignore_ament_install']
[0.439s] Level 1:colcon.colcon_core.package_identification:_identify(src/pubsub) by extension 'ignore'
[0.439s] Level 1:colcon.colcon_core.package_identification:_identify(src/pubsub) by extension 'ignore_ament_install'
[0.439s] Level 1:colcon.colcon_core.package_identification:_identify(src/pubsub) by extensions ['colcon_pkg']
[0.440s] Level 1:colcon.colcon_core.package_identification:_identify(src/pubsub) by extension 'colcon_pkg'
[0.440s] Level 1:colcon.colcon_core.package_identification:_identify(src/pubsub) by extensions ['colcon_meta']
[0.440s] Level 1:colcon.colcon_core.package_identification:_identify(src/pubsub) by extension 'colcon_meta'
[0.440s] Level 1:colcon.colcon_core.package_identification:_identify(src/pubsub) by extensions ['ros']
[0.440s] Level 1:colcon.colcon_core.package_identification:_identify(src/pubsub) by extension 'ros'
[0.441s] DEBUG:colcon.colcon_core.package_identification:Package 'src/pubsub' with type 'ros.ament_python' and name 'pubsub'
[0.441s] Level 1:colcon.colcon_core.package_discovery:discover_packages(recursive) using defaults
[0.441s] Level 1:colcon.colcon_core.package_discovery:discover_packages(ignore) discover
[0.441s] Level 1:colcon.colcon_core.package_discovery:discover_packages(ignore) using defaults
[0.441s] Level 1:colcon.colcon_core.package_discovery:discover_packages(path) discover
[0.441s] Level 1:colcon.colcon_core.package_discovery:discover_packages(path) using defaults
[0.486s] Level 1:colcon.colcon_core.package_discovery:discover_packages(prefix_path) check parameters
[0.486s] Level 1:colcon.colcon_core.package_discovery:discover_packages(prefix_path) discover
[0.490s] DEBUG:colcon.colcon_installed_package_information.package_discovery:Found 2 installed packages in /home/fab/ejer2_ws/install
[0.492s] DEBUG:colcon.colcon_installed_package_information.package_discovery:Found 271 installed packages in /opt/ros/humble
[0.495s] Level 1:colcon.colcon_core.package_discovery:discover_packages(prefix_path) using defaults
[0.558s] Level 5:colcon.colcon_core.verb:set package 'interfaces' build argument 'cmake_args' from command line to 'None'
[0.558s] Level 5:colcon.colcon_core.verb:set package 'interfaces' build argument 'cmake_target' from command line to 'None'
[0.558s] Level 5:colcon.colcon_core.verb:set package 'interfaces' build argument 'cmake_target_skip_unavailable' from command line to 'False'
[0.558s] Level 5:colcon.colcon_core.verb:set package 'interfaces' build argument 'cmake_clean_cache' from command line to 'False'
[0.558s] Level 5:colcon.colcon_core.verb:set package 'interfaces' build argument 'cmake_clean_first' from command line to 'False'
[0.558s] Level 5:colcon.colcon_core.verb:set package 'interfaces' build argument 'cmake_force_configure' from command line to 'False'
[0.558s] Level 5:colcon.colcon_core.verb:set package 'interfaces' build argument 'ament_cmake_args' from command line to 'None'
[0.558s] Level 5:colcon.colcon_core.verb:set package 'interfaces' build argument 'catkin_cmake_args' from command line to 'None'
[0.558s] Level 5:colcon.colcon_core.verb:set package 'interfaces' build argument 'catkin_skip_building_tests' from command line to 'False'
[0.558s] DEBUG:colcon.colcon_core.verb:Building package 'interfaces' with the following arguments: {'ament_cmake_args': None, 'build_base': '/home/fab/ejer2_ws/build/interfaces', 'catkin_cmake_args': None, 'catkin_skip_building_tests': False, 'cmake_args': None, 'cmake_clean_cache': False, 'cmake_clean_first': False, 'cmake_force_configure': False, 'cmake_target': None, 'cmake_target_skip_unavailable': False, 'install_base': '/home/fab/ejer2_ws/install/interfaces', 'merge_install': False, 'path': '/home/fab/ejer2_ws/src/interfaces', 'symlink_install': False, 'test_result_base': None}
[0.559s] Level 5:colcon.colcon_core.verb:set package 'pubsub' build argument 'cmake_args' from command line to 'None'
[0.559s] Level 5:colcon.colcon_core.verb:set package 'pubsub' build argument 'cmake_target' from command line to 'None'
[0.559s] Level 5:colcon.colcon_core.verb:set package 'pubsub' build argument 'cmake_target_skip_unavailable' from command line to 'False'
[0.559s] Level 5:colcon.colcon_core.verb:set package 'pubsub' build argument 'cmake_clean_cache' from command line to 'False'
[0.559s] Level 5:colcon.colcon_core.verb:set package 'pubsub' build argument 'cmake_clean_first' from command line to 'False'
[0.559s] Level 5:colcon.colcon_core.verb:set package 'pubsub' build argument 'cmake_force_configure' from command line to 'False'
[0.559s] Level 5:colcon.colcon_core.verb:set package 'pubsub' build argument 'ament_cmake_args' from command line to 'None'
[0.559s] Level 5:colcon.colcon_core.verb:set package 'pubsub' build argument 'catkin_cmake_args' from command line to 'None'
[0.559s] Level 5:colcon.colcon_core.verb:set package 'pubsub' build argument 'catkin_skip_building_tests' from command line to 'False'
[0.559s] DEBUG:colcon.colcon_core.verb:Building package 'pubsub' with the following arguments: {'ament_cmake_args': None, 'build_base': '/home/fab/ejer2_ws/build/pubsub', 'catkin_cmake_args': None, 'catkin_skip_building_tests': False, 'cmake_args': None, 'cmake_clean_cache': False, 'cmake_clean_first': False, 'cmake_force_configure': False, 'cmake_target': None, 'cmake_target_skip_unavailable': False, 'install_base': '/home/fab/ejer2_ws/install/pubsub', 'merge_install': False, 'path': '/home/fab/ejer2_ws/src/pubsub', 'symlink_install': False, 'test_result_base': None}
[0.560s] INFO:colcon.colcon_core.executor:Executing jobs using 'parallel' executor
[0.561s] DEBUG:colcon.colcon_parallel_executor.executor.parallel:run_until_complete
[0.561s] INFO:colcon.colcon_ros.task.ament_cmake.build:Building ROS package in '/home/fab/ejer2_ws/src/interfaces' with build type 'ament_cmake'
[0.562s] INFO:colcon.colcon_cmake.task.cmake.build:Building CMake package in '/home/fab/ejer2_ws/src/interfaces'
[0.565s] INFO:colcon.colcon_core.plugin_system:Skipping extension 'colcon_core.shell.bat': Not used on non-Windows systems
[0.565s] INFO:colcon.colcon_core.shell:Skip shell extension 'powershell' for command environment: Not usable outside of PowerShell
[0.565s] DEBUG:colcon.colcon_core.shell:Skip shell extension 'dsv' for command environment
[0.570s] INFO:colcon.colcon_ros.task.ament_python.build:Building ROS package in '/home/fab/ejer2_ws/src/pubsub' with build type 'ament_python'
[0.571s] Level 1:colcon.colcon_core.shell:create_environment_hook('pubsub', 'ament_prefix_path')
[0.571s] INFO:colcon.colcon_core.shell:Creating environment hook '/home/fab/ejer2_ws/install/pubsub/share/pubsub/hook/ament_prefix_path.ps1'
[0.573s] INFO:colcon.colcon_core.shell:Creating environment descriptor '/home/fab/ejer2_ws/install/pubsub/share/pubsub/hook/ament_prefix_path.dsv'
[0.574s] INFO:colcon.colcon_core.shell:Creating environment hook '/home/fab/ejer2_ws/install/pubsub/share/pubsub/hook/ament_prefix_path.sh'
[0.576s] INFO:colcon.colcon_core.shell:Skip shell extension 'powershell' for command environment: Not usable outside of PowerShell
[0.576s] DEBUG:colcon.colcon_core.shell:Skip shell extension 'dsv' for command environment
[0.591s] DEBUG:colcon.colcon_core.event_handler.log_command:Invoking command in '/home/fab/ejer2_ws/build/interfaces': CMAKE_PREFIX_PATH=${CMAKE_PREFIX_PATH}:/home/fab/ejer2_ws/install/pubsub:/opt/ros/humble /usr/bin/cmake --build /home/fab/ejer2_ws/build/interfaces -- -j4 -l4
[1.075s] INFO:colcon.colcon_core.task.python.build:Building Python package in '/home/fab/ejer2_ws/src/pubsub'
[1.076s] INFO:colcon.colcon_core.shell:Skip shell extension 'powershell' for command environment: Not usable outside of PowerShell
[1.076s] DEBUG:colcon.colcon_core.shell:Skip shell extension 'dsv' for command environment
[1.676s] DEBUG:colcon.colcon_core.event_handler.log_command:Invoking command in '/home/fab/ejer2_ws/src/pubsub': PYTHONPATH=/home/fab/ejer2_ws/build/pubsub/prefix_override:/usr/lib/python3/dist-packages/colcon_core/task/python/colcon_distutils_commands:/home/fab/ejer2_ws/install/pubsub/lib/python3.10/site-packages:${PYTHONPATH} /usr/bin/python3 -W ignore:setup.py install is deprecated -W ignore:easy_install command is deprecated setup.py egg_info --egg-base ../../build/pubsub build --build-base /home/fab/ejer2_ws/build/pubsub/build install --record /home/fab/ejer2_ws/build/pubsub/install.log --single-version-externally-managed install_data
[2.232s] DEBUG:colcon.colcon_core.event_handler.log_command:Invoked command in '/home/fab/ejer2_ws/src/pubsub' returned '0': PYTHONPATH=/home/fab/ejer2_ws/build/pubsub/prefix_override:/usr/lib/python3/dist-packages/colcon_core/task/python/colcon_distutils_commands:/home/fab/ejer2_ws/install/pubsub/lib/python3.10/site-packages:${PYTHONPATH} /usr/bin/python3 -W ignore:setup.py install is deprecated -W ignore:easy_install command is deprecated setup.py egg_info --egg-base ../../build/pubsub build --build-base /home/fab/ejer2_ws/build/pubsub/build install --record /home/fab/ejer2_ws/build/pubsub/install.log --single-version-externally-managed install_data
[2.237s] Level 1:colcon.colcon_core.environment:checking '/home/fab/ejer2_ws/install/pubsub' for CMake module files
[2.238s] Level 1:colcon.colcon_core.environment:checking '/home/fab/ejer2_ws/install/pubsub' for CMake config files
[2.240s] Level 1:colcon.colcon_core.environment:checking '/home/fab/ejer2_ws/install/pubsub/lib'
[2.240s] Level 1:colcon.colcon_core.environment:checking '/home/fab/ejer2_ws/install/pubsub/bin'
[2.240s] Level 1:colcon.colcon_core.environment:checking '/home/fab/ejer2_ws/install/pubsub/lib/pkgconfig/pubsub.pc'
[2.241s] Level 1:colcon.colcon_core.environment:checking '/home/fab/ejer2_ws/install/pubsub/lib/python3.10/site-packages'
[2.241s] Level 1:colcon.colcon_core.shell:create_environment_hook('pubsub', 'pythonpath')
[2.241s] INFO:colcon.colcon_core.shell:Creating environment hook '/home/fab/ejer2_ws/install/pubsub/share/pubsub/hook/pythonpath.ps1'
[2.242s] INFO:colcon.colcon_core.shell:Creating environment descriptor '/home/fab/ejer2_ws/install/pubsub/share/pubsub/hook/pythonpath.dsv'
[2.243s] INFO:colcon.colcon_core.shell:Creating environment hook '/home/fab/ejer2_ws/install/pubsub/share/pubsub/hook/pythonpath.sh'
[2.245s] Level 1:colcon.colcon_core.environment:checking '/home/fab/ejer2_ws/install/pubsub/bin'
[2.245s] Level 1:colcon.colcon_core.environment:create_environment_scripts_only(pubsub)
[2.246s] INFO:colcon.colcon_core.shell:Creating package script '/home/fab/ejer2_ws/install/pubsub/share/pubsub/package.ps1'
[2.248s] INFO:colcon.colcon_core.shell:Creating package descriptor '/home/fab/ejer2_ws/install/pubsub/share/pubsub/package.dsv'
[2.249s] INFO:colcon.colcon_core.shell:Creating package script '/home/fab/ejer2_ws/install/pubsub/share/pubsub/package.sh'
[2.251s] INFO:colcon.colcon_core.shell:Creating package script '/home/fab/ejer2_ws/install/pubsub/share/pubsub/package.bash'
[2.253s] INFO:colcon.colcon_core.shell:Creating package script '/home/fab/ejer2_ws/install/pubsub/share/pubsub/package.zsh'
[2.254s] Level 1:colcon.colcon_core.environment:create_file_with_runtime_dependencies(/home/fab/ejer2_ws/install/pubsub/share/colcon-core/packages/pubsub)
[6.302s] DEBUG:colcon.colcon_core.event_handler.log_command:Invoked command in '/home/fab/ejer2_ws/build/interfaces' returned '0': CMAKE_PREFIX_PATH=${CMAKE_PREFIX_PATH}:/home/fab/ejer2_ws/install/pubsub:/opt/ros/humble /usr/bin/cmake --build /home/fab/ejer2_ws/build/interfaces -- -j4 -l4
[6.317s] DEBUG:colcon.colcon_core.event_handler.log_command:Invoking command in '/home/fab/ejer2_ws/build/interfaces': CMAKE_PREFIX_PATH=${CMAKE_PREFIX_PATH}:/home/fab/ejer2_ws/install/pubsub:/opt/ros/humble /usr/bin/cmake --install /home/fab/ejer2_ws/build/interfaces
[6.422s] Level 1:colcon.colcon_core.environment:create_environment_scripts_only(interfaces)
[6.423s] Level 1:colcon.colcon_core.environment:checking '/home/fab/ejer2_ws/install/interfaces' for CMake module files
[6.424s] DEBUG:colcon.colcon_core.event_handler.log_command:Invoked command in '/home/fab/ejer2_ws/build/interfaces' returned '0': CMAKE_PREFIX_PATH=${CMAKE_PREFIX_PATH}:/home/fab/ejer2_ws/install/pubsub:/opt/ros/humble /usr/bin/cmake --install /home/fab/ejer2_ws/build/interfaces
[6.425s] Level 1:colcon.colcon_core.environment:checking '/home/fab/ejer2_ws/install/interfaces' for CMake config files
[6.426s] Level 1:colcon.colcon_core.shell:create_environment_hook('interfaces', 'cmake_prefix_path')
[6.426s] INFO:colcon.colcon_core.shell:Creating environment hook '/home/fab/ejer2_ws/install/interfaces/share/interfaces/hook/cmake_prefix_path.ps1'
[6.427s] INFO:colcon.colcon_core.shell:Creating environment descriptor '/home/fab/ejer2_ws/install/interfaces/share/interfaces/hook/cmake_prefix_path.dsv'
[6.428s] INFO:colcon.colcon_core.shell:Creating environment hook '/home/fab/ejer2_ws/install/interfaces/share/interfaces/hook/cmake_prefix_path.sh'
[6.429s] Level 1:colcon.colcon_core.environment:checking '/home/fab/ejer2_ws/install/interfaces/lib'
[6.429s] Level 1:colcon.colcon_core.shell:create_environment_hook('interfaces', 'ld_library_path_lib')
[6.430s] INFO:colcon.colcon_core.shell:Creating environment hook '/home/fab/ejer2_ws/install/interfaces/share/interfaces/hook/ld_library_path_lib.ps1'
[6.431s] INFO:colcon.colcon_core.shell:Creating environment descriptor '/home/fab/ejer2_ws/install/interfaces/share/interfaces/hook/ld_library_path_lib.dsv'
[6.432s] INFO:colcon.colcon_core.shell:Creating environment hook '/home/fab/ejer2_ws/install/interfaces/share/interfaces/hook/ld_library_path_lib.sh'
[6.433s] Level 1:colcon.colcon_core.environment:checking '/home/fab/ejer2_ws/install/interfaces/bin'
[6.433s] Level 1:colcon.colcon_core.environment:checking '/home/fab/ejer2_ws/install/interfaces/lib/pkgconfig/interfaces.pc'
[6.433s] Level 1:colcon.colcon_core.environment:checking '/home/fab/ejer2_ws/install/interfaces/lib/python3.10/site-packages'
[6.434s] Level 1:colcon.colcon_core.environment:checking '/home/fab/ejer2_ws/install/interfaces/bin'
[6.435s] INFO:colcon.colcon_core.shell:Creating package script '/home/fab/ejer2_ws/install/interfaces/share/interfaces/package.ps1'
[6.436s] INFO:colcon.colcon_core.shell:Creating package descriptor '/home/fab/ejer2_ws/install/interfaces/share/interfaces/package.dsv'
[6.437s] INFO:colcon.colcon_core.shell:Creating package script '/home/fab/ejer2_ws/install/interfaces/share/interfaces/package.sh'
[6.438s] INFO:colcon.colcon_core.shell:Creating package script '/home/fab/ejer2_ws/install/interfaces/share/interfaces/package.bash'
[6.439s] INFO:colcon.colcon_core.shell:Creating package script '/home/fab/ejer2_ws/install/interfaces/share/interfaces/package.zsh'
[6.440s] Level 1:colcon.colcon_core.environment:create_file_with_runtime_dependencies(/home/fab/ejer2_ws/install/interfaces/share/colcon-core/packages/interfaces)
[6.443s] Level 1:colcon.colcon_core.environment:create_environment_scripts_only(interfaces)
[6.444s] Level 1:colcon.colcon_core.environment:checking '/home/fab/ejer2_ws/install/interfaces' for CMake module files
[6.446s] Level 1:colcon.colcon_core.environment:checking '/home/fab/ejer2_ws/install/interfaces' for CMake config files
[6.446s] Level 1:colcon.colcon_core.shell:create_environment_hook('interfaces', 'cmake_prefix_path')
[6.447s] INFO:colcon.colcon_core.shell:Creating environment hook '/home/fab/ejer2_ws/install/interfaces/share/interfaces/hook/cmake_prefix_path.ps1'
[6.448s] INFO:colcon.colcon_core.shell:Creating environment descriptor '/home/fab/ejer2_ws/install/interfaces/share/interfaces/hook/cmake_prefix_path.dsv'
[6.449s] INFO:colcon.colcon_core.shell:Creating environment hook '/home/fab/ejer2_ws/install/interfaces/share/interfaces/hook/cmake_prefix_path.sh'
[6.450s] Level 1:colcon.colcon_core.environment:checking '/home/fab/ejer2_ws/install/interfaces/lib'
[6.450s] Level 1:colcon.colcon_core.shell:create_environment_hook('interfaces', 'ld_library_path_lib')
[6.451s] INFO:colcon.colcon_core.shell:Creating environment hook '/home/fab/ejer2_ws/install/interfaces/share/interfaces/hook/ld_library_path_lib.ps1'
[6.452s] INFO:colcon.colcon_core.shell:Creating environment descriptor '/home/fab/ejer2_ws/install/interfaces/share/interfaces/hook/ld_library_path_lib.dsv'
[6.452s] INFO:colcon.colcon_core.shell:Creating environment hook '/home/fab/ejer2_ws/install/interfaces/share/interfaces/hook/ld_library_path_lib.sh'
[6.453s] Level 1:colcon.colcon_core.environment:checking '/home/fab/ejer2_ws/install/interfaces/bin'
[6.453s] Level 1:colcon.colcon_core.environment:checking '/home/fab/ejer2_ws/install/interfaces/lib/pkgconfig/interfaces.pc'
[6.454s] Level 1:colcon.colcon_core.environment:checking '/home/fab/ejer2_ws/install/interfaces/lib/python3.10/site-packages'
[6.454s] Level 1:colcon.colcon_core.environment:checking '/home/fab/ejer2_ws/install/interfaces/bin'
[6.455s] INFO:colcon.colcon_core.shell:Creating package script '/home/fab/ejer2_ws/install/interfaces/share/interfaces/package.ps1'
[6.456s] INFO:colcon.colcon_core.shell:Creating package descriptor '/home/fab/ejer2_ws/install/interfaces/share/interfaces/package.dsv'
[6.457s] INFO:colcon.colcon_core.shell:Creating package script '/home/fab/ejer2_ws/install/interfaces/share/interfaces/package.sh'
[6.458s] INFO:colcon.colcon_core.shell:Creating package script '/home/fab/ejer2_ws/install/interfaces/share/interfaces/package.bash'
[6.459s] INFO:colcon.colcon_core.shell:Creating package script '/home/fab/ejer2_ws/install/interfaces/share/interfaces/package.zsh'
[6.460s] Level 1:colcon.colcon_core.environment:create_file_with_runtime_dependencies(/home/fab/ejer2_ws/install/interfaces/share/colcon-core/packages/interfaces)
[6.460s] DEBUG:colcon.colcon_parallel_executor.executor.parallel:closing loop
[6.461s] DEBUG:colcon.colcon_parallel_executor.executor.parallel:loop closed
[6.461s] DEBUG:colcon.colcon_parallel_executor.executor.parallel:run_until_complete finished with '0'
[6.462s] DEBUG:colcon.colcon_core.event_reactor:joining thread
[6.468s] INFO:colcon.colcon_core.plugin_system:Skipping extension 'colcon_notification.desktop_notification.terminal_notifier': Not used on non-Darwin systems
[6.468s] INFO:colcon.colcon_core.plugin_system:Skipping extension 'colcon_notification.desktop_notification.win32': Not used on non-Windows systems
[6.469s] INFO:colcon.colcon_notification.desktop_notification:Sending desktop notification using 'notify2'
[6.489s] DEBUG:colcon.colcon_core.event_reactor:joined thread
[6.490s] INFO:colcon.colcon_core.shell:Creating prefix script '/home/fab/ejer2_ws/install/local_setup.ps1'
[6.492s] INFO:colcon.colcon_core.shell:Creating prefix util module '/home/fab/ejer2_ws/install/_local_setup_util_ps1.py'
[6.494s] INFO:colcon.colcon_core.shell:Creating prefix chain script '/home/fab/ejer2_ws/install/setup.ps1'
[6.497s] INFO:colcon.colcon_core.shell:Creating prefix script '/home/fab/ejer2_ws/install/local_setup.sh'
[6.499s] INFO:colcon.colcon_core.shell:Creating prefix util module '/home/fab/ejer2_ws/install/_local_setup_util_sh.py'
[6.500s] INFO:colcon.colcon_core.shell:Creating prefix chain script '/home/fab/ejer2_ws/install/setup.sh'
[6.503s] INFO:colcon.colcon_core.shell:Creating prefix script '/home/fab/ejer2_ws/install/local_setup.bash'
[6.504s] INFO:colcon.colcon_core.shell:Creating prefix chain script '/home/fab/ejer2_ws/install/setup.bash'
[6.511s] INFO:colcon.colcon_core.shell:Creating prefix script '/home/fab/ejer2_ws/install/local_setup.zsh'
[6.512s] INFO:colcon.colcon_core.shell:Creating prefix chain script '/home/fab/ejer2_ws/install/setup.zsh'
