[0.064s] DEBUG:colcon:Command line arguments: ['/usr/bin/colcon', 'build']
[0.064s] DEBUG:colcon:Parsed command line arguments: Namespace(log_base=None, log_level=None, verb_name='build', build_base='build', install_base='install', merge_install=False, symlink_install=False, test_result_base=None, continue_on_error=False, executor='parallel', parallel_workers=16, event_handlers=None, ignore_user_meta=False, metas=['./colcon.meta'], base_paths=['.'], packages_ignore=None, packages_ignore_regex=None, paths=None, packages_up_to=None, packages_up_to_regex=None, packages_above=None, packages_above_and_dependencies=None, packages_above_depth=None, packages_select_by_dep=None, packages_skip_by_dep=None, packages_skip_up_to=None, packages_select_build_failed=False, packages_skip_build_finished=False, packages_select_test_failures=False, packages_skip_test_passed=False, packages_select=None, packages_skip=None, packages_select_regex=None, packages_skip_regex=None, packages_start=None, packages_end=None, allow_overriding=[], cmake_args=None, cmake_target=None, cmake_target_skip_unavailable=False, cmake_clean_cache=False, cmake_clean_first=False, cmake_force_configure=False, ament_cmake_args=None, catkin_cmake_args=None, catkin_skip_building_tests=False, verb_parser=<colcon_defaults.argument_parser.defaults.DefaultArgumentsDecorator object at 0x7496658dbb50>, verb_extension=<colcon_core.verb.build.BuildVerb object at 0x7496658dab30>, main=<bound method BuildVerb.main of <colcon_core.verb.build.BuildVerb object at 0x7496658dab30>>)
[0.167s] Level 1:colcon.colcon_core.package_discovery:discover_packages(colcon_meta) check parameters
[0.167s] Level 1:colcon.colcon_core.package_discovery:discover_packages(recursive) check parameters
[0.167s] Level 1:colcon.colcon_core.package_discovery:discover_packages(ignore) check parameters
[0.167s] Level 1:colcon.colcon_core.package_discovery:discover_packages(path) check parameters
[0.167s] Level 1:colcon.colcon_core.package_discovery:discover_packages(colcon_meta) discover
[0.168s] Level 1:colcon.colcon_core.package_discovery:discover_packages(recursive) discover
[0.168s] INFO:colcon.colcon_core.package_discovery:Crawling recursively for packages in '/home/cossio/ejer1_ws'
[0.168s] Level 1:colcon.colcon_core.package_identification:_identify(.) by extensions ['ignore', 'ignore_ament_install']
[0.168s] Level 1:colcon.colcon_core.package_identification:_identify(.) by extension 'ignore'
[0.168s] Level 1:colcon.colcon_core.package_identification:_identify(.) by extension 'ignore_ament_install'
[0.168s] Level 1:colcon.colcon_core.package_identification:_identify(.) by extensions ['colcon_pkg']
[0.168s] Level 1:colcon.colcon_core.package_identification:_identify(.) by extension 'colcon_pkg'
[0.168s] Level 1:colcon.colcon_core.package_identification:_identify(.) by extensions ['colcon_meta']
[0.168s] Level 1:colcon.colcon_core.package_identification:_identify(.) by extension 'colcon_meta'
[0.168s] Level 1:colcon.colcon_core.package_identification:_identify(.) by extensions ['ros']
[0.168s] Level 1:colcon.colcon_core.package_identification:_identify(.) by extension 'ros'
[0.175s] Level 1:colcon.colcon_core.package_identification:_identify(.) by extensions ['cmake', 'python']
[0.175s] Level 1:colcon.colcon_core.package_identification:_identify(.) by extension 'cmake'
[0.175s] Level 1:colcon.colcon_core.package_identification:_identify(.) by extension 'python'
[0.175s] Level 1:colcon.colcon_core.package_identification:_identify(.) by extensions ['python_setup_py']
[0.176s] Level 1:colcon.colcon_core.package_identification:_identify(.) by extension 'python_setup_py'
[0.176s] Level 1:colcon.colcon_core.package_identification:_identify(build) by extensions ['ignore', 'ignore_ament_install']
[0.176s] Level 1:colcon.colcon_core.package_identification:_identify(build) by extension 'ignore'
[0.176s] Level 1:colcon.colcon_core.package_identification:_identify(build) ignored
[0.176s] Level 1:colcon.colcon_core.package_identification:_identify(install) by extensions ['ignore', 'ignore_ament_install']
[0.176s] Level 1:colcon.colcon_core.package_identification:_identify(install) by extension 'ignore'
[0.176s] Level 1:colcon.colcon_core.package_identification:_identify(install) ignored
[0.176s] Level 1:colcon.colcon_core.package_identification:_identify(log) by extensions ['ignore', 'ignore_ament_install']
[0.176s] Level 1:colcon.colcon_core.package_identification:_identify(log) by extension 'ignore'
[0.176s] Level 1:colcon.colcon_core.package_identification:_identify(log) ignored
[0.176s] Level 1:colcon.colcon_core.package_identification:_identify(src) by extensions ['ignore', 'ignore_ament_install']
[0.176s] Level 1:colcon.colcon_core.package_identification:_identify(src) by extension 'ignore'
[0.176s] Level 1:colcon.colcon_core.package_identification:_identify(src) by extension 'ignore_ament_install'
[0.176s] Level 1:colcon.colcon_core.package_identification:_identify(src) by extensions ['colcon_pkg']
[0.176s] Level 1:colcon.colcon_core.package_identification:_identify(src) by extension 'colcon_pkg'
[0.176s] Level 1:colcon.colcon_core.package_identification:_identify(src) by extensions ['colcon_meta']
[0.176s] Level 1:colcon.colcon_core.package_identification:_identify(src) by extension 'colcon_meta'
[0.176s] Level 1:colcon.colcon_core.package_identification:_identify(src) by extensions ['ros']
[0.176s] Level 1:colcon.colcon_core.package_identification:_identify(src) by extension 'ros'
[0.176s] Level 1:colcon.colcon_core.package_identification:_identify(src) by extensions ['cmake', 'python']
[0.176s] Level 1:colcon.colcon_core.package_identification:_identify(src) by extension 'cmake'
[0.176s] Level 1:colcon.colcon_core.package_identification:_identify(src) by extension 'python'
[0.176s] Level 1:colcon.colcon_core.package_identification:_identify(src) by extensions ['python_setup_py']
[0.176s] Level 1:colcon.colcon_core.package_identification:_identify(src) by extension 'python_setup_py'
[0.176s] Level 1:colcon.colcon_core.package_identification:_identify(src/ros2_tutorials-main) by extensions ['ignore', 'ignore_ament_install']
[0.176s] Level 1:colcon.colcon_core.package_identification:_identify(src/ros2_tutorials-main) by extension 'ignore'
[0.176s] Level 1:colcon.colcon_core.package_identification:_identify(src/ros2_tutorials-main) by extension 'ignore_ament_install'
[0.176s] Level 1:colcon.colcon_core.package_identification:_identify(src/ros2_tutorials-main) by extensions ['colcon_pkg']
[0.176s] Level 1:colcon.colcon_core.package_identification:_identify(src/ros2_tutorials-main) by extension 'colcon_pkg'
[0.176s] Level 1:colcon.colcon_core.package_identification:_identify(src/ros2_tutorials-main) by extensions ['colcon_meta']
[0.176s] Level 1:colcon.colcon_core.package_identification:_identify(src/ros2_tutorials-main) by extension 'colcon_meta'
[0.176s] Level 1:colcon.colcon_core.package_identification:_identify(src/ros2_tutorials-main) by extensions ['ros']
[0.176s] Level 1:colcon.colcon_core.package_identification:_identify(src/ros2_tutorials-main) by extension 'ros'
[0.176s] Level 1:colcon.colcon_core.package_identification:_identify(src/ros2_tutorials-main) by extensions ['cmake', 'python']
[0.177s] Level 1:colcon.colcon_core.package_identification:_identify(src/ros2_tutorials-main) by extension 'cmake'
[0.177s] Level 1:colcon.colcon_core.package_identification:_identify(src/ros2_tutorials-main) by extension 'python'
[0.177s] Level 1:colcon.colcon_core.package_identification:_identify(src/ros2_tutorials-main) by extensions ['python_setup_py']
[0.177s] Level 1:colcon.colcon_core.package_identification:_identify(src/ros2_tutorials-main) by extension 'python_setup_py'
[0.177s] Level 1:colcon.colcon_core.package_identification:_identify(src/ros2_tutorials-main/cpp_examples) by extensions ['ignore', 'ignore_ament_install']
[0.177s] Level 1:colcon.colcon_core.package_identification:_identify(src/ros2_tutorials-main/cpp_examples) by extension 'ignore'
[0.177s] Level 1:colcon.colcon_core.package_identification:_identify(src/ros2_tutorials-main/cpp_examples) by extension 'ignore_ament_install'
[0.177s] Level 1:colcon.colcon_core.package_identification:_identify(src/ros2_tutorials-main/cpp_examples) by extensions ['colcon_pkg']
[0.177s] Level 1:colcon.colcon_core.package_identification:_identify(src/ros2_tutorials-main/cpp_examples) by extension 'colcon_pkg'
[0.177s] Level 1:colcon.colcon_core.package_identification:_identify(src/ros2_tutorials-main/cpp_examples) by extensions ['colcon_meta']
[0.177s] Level 1:colcon.colcon_core.package_identification:_identify(src/ros2_tutorials-main/cpp_examples) by extension 'colcon_meta'
[0.177s] Level 1:colcon.colcon_core.package_identification:_identify(src/ros2_tutorials-main/cpp_examples) by extensions ['ros']
[0.177s] Level 1:colcon.colcon_core.package_identification:_identify(src/ros2_tutorials-main/cpp_examples) by extension 'ros'
[0.178s] DEBUG:colcon.colcon_core.package_identification:Package 'src/ros2_tutorials-main/cpp_examples' with type 'ros.ament_cmake' and name 'cpp_examples'
[0.178s] Level 1:colcon.colcon_core.package_identification:_identify(src/ros2_tutorials-main/custom_interface) by extensions ['ignore', 'ignore_ament_install']
[0.178s] Level 1:colcon.colcon_core.package_identification:_identify(src/ros2_tutorials-main/custom_interface) by extension 'ignore'
[0.178s] Level 1:colcon.colcon_core.package_identification:_identify(src/ros2_tutorials-main/custom_interface) by extension 'ignore_ament_install'
[0.178s] Level 1:colcon.colcon_core.package_identification:_identify(src/ros2_tutorials-main/custom_interface) by extensions ['colcon_pkg']
[0.178s] Level 1:colcon.colcon_core.package_identification:_identify(src/ros2_tutorials-main/custom_interface) by extension 'colcon_pkg'
[0.178s] Level 1:colcon.colcon_core.package_identification:_identify(src/ros2_tutorials-main/custom_interface) by extensions ['colcon_meta']
[0.178s] Level 1:colcon.colcon_core.package_identification:_identify(src/ros2_tutorials-main/custom_interface) by extension 'colcon_meta'
[0.178s] Level 1:colcon.colcon_core.package_identification:_identify(src/ros2_tutorials-main/custom_interface) by extensions ['ros']
[0.179s] Level 1:colcon.colcon_core.package_identification:_identify(src/ros2_tutorials-main/custom_interface) by extension 'ros'
[0.179s] DEBUG:colcon.colcon_core.package_identification:Package 'src/ros2_tutorials-main/custom_interface' with type 'ros.ament_cmake' and name 'custom_interface'
[0.179s] Level 1:colcon.colcon_core.package_identification:_identify(src/ros2_tutorials-main/py_examples) by extensions ['ignore', 'ignore_ament_install']
[0.179s] Level 1:colcon.colcon_core.package_identification:_identify(src/ros2_tutorials-main/py_examples) by extension 'ignore'
[0.179s] Level 1:colcon.colcon_core.package_identification:_identify(src/ros2_tutorials-main/py_examples) by extension 'ignore_ament_install'
[0.179s] Level 1:colcon.colcon_core.package_identification:_identify(src/ros2_tutorials-main/py_examples) by extensions ['colcon_pkg']
[0.179s] Level 1:colcon.colcon_core.package_identification:_identify(src/ros2_tutorials-main/py_examples) by extension 'colcon_pkg'
[0.179s] Level 1:colcon.colcon_core.package_identification:_identify(src/ros2_tutorials-main/py_examples) by extensions ['colcon_meta']
[0.179s] Level 1:colcon.colcon_core.package_identification:_identify(src/ros2_tutorials-main/py_examples) by extension 'colcon_meta'
[0.179s] Level 1:colcon.colcon_core.package_identification:_identify(src/ros2_tutorials-main/py_examples) by extensions ['ros']
[0.179s] Level 1:colcon.colcon_core.package_identification:_identify(src/ros2_tutorials-main/py_examples) by extension 'ros'
[0.180s] DEBUG:colcon.colcon_core.package_identification:Package 'src/ros2_tutorials-main/py_examples' with type 'ros.ament_python' and name 'py_examples'
[0.180s] Level 1:colcon.colcon_core.package_identification:_identify(src/ros2_tutorials-main/robot_description) by extensions ['ignore', 'ignore_ament_install']
[0.180s] Level 1:colcon.colcon_core.package_identification:_identify(src/ros2_tutorials-main/robot_description) by extension 'ignore'
[0.180s] Level 1:colcon.colcon_core.package_identification:_identify(src/ros2_tutorials-main/robot_description) by extension 'ignore_ament_install'
[0.180s] Level 1:colcon.colcon_core.package_identification:_identify(src/ros2_tutorials-main/robot_description) by extensions ['colcon_pkg']
[0.180s] Level 1:colcon.colcon_core.package_identification:_identify(src/ros2_tutorials-main/robot_description) by extension 'colcon_pkg'
[0.180s] Level 1:colcon.colcon_core.package_identification:_identify(src/ros2_tutorials-main/robot_description) by extensions ['colcon_meta']
[0.180s] Level 1:colcon.colcon_core.package_identification:_identify(src/ros2_tutorials-main/robot_description) by extension 'colcon_meta'
[0.180s] Level 1:colcon.colcon_core.package_identification:_identify(src/ros2_tutorials-main/robot_description) by extensions ['ros']
[0.180s] Level 1:colcon.colcon_core.package_identification:_identify(src/ros2_tutorials-main/robot_description) by extension 'ros'
[0.180s] DEBUG:colcon.colcon_core.package_identification:Package 'src/ros2_tutorials-main/robot_description' with type 'ros.ament_cmake' and name 'robot_description'
[0.180s] Level 1:colcon.colcon_core.package_identification:_identify(src/ros2_tutorials-main/test_move) by extensions ['ignore', 'ignore_ament_install']
[0.180s] Level 1:colcon.colcon_core.package_identification:_identify(src/ros2_tutorials-main/test_move) by extension 'ignore'
[0.180s] Level 1:colcon.colcon_core.package_identification:_identify(src/ros2_tutorials-main/test_move) by extension 'ignore_ament_install'
[0.180s] Level 1:colcon.colcon_core.package_identification:_identify(src/ros2_tutorials-main/test_move) by extensions ['colcon_pkg']
[0.180s] Level 1:colcon.colcon_core.package_identification:_identify(src/ros2_tutorials-main/test_move) by extension 'colcon_pkg'
[0.180s] Level 1:colcon.colcon_core.package_identification:_identify(src/ros2_tutorials-main/test_move) by extensions ['colcon_meta']
[0.180s] Level 1:colcon.colcon_core.package_identification:_identify(src/ros2_tutorials-main/test_move) by extension 'colcon_meta'
[0.180s] Level 1:colcon.colcon_core.package_identification:_identify(src/ros2_tutorials-main/test_move) by extensions ['ros']
[0.180s] Level 1:colcon.colcon_core.package_identification:_identify(src/ros2_tutorials-main/test_move) by extension 'ros'
[0.181s] DEBUG:colcon.colcon_core.package_identification:Package 'src/ros2_tutorials-main/test_move' with type 'ros.ament_cmake' and name 'test_move'
[0.181s] Level 1:colcon.colcon_core.package_identification:_identify(src/ros2_tutorials-main/visual_pubsub) by extensions ['ignore', 'ignore_ament_install']
[0.181s] Level 1:colcon.colcon_core.package_identification:_identify(src/ros2_tutorials-main/visual_pubsub) by extension 'ignore'
[0.181s] Level 1:colcon.colcon_core.package_identification:_identify(src/ros2_tutorials-main/visual_pubsub) by extension 'ignore_ament_install'
[0.181s] Level 1:colcon.colcon_core.package_identification:_identify(src/ros2_tutorials-main/visual_pubsub) by extensions ['colcon_pkg']
[0.181s] Level 1:colcon.colcon_core.package_identification:_identify(src/ros2_tutorials-main/visual_pubsub) by extension 'colcon_pkg'
[0.181s] Level 1:colcon.colcon_core.package_identification:_identify(src/ros2_tutorials-main/visual_pubsub) by extensions ['colcon_meta']
[0.181s] Level 1:colcon.colcon_core.package_identification:_identify(src/ros2_tutorials-main/visual_pubsub) by extension 'colcon_meta'
[0.181s] Level 1:colcon.colcon_core.package_identification:_identify(src/ros2_tutorials-main/visual_pubsub) by extensions ['ros']
[0.181s] Level 1:colcon.colcon_core.package_identification:_identify(src/ros2_tutorials-main/visual_pubsub) by extension 'ros'
[0.181s] DEBUG:colcon.colcon_core.package_identification:Package 'src/ros2_tutorials-main/visual_pubsub' with type 'ros.ament_python' and name 'visual_pubsub'
[0.181s] Level 1:colcon.colcon_core.package_discovery:discover_packages(recursive) using defaults
[0.181s] Level 1:colcon.colcon_core.package_discovery:discover_packages(ignore) discover
[0.181s] Level 1:colcon.colcon_core.package_discovery:discover_packages(ignore) using defaults
[0.181s] Level 1:colcon.colcon_core.package_discovery:discover_packages(path) discover
[0.181s] Level 1:colcon.colcon_core.package_discovery:discover_packages(path) using defaults
[0.213s] Level 1:colcon.colcon_core.package_discovery:discover_packages(prefix_path) check parameters
[0.214s] Level 1:colcon.colcon_core.package_discovery:discover_packages(prefix_path) discover
[0.216s] DEBUG:colcon.colcon_installed_package_information.package_discovery:Found 424 installed packages in /opt/ros/humble
[0.217s] Level 1:colcon.colcon_core.package_discovery:discover_packages(prefix_path) using defaults
[0.247s] Level 5:colcon.colcon_core.verb:set package 'cpp_examples' build argument 'cmake_args' from command line to 'None'
[0.247s] Level 5:colcon.colcon_core.verb:set package 'cpp_examples' build argument 'cmake_target' from command line to 'None'
[0.247s] Level 5:colcon.colcon_core.verb:set package 'cpp_examples' build argument 'cmake_target_skip_unavailable' from command line to 'False'
[0.247s] Level 5:colcon.colcon_core.verb:set package 'cpp_examples' build argument 'cmake_clean_cache' from command line to 'False'
[0.247s] Level 5:colcon.colcon_core.verb:set package 'cpp_examples' build argument 'cmake_clean_first' from command line to 'False'
[0.247s] Level 5:colcon.colcon_core.verb:set package 'cpp_examples' build argument 'cmake_force_configure' from command line to 'False'
[0.247s] Level 5:colcon.colcon_core.verb:set package 'cpp_examples' build argument 'ament_cmake_args' from command line to 'None'
[0.247s] Level 5:colcon.colcon_core.verb:set package 'cpp_examples' build argument 'catkin_cmake_args' from command line to 'None'
[0.247s] Level 5:colcon.colcon_core.verb:set package 'cpp_examples' build argument 'catkin_skip_building_tests' from command line to 'False'
[0.247s] DEBUG:colcon.colcon_core.verb:Building package 'cpp_examples' with the following arguments: {'ament_cmake_args': None, 'build_base': '/home/cossio/ejer1_ws/build/cpp_examples', 'catkin_cmake_args': None, 'catkin_skip_building_tests': False, 'cmake_args': None, 'cmake_clean_cache': False, 'cmake_clean_first': False, 'cmake_force_configure': False, 'cmake_target': None, 'cmake_target_skip_unavailable': False, 'install_base': '/home/cossio/ejer1_ws/install/cpp_examples', 'merge_install': False, 'path': '/home/cossio/ejer1_ws/src/ros2_tutorials-main/cpp_examples', 'symlink_install': False, 'test_result_base': None}
[0.248s] Level 5:colcon.colcon_core.verb:set package 'custom_interface' build argument 'cmake_args' from command line to 'None'
[0.248s] Level 5:colcon.colcon_core.verb:set package 'custom_interface' build argument 'cmake_target' from command line to 'None'
[0.248s] Level 5:colcon.colcon_core.verb:set package 'custom_interface' build argument 'cmake_target_skip_unavailable' from command line to 'False'
[0.248s] Level 5:colcon.colcon_core.verb:set package 'custom_interface' build argument 'cmake_clean_cache' from command line to 'False'
[0.248s] Level 5:colcon.colcon_core.verb:set package 'custom_interface' build argument 'cmake_clean_first' from command line to 'False'
[0.248s] Level 5:colcon.colcon_core.verb:set package 'custom_interface' build argument 'cmake_force_configure' from command line to 'False'
[0.248s] Level 5:colcon.colcon_core.verb:set package 'custom_interface' build argument 'ament_cmake_args' from command line to 'None'
[0.248s] Level 5:colcon.colcon_core.verb:set package 'custom_interface' build argument 'catkin_cmake_args' from command line to 'None'
[0.248s] Level 5:colcon.colcon_core.verb:set package 'custom_interface' build argument 'catkin_skip_building_tests' from command line to 'False'
[0.248s] DEBUG:colcon.colcon_core.verb:Building package 'custom_interface' with the following arguments: {'ament_cmake_args': None, 'build_base': '/home/cossio/ejer1_ws/build/custom_interface', 'catkin_cmake_args': None, 'catkin_skip_building_tests': False, 'cmake_args': None, 'cmake_clean_cache': False, 'cmake_clean_first': False, 'cmake_force_configure': False, 'cmake_target': None, 'cmake_target_skip_unavailable': False, 'install_base': '/home/cossio/ejer1_ws/install/custom_interface', 'merge_install': False, 'path': '/home/cossio/ejer1_ws/src/ros2_tutorials-main/custom_interface', 'symlink_install': False, 'test_result_base': None}
[0.248s] Level 5:colcon.colcon_core.verb:set package 'py_examples' build argument 'cmake_args' from command line to 'None'
[0.248s] Level 5:colcon.colcon_core.verb:set package 'py_examples' build argument 'cmake_target' from command line to 'None'
[0.248s] Level 5:colcon.colcon_core.verb:set package 'py_examples' build argument 'cmake_target_skip_unavailable' from command line to 'False'
[0.248s] Level 5:colcon.colcon_core.verb:set package 'py_examples' build argument 'cmake_clean_cache' from command line to 'False'
[0.248s] Level 5:colcon.colcon_core.verb:set package 'py_examples' build argument 'cmake_clean_first' from command line to 'False'
[0.248s] Level 5:colcon.colcon_core.verb:set package 'py_examples' build argument 'cmake_force_configure' from command line to 'False'
[0.248s] Level 5:colcon.colcon_core.verb:set package 'py_examples' build argument 'ament_cmake_args' from command line to 'None'
[0.248s] Level 5:colcon.colcon_core.verb:set package 'py_examples' build argument 'catkin_cmake_args' from command line to 'None'
[0.248s] Level 5:colcon.colcon_core.verb:set package 'py_examples' build argument 'catkin_skip_building_tests' from command line to 'False'
[0.248s] DEBUG:colcon.colcon_core.verb:Building package 'py_examples' with the following arguments: {'ament_cmake_args': None, 'build_base': '/home/cossio/ejer1_ws/build/py_examples', 'catkin_cmake_args': None, 'catkin_skip_building_tests': False, 'cmake_args': None, 'cmake_clean_cache': False, 'cmake_clean_first': False, 'cmake_force_configure': False, 'cmake_target': None, 'cmake_target_skip_unavailable': False, 'install_base': '/home/cossio/ejer1_ws/install/py_examples', 'merge_install': False, 'path': '/home/cossio/ejer1_ws/src/ros2_tutorials-main/py_examples', 'symlink_install': False, 'test_result_base': None}
[0.248s] Level 5:colcon.colcon_core.verb:set package 'robot_description' build argument 'cmake_args' from command line to 'None'
[0.248s] Level 5:colcon.colcon_core.verb:set package 'robot_description' build argument 'cmake_target' from command line to 'None'
[0.248s] Level 5:colcon.colcon_core.verb:set package 'robot_description' build argument 'cmake_target_skip_unavailable' from command line to 'False'
[0.248s] Level 5:colcon.colcon_core.verb:set package 'robot_description' build argument 'cmake_clean_cache' from command line to 'False'
[0.248s] Level 5:colcon.colcon_core.verb:set package 'robot_description' build argument 'cmake_clean_first' from command line to 'False'
[0.248s] Level 5:colcon.colcon_core.verb:set package 'robot_description' build argument 'cmake_force_configure' from command line to 'False'
[0.248s] Level 5:colcon.colcon_core.verb:set package 'robot_description' build argument 'ament_cmake_args' from command line to 'None'
[0.248s] Level 5:colcon.colcon_core.verb:set package 'robot_description' build argument 'catkin_cmake_args' from command line to 'None'
[0.248s] Level 5:colcon.colcon_core.verb:set package 'robot_description' build argument 'catkin_skip_building_tests' from command line to 'False'
[0.248s] DEBUG:colcon.colcon_core.verb:Building package 'robot_description' with the following arguments: {'ament_cmake_args': None, 'build_base': '/home/cossio/ejer1_ws/build/robot_description', 'catkin_cmake_args': None, 'catkin_skip_building_tests': False, 'cmake_args': None, 'cmake_clean_cache': False, 'cmake_clean_first': False, 'cmake_force_configure': False, 'cmake_target': None, 'cmake_target_skip_unavailable': False, 'install_base': '/home/cossio/ejer1_ws/install/robot_description', 'merge_install': False, 'path': '/home/cossio/ejer1_ws/src/ros2_tutorials-main/robot_description', 'symlink_install': False, 'test_result_base': None}
[0.248s] Level 5:colcon.colcon_core.verb:set package 'test_move' build argument 'cmake_args' from command line to 'None'
[0.249s] Level 5:colcon.colcon_core.verb:set package 'test_move' build argument 'cmake_target' from command line to 'None'
[0.249s] Level 5:colcon.colcon_core.verb:set package 'test_move' build argument 'cmake_target_skip_unavailable' from command line to 'False'
[0.249s] Level 5:colcon.colcon_core.verb:set package 'test_move' build argument 'cmake_clean_cache' from command line to 'False'
[0.249s] Level 5:colcon.colcon_core.verb:set package 'test_move' build argument 'cmake_clean_first' from command line to 'False'
[0.249s] Level 5:colcon.colcon_core.verb:set package 'test_move' build argument 'cmake_force_configure' from command line to 'False'
[0.249s] Level 5:colcon.colcon_core.verb:set package 'test_move' build argument 'ament_cmake_args' from command line to 'None'
[0.249s] Level 5:colcon.colcon_core.verb:set package 'test_move' build argument 'catkin_cmake_args' from command line to 'None'
[0.249s] Level 5:colcon.colcon_core.verb:set package 'test_move' build argument 'catkin_skip_building_tests' from command line to 'False'
[0.249s] DEBUG:colcon.colcon_core.verb:Building package 'test_move' with the following arguments: {'ament_cmake_args': None, 'build_base': '/home/cossio/ejer1_ws/build/test_move', 'catkin_cmake_args': None, 'catkin_skip_building_tests': False, 'cmake_args': None, 'cmake_clean_cache': False, 'cmake_clean_first': False, 'cmake_force_configure': False, 'cmake_target': None, 'cmake_target_skip_unavailable': False, 'install_base': '/home/cossio/ejer1_ws/install/test_move', 'merge_install': False, 'path': '/home/cossio/ejer1_ws/src/ros2_tutorials-main/test_move', 'symlink_install': False, 'test_result_base': None}
[0.249s] Level 5:colcon.colcon_core.verb:set package 'visual_pubsub' build argument 'cmake_args' from command line to 'None'
[0.249s] Level 5:colcon.colcon_core.verb:set package 'visual_pubsub' build argument 'cmake_target' from command line to 'None'
[0.249s] Level 5:colcon.colcon_core.verb:set package 'visual_pubsub' build argument 'cmake_target_skip_unavailable' from command line to 'False'
[0.249s] Level 5:colcon.colcon_core.verb:set package 'visual_pubsub' build argument 'cmake_clean_cache' from command line to 'False'
[0.249s] Level 5:colcon.colcon_core.verb:set package 'visual_pubsub' build argument 'cmake_clean_first' from command line to 'False'
[0.249s] Level 5:colcon.colcon_core.verb:set package 'visual_pubsub' build argument 'cmake_force_configure' from command line to 'False'
[0.249s] Level 5:colcon.colcon_core.verb:set package 'visual_pubsub' build argument 'ament_cmake_args' from command line to 'None'
[0.249s] Level 5:colcon.colcon_core.verb:set package 'visual_pubsub' build argument 'catkin_cmake_args' from command line to 'None'
[0.249s] Level 5:colcon.colcon_core.verb:set package 'visual_pubsub' build argument 'catkin_skip_building_tests' from command line to 'False'
[0.249s] DEBUG:colcon.colcon_core.verb:Building package 'visual_pubsub' with the following arguments: {'ament_cmake_args': None, 'build_base': '/home/cossio/ejer1_ws/build/visual_pubsub', 'catkin_cmake_args': None, 'catkin_skip_building_tests': False, 'cmake_args': None, 'cmake_clean_cache': False, 'cmake_clean_first': False, 'cmake_force_configure': False, 'cmake_target': None, 'cmake_target_skip_unavailable': False, 'install_base': '/home/cossio/ejer1_ws/install/visual_pubsub', 'merge_install': False, 'path': '/home/cossio/ejer1_ws/src/ros2_tutorials-main/visual_pubsub', 'symlink_install': False, 'test_result_base': None}
[0.249s] INFO:colcon.colcon_core.executor:Executing jobs using 'parallel' executor
[0.250s] DEBUG:colcon.colcon_parallel_executor.executor.parallel:run_until_complete
[0.250s] INFO:colcon.colcon_ros.task.ament_cmake.build:Building ROS package in '/home/cossio/ejer1_ws/src/ros2_tutorials-main/cpp_examples' with build type 'ament_cmake'
[0.250s] INFO:colcon.colcon_cmake.task.cmake.build:Building CMake package in '/home/cossio/ejer1_ws/src/ros2_tutorials-main/cpp_examples'
[0.252s] INFO:colcon.colcon_core.plugin_system:Skipping extension 'colcon_core.shell.bat': Not used on non-Windows systems
[0.252s] INFO:colcon.colcon_core.shell:Skip shell extension 'powershell' for command environment: Not usable outside of PowerShell
[0.252s] DEBUG:colcon.colcon_core.shell:Skip shell extension 'dsv' for command environment
[0.255s] INFO:colcon.colcon_ros.task.ament_cmake.build:Building ROS package in '/home/cossio/ejer1_ws/src/ros2_tutorials-main/custom_interface' with build type 'ament_cmake'
[0.255s] INFO:colcon.colcon_cmake.task.cmake.build:Building CMake package in '/home/cossio/ejer1_ws/src/ros2_tutorials-main/custom_interface'
[0.255s] INFO:colcon.colcon_core.shell:Skip shell extension 'powershell' for command environment: Not usable outside of PowerShell
[0.255s] DEBUG:colcon.colcon_core.shell:Skip shell extension 'dsv' for command environment
[0.257s] INFO:colcon.colcon_ros.task.ament_python.build:Building ROS package in '/home/cossio/ejer1_ws/src/ros2_tutorials-main/py_examples' with build type 'ament_python'
[0.257s] Level 1:colcon.colcon_core.shell:create_environment_hook('py_examples', 'ament_prefix_path')
[0.257s] INFO:colcon.colcon_core.shell:Creating environment hook '/home/cossio/ejer1_ws/install/py_examples/share/py_examples/hook/ament_prefix_path.ps1'
[0.258s] INFO:colcon.colcon_core.shell:Creating environment descriptor '/home/cossio/ejer1_ws/install/py_examples/share/py_examples/hook/ament_prefix_path.dsv'
[0.258s] INFO:colcon.colcon_core.shell:Creating environment hook '/home/cossio/ejer1_ws/install/py_examples/share/py_examples/hook/ament_prefix_path.sh'
[0.259s] INFO:colcon.colcon_core.shell:Skip shell extension 'powershell' for command environment: Not usable outside of PowerShell
[0.259s] DEBUG:colcon.colcon_core.shell:Skip shell extension 'dsv' for command environment
[0.261s] INFO:colcon.colcon_ros.task.ament_cmake.build:Building ROS package in '/home/cossio/ejer1_ws/src/ros2_tutorials-main/robot_description' with build type 'ament_cmake'
[0.261s] INFO:colcon.colcon_cmake.task.cmake.build:Building CMake package in '/home/cossio/ejer1_ws/src/ros2_tutorials-main/robot_description'
[0.261s] INFO:colcon.colcon_core.shell:Skip shell extension 'powershell' for command environment: Not usable outside of PowerShell
[0.261s] DEBUG:colcon.colcon_core.shell:Skip shell extension 'dsv' for command environment
[0.263s] INFO:colcon.colcon_ros.task.ament_cmake.build:Building ROS package in '/home/cossio/ejer1_ws/src/ros2_tutorials-main/test_move' with build type 'ament_cmake'
[0.263s] INFO:colcon.colcon_cmake.task.cmake.build:Building CMake package in '/home/cossio/ejer1_ws/src/ros2_tutorials-main/test_move'
[0.263s] INFO:colcon.colcon_core.shell:Skip shell extension 'powershell' for command environment: Not usable outside of PowerShell
[0.264s] DEBUG:colcon.colcon_core.shell:Skip shell extension 'dsv' for command environment
[0.267s] INFO:colcon.colcon_ros.task.ament_python.build:Building ROS package in '/home/cossio/ejer1_ws/src/ros2_tutorials-main/visual_pubsub' with build type 'ament_python'
[0.267s] Level 1:colcon.colcon_core.shell:create_environment_hook('visual_pubsub', 'ament_prefix_path')
[0.268s] INFO:colcon.colcon_core.shell:Creating environment hook '/home/cossio/ejer1_ws/install/visual_pubsub/share/visual_pubsub/hook/ament_prefix_path.ps1'
[0.268s] INFO:colcon.colcon_core.shell:Creating environment descriptor '/home/cossio/ejer1_ws/install/visual_pubsub/share/visual_pubsub/hook/ament_prefix_path.dsv'
[0.268s] INFO:colcon.colcon_core.shell:Creating environment hook '/home/cossio/ejer1_ws/install/visual_pubsub/share/visual_pubsub/hook/ament_prefix_path.sh'
[0.269s] INFO:colcon.colcon_core.shell:Skip shell extension 'powershell' for command environment: Not usable outside of PowerShell
[0.269s] DEBUG:colcon.colcon_core.shell:Skip shell extension 'dsv' for command environment
[0.275s] DEBUG:colcon.colcon_core.event_handler.log_command:Invoking command in '/home/cossio/ejer1_ws/build/cpp_examples': CMAKE_PREFIX_PATH=/opt/ros/humble /usr/bin/cmake --build /home/cossio/ejer1_ws/build/cpp_examples -- -j16 -l16
[0.279s] DEBUG:colcon.colcon_core.event_handler.log_command:Invoking command in '/home/cossio/ejer1_ws/build/custom_interface': CMAKE_PREFIX_PATH=/opt/ros/humble /usr/bin/cmake --build /home/cossio/ejer1_ws/build/custom_interface -- -j16 -l16
[0.478s] INFO:colcon.colcon_core.task.python.build:Building Python package in '/home/cossio/ejer1_ws/src/ros2_tutorials-main/py_examples'
[0.478s] INFO:colcon.colcon_core.shell:Skip shell extension 'powershell' for command environment: Not usable outside of PowerShell
[0.478s] DEBUG:colcon.colcon_core.shell:Skip shell extension 'dsv' for command environment
[0.485s] DEBUG:colcon.colcon_core.event_handler.log_command:Invoking command in '/home/cossio/ejer1_ws/build/robot_description': CMAKE_PREFIX_PATH=/opt/ros/humble /usr/bin/cmake --build /home/cossio/ejer1_ws/build/robot_description -- -j16 -l16
[0.488s] DEBUG:colcon.colcon_core.event_handler.log_command:Invoking command in '/home/cossio/ejer1_ws/build/test_move': CMAKE_PREFIX_PATH=/opt/ros/humble /usr/bin/cmake --build /home/cossio/ejer1_ws/build/test_move -- -j16 -l16
[0.669s] INFO:colcon.colcon_core.task.python.build:Building Python package in '/home/cossio/ejer1_ws/src/ros2_tutorials-main/visual_pubsub'
[0.670s] INFO:colcon.colcon_core.shell:Skip shell extension 'powershell' for command environment: Not usable outside of PowerShell
[0.670s] DEBUG:colcon.colcon_core.shell:Skip shell extension 'dsv' for command environment
[0.675s] DEBUG:colcon.colcon_core.event_handler.log_command:Invoked command in '/home/cossio/ejer1_ws/build/cpp_examples' returned '0': CMAKE_PREFIX_PATH=/opt/ros/humble /usr/bin/cmake --build /home/cossio/ejer1_ws/build/cpp_examples -- -j16 -l16
[0.688s] DEBUG:colcon.colcon_core.event_handler.log_command:Invoking command in '/home/cossio/ejer1_ws/build/cpp_examples': CMAKE_PREFIX_PATH=/opt/ros/humble /usr/bin/cmake --install /home/cossio/ejer1_ws/build/cpp_examples
[0.695s] DEBUG:colcon.colcon_core.event_handler.log_command:Invoked command in '/home/cossio/ejer1_ws/build/custom_interface' returned '0': CMAKE_PREFIX_PATH=/opt/ros/humble /usr/bin/cmake --build /home/cossio/ejer1_ws/build/custom_interface -- -j16 -l16
[0.697s] DEBUG:colcon.colcon_core.event_handler.log_command:Invoking command in '/home/cossio/ejer1_ws/build/custom_interface': CMAKE_PREFIX_PATH=/opt/ros/humble /usr/bin/cmake --install /home/cossio/ejer1_ws/build/custom_interface
[0.697s] DEBUG:colcon.colcon_core.event_handler.log_command:Invoked command in '/home/cossio/ejer1_ws/build/robot_description' returned '0': CMAKE_PREFIX_PATH=/opt/ros/humble /usr/bin/cmake --build /home/cossio/ejer1_ws/build/robot_description -- -j16 -l16
[0.699s] DEBUG:colcon.colcon_core.event_handler.log_command:Invoking command in '/home/cossio/ejer1_ws/build/robot_description': CMAKE_PREFIX_PATH=/opt/ros/humble /usr/bin/cmake --install /home/cossio/ejer1_ws/build/robot_description
[0.701s] DEBUG:colcon.colcon_core.event_handler.log_command:Invoked command in '/home/cossio/ejer1_ws/build/test_move' returned '0': CMAKE_PREFIX_PATH=/opt/ros/humble /usr/bin/cmake --build /home/cossio/ejer1_ws/build/test_move -- -j16 -l16
[0.702s] DEBUG:colcon.colcon_core.event_handler.log_command:Invoking command in '/home/cossio/ejer1_ws/build/test_move': CMAKE_PREFIX_PATH=/opt/ros/humble /usr/bin/cmake --install /home/cossio/ejer1_ws/build/test_move
[0.712s] Level 1:colcon.colcon_core.environment:create_environment_scripts_only(cpp_examples)
[0.713s] DEBUG:colcon.colcon_core.event_handler.log_command:Invoked command in '/home/cossio/ejer1_ws/build/cpp_examples' returned '0': CMAKE_PREFIX_PATH=/opt/ros/humble /usr/bin/cmake --install /home/cossio/ejer1_ws/build/cpp_examples
[0.717s] Level 1:colcon.colcon_core.environment:checking '/home/cossio/ejer1_ws/install/cpp_examples' for CMake module files
[0.719s] Level 1:colcon.colcon_core.environment:checking '/home/cossio/ejer1_ws/install/cpp_examples' for CMake config files
[0.720s] Level 1:colcon.colcon_core.shell:create_environment_hook('cpp_examples', 'cmake_prefix_path')
[0.720s] INFO:colcon.colcon_core.shell:Creating environment hook '/home/cossio/ejer1_ws/install/cpp_examples/share/cpp_examples/hook/cmake_prefix_path.ps1'
[0.720s] INFO:colcon.colcon_core.shell:Creating environment descriptor '/home/cossio/ejer1_ws/install/cpp_examples/share/cpp_examples/hook/cmake_prefix_path.dsv'
[0.720s] INFO:colcon.colcon_core.shell:Creating environment hook '/home/cossio/ejer1_ws/install/cpp_examples/share/cpp_examples/hook/cmake_prefix_path.sh'
[0.721s] Level 1:colcon.colcon_core.environment:checking '/home/cossio/ejer1_ws/install/cpp_examples/lib'
[0.721s] Level 1:colcon.colcon_core.environment:checking '/home/cossio/ejer1_ws/install/cpp_examples/bin'
[0.721s] Level 1:colcon.colcon_core.environment:checking '/home/cossio/ejer1_ws/install/cpp_examples/lib/pkgconfig/cpp_examples.pc'
[0.721s] Level 1:colcon.colcon_core.environment:checking '/home/cossio/ejer1_ws/install/cpp_examples/lib/python3.10/site-packages'
[0.721s] Level 1:colcon.colcon_core.environment:checking '/home/cossio/ejer1_ws/install/cpp_examples/bin'
[0.722s] INFO:colcon.colcon_core.shell:Creating package script '/home/cossio/ejer1_ws/install/cpp_examples/share/cpp_examples/package.ps1'
[0.722s] INFO:colcon.colcon_core.shell:Creating package descriptor '/home/cossio/ejer1_ws/install/cpp_examples/share/cpp_examples/package.dsv'
[0.723s] INFO:colcon.colcon_core.shell:Creating package script '/home/cossio/ejer1_ws/install/cpp_examples/share/cpp_examples/package.sh'
[0.723s] INFO:colcon.colcon_core.shell:Creating package script '/home/cossio/ejer1_ws/install/cpp_examples/share/cpp_examples/package.bash'
[0.724s] INFO:colcon.colcon_core.shell:Creating package script '/home/cossio/ejer1_ws/install/cpp_examples/share/cpp_examples/package.zsh'
[0.724s] Level 1:colcon.colcon_core.environment:create_file_with_runtime_dependencies(/home/cossio/ejer1_ws/install/cpp_examples/share/colcon-core/packages/cpp_examples)
[0.724s] Level 1:colcon.colcon_core.environment:create_environment_scripts_only(cpp_examples)
[0.725s] Level 1:colcon.colcon_core.environment:checking '/home/cossio/ejer1_ws/install/cpp_examples' for CMake module files
[0.725s] Level 1:colcon.colcon_core.environment:checking '/home/cossio/ejer1_ws/install/cpp_examples' for CMake config files
[0.725s] Level 1:colcon.colcon_core.shell:create_environment_hook('cpp_examples', 'cmake_prefix_path')
[0.725s] INFO:colcon.colcon_core.shell:Creating environment hook '/home/cossio/ejer1_ws/install/cpp_examples/share/cpp_examples/hook/cmake_prefix_path.ps1'
[0.726s] INFO:colcon.colcon_core.shell:Creating environment descriptor '/home/cossio/ejer1_ws/install/cpp_examples/share/cpp_examples/hook/cmake_prefix_path.dsv'
[0.726s] INFO:colcon.colcon_core.shell:Creating environment hook '/home/cossio/ejer1_ws/install/cpp_examples/share/cpp_examples/hook/cmake_prefix_path.sh'
[0.726s] Level 1:colcon.colcon_core.environment:checking '/home/cossio/ejer1_ws/install/cpp_examples/lib'
[0.726s] Level 1:colcon.colcon_core.environment:checking '/home/cossio/ejer1_ws/install/cpp_examples/bin'
[0.726s] Level 1:colcon.colcon_core.environment:checking '/home/cossio/ejer1_ws/install/cpp_examples/lib/pkgconfig/cpp_examples.pc'
[0.727s] Level 1:colcon.colcon_core.environment:checking '/home/cossio/ejer1_ws/install/cpp_examples/lib/python3.10/site-packages'
[0.727s] Level 1:colcon.colcon_core.environment:checking '/home/cossio/ejer1_ws/install/cpp_examples/bin'
[0.727s] INFO:colcon.colcon_core.shell:Creating package script '/home/cossio/ejer1_ws/install/cpp_examples/share/cpp_examples/package.ps1'
[0.727s] INFO:colcon.colcon_core.shell:Creating package descriptor '/home/cossio/ejer1_ws/install/cpp_examples/share/cpp_examples/package.dsv'
[0.727s] INFO:colcon.colcon_core.shell:Creating package script '/home/cossio/ejer1_ws/install/cpp_examples/share/cpp_examples/package.sh'
[0.728s] INFO:colcon.colcon_core.shell:Creating package script '/home/cossio/ejer1_ws/install/cpp_examples/share/cpp_examples/package.bash'
[0.728s] INFO:colcon.colcon_core.shell:Creating package script '/home/cossio/ejer1_ws/install/cpp_examples/share/cpp_examples/package.zsh'
[0.728s] Level 1:colcon.colcon_core.environment:create_file_with_runtime_dependencies(/home/cossio/ejer1_ws/install/cpp_examples/share/colcon-core/packages/cpp_examples)
[0.729s] Level 1:colcon.colcon_core.environment:create_environment_scripts_only(test_move)
[0.730s] Level 1:colcon.colcon_core.environment:checking '/home/cossio/ejer1_ws/install/test_move' for CMake module files
[0.730s] DEBUG:colcon.colcon_core.event_handler.log_command:Invoked command in '/home/cossio/ejer1_ws/build/test_move' returned '0': CMAKE_PREFIX_PATH=/opt/ros/humble /usr/bin/cmake --install /home/cossio/ejer1_ws/build/test_move
[0.731s] Level 1:colcon.colcon_core.environment:checking '/home/cossio/ejer1_ws/install/test_move' for CMake config files
[0.731s] Level 1:colcon.colcon_core.shell:create_environment_hook('test_move', 'cmake_prefix_path')
[0.731s] INFO:colcon.colcon_core.shell:Creating environment hook '/home/cossio/ejer1_ws/install/test_move/share/test_move/hook/cmake_prefix_path.ps1'
[0.732s] INFO:colcon.colcon_core.shell:Creating environment descriptor '/home/cossio/ejer1_ws/install/test_move/share/test_move/hook/cmake_prefix_path.dsv'
[0.732s] INFO:colcon.colcon_core.shell:Creating environment hook '/home/cossio/ejer1_ws/install/test_move/share/test_move/hook/cmake_prefix_path.sh'
[0.732s] Level 1:colcon.colcon_core.environment:checking '/home/cossio/ejer1_ws/install/test_move/lib'
[0.732s] Level 1:colcon.colcon_core.environment:checking '/home/cossio/ejer1_ws/install/test_move/bin'
[0.733s] Level 1:colcon.colcon_core.environment:checking '/home/cossio/ejer1_ws/install/test_move/lib/pkgconfig/test_move.pc'
[0.733s] Level 1:colcon.colcon_core.environment:checking '/home/cossio/ejer1_ws/install/test_move/lib/python3.10/site-packages'
[0.733s] Level 1:colcon.colcon_core.environment:checking '/home/cossio/ejer1_ws/install/test_move/bin'
[0.733s] INFO:colcon.colcon_core.shell:Creating package script '/home/cossio/ejer1_ws/install/test_move/share/test_move/package.ps1'
[0.733s] INFO:colcon.colcon_core.shell:Creating package descriptor '/home/cossio/ejer1_ws/install/test_move/share/test_move/package.dsv'
[0.734s] INFO:colcon.colcon_core.shell:Creating package script '/home/cossio/ejer1_ws/install/test_move/share/test_move/package.sh'
[0.734s] INFO:colcon.colcon_core.shell:Creating package script '/home/cossio/ejer1_ws/install/test_move/share/test_move/package.bash'
[0.734s] INFO:colcon.colcon_core.shell:Creating package script '/home/cossio/ejer1_ws/install/test_move/share/test_move/package.zsh'
[0.734s] Level 1:colcon.colcon_core.environment:create_file_with_runtime_dependencies(/home/cossio/ejer1_ws/install/test_move/share/colcon-core/packages/test_move)
[0.735s] Level 1:colcon.colcon_core.environment:create_environment_scripts_only(test_move)
[0.735s] Level 1:colcon.colcon_core.environment:checking '/home/cossio/ejer1_ws/install/test_move' for CMake module files
[0.735s] Level 1:colcon.colcon_core.environment:checking '/home/cossio/ejer1_ws/install/test_move' for CMake config files
[0.735s] Level 1:colcon.colcon_core.shell:create_environment_hook('test_move', 'cmake_prefix_path')
[0.735s] INFO:colcon.colcon_core.shell:Creating environment hook '/home/cossio/ejer1_ws/install/test_move/share/test_move/hook/cmake_prefix_path.ps1'
[0.736s] INFO:colcon.colcon_core.shell:Creating environment descriptor '/home/cossio/ejer1_ws/install/test_move/share/test_move/hook/cmake_prefix_path.dsv'
[0.736s] INFO:colcon.colcon_core.shell:Creating environment hook '/home/cossio/ejer1_ws/install/test_move/share/test_move/hook/cmake_prefix_path.sh'
[0.736s] Level 1:colcon.colcon_core.environment:checking '/home/cossio/ejer1_ws/install/test_move/lib'
[0.736s] Level 1:colcon.colcon_core.environment:checking '/home/cossio/ejer1_ws/install/test_move/bin'
[0.736s] Level 1:colcon.colcon_core.environment:checking '/home/cossio/ejer1_ws/install/test_move/lib/pkgconfig/test_move.pc'
[0.737s] Level 1:colcon.colcon_core.environment:checking '/home/cossio/ejer1_ws/install/test_move/lib/python3.10/site-packages'
[0.737s] Level 1:colcon.colcon_core.environment:checking '/home/cossio/ejer1_ws/install/test_move/bin'
[0.737s] INFO:colcon.colcon_core.shell:Creating package script '/home/cossio/ejer1_ws/install/test_move/share/test_move/package.ps1'
[0.737s] INFO:colcon.colcon_core.shell:Creating package descriptor '/home/cossio/ejer1_ws/install/test_move/share/test_move/package.dsv'
[0.737s] INFO:colcon.colcon_core.shell:Creating package script '/home/cossio/ejer1_ws/install/test_move/share/test_move/package.sh'
[0.738s] INFO:colcon.colcon_core.shell:Creating package script '/home/cossio/ejer1_ws/install/test_move/share/test_move/package.bash'
[0.738s] INFO:colcon.colcon_core.shell:Creating package script '/home/cossio/ejer1_ws/install/test_move/share/test_move/package.zsh'
[0.738s] Level 1:colcon.colcon_core.environment:create_file_with_runtime_dependencies(/home/cossio/ejer1_ws/install/test_move/share/colcon-core/packages/test_move)
[0.738s] Level 1:colcon.colcon_core.environment:create_environment_scripts_only(robot_description)
[0.739s] Level 1:colcon.colcon_core.environment:checking '/home/cossio/ejer1_ws/install/robot_description' for CMake module files
[0.740s] DEBUG:colcon.colcon_core.event_handler.log_command:Invoked command in '/home/cossio/ejer1_ws/build/robot_description' returned '0': CMAKE_PREFIX_PATH=/opt/ros/humble /usr/bin/cmake --install /home/cossio/ejer1_ws/build/robot_description
[0.740s] Level 1:colcon.colcon_core.environment:checking '/home/cossio/ejer1_ws/install/robot_description' for CMake config files
[0.740s] Level 1:colcon.colcon_core.shell:create_environment_hook('robot_description', 'cmake_prefix_path')
[0.741s] INFO:colcon.colcon_core.shell:Creating environment hook '/home/cossio/ejer1_ws/install/robot_description/share/robot_description/hook/cmake_prefix_path.ps1'
[0.741s] INFO:colcon.colcon_core.shell:Creating environment descriptor '/home/cossio/ejer1_ws/install/robot_description/share/robot_description/hook/cmake_prefix_path.dsv'
[0.741s] INFO:colcon.colcon_core.shell:Creating environment hook '/home/cossio/ejer1_ws/install/robot_description/share/robot_description/hook/cmake_prefix_path.sh'
[0.741s] Level 1:colcon.colcon_core.environment:checking '/home/cossio/ejer1_ws/install/robot_description/bin'
[0.742s] Level 1:colcon.colcon_core.environment:checking '/home/cossio/ejer1_ws/install/robot_description/lib/pkgconfig/robot_description.pc'
[0.742s] Level 1:colcon.colcon_core.environment:checking '/home/cossio/ejer1_ws/install/robot_description/lib/python3.10/site-packages'
[0.742s] Level 1:colcon.colcon_core.environment:checking '/home/cossio/ejer1_ws/install/robot_description/bin'
[0.742s] INFO:colcon.colcon_core.shell:Creating package script '/home/cossio/ejer1_ws/install/robot_description/share/robot_description/package.ps1'
[0.742s] INFO:colcon.colcon_core.shell:Creating package descriptor '/home/cossio/ejer1_ws/install/robot_description/share/robot_description/package.dsv'
[0.743s] INFO:colcon.colcon_core.shell:Creating package script '/home/cossio/ejer1_ws/install/robot_description/share/robot_description/package.sh'
[0.743s] INFO:colcon.colcon_core.shell:Creating package script '/home/cossio/ejer1_ws/install/robot_description/share/robot_description/package.bash'
[0.743s] INFO:colcon.colcon_core.shell:Creating package script '/home/cossio/ejer1_ws/install/robot_description/share/robot_description/package.zsh'
[0.743s] Level 1:colcon.colcon_core.environment:create_file_with_runtime_dependencies(/home/cossio/ejer1_ws/install/robot_description/share/colcon-core/packages/robot_description)
[0.744s] Level 1:colcon.colcon_core.environment:create_environment_scripts_only(robot_description)
[0.744s] Level 1:colcon.colcon_core.environment:checking '/home/cossio/ejer1_ws/install/robot_description' for CMake module files
[0.746s] Level 1:colcon.colcon_core.environment:checking '/home/cossio/ejer1_ws/install/robot_description' for CMake config files
[0.746s] Level 1:colcon.colcon_core.shell:create_environment_hook('robot_description', 'cmake_prefix_path')
[0.746s] INFO:colcon.colcon_core.shell:Creating environment hook '/home/cossio/ejer1_ws/install/robot_description/share/robot_description/hook/cmake_prefix_path.ps1'
[0.747s] INFO:colcon.colcon_core.shell:Creating environment descriptor '/home/cossio/ejer1_ws/install/robot_description/share/robot_description/hook/cmake_prefix_path.dsv'
[0.747s] INFO:colcon.colcon_core.shell:Creating environment hook '/home/cossio/ejer1_ws/install/robot_description/share/robot_description/hook/cmake_prefix_path.sh'
[0.747s] Level 1:colcon.colcon_core.environment:checking '/home/cossio/ejer1_ws/install/robot_description/bin'
[0.747s] Level 1:colcon.colcon_core.environment:checking '/home/cossio/ejer1_ws/install/robot_description/lib/pkgconfig/robot_description.pc'
[0.747s] Level 1:colcon.colcon_core.environment:checking '/home/cossio/ejer1_ws/install/robot_description/lib/python3.10/site-packages'
[0.748s] Level 1:colcon.colcon_core.environment:checking '/home/cossio/ejer1_ws/install/robot_description/bin'
[0.748s] INFO:colcon.colcon_core.shell:Creating package script '/home/cossio/ejer1_ws/install/robot_description/share/robot_description/package.ps1'
[0.748s] INFO:colcon.colcon_core.shell:Creating package descriptor '/home/cossio/ejer1_ws/install/robot_description/share/robot_description/package.dsv'
[0.748s] INFO:colcon.colcon_core.shell:Creating package script '/home/cossio/ejer1_ws/install/robot_description/share/robot_description/package.sh'
[0.749s] INFO:colcon.colcon_core.shell:Creating package script '/home/cossio/ejer1_ws/install/robot_description/share/robot_description/package.bash'
[0.749s] INFO:colcon.colcon_core.shell:Creating package script '/home/cossio/ejer1_ws/install/robot_description/share/robot_description/package.zsh'
[0.749s] Level 1:colcon.colcon_core.environment:create_file_with_runtime_dependencies(/home/cossio/ejer1_ws/install/robot_description/share/colcon-core/packages/robot_description)
[0.765s] Level 1:colcon.colcon_core.environment:create_environment_scripts_only(custom_interface)
[0.766s] Level 1:colcon.colcon_core.environment:checking '/home/cossio/ejer1_ws/install/custom_interface' for CMake module files
[0.766s] DEBUG:colcon.colcon_core.event_handler.log_command:Invoked command in '/home/cossio/ejer1_ws/build/custom_interface' returned '0': CMAKE_PREFIX_PATH=/opt/ros/humble /usr/bin/cmake --install /home/cossio/ejer1_ws/build/custom_interface
[0.767s] Level 1:colcon.colcon_core.environment:checking '/home/cossio/ejer1_ws/install/custom_interface' for CMake config files
[0.767s] Level 1:colcon.colcon_core.shell:create_environment_hook('custom_interface', 'cmake_prefix_path')
[0.767s] INFO:colcon.colcon_core.shell:Creating environment hook '/home/cossio/ejer1_ws/install/custom_interface/share/custom_interface/hook/cmake_prefix_path.ps1'
[0.768s] INFO:colcon.colcon_core.shell:Creating environment descriptor '/home/cossio/ejer1_ws/install/custom_interface/share/custom_interface/hook/cmake_prefix_path.dsv'
[0.768s] INFO:colcon.colcon_core.shell:Creating environment hook '/home/cossio/ejer1_ws/install/custom_interface/share/custom_interface/hook/cmake_prefix_path.sh'
[0.768s] Level 1:colcon.colcon_core.environment:checking '/home/cossio/ejer1_ws/install/custom_interface/lib'
[0.768s] Level 1:colcon.colcon_core.shell:create_environment_hook('custom_interface', 'ld_library_path_lib')
[0.768s] INFO:colcon.colcon_core.shell:Creating environment hook '/home/cossio/ejer1_ws/install/custom_interface/share/custom_interface/hook/ld_library_path_lib.ps1'
[0.769s] INFO:colcon.colcon_core.shell:Creating environment descriptor '/home/cossio/ejer1_ws/install/custom_interface/share/custom_interface/hook/ld_library_path_lib.dsv'
[0.769s] INFO:colcon.colcon_core.shell:Creating environment hook '/home/cossio/ejer1_ws/install/custom_interface/share/custom_interface/hook/ld_library_path_lib.sh'
[0.769s] Level 1:colcon.colcon_core.environment:checking '/home/cossio/ejer1_ws/install/custom_interface/bin'
[0.769s] Level 1:colcon.colcon_core.environment:checking '/home/cossio/ejer1_ws/install/custom_interface/lib/pkgconfig/custom_interface.pc'
[0.769s] Level 1:colcon.colcon_core.environment:checking '/home/cossio/ejer1_ws/install/custom_interface/lib/python3.10/site-packages'
[0.769s] Level 1:colcon.colcon_core.environment:checking '/home/cossio/ejer1_ws/install/custom_interface/bin'
[0.770s] INFO:colcon.colcon_core.shell:Creating package script '/home/cossio/ejer1_ws/install/custom_interface/share/custom_interface/package.ps1'
[0.770s] INFO:colcon.colcon_core.shell:Creating package descriptor '/home/cossio/ejer1_ws/install/custom_interface/share/custom_interface/package.dsv'
[0.770s] INFO:colcon.colcon_core.shell:Creating package script '/home/cossio/ejer1_ws/install/custom_interface/share/custom_interface/package.sh'
[0.770s] INFO:colcon.colcon_core.shell:Creating package script '/home/cossio/ejer1_ws/install/custom_interface/share/custom_interface/package.bash'
[0.771s] INFO:colcon.colcon_core.shell:Creating package script '/home/cossio/ejer1_ws/install/custom_interface/share/custom_interface/package.zsh'
[0.771s] Level 1:colcon.colcon_core.environment:create_file_with_runtime_dependencies(/home/cossio/ejer1_ws/install/custom_interface/share/colcon-core/packages/custom_interface)
[0.771s] Level 1:colcon.colcon_core.environment:create_environment_scripts_only(custom_interface)
[0.771s] Level 1:colcon.colcon_core.environment:checking '/home/cossio/ejer1_ws/install/custom_interface' for CMake module files
[0.772s] Level 1:colcon.colcon_core.environment:checking '/home/cossio/ejer1_ws/install/custom_interface' for CMake config files
[0.772s] Level 1:colcon.colcon_core.shell:create_environment_hook('custom_interface', 'cmake_prefix_path')
[0.772s] INFO:colcon.colcon_core.shell:Creating environment hook '/home/cossio/ejer1_ws/install/custom_interface/share/custom_interface/hook/cmake_prefix_path.ps1'
[0.772s] INFO:colcon.colcon_core.shell:Creating environment descriptor '/home/cossio/ejer1_ws/install/custom_interface/share/custom_interface/hook/cmake_prefix_path.dsv'
[0.772s] INFO:colcon.colcon_core.shell:Creating environment hook '/home/cossio/ejer1_ws/install/custom_interface/share/custom_interface/hook/cmake_prefix_path.sh'
[0.773s] Level 1:colcon.colcon_core.environment:checking '/home/cossio/ejer1_ws/install/custom_interface/lib'
[0.773s] Level 1:colcon.colcon_core.shell:create_environment_hook('custom_interface', 'ld_library_path_lib')
[0.773s] INFO:colcon.colcon_core.shell:Creating environment hook '/home/cossio/ejer1_ws/install/custom_interface/share/custom_interface/hook/ld_library_path_lib.ps1'
[0.773s] INFO:colcon.colcon_core.shell:Creating environment descriptor '/home/cossio/ejer1_ws/install/custom_interface/share/custom_interface/hook/ld_library_path_lib.dsv'
[0.773s] INFO:colcon.colcon_core.shell:Creating environment hook '/home/cossio/ejer1_ws/install/custom_interface/share/custom_interface/hook/ld_library_path_lib.sh'
[0.773s] Level 1:colcon.colcon_core.environment:checking '/home/cossio/ejer1_ws/install/custom_interface/bin'
[0.774s] Level 1:colcon.colcon_core.environment:checking '/home/cossio/ejer1_ws/install/custom_interface/lib/pkgconfig/custom_interface.pc'
[0.774s] Level 1:colcon.colcon_core.environment:checking '/home/cossio/ejer1_ws/install/custom_interface/lib/python3.10/site-packages'
[0.774s] Level 1:colcon.colcon_core.environment:checking '/home/cossio/ejer1_ws/install/custom_interface/bin'
[0.774s] INFO:colcon.colcon_core.shell:Creating package script '/home/cossio/ejer1_ws/install/custom_interface/share/custom_interface/package.ps1'
[0.774s] INFO:colcon.colcon_core.shell:Creating package descriptor '/home/cossio/ejer1_ws/install/custom_interface/share/custom_interface/package.dsv'
[0.774s] INFO:colcon.colcon_core.shell:Creating package script '/home/cossio/ejer1_ws/install/custom_interface/share/custom_interface/package.sh'
[0.775s] INFO:colcon.colcon_core.shell:Creating package script '/home/cossio/ejer1_ws/install/custom_interface/share/custom_interface/package.bash'
[0.775s] INFO:colcon.colcon_core.shell:Creating package script '/home/cossio/ejer1_ws/install/custom_interface/share/custom_interface/package.zsh'
[0.775s] Level 1:colcon.colcon_core.environment:create_file_with_runtime_dependencies(/home/cossio/ejer1_ws/install/custom_interface/share/colcon-core/packages/custom_interface)
[0.961s] DEBUG:colcon.colcon_core.event_handler.log_command:Invoking command in '/home/cossio/ejer1_ws/src/ros2_tutorials-main/visual_pubsub': PYTHONPATH=/home/cossio/ejer1_ws/build/visual_pubsub/prefix_override:/usr/lib/python3/dist-packages/colcon_core/task/python/colcon_distutils_commands:/home/cossio/ejer1_ws/install/visual_pubsub/lib/python3.10/site-packages:${PYTHONPATH} /usr/bin/python3 -W ignore:setup.py install is deprecated -W ignore:easy_install command is deprecated setup.py egg_info --egg-base ../../../build/visual_pubsub build --build-base /home/cossio/ejer1_ws/build/visual_pubsub/build install --record /home/cossio/ejer1_ws/build/visual_pubsub/install.log --single-version-externally-managed install_data
[0.983s] DEBUG:colcon.colcon_core.event_handler.log_command:Invoking command in '/home/cossio/ejer1_ws/src/ros2_tutorials-main/py_examples': PYTHONPATH=/home/cossio/ejer1_ws/build/py_examples/prefix_override:/usr/lib/python3/dist-packages/colcon_core/task/python/colcon_distutils_commands:/home/cossio/ejer1_ws/install/py_examples/lib/python3.10/site-packages:${PYTHONPATH} /usr/bin/python3 -W ignore:setup.py install is deprecated -W ignore:easy_install command is deprecated setup.py egg_info --egg-base ../../../build/py_examples build --build-base /home/cossio/ejer1_ws/build/py_examples/build install --record /home/cossio/ejer1_ws/build/py_examples/install.log --single-version-externally-managed install_data
[1.160s] Level 1:colcon.colcon_core.environment:checking '/home/cossio/ejer1_ws/install/visual_pubsub' for CMake module files
[1.161s] DEBUG:colcon.colcon_core.event_handler.log_command:Invoked command in '/home/cossio/ejer1_ws/src/ros2_tutorials-main/visual_pubsub' returned '0': PYTHONPATH=/home/cossio/ejer1_ws/build/visual_pubsub/prefix_override:/usr/lib/python3/dist-packages/colcon_core/task/python/colcon_distutils_commands:/home/cossio/ejer1_ws/install/visual_pubsub/lib/python3.10/site-packages:${PYTHONPATH} /usr/bin/python3 -W ignore:setup.py install is deprecated -W ignore:easy_install command is deprecated setup.py egg_info --egg-base ../../../build/visual_pubsub build --build-base /home/cossio/ejer1_ws/build/visual_pubsub/build install --record /home/cossio/ejer1_ws/build/visual_pubsub/install.log --single-version-externally-managed install_data
[1.161s] Level 1:colcon.colcon_core.environment:checking '/home/cossio/ejer1_ws/install/visual_pubsub' for CMake config files
[1.161s] Level 1:colcon.colcon_core.environment:checking '/home/cossio/ejer1_ws/install/visual_pubsub/lib'
[1.161s] Level 1:colcon.colcon_core.environment:checking '/home/cossio/ejer1_ws/install/visual_pubsub/bin'
[1.161s] Level 1:colcon.colcon_core.environment:checking '/home/cossio/ejer1_ws/install/visual_pubsub/lib/pkgconfig/visual_pubsub.pc'
[1.162s] Level 1:colcon.colcon_core.environment:checking '/home/cossio/ejer1_ws/install/visual_pubsub/lib/python3.10/site-packages'
[1.162s] Level 1:colcon.colcon_core.shell:create_environment_hook('visual_pubsub', 'pythonpath')
[1.162s] INFO:colcon.colcon_core.shell:Creating environment hook '/home/cossio/ejer1_ws/install/visual_pubsub/share/visual_pubsub/hook/pythonpath.ps1'
[1.162s] INFO:colcon.colcon_core.shell:Creating environment descriptor '/home/cossio/ejer1_ws/install/visual_pubsub/share/visual_pubsub/hook/pythonpath.dsv'
[1.163s] INFO:colcon.colcon_core.shell:Creating environment hook '/home/cossio/ejer1_ws/install/visual_pubsub/share/visual_pubsub/hook/pythonpath.sh'
[1.163s] Level 1:colcon.colcon_core.environment:checking '/home/cossio/ejer1_ws/install/visual_pubsub/bin'
[1.163s] Level 1:colcon.colcon_core.environment:create_environment_scripts_only(visual_pubsub)
[1.163s] INFO:colcon.colcon_core.shell:Creating package script '/home/cossio/ejer1_ws/install/visual_pubsub/share/visual_pubsub/package.ps1'
[1.164s] INFO:colcon.colcon_core.shell:Creating package descriptor '/home/cossio/ejer1_ws/install/visual_pubsub/share/visual_pubsub/package.dsv'
[1.164s] INFO:colcon.colcon_core.shell:Creating package script '/home/cossio/ejer1_ws/install/visual_pubsub/share/visual_pubsub/package.sh'
[1.164s] INFO:colcon.colcon_core.shell:Creating package script '/home/cossio/ejer1_ws/install/visual_pubsub/share/visual_pubsub/package.bash'
[1.164s] INFO:colcon.colcon_core.shell:Creating package script '/home/cossio/ejer1_ws/install/visual_pubsub/share/visual_pubsub/package.zsh'
[1.165s] Level 1:colcon.colcon_core.environment:create_file_with_runtime_dependencies(/home/cossio/ejer1_ws/install/visual_pubsub/share/colcon-core/packages/visual_pubsub)
[1.184s] Level 1:colcon.colcon_core.environment:checking '/home/cossio/ejer1_ws/install/py_examples' for CMake module files
[1.184s] DEBUG:colcon.colcon_core.event_handler.log_command:Invoked command in '/home/cossio/ejer1_ws/src/ros2_tutorials-main/py_examples' returned '0': PYTHONPATH=/home/cossio/ejer1_ws/build/py_examples/prefix_override:/usr/lib/python3/dist-packages/colcon_core/task/python/colcon_distutils_commands:/home/cossio/ejer1_ws/install/py_examples/lib/python3.10/site-packages:${PYTHONPATH} /usr/bin/python3 -W ignore:setup.py install is deprecated -W ignore:easy_install command is deprecated setup.py egg_info --egg-base ../../../build/py_examples build --build-base /home/cossio/ejer1_ws/build/py_examples/build install --record /home/cossio/ejer1_ws/build/py_examples/install.log --single-version-externally-managed install_data
[1.185s] Level 1:colcon.colcon_core.environment:checking '/home/cossio/ejer1_ws/install/py_examples' for CMake config files
[1.185s] Level 1:colcon.colcon_core.environment:checking '/home/cossio/ejer1_ws/install/py_examples/lib'
[1.185s] Level 1:colcon.colcon_core.environment:checking '/home/cossio/ejer1_ws/install/py_examples/bin'
[1.185s] Level 1:colcon.colcon_core.environment:checking '/home/cossio/ejer1_ws/install/py_examples/lib/pkgconfig/py_examples.pc'
[1.186s] Level 1:colcon.colcon_core.environment:checking '/home/cossio/ejer1_ws/install/py_examples/lib/python3.10/site-packages'
[1.186s] Level 1:colcon.colcon_core.shell:create_environment_hook('py_examples', 'pythonpath')
[1.186s] INFO:colcon.colcon_core.shell:Creating environment hook '/home/cossio/ejer1_ws/install/py_examples/share/py_examples/hook/pythonpath.ps1'
[1.186s] INFO:colcon.colcon_core.shell:Creating environment descriptor '/home/cossio/ejer1_ws/install/py_examples/share/py_examples/hook/pythonpath.dsv'
[1.186s] INFO:colcon.colcon_core.shell:Creating environment hook '/home/cossio/ejer1_ws/install/py_examples/share/py_examples/hook/pythonpath.sh'
[1.187s] Level 1:colcon.colcon_core.environment:checking '/home/cossio/ejer1_ws/install/py_examples/bin'
[1.187s] Level 1:colcon.colcon_core.environment:create_environment_scripts_only(py_examples)
[1.187s] INFO:colcon.colcon_core.shell:Creating package script '/home/cossio/ejer1_ws/install/py_examples/share/py_examples/package.ps1'
[1.187s] INFO:colcon.colcon_core.shell:Creating package descriptor '/home/cossio/ejer1_ws/install/py_examples/share/py_examples/package.dsv'
[1.188s] INFO:colcon.colcon_core.shell:Creating package script '/home/cossio/ejer1_ws/install/py_examples/share/py_examples/package.sh'
[1.188s] INFO:colcon.colcon_core.shell:Creating package script '/home/cossio/ejer1_ws/install/py_examples/share/py_examples/package.bash'
[1.188s] INFO:colcon.colcon_core.shell:Creating package script '/home/cossio/ejer1_ws/install/py_examples/share/py_examples/package.zsh'
[1.189s] Level 1:colcon.colcon_core.environment:create_file_with_runtime_dependencies(/home/cossio/ejer1_ws/install/py_examples/share/colcon-core/packages/py_examples)
[1.189s] DEBUG:colcon.colcon_parallel_executor.executor.parallel:closing loop
[1.189s] DEBUG:colcon.colcon_parallel_executor.executor.parallel:loop closed
[1.189s] DEBUG:colcon.colcon_parallel_executor.executor.parallel:run_until_complete finished with '0'
[1.189s] DEBUG:colcon.colcon_core.event_reactor:joining thread
[1.195s] INFO:colcon.colcon_core.plugin_system:Skipping extension 'colcon_notification.desktop_notification.terminal_notifier': Not used on non-Darwin systems
[1.195s] INFO:colcon.colcon_core.plugin_system:Skipping extension 'colcon_notification.desktop_notification.win32': Not used on non-Windows systems
[1.195s] INFO:colcon.colcon_notification.desktop_notification:Sending desktop notification using 'notify2'
[1.205s] DEBUG:colcon.colcon_core.event_reactor:joined thread
[1.205s] INFO:colcon.colcon_core.shell:Creating prefix script '/home/cossio/ejer1_ws/install/local_setup.ps1'
[1.206s] INFO:colcon.colcon_core.shell:Creating prefix util module '/home/cossio/ejer1_ws/install/_local_setup_util_ps1.py'
[1.207s] INFO:colcon.colcon_core.shell:Creating prefix chain script '/home/cossio/ejer1_ws/install/setup.ps1'
[1.208s] INFO:colcon.colcon_core.shell:Creating prefix script '/home/cossio/ejer1_ws/install/local_setup.sh'
[1.209s] INFO:colcon.colcon_core.shell:Creating prefix util module '/home/cossio/ejer1_ws/install/_local_setup_util_sh.py'
[1.210s] INFO:colcon.colcon_core.shell:Creating prefix chain script '/home/cossio/ejer1_ws/install/setup.sh'
[1.210s] INFO:colcon.colcon_core.shell:Creating prefix script '/home/cossio/ejer1_ws/install/local_setup.bash'
[1.210s] INFO:colcon.colcon_core.shell:Creating prefix chain script '/home/cossio/ejer1_ws/install/setup.bash'
[1.211s] INFO:colcon.colcon_core.shell:Creating prefix script '/home/cossio/ejer1_ws/install/local_setup.zsh'
[1.211s] INFO:colcon.colcon_core.shell:Creating prefix chain script '/home/cossio/ejer1_ws/install/setup.zsh'
