[0.734s] Invoking command in '/home/cossio/ejer1_ws/build/visual_pubsub': PYTHONPATH=/home/cossio/ejer1_ws/build/visual_pubsub/prefix_override:/usr/lib/python3/dist-packages/colcon_core/task/python/colcon_distutils_commands:/home/cossio/ejer1_ws/install/visual_pubsub/lib/python3.10/site-packages:${PYTHONPATH} /usr/bin/python3 -W ignore:setup.py install is deprecated -W ignore:easy_install command is deprecated setup.py develop --editable --build-directory /home/cossio/ejer1_ws/build/visual_pubsub/build --no-deps symlink_data
[0.905s] running develop
[0.997s] running egg_info
[0.997s] creating visual_pubsub.egg-info
[0.998s] writing visual_pubsub.egg-info/PKG-INFO
[0.998s] writing dependency_links to visual_pubsub.egg-info/dependency_links.txt
[0.998s] writing entry points to visual_pubsub.egg-info/entry_points.txt
[0.998s] writing requirements to visual_pubsub.egg-info/requires.txt
[0.998s] writing top-level names to visual_pubsub.egg-info/top_level.txt
[0.998s] writing manifest file 'visual_pubsub.egg-info/SOURCES.txt'
[0.999s] reading manifest file 'visual_pubsub.egg-info/SOURCES.txt'
[0.999s] writing manifest file 'visual_pubsub.egg-info/SOURCES.txt'
[1.001s] running build_ext
[1.001s] Creating /home/cossio/ejer1_ws/install/visual_pubsub/lib/python3.10/site-packages/visual-pubsub.egg-link (link to .)
[1.001s] Installing pub_joints script to /home/cossio/ejer1_ws/install/visual_pubsub/lib/visual_pubsub
[1.001s] Installing sub_joints script to /home/cossio/ejer1_ws/install/visual_pubsub/lib/visual_pubsub
[1.002s] 
[1.002s] Installed /home/cossio/ejer1_ws/build/visual_pubsub
[1.002s] running symlink_data
[1.002s] creating /home/cossio/ejer1_ws/install/visual_pubsub/share/ament_index
[1.002s] creating /home/cossio/ejer1_ws/install/visual_pubsub/share/ament_index/resource_index
[1.002s] creating /home/cossio/ejer1_ws/install/visual_pubsub/share/ament_index/resource_index/packages
[1.002s] symbolically linking /home/cossio/ejer1_ws/build/visual_pubsub/resource/visual_pubsub -> /home/cossio/ejer1_ws/install/visual_pubsub/share/ament_index/resource_index/packages
[1.002s] symbolically linking /home/cossio/ejer1_ws/build/visual_pubsub/package.xml -> /home/cossio/ejer1_ws/install/visual_pubsub/share/visual_pubsub
[1.054s] Invoked command in '/home/cossio/ejer1_ws/build/visual_pubsub' returned '0': PYTHONPATH=/home/cossio/ejer1_ws/build/visual_pubsub/prefix_override:/usr/lib/python3/dist-packages/colcon_core/task/python/colcon_distutils_commands:/home/cossio/ejer1_ws/install/visual_pubsub/lib/python3.10/site-packages:${PYTHONPATH} /usr/bin/python3 -W ignore:setup.py install is deprecated -W ignore:easy_install command is deprecated setup.py develop --editable --build-directory /home/cossio/ejer1_ws/build/visual_pubsub/build --no-deps symlink_data
