[0.043s] Invoking command in '/home/fab/ejer2_ws/build/pubsub': /usr/bin/cmake /home/fab/ejer2_ws/src -DCMAKE_INSTALL_PREFIX=/home/fab/ejer2_ws/install/pubsub
[1.722s] -- The C compiler identification is GNU 11.4.0
[2.840s] -- The CXX compiler identification is GNU 11.4.0
[2.970s] -- Detecting C compiler ABI info
[3.306s] -- Detecting C compiler ABI info - done
[3.322s] -- Check for working C compiler: /usr/bin/cc - skipped
[3.322s] -- Detecting C compile features
[3.346s] -- Detecting C compile features - done
[3.386s] -- Detecting CXX compiler ABI info
[3.585s] -- Detecting CXX compiler ABI info - done
[3.596s] -- Check for working CXX compiler: /usr/bin/c++ - skipped
[3.597s] -- Detecting CXX compile features
[3.598s] -- Detecting CXX compile features - done
[3.767s] -- Found ament_cmake: 1.3.12 (/opt/ros/humble/share/ament_cmake/cmake)
[4.070s] -- Found Python3: /usr/bin/python3 (found version "3.10.12") found components: Interpreter 
[4.498s] -- Found rosidl_default_generators: 1.2.0 (/opt/ros/humble/share/rosidl_default_generators/cmake)
[4.570s] -- Using all available rosidl_typesupport_c: rosidl_typesupport_fastrtps_c;rosidl_typesupport_introspection_c
[4.639s] -- Found rosidl_adapter: 3.1.7 (/opt/ros/humble/share/rosidl_adapter/cmake)
[5.206s] -- Using all available rosidl_typesupport_cpp: rosidl_typesupport_fastrtps_cpp;rosidl_typesupport_introspection_cpp
[5.481s] [31mCMake Error at /opt/ros/humble/share/rosidl_cmake/cmake/rosidl_generate_interfaces.cmake:93 (message):
[5.482s]   rosidl_generate_interfaces() the passed file 'msg/FilteredSensor.msg'
[5.482s]   doesn't exist relative to the CMAKE_CURRENT_SOURCE_DIR
[5.482s]   '/home/fab/ejer2_ws/src'
[5.483s] Call Stack (most recent call first):
[5.483s]   CMakeLists.txt:7 (rosidl_generate_interfaces)
[5.483s] 
[5.484s] [0m
[5.484s] -- Configuring incomplete, errors occurred!
[5.484s] See also "/home/fab/ejer2_ws/build/pubsub/CMakeFiles/CMakeOutput.log".
[5.499s] Invoked command in '/home/fab/ejer2_ws/build/pubsub' returned '1': /usr/bin/cmake /home/fab/ejer2_ws/src -DCMAKE_INSTALL_PREFIX=/home/fab/ejer2_ws/install/pubsub
